absvalue:theorem:24 => absvalue:fragment:34
absvalue:theorem:19 => absvalue:fragment:29
absvalue:theorem:4 => absvalue:fragment:11
absvalue:kconstructor:1 => absvalue:fragment:21[kc]
absvalue:theorem:22 => absvalue:fragment:32
absvalue:theorem:9 => absvalue:fragment:16
absvalue:kconstructor:2 => absvalue:fragment:23[kc]
absvalue:theorem:7 => absvalue:fragment:14
absvalue:theorem:17 => absvalue:fragment:27
absvalue:kpattern:3 => absvalue:fragment:23[kp]
absvalue:theorem:6 => absvalue:fragment:13
absvalue:theorem:29 => absvalue:fragment:41
absvalue:kconstructor:1[projectivity] => absvalue:fragment:21[pr]
absvalue:theorem:28 => absvalue:fragment:40
absvalue:theorem:15 => absvalue:fragment:25
absvalue:kconstructor:1[coherence] => absvalue:fragment:21[ch]
absvalue:fcluster:1 => absvalue:fragment:22
absvalue:kconstructor:2[coherence] => absvalue:fragment:23[ch]
absvalue:theorem:16 => absvalue:fragment:26
absvalue:kpattern:2 => absvalue:fragment:21[kp]
absvalue:kconstructor:2[projectivity] => absvalue:fragment:23[pr]
absvalue:theorem:10 => absvalue:fragment:17
absvalue:theorem:23 => absvalue:fragment:33
absvalue:kdefiniens:2 => absvalue:fragment:21[kf]
absvalue:theorem:1 => absvalue:fragment:8
absvalue:theorem:18 => absvalue:fragment:28
absvalue:theorem:25 => absvalue:fragment:35
absvalue:theorem:11 => absvalue:fragment:18
absvalue:theorem:5 => absvalue:fragment:12
absvalue:theorem:21 => absvalue:fragment:31
absvalue:theorem:27 => absvalue:fragment:39
absvalue:kdefiniens:1 => absvalue:fragment:7[kf]
absvalue:kpattern:1 => absvalue:fragment:7[kp]
absvalue:deftheorem:2 => absvalue:fragment:21[dt]
absvalue:theorem:14 => absvalue:fragment:24
absvalue:theorem:12 => absvalue:fragment:19
absvalue:theorem:3 => absvalue:fragment:10
absvalue:theorem:26 => absvalue:fragment:38
absvalue:deftheorem:1 => absvalue:fragment:7[dt]
absvalue:theorem:8 => absvalue:fragment:15
absvalue:theorem:30 => absvalue:fragment:42
absvalue:theorem:20 => absvalue:fragment:30
absvalue:theorem:2 => absvalue:fragment:9
absvalue:theorem:13 => absvalue:fragment:20
