arytm_1:theorem:19 => arytm_1:fragment:41
arytm_1:theorem:18 => arytm_1:fragment:40
arytm_1:theorem:16 => arytm_1:fragment:36
arytm_1:theorem:1 => arytm_1:fragment:5
arytm_1:theorem:26 => arytm_1:fragment:48
arytm_1:deftheorem:1 => arytm_1:fragment:17[dt]
arytm_1:lemma:11 => arytm_1:fragment:28
arytm_1:theorem:6 => arytm_1:fragment:13
arytm_1:theorem:17 => arytm_1:fragment:37
arytm_1:theorem:9 => arytm_1:fragment:19
arytm_1:lemma:14 => arytm_1:fragment:33
arytm_1:theorem:28 => arytm_1:fragment:50
arytm_1:kconstructor:2[coherence] => arytm_1:fragment:39[ch]
arytm_1:lemma:15 => arytm_1:fragment:38
arytm_1:lemma:8 => arytm_1:fragment:25
arytm_1:theorem:7 => arytm_1:fragment:14
arytm_1:theorem:2 => arytm_1:fragment:9
arytm_1:lemma:9 => arytm_1:fragment:26
arytm_1:kdefiniens:1 => arytm_1:fragment:17[kf]
arytm_1:theorem:3 => arytm_1:fragment:10
arytm_1:lemma:1 => arytm_1:fragment:6
arytm_1:theorem:27 => arytm_1:fragment:49
arytm_1:lemma:4 => arytm_1:fragment:18
arytm_1:theorem:24 => arytm_1:fragment:46
arytm_1:theorem:4 => arytm_1:fragment:11
arytm_1:lemma:3 => arytm_1:fragment:16
arytm_1:deftheorem:2 => arytm_1:fragment:39[dt]
arytm_1:theorem:5 => arytm_1:fragment:12
arytm_1:lemma:5 => arytm_1:fragment:22
arytm_1:theorem:25 => arytm_1:fragment:47
arytm_1:lemma:2 => arytm_1:fragment:8
arytm_1:theorem:20 => arytm_1:fragment:42
arytm_1:theorem:15 => arytm_1:fragment:35
arytm_1:lemma:12 => arytm_1:fragment:31
arytm_1:theorem:8 => arytm_1:fragment:15
arytm_1:kpattern:2 => arytm_1:fragment:39[kp]
arytm_1:lemma:7 => arytm_1:fragment:24
arytm_1:theorem:21 => arytm_1:fragment:43
arytm_1:theorem:14 => arytm_1:fragment:34
arytm_1:theorem:12 => arytm_1:fragment:29
arytm_1:theorem:10 => arytm_1:fragment:20
arytm_1:theorem:11 => arytm_1:fragment:21
arytm_1:lemma:10 => arytm_1:fragment:27
arytm_1:lemma:6 => arytm_1:fragment:23
arytm_1:theorem:23 => arytm_1:fragment:45
arytm_1:kconstructor:1[existence] => arytm_1:fragment:17[ex]
arytm_1:theorem:13 => arytm_1:fragment:30
arytm_1:theorem:22 => arytm_1:fragment:44
arytm_1:kpattern:1 => arytm_1:fragment:17[kp]
arytm_1:lemma:13 => arytm_1:fragment:32
arytm_1:kconstructor:1 => arytm_1:fragment:17[kc]
arytm_1:kdefiniens:2 => arytm_1:fragment:39[kf]
arytm_1:kconstructor:2 => arytm_1:fragment:39[kc]
