arytm_3:theorem:57 => arytm_3:fragment:111
arytm_3:kconstructor:2[uniqueness] => arytm_3:fragment:33[un]
arytm_3:kdefiniens:8 => arytm_3:fragment:83[kf]
arytm_3:theorem:17 => arytm_3:fragment:40
arytm_3:theorem:7 => arytm_3:fragment:27
arytm_3:deftheorem:7 => arytm_3:fragment:63[dt]
arytm_3:deftheorem:1 => arytm_3:fragment:7[dt]
arytm_3:theorem:55 => arytm_3:fragment:109
arytm_3:theorem:39 => arytm_3:fragment:85
arytm_3:theorem:82 => arytm_3:fragment:141
arytm_3:deftheorem:9 => arytm_3:fragment:77[dt]
arytm_3:theorem:73 => arytm_3:fragment:132
arytm_3:theorem:20 => arytm_3:fragment:43
arytm_3:theorem:16 => arytm_3:fragment:39
arytm_3:kconstructor:4[coherence] => arytm_3:fragment:44[ch]
arytm_3:rcluster:2 => arytm_3:fragment:99
arytm_3:theorem:80 => arytm_3:fragment:139
arytm_3:deftheorem:2 => arytm_3:fragment:9[dt]
arytm_3:theorem:70 => arytm_3:fragment:129
arytm_3:theorem:42 => arytm_3:fragment:88
arytm_3:theorem:77 => arytm_3:fragment:136
arytm_3:theorem:2 => arytm_3:fragment:11
arytm_3:lemma:1 => arytm_3:fragment:5
arytm_3:kdefiniens:6 => arytm_3:fragment:76[kf]
arytm_3:rconstructor:1 => arytm_3:fragment:9[rc]
arytm_3:kconstructor:3 => arytm_3:fragment:36[kc]
arytm_3:fcluster:2 => arytm_3:fragment:23
arytm_3:lemma:2 => arytm_3:fragment:6
arytm_3:theorem:85 => arytm_3:fragment:144
arytm_3:kconstructor:8 => arytm_3:fragment:83[kc]
arytm_3:theorem:26 => arytm_3:fragment:50
arytm_3:theorem:84 => arytm_3:fragment:143
arytm_3:theorem:69 => arytm_3:fragment:128
arytm_3:theorem:23 => arytm_3:fragment:47
arytm_3:kconstructor:12[coherence] => arytm_3:fragment:101[ch]
arytm_3:rpattern:4 => arytm_3:fragment:116[rp]
arytm_3:theorem:31 => arytm_3:fragment:72
arytm_3:theorem:13 => arytm_3:fragment:35
arytm_3:kconstructor:7 => arytm_3:fragment:77[kc]
arytm_3:kpattern:2 => arytm_3:fragment:33[kp]
arytm_3:rconstructor:2[reflexivity] => arytm_3:fragment:24[re]
arytm_3:theorem:68 => arytm_3:fragment:127
arytm_3:theorem:49 => arytm_3:fragment:103
arytm_3:deftheorem:11 => arytm_3:fragment:95[dt]
arytm_3:theorem:87 => arytm_3:fragment:146
arytm_3:theorem:33 => arytm_3:fragment:75
arytm_3:theorem:28 => arytm_3:fragment:52
arytm_3:theorem:79 => arytm_3:fragment:138
arytm_3:theorem:38 => arytm_3:fragment:82
arytm_3:scheme:1 => arytm_3:fragment:155
arytm_3:theorem:86 => arytm_3:fragment:145
arytm_3:kconstructor:10 => arytm_3:fragment:96[kc]
arytm_3:kpattern:7 => arytm_3:fragment:77[kp]
arytm_3:theorem:61 => arytm_3:fragment:120
arytm_3:theorem:75 => arytm_3:fragment:134
arytm_3:kconstructor:3[commutativity] => arytm_3:fragment:36[cm]
arytm_3:kpattern:5 => arytm_3:fragment:63[kp]
arytm_3:kpattern:8 => arytm_3:fragment:83[kp]
arytm_3:theorem:92 => arytm_3:fragment:151
arytm_3:fcluster:3 => arytm_3:fragment:68
arytm_3:kconstructor:1 => arytm_3:fragment:7[kc]
arytm_3:fcluster:1 => arytm_3:fragment:22
arytm_3:theorem:5 => arytm_3:fragment:25
arytm_3:theorem:66 => arytm_3:fragment:125
arytm_3:theorem:52 => arytm_3:fragment:106
arytm_3:kdefiniens:4 => arytm_3:fragment:44[kf]
arytm_3:theorem:18 => arytm_3:fragment:41
arytm_3:deftheorem:6 => arytm_3:fragment:44[dt]
arytm_3:theorem:45 => arytm_3:fragment:94
arytm_3:deftheorem:10 => arytm_3:fragment:83[dt]
arytm_3:theorem:29 => arytm_3:fragment:70
arytm_3:kconstructor:2[commutativity] => arytm_3:fragment:33[cm]
arytm_3:theorem:94 => arytm_3:fragment:153
arytm_3:rdefiniens:2 => arytm_3:fragment:24[rf]
arytm_3:rpattern:2 => arytm_3:fragment:24[rp]
arytm_3:theorem:90 => arytm_3:fragment:149
arytm_3:rconstructor:2 => arytm_3:fragment:24[rc]
arytm_3:lemma:9 => arytm_3:fragment:64
arytm_3:kconstructor:3[uniqueness] => arytm_3:fragment:36[un]
arytm_3:theorem:47 => arytm_3:fragment:98
arytm_3:rcluster:1 => arytm_3:fragment:69
arytm_3:kdefiniens:2 => arytm_3:fragment:33[kf]
arytm_3:theorem:50 => arytm_3:fragment:104
arytm_3:theorem:44 => arytm_3:fragment:90
arytm_3:kconstructor:11[coherence] => arytm_3:fragment:100[ch]
arytm_3:theorem:63 => arytm_3:fragment:122
arytm_3:theorem:14 => arytm_3:fragment:37
arytm_3:lemma:5 => arytm_3:fragment:55
arytm_3:deftheorem:5 => arytm_3:fragment:36[dt]
arytm_3:theorem:43 => arytm_3:fragment:89
arytm_3:theorem:46 => arytm_3:fragment:97
arytm_3:deftheorem:3 => arytm_3:fragment:24[dt]
arytm_3:kconstructor:1[coherence] => arytm_3:fragment:7[ch]
arytm_3:kdefiniens:5 => arytm_3:fragment:63[kf]
arytm_3:rdefiniens:1 => arytm_3:fragment:9[rf]
arytm_3:theorem:81 => arytm_3:fragment:140
arytm_3:theorem:32 => arytm_3:fragment:74
arytm_3:theorem:64 => arytm_3:fragment:123
arytm_3:theorem:22 => arytm_3:fragment:46
arytm_3:theorem:8 => arytm_3:fragment:28
arytm_3:theorem:25 => arytm_3:fragment:49
arytm_3:ccluster:1 => arytm_3:fragment:73
arytm_3:theorem:89 => arytm_3:fragment:148
arytm_3:theorem:30 => arytm_3:fragment:71
arytm_3:theorem:93 => arytm_3:fragment:152
arytm_3:kconstructor:5[coherence] => arytm_3:fragment:63[ch]
arytm_3:theorem:6 => arytm_3:fragment:26
arytm_3:kdefiniens:3 => arytm_3:fragment:36[kf]
arytm_3:deftheorem:8 => arytm_3:fragment:76[dt]
arytm_3:theorem:51 => arytm_3:fragment:105
arytm_3:kconstructor:9[commutativity] => arytm_3:fragment:95[cm]
arytm_3:kconstructor:3[existence] => arytm_3:fragment:36[ex]
arytm_3:kdefiniens:9 => arytm_3:fragment:95[kf]
arytm_3:kpattern:3 => arytm_3:fragment:36[kp]
arytm_3:kpattern:12 => arytm_3:fragment:100[kp]
arytm_3:theorem:54 => arytm_3:fragment:108
arytm_3:kconstructor:10[commutativity] => arytm_3:fragment:96[cm]
arytm_3:theorem:76 => arytm_3:fragment:135
arytm_3:kconstructor:9 => arytm_3:fragment:95[kc]
arytm_3:lemma:3 => arytm_3:fragment:32
arytm_3:theorem:56 => arytm_3:fragment:110
arytm_3:theorem:4 => arytm_3:fragment:18
arytm_3:theorem:74 => arytm_3:fragment:133
arytm_3:kconstructor:6 => arytm_3:fragment:76[kc]
arytm_3:theorem:11 => arytm_3:fragment:31
arytm_3:deftheorem:12 => arytm_3:fragment:96[dt]
arytm_3:theorem:24 => arytm_3:fragment:48
arytm_3:theorem:59 => arytm_3:fragment:113
arytm_3:rconstructor:3[connectedness] => arytm_3:fragment:115[cn]
arytm_3:theorem:3 => arytm_3:fragment:12
arytm_3:kconstructor:4 => arytm_3:fragment:44[kc]
arytm_3:kdefiniens:7 => arytm_3:fragment:77[kf]
arytm_3:kpattern:10 => arytm_3:fragment:95[kp]
arytm_3:kconstructor:12 => arytm_3:fragment:101[kc]
arytm_3:kpattern:1 => arytm_3:fragment:7[kp]
arytm_3:theorem:27 => arytm_3:fragment:51
arytm_3:theorem:71 => arytm_3:fragment:130
arytm_3:theorem:60 => arytm_3:fragment:114
arytm_3:kconstructor:6[existence] => arytm_3:fragment:76[ex]
arytm_3:theorem:40 => arytm_3:fragment:86
arytm_3:rconstructor:3 => arytm_3:fragment:115[rc]
arytm_3:rdefiniens:3 => arytm_3:fragment:115[rf]
arytm_3:kconstructor:5 => arytm_3:fragment:63[kc]
arytm_3:theorem:36 => arytm_3:fragment:80
arytm_3:kpattern:6 => arytm_3:fragment:76[kp]
arytm_3:theorem:10 => arytm_3:fragment:30
arytm_3:theorem:88 => arytm_3:fragment:147
arytm_3:theorem:9 => arytm_3:fragment:29
arytm_3:theorem:19 => arytm_3:fragment:42
arytm_3:theorem:35 => arytm_3:fragment:79
arytm_3:rconstructor:1[symmetry] => arytm_3:fragment:9[sy]
arytm_3:kconstructor:11 => arytm_3:fragment:100[kc]
arytm_3:theorem:34 => arytm_3:fragment:78
arytm_3:kpattern:13 => arytm_3:fragment:101[kp]
arytm_3:rpattern:3 => arytm_3:fragment:115[rp]
arytm_3:lemma:8 => arytm_3:fragment:58
arytm_3:theorem:67 => arytm_3:fragment:126
arytm_3:deftheorem:13 => arytm_3:fragment:115[dt]
arytm_3:kpattern:9 => arytm_3:fragment:84[kp]
arytm_3:lemma:6 => arytm_3:fragment:56
arytm_3:rpattern:1 => arytm_3:fragment:9[rp]
arytm_3:theorem:65 => arytm_3:fragment:124
arytm_3:kpattern:4 => arytm_3:fragment:44[kp]
arytm_3:kpattern:11 => arytm_3:fragment:96[kp]
arytm_3:theorem:21 => arytm_3:fragment:45
arytm_3:lemma:4 => arytm_3:fragment:54
arytm_3:theorem:37 => arytm_3:fragment:81
arytm_3:theorem:72 => arytm_3:fragment:131
arytm_3:theorem:91 => arytm_3:fragment:150
arytm_3:theorem:62 => arytm_3:fragment:121
arytm_3:theorem:58 => arytm_3:fragment:112
arytm_3:theorem:83 => arytm_3:fragment:142
arytm_3:theorem:95 => arytm_3:fragment:154
arytm_3:theorem:78 => arytm_3:fragment:137
arytm_3:kconstructor:2[existence] => arytm_3:fragment:33[ex]
arytm_3:theorem:53 => arytm_3:fragment:107
arytm_3:theorem:48 => arytm_3:fragment:102
arytm_3:theorem:12 => arytm_3:fragment:34
arytm_3:kconstructor:2 => arytm_3:fragment:33[kc]
arytm_3:kdefiniens:1 => arytm_3:fragment:7[kf]
arytm_3:theorem:15 => arytm_3:fragment:38
arytm_3:kdefiniens:10 => arytm_3:fragment:96[kf]
arytm_3:theorem:1 => arytm_3:fragment:10
arytm_3:theorem:41 => arytm_3:fragment:87
arytm_3:deftheorem:4 => arytm_3:fragment:33[dt]
