binop_1:kconstructor:5 => binop_1:fragment:77[kc]
binop_1:theorem:11 => binop_1:fragment:54
binop_1:rconstructor:6 => binop_1:fragment:53[rc]
binop_1:deftheorem:12 => binop_1:fragment:60[dt]
binop_1:rpattern:11 => binop_1:fragment:67[rp]
binop_1:rdefiniens:5 => binop_1:fragment:52[rf]
binop_1:vdefiniens:1 => binop_1:fragment:35[vf]
binop_1:kdefiniens:2 => binop_1:fragment:50[kf]
binop_1:kconstructor:2[coherence] => binop_1:fragment:4[ch]
binop_1:rpattern:12 => binop_1:fragment:68[rp]
binop_1:rpattern:13 => binop_1:fragment:78[rp]
binop_1:kconstructor:5[coherence] => binop_1:fragment:77[ch]
binop_1:rdefiniens:13[compatibility] => binop_1:fragment:78[cp]
binop_1:rdefiniens:13 => binop_1:fragment:78[rf]
binop_1:theorem:17 => binop_1:fragment:69
binop_1:deftheorem:5 => binop_1:fragment:39[dt]
binop_1:deftheorem:21 => binop_1:fragment:78[dt]
binop_1:kdefiniens:1 => binop_1:fragment:2[kf]
binop_1:deftheorem:18 => binop_1:fragment:66[dt]
binop_1:rdefiniens:3 => binop_1:fragment:41[rf]
binop_1:rdefiniens:12 => binop_1:fragment:68[rf]
binop_1:rdefiniens:2 => binop_1:fragment:40[rf]
binop_1:deftheorem:19 => binop_1:fragment:67[dt]
binop_1:rconstructor:8[reflexivity] => binop_1:fragment:78[re]
binop_1:deftheorem:9 => binop_1:fragment:51[dt]
binop_1:deftheorem:3 => binop_1:fragment:36[dt]
binop_1:theorem:19 => binop_1:fragment:71
binop_1:kpattern:3 => binop_1:fragment:21[kp]
binop_1:deftheorem:20 => binop_1:fragment:68[dt]
binop_1:theorem:1 => binop_1:fragment:17
binop_1:rpattern:8 => binop_1:fragment:64[rp]
binop_1:scheme:6 => binop_1:fragment:74
binop_1:theorem:9 => binop_1:fragment:48
binop_1:deftheorem:4 => binop_1:fragment:37[dt]
binop_1:rdefiniens:10 => binop_1:fragment:66[rf]
binop_1:deftheorem:15 => binop_1:fragment:63[dt]
binop_1:rconstructor:2 => binop_1:fragment:40[rc]
binop_1:rpattern:5 => binop_1:fragment:52[rp]
binop_1:kconstructor:1 => binop_1:fragment:2[kc]
binop_1:vconstructor:3 => binop_1:fragment:37[vc]
binop_1:rdefiniens:7 => binop_1:fragment:60[rf]
binop_1:rpattern:10 => binop_1:fragment:66[rp]
binop_1:theorem:20 => binop_1:fragment:72
binop_1:rpattern:6 => binop_1:fragment:53[rp]
binop_1:rpattern:9 => binop_1:fragment:65[rp]
binop_1:deftheorem:1 => binop_1:fragment:2[dt]
binop_1:deftheorem:6 => binop_1:fragment:40[dt]
binop_1:ccluster:1 => binop_1:fragment:38
binop_1:scheme:1 => binop_1:fragment:31
binop_1:kpattern:4 => binop_1:fragment:50[kp]
binop_1:deftheorem:17 => binop_1:fragment:65[dt]
binop_1:rconstructor:5 => binop_1:fragment:52[rc]
binop_1:rdefiniens:9 => binop_1:fragment:65[rf]
binop_1:theorem:15 => binop_1:fragment:58
binop_1:rdefiniens:6 => binop_1:fragment:53[rf]
binop_1:vconstructor:2 => binop_1:fragment:36[vc]
binop_1:rpattern:4 => binop_1:fragment:51[rp]
binop_1:theorem:4 => binop_1:fragment:43
binop_1:kpattern:1 => binop_1:fragment:2[kp]
binop_1:rdefiniens:11 => binop_1:fragment:67[rf]
binop_1:deftheorem:8 => binop_1:fragment:50[dt]
binop_1:kconstructor:4 => binop_1:fragment:50[kc]
binop_1:rconstructor:3 => binop_1:fragment:41[rc]
binop_1:deftheorem:14 => binop_1:fragment:62[dt]
binop_1:rdefiniens:1 => binop_1:fragment:39[rf]
binop_1:vdefiniens:2 => binop_1:fragment:36[vf]
binop_1:kpattern:5 => binop_1:fragment:77[kp]
binop_1:vdefiniens:3 => binop_1:fragment:37[vf]
binop_1:rconstructor:1 => binop_1:fragment:39[rc]
binop_1:rpattern:3 => binop_1:fragment:41[rp]
binop_1:scheme:7 => binop_1:fragment:75
binop_1:rconstructor:8 => binop_1:fragment:78[rc]
binop_1:rconstructor:7 => binop_1:fragment:60[rc]
binop_1:theorem:3 => binop_1:fragment:42
binop_1:deftheorem:13 => binop_1:fragment:61[dt]
binop_1:kconstructor:4[uniqueness] => binop_1:fragment:50[un]
binop_1:kconstructor:3[coherence] => binop_1:fragment:21[ch]
binop_1:theorem:12 => binop_1:fragment:55
binop_1:scheme:4 => binop_1:fragment:34
binop_1:theorem:16 => binop_1:fragment:59
binop_1:theorem:13 => binop_1:fragment:56
binop_1:rconstructor:4 => binop_1:fragment:51[rc]
binop_1:theorem:7 => binop_1:fragment:46
binop_1:theorem:5 => binop_1:fragment:44
binop_1:rconstructor:8[symmetry] => binop_1:fragment:78[sy]
binop_1:mpattern:2 => binop_1:fragment:20[mp]
binop_1:scheme:5 => binop_1:fragment:73
binop_1:scheme:8 => binop_1:fragment:76
binop_1:rpattern:7 => binop_1:fragment:60[rp]
binop_1:deftheorem:16 => binop_1:fragment:64[dt]
binop_1:rpattern:2 => binop_1:fragment:40[rp]
binop_1:mpattern:1 => binop_1:fragment:19[mp]
binop_1:vconstructor:1 => binop_1:fragment:35[vc]
binop_1:rpattern:1 => binop_1:fragment:39[rp]
binop_1:rdefiniens:4 => binop_1:fragment:51[rf]
binop_1:kconstructor:2 => binop_1:fragment:4[kc]
binop_1:vpattern:3 => binop_1:fragment:37[vp]
binop_1:kconstructor:3 => binop_1:fragment:21[kc]
binop_1:kconstructor:4[existence] => binop_1:fragment:50[ex]
binop_1:theorem:2 => binop_1:fragment:18
binop_1:rdefiniens:8 => binop_1:fragment:64[rf]
binop_1:kpattern:2 => binop_1:fragment:4[kp]
binop_1:theorem:18 => binop_1:fragment:70
binop_1:deftheorem:2 => binop_1:fragment:35[dt]
binop_1:deftheorem:7 => binop_1:fragment:41[dt]
binop_1:theorem:10 => binop_1:fragment:49
binop_1:vpattern:2 => binop_1:fragment:36[vp]
binop_1:kconstructor:1[coherence] => binop_1:fragment:2[ch]
binop_1:theorem:6 => binop_1:fragment:45
binop_1:deftheorem:10 => binop_1:fragment:52[dt]
binop_1:vpattern:1 => binop_1:fragment:35[vp]
binop_1:scheme:3 => binop_1:fragment:33
binop_1:deftheorem:11 => binop_1:fragment:53[dt]
binop_1:theorem:14 => binop_1:fragment:57
binop_1:theorem:8 => binop_1:fragment:47
binop_1:scheme:2 => binop_1:fragment:32
