card_1:rcluster:4 => card_1:fragment:132
card_1:kconstructor:7 => card_1:fragment:125[kc]
card_1:kconstructor:2 => card_1:fragment:51[kc]
card_1:theorem:41 => card_1:fragment:86
card_1:theorem:23 => card_1:fragment:66
card_1:theorem:15 => card_1:fragment:52
card_1:kpattern:3 => card_1:fragment:51[kp]
card_1:theorem:31 => card_1:fragment:74
card_1:theorem:70 => card_1:fragment:155
card_1:theorem:59 => card_1:fragment:119
card_1:lemma:1 => card_1:fragment:59
card_1:theorem:37 => card_1:fragment:81
card_1:deftheorem:5 => card_1:fragment:58[dt]
card_1:theorem:63 => card_1:fragment:136
card_1:ccluster:2 => card_1:fragment:36
card_1:vpattern:1 => card_1:fragment:25[vp]
card_1:rcluster:6 => card_1:fragment:144
card_1:rcluster:2 => card_1:fragment:100
card_1:theorem:67 => card_1:fragment:152
card_1:theorem:18 => card_1:fragment:55
card_1:deftheorem:7 => card_1:fragment:139[dt]
card_1:kconstructor:4 => card_1:fragment:90[kc]
card_1:vconstructor:2 => card_1:fragment:57[vc]
card_1:theorem:43 => card_1:fragment:88
card_1:fcluster:12 => card_1:fragment:135
card_1:theorem:33 => card_1:fragment:76
card_1:fcluster:2 => card_1:fragment:38
card_1:theorem:3 => card_1:fragment:33
card_1:lemma:4 => card_1:fragment:104
card_1:theorem:27 => card_1:fragment:70
card_1:kconstructor:1[existence] => card_1:fragment:35[ex]
card_1:ccluster:9 => card_1:fragment:146
card_1:deftheorem:1 => card_1:fragment:25[dt]
card_1:theorem:49 => card_1:fragment:109
card_1:theorem:53 => card_1:fragment:113
card_1:theorem:9 => card_1:fragment:43
card_1:vpattern:2 => card_1:fragment:57[vp]
card_1:fcluster:8 => card_1:fragment:107
card_1:theorem:60 => card_1:fragment:126
card_1:kdefiniens:4 => card_1:fragment:123[kf]
card_1:vdefiniens:1 => card_1:fragment:25[vf]
card_1:theorem:47 => card_1:fragment:97
card_1:theorem:57 => card_1:fragment:117
card_1:fcluster:11 => card_1:fragment:131
card_1:deftheorem:3 => card_1:fragment:51[dt]
card_1:vpattern:3 => card_1:fragment:139[vp]
card_1:kconstructor:4[coherence] => card_1:fragment:90[ch]
card_1:theorem:61 => card_1:fragment:127
card_1:theorem:45 => card_1:fragment:92
card_1:theorem:26 => card_1:fragment:69
card_1:theorem:7 => card_1:fragment:41
card_1:mpattern:2 => card_1:fragment:149[mp]
card_1:kdefiniens:2 => card_1:fragment:51[kf]
card_1:theorem:35 => card_1:fragment:78
card_1:kpattern:6 => card_1:fragment:91[kp]
card_1:scheme:2 => card_1:fragment:94
card_1:rcluster:5 => card_1:fragment:140
card_1:theorem:48 => card_1:fragment:101
card_1:fcluster:7 => card_1:fragment:105
card_1:kconstructor:1[projectivity] => card_1:fragment:35[pr]
card_1:theorem:14 => card_1:fragment:50
card_1:theorem:39 => card_1:fragment:84
card_1:theorem:17 => card_1:fragment:54
card_1:kpattern:4 => card_1:fragment:58[kp]
card_1:fcluster:5 => card_1:fragment:98
card_1:kpattern:1 => card_1:fragment:24[kp]
card_1:theorem:42 => card_1:fragment:87
card_1:lemma:3 => card_1:fragment:103
card_1:theorem:10 => card_1:fragment:45
card_1:theorem:44 => card_1:fragment:89
card_1:theorem:29 => card_1:fragment:72
card_1:theorem:11 => card_1:fragment:46
card_1:theorem:1 => card_1:fragment:31
card_1:ccluster:6 => card_1:fragment:133
card_1:theorem:16 => card_1:fragment:53
card_1:theorem:55 => card_1:fragment:115
card_1:deftheorem:6 => card_1:fragment:123[dt]
card_1:ccluster:4 => card_1:fragment:99
card_1:ccluster:8 => card_1:fragment:142
card_1:kconstructor:1[uniqueness] => card_1:fragment:35[un]
card_1:fcluster:13 => card_1:fragment:143
card_1:fcluster:14 => card_1:fragment:145
card_1:theorem:38 => card_1:fragment:83
card_1:kconstructor:5[coherence] => card_1:fragment:91[ch]
card_1:kconstructor:3 => card_1:fragment:58[kc]
card_1:theorem:32 => card_1:fragment:75
card_1:vdefiniens:3 => card_1:fragment:139[vf]
card_1:kpattern:8 => card_1:fragment:125[kp]
card_1:ccluster:7 => card_1:fragment:141
card_1:theorem:4 => card_1:fragment:34
card_1:kconstructor:2[existence] => card_1:fragment:51[ex]
card_1:theorem:64 => card_1:fragment:137
card_1:theorem:65 => card_1:fragment:150
card_1:kconstructor:6 => card_1:fragment:123[kc]
card_1:theorem:68 => card_1:fragment:153
card_1:rcluster:7 => card_1:fragment:148
card_1:theorem:8 => card_1:fragment:42
card_1:theorem:28 => card_1:fragment:71
card_1:kconstructor:5[projectivity] => card_1:fragment:91[pr]
card_1:theorem:62 => card_1:fragment:134
card_1:theorem:66 => card_1:fragment:151
card_1:kconstructor:2[uniqueness] => card_1:fragment:51[un]
card_1:ccluster:1 => card_1:fragment:28
card_1:theorem:51 => card_1:fragment:111
card_1:theorem:69 => card_1:fragment:154
card_1:deftheorem:2 => card_1:fragment:35[dt]
card_1:vconstructor:3 => card_1:fragment:139[vc]
card_1:fcluster:1 => card_1:fragment:37
card_1:kdefiniens:1 => card_1:fragment:35[kf]
card_1:theorem:6 => card_1:fragment:40
card_1:kconstructor:6[coherence] => card_1:fragment:123[ch]
card_1:fcluster:3 => card_1:fragment:61
card_1:theorem:30 => card_1:fragment:73
card_1:theorem:20 => card_1:fragment:63
card_1:ccluster:10 => card_1:fragment:147
card_1:theorem:54 => card_1:fragment:114
card_1:mpattern:1 => card_1:fragment:27[mp]
card_1:rcluster:3 => card_1:fragment:106
card_1:theorem:34 => card_1:fragment:77
card_1:kpattern:5 => card_1:fragment:90[kp]
card_1:theorem:22 => card_1:fragment:65
card_1:theorem:2 => card_1:fragment:32
card_1:ccluster:3 => card_1:fragment:82
card_1:deftheorem:4 => card_1:fragment:57[dt]
card_1:theorem:25 => card_1:fragment:68
card_1:rcluster:1 => card_1:fragment:26
card_1:kconstructor:7[coherence] => card_1:fragment:125[ch]
card_1:kconstructor:1 => card_1:fragment:35[kc]
card_1:fcluster:9 => card_1:fragment:129
card_1:fcluster:6 => card_1:fragment:102
card_1:theorem:19 => card_1:fragment:62
card_1:kconstructor:5 => card_1:fragment:91[kc]
card_1:kdefiniens:3 => card_1:fragment:58[kf]
card_1:theorem:21 => card_1:fragment:64
card_1:scheme:1 => card_1:fragment:93
card_1:theorem:58 => card_1:fragment:118
card_1:theorem:56 => card_1:fragment:116
card_1:theorem:50 => card_1:fragment:110
card_1:theorem:46 => card_1:fragment:95
card_1:theorem:5 => card_1:fragment:39
card_1:vdefiniens:2 => card_1:fragment:57[vf]
card_1:theorem:52 => card_1:fragment:112
card_1:fcluster:4 => card_1:fragment:96
card_1:kpattern:2 => card_1:fragment:35[kp]
card_1:ccluster:5 => card_1:fragment:128
card_1:theorem:12 => card_1:fragment:47
card_1:lemma:2 => card_1:fragment:80
card_1:theorem:40 => card_1:fragment:85
card_1:vconstructor:1 => card_1:fragment:25[vc]
card_1:theorem:13 => card_1:fragment:48
card_1:kpattern:7 => card_1:fragment:123[kp]
card_1:theorem:24 => card_1:fragment:67
card_1:theorem:36 => card_1:fragment:79
card_1:fcluster:10 => card_1:fragment:130
