classes1:theorem:83 => classes1:fragment:122
classes1:theorem:46 => classes1:fragment:75
classes1:rdefiniens:2 => classes1:fragment:112[rf]
classes1:theorem:2 => classes1:fragment:18
classes1:deftheorem:8 => classes1:fragment:95[dt]
classes1:theorem:54 => classes1:fragment:86
classes1:kpattern:5 => classes1:fragment:82[kp]
classes1:fcluster:2 => classes1:fragment:61
classes1:deftheorem:1 => classes1:fragment:12[dt]
classes1:theorem:64 => classes1:fragment:97
classes1:theorem:24 => classes1:fragment:49
classes1:theorem:8 => classes1:fragment:33
classes1:theorem:74 => classes1:fragment:107
classes1:theorem:69 => classes1:fragment:102
classes1:deftheorem:5 => classes1:fragment:29[dt]
classes1:theorem:30 => classes1:fragment:58
classes1:theorem:68 => classes1:fragment:101
classes1:lemma:3 => classes1:fragment:113
classes1:theorem:1 => classes1:fragment:17
classes1:theorem:34 => classes1:fragment:63
classes1:theorem:22 => classes1:fragment:47
classes1:theorem:18 => classes1:fragment:43
classes1:kconstructor:6 => classes1:fragment:95[kc]
classes1:theorem:49 => classes1:fragment:78
classes1:theorem:70 => classes1:fragment:103
classes1:kpattern:6 => classes1:fragment:95[kp]
classes1:kconstructor:1[uniqueness] => classes1:fragment:15[un]
classes1:scheme:1 => classes1:fragment:111
classes1:kdefiniens:3 => classes1:fragment:54[kf]
classes1:vdefiniens:1 => classes1:fragment:12[vf]
classes1:theorem:66 => classes1:fragment:99
classes1:theorem:52 => classes1:fragment:84
classes1:theorem:44 => classes1:fragment:73
classes1:kconstructor:3[coherence] => classes1:fragment:31[ch]
classes1:rconstructor:1 => classes1:fragment:14[rc]
classes1:theorem:57 => classes1:fragment:89
classes1:theorem:67 => classes1:fragment:100
classes1:deftheorem:3 => classes1:fragment:14[dt]
classes1:theorem:4 => classes1:fragment:20
classes1:theorem:61 => classes1:fragment:93
classes1:theorem:82 => classes1:fragment:121
classes1:theorem:80 => classes1:fragment:119
classes1:rconstructor:2[reflexivity] => classes1:fragment:112[re]
classes1:theorem:14 => classes1:fragment:39
classes1:theorem:79 => classes1:fragment:118
classes1:vpattern:1 => classes1:fragment:12[vp]
classes1:theorem:58 => classes1:fragment:90
classes1:deftheorem:2 => classes1:fragment:13[dt]
classes1:theorem:56 => classes1:fragment:88
classes1:fcluster:1 => classes1:fragment:16
classes1:theorem:32 => classes1:fragment:60
classes1:kconstructor:4 => classes1:fragment:54[kc]
classes1:theorem:10 => classes1:fragment:35
classes1:theorem:76 => classes1:fragment:115
classes1:theorem:39 => classes1:fragment:68
classes1:theorem:48 => classes1:fragment:77
classes1:kconstructor:3 => classes1:fragment:31[kc]
classes1:rpattern:2 => classes1:fragment:112[rp]
classes1:kdefiniens:2 => classes1:fragment:29[kf]
classes1:kpattern:3 => classes1:fragment:31[kp]
classes1:theorem:27 => classes1:fragment:52
classes1:lemma:2 => classes1:fragment:56
classes1:theorem:16 => classes1:fragment:41
classes1:rconstructor:2[symmetry] => classes1:fragment:112[sy]
classes1:theorem:42 => classes1:fragment:71
classes1:vconstructor:1 => classes1:fragment:12[vc]
classes1:theorem:25 => classes1:fragment:50
classes1:deftheorem:7 => classes1:fragment:82[dt]
classes1:rdefiniens:1 => classes1:fragment:14[rf]
classes1:kpattern:4 => classes1:fragment:54[kp]
classes1:theorem:75 => classes1:fragment:114
classes1:theorem:37 => classes1:fragment:66
classes1:theorem:71 => classes1:fragment:104
classes1:theorem:28 => classes1:fragment:53
classes1:theorem:7 => classes1:fragment:32
classes1:theorem:36 => classes1:fragment:65
classes1:theorem:19 => classes1:fragment:44
classes1:theorem:53 => classes1:fragment:85
classes1:theorem:72 => classes1:fragment:105
classes1:theorem:9 => classes1:fragment:34
classes1:kconstructor:1 => classes1:fragment:15[kc]
classes1:kdefiniens:1 => classes1:fragment:15[kf]
classes1:theorem:59 => classes1:fragment:91
classes1:theorem:23 => classes1:fragment:48
classes1:theorem:63 => classes1:fragment:96
classes1:deftheorem:6 => classes1:fragment:54[dt]
classes1:deftheorem:9 => classes1:fragment:112[dt]
classes1:theorem:51 => classes1:fragment:83
classes1:theorem:33 => classes1:fragment:62
classes1:theorem:12 => classes1:fragment:37
classes1:theorem:21 => classes1:fragment:46
classes1:theorem:77 => classes1:fragment:116
classes1:theorem:35 => classes1:fragment:64
classes1:kpattern:1 => classes1:fragment:15[kp]
classes1:theorem:41 => classes1:fragment:70
classes1:theorem:15 => classes1:fragment:40
classes1:theorem:6 => classes1:fragment:22
classes1:deftheorem:4 => classes1:fragment:15[dt]
classes1:theorem:5 => classes1:fragment:21
classes1:kconstructor:2 => classes1:fragment:29[kc]
classes1:theorem:55 => classes1:fragment:87
classes1:theorem:11 => classes1:fragment:36
classes1:kdefiniens:4 => classes1:fragment:82[kf]
classes1:theorem:60 => classes1:fragment:92
classes1:kpattern:2 => classes1:fragment:29[kp]
classes1:theorem:73 => classes1:fragment:106
classes1:vdefiniens:2 => classes1:fragment:13[vf]
classes1:theorem:47 => classes1:fragment:76
classes1:kconstructor:5 => classes1:fragment:82[kc]
classes1:kconstructor:1[existence] => classes1:fragment:15[ex]
classes1:theorem:29 => classes1:fragment:57
classes1:theorem:62 => classes1:fragment:94
classes1:theorem:31 => classes1:fragment:59
classes1:theorem:78 => classes1:fragment:117
classes1:theorem:40 => classes1:fragment:69
classes1:theorem:43 => classes1:fragment:72
classes1:theorem:81 => classes1:fragment:120
classes1:theorem:3 => classes1:fragment:19
classes1:theorem:65 => classes1:fragment:98
classes1:vpattern:2 => classes1:fragment:13[vp]
classes1:theorem:13 => classes1:fragment:38
classes1:theorem:26 => classes1:fragment:51
classes1:theorem:45 => classes1:fragment:74
classes1:theorem:17 => classes1:fragment:42
classes1:theorem:50 => classes1:fragment:79
classes1:rconstructor:2 => classes1:fragment:112[rc]
classes1:lemma:1 => classes1:fragment:30
classes1:rpattern:1 => classes1:fragment:14[rp]
classes1:kdefiniens:5 => classes1:fragment:95[kf]
classes1:vconstructor:2 => classes1:fragment:13[vc]
classes1:theorem:20 => classes1:fragment:45
classes1:theorem:38 => classes1:fragment:67
