classes2:theorem:43 => classes2:fragment:69
classes2:theorem:15 => classes2:fragment:31
classes2:kconstructor:13 => classes2:fragment:114[kc]
classes2:theorem:19 => classes2:fragment:35
classes2:kconstructor:4[coherence] => classes2:fragment:105[ch]
classes2:theorem:46 => classes2:fragment:80
classes2:theorem:62 => classes2:fragment:116
classes2:theorem:57 => classes2:fragment:94
classes2:lemma:6 => classes2:fragment:129
classes2:kdefiniens:3 => classes2:fragment:122[kf]
classes2:theorem:64 => classes2:fragment:118
classes2:theorem:17 => classes2:fragment:33
classes2:theorem:70 => classes2:fragment:137
classes2:theorem:20 => classes2:fragment:36
classes2:kconstructor:3[coherence] => classes2:fragment:104[ch]
classes2:kconstructor:5[coherence] => classes2:fragment:106[ch]
classes2:theorem:52 => classes2:fragment:89
classes2:theorem:55 => classes2:fragment:92
classes2:deftheorem:1 => classes2:fragment:72[dt]
classes2:kconstructor:8[idempotence] => classes2:fragment:109[id]
classes2:theorem:58 => classes2:fragment:95
classes2:lemma:4 => classes2:fragment:48
classes2:theorem:7 => classes2:fragment:23
classes2:kconstructor:15 => classes2:fragment:122[kc]
classes2:theorem:27 => classes2:fragment:51
classes2:theorem:28 => classes2:fragment:52
classes2:theorem:23 => classes2:fragment:43
classes2:theorem:6 => classes2:fragment:22
classes2:kconstructor:7 => classes2:fragment:108[kc]
classes2:kconstructor:15[uniqueness] => classes2:fragment:122[un]
classes2:deftheorem:4 => classes2:fragment:122[dt]
classes2:kpattern:6 => classes2:fragment:107[kp]
classes2:kpattern:14 => classes2:fragment:119[kp]
classes2:fcluster:2 => classes2:fragment:83
classes2:kconstructor:2 => classes2:fragment:103[kc]
classes2:kconstructor:8[coherence] => classes2:fragment:109[ch]
classes2:theorem:14 => classes2:fragment:30
classes2:theorem:68 => classes2:fragment:135
classes2:kconstructor:10 => classes2:fragment:111[kc]
classes2:theorem:35 => classes2:fragment:61
classes2:kpattern:4 => classes2:fragment:105[kp]
classes2:mpattern:3 => classes2:fragment:126[mp]
classes2:theorem:49 => classes2:fragment:85
classes2:deftheorem:3 => classes2:fragment:119[dt]
classes2:kpattern:16 => classes2:fragment:127[kp]
classes2:fcluster:3 => classes2:fragment:84
classes2:theorem:4 => classes2:fragment:20
classes2:kpattern:15 => classes2:fragment:122[kp]
classes2:theorem:1 => classes2:fragment:17
classes2:theorem:72 => classes2:fragment:139
classes2:kconstructor:1[coherence] => classes2:fragment:102[ch]
classes2:kconstructor:8[commutativity] => classes2:fragment:109[cm]
classes2:kconstructor:9 => classes2:fragment:110[kc]
classes2:kconstructor:15[existence] => classes2:fragment:122[ex]
classes2:theorem:25 => classes2:fragment:49
classes2:kconstructor:9[coherence] => classes2:fragment:110[ch]
classes2:kconstructor:11[coherence] => classes2:fragment:112[ch]
classes2:theorem:31 => classes2:fragment:57
classes2:theorem:66 => classes2:fragment:132
classes2:theorem:41 => classes2:fragment:67
classes2:lemma:3 => classes2:fragment:47
classes2:kconstructor:6[coherence] => classes2:fragment:107[ch]
classes2:kconstructor:4 => classes2:fragment:105[kc]
classes2:theorem:60 => classes2:fragment:97
classes2:kconstructor:11 => classes2:fragment:112[kc]
classes2:theorem:50 => classes2:fragment:87
classes2:theorem:38 => classes2:fragment:64
classes2:kpattern:10 => classes2:fragment:111[kp]
classes2:kconstructor:13[coherence] => classes2:fragment:114[ch]
classes2:kpattern:1 => classes2:fragment:102[kp]
classes2:theorem:33 => classes2:fragment:59
classes2:theorem:45 => classes2:fragment:71
classes2:kconstructor:10[coherence] => classes2:fragment:111[ch]
classes2:theorem:48 => classes2:fragment:82
classes2:theorem:10 => classes2:fragment:26
classes2:kpattern:5 => classes2:fragment:106[kp]
classes2:kpattern:11 => classes2:fragment:112[kp]
classes2:vpattern:1 => classes2:fragment:72[vp]
classes2:kpattern:2 => classes2:fragment:103[kp]
classes2:kconstructor:7[commutativity] => classes2:fragment:108[cm]
classes2:ccluster:3 => classes2:fragment:74
classes2:theorem:54 => classes2:fragment:91
classes2:fcluster:1 => classes2:fragment:16
classes2:kdefiniens:2 => classes2:fragment:119[kf]
classes2:theorem:63 => classes2:fragment:117
classes2:kconstructor:7[idempotence] => classes2:fragment:108[id]
classes2:theorem:5 => classes2:fragment:21
classes2:theorem:18 => classes2:fragment:34
classes2:lemma:7 => classes2:fragment:133
classes2:theorem:34 => classes2:fragment:60
classes2:kconstructor:14[coherence] => classes2:fragment:119[ch]
classes2:kconstructor:14 => classes2:fragment:119[kc]
classes2:mpattern:2 => classes2:fragment:125[mp]
classes2:kconstructor:16 => classes2:fragment:127[kc]
classes2:fcluster:6 => classes2:fragment:121
classes2:theorem:16 => classes2:fragment:32
classes2:theorem:65 => classes2:fragment:131
classes2:kconstructor:12 => classes2:fragment:113[kc]
classes2:kconstructor:5[commutativity] => classes2:fragment:106[cm]
classes2:vconstructor:1 => classes2:fragment:72[vc]
classes2:kpattern:13 => classes2:fragment:114[kp]
classes2:lemma:5 => classes2:fragment:115
classes2:rcluster:1 => classes2:fragment:75
classes2:fcluster:4 => classes2:fragment:86
classes2:theorem:12 => classes2:fragment:28
classes2:theorem:32 => classes2:fragment:58
classes2:kconstructor:3 => classes2:fragment:104[kc]
classes2:theorem:47 => classes2:fragment:81
classes2:kconstructor:6 => classes2:fragment:107[kc]
classes2:kpattern:9 => classes2:fragment:110[kp]
classes2:theorem:8 => classes2:fragment:24
classes2:theorem:56 => classes2:fragment:93
classes2:kdefiniens:4 => classes2:fragment:127[kf]
classes2:theorem:44 => classes2:fragment:70
classes2:kconstructor:8 => classes2:fragment:109[kc]
classes2:kpattern:7 => classes2:fragment:108[kp]
classes2:theorem:71 => classes2:fragment:138
classes2:kconstructor:1 => classes2:fragment:102[kc]
classes2:theorem:13 => classes2:fragment:29
classes2:theorem:21 => classes2:fragment:37
classes2:deftheorem:5 => classes2:fragment:127[dt]
classes2:kconstructor:7[coherence] => classes2:fragment:108[ch]
classes2:theorem:73 => classes2:fragment:142
classes2:theorem:37 => classes2:fragment:63
classes2:vdefiniens:1 => classes2:fragment:72[vf]
classes2:theorem:40 => classes2:fragment:66
classes2:kpattern:3 => classes2:fragment:104[kp]
classes2:deftheorem:2 => classes2:fragment:114[dt]
classes2:theorem:39 => classes2:fragment:65
classes2:kdefiniens:1 => classes2:fragment:114[kf]
classes2:theorem:69 => classes2:fragment:136
classes2:theorem:26 => classes2:fragment:50
classes2:theorem:11 => classes2:fragment:27
classes2:theorem:9 => classes2:fragment:25
classes2:theorem:51 => classes2:fragment:88
classes2:kconstructor:12[coherence] => classes2:fragment:113[ch]
classes2:fcluster:7 => classes2:fragment:130
classes2:mpattern:1 => classes2:fragment:76[mp]
classes2:theorem:53 => classes2:fragment:90
classes2:ccluster:2 => classes2:fragment:73
classes2:lemma:1 => classes2:fragment:14
classes2:theorem:3 => classes2:fragment:19
classes2:theorem:22 => classes2:fragment:42
classes2:theorem:30 => classes2:fragment:56
classes2:rcluster:2 => classes2:fragment:101
classes2:kpattern:12 => classes2:fragment:113[kp]
classes2:kconstructor:2[coherence] => classes2:fragment:103[ch]
classes2:theorem:24 => classes2:fragment:44
classes2:theorem:61 => classes2:fragment:98
classes2:kconstructor:5 => classes2:fragment:106[kc]
classes2:theorem:29 => classes2:fragment:55
classes2:kpattern:8 => classes2:fragment:109[kp]
classes2:ccluster:1 => classes2:fragment:15
classes2:kconstructor:10[commutativity] => classes2:fragment:111[cm]
classes2:theorem:67 => classes2:fragment:134
classes2:theorem:36 => classes2:fragment:62
classes2:lemma:2 => classes2:fragment:46
classes2:fcluster:5 => classes2:fragment:120
classes2:theorem:59 => classes2:fragment:96
classes2:theorem:2 => classes2:fragment:18
classes2:theorem:42 => classes2:fragment:68
