complex1:lemma:6 => complex1:fragment:31
complex1:deftheorem:11 => complex1:fragment:73[dt]
complex1:kpattern:4 => complex1:fragment:13[kp]
complex1:kconstructor:1 => complex1:fragment:8[kc]
complex1:lemma:21 => complex1:fragment:47
complex1:kconstructor:14[coherence] => complex1:fragment:73[ch]
complex1:kdefiniens:3 => complex1:fragment:24[kf]
complex1:lemma:16 => complex1:fragment:42
complex1:kconstructor:9[coherence] => complex1:fragment:50[ch]
complex1:lemma:5 => complex1:fragment:27
complex1:theorem:23 => complex1:fragment:68
complex1:kpattern:19 => complex1:fragment:135[kp]
complex1:rdefiniens:1 => complex1:fragment:21[rf]
complex1:theorem:17 => complex1:fragment:60
complex1:kconstructor:7 => complex1:fragment:25[kc]
complex1:theorem:35 => complex1:fragment:83
complex1:rpattern:1 => complex1:fragment:21[rp]
complex1:kpattern:10 => complex1:fragment:50[kp]
complex1:theorem:65 => complex1:fragment:123
complex1:deftheorem:12 => complex1:fragment:91[dt]
complex1:theorem:3 => complex1:fragment:20
complex1:theorem:72 => complex1:fragment:130
complex1:theorem:1 => complex1:fragment:6
complex1:theorem:19 => complex1:fragment:63
complex1:kconstructor:16[coherence] => complex1:fragment:91[ch]
complex1:fcluster:4 => complex1:fragment:96
complex1:theorem:43 => complex1:fragment:93
complex1:kpattern:7 => complex1:fragment:24[kp]
complex1:kpattern:17 => complex1:fragment:91[kp]
complex1:theorem:80 => complex1:fragment:140
complex1:theorem:49 => complex1:fragment:102
complex1:theorem:33 => complex1:fragment:81
complex1:kpattern:1 => complex1:fragment:8[kp]
complex1:kpattern:2 => complex1:fragment:9[kp]
complex1:theorem:4 => complex1:fragment:28
complex1:theorem:69 => complex1:fragment:127
complex1:kconstructor:10[involutiveness] => complex1:fragment:59[in]
complex1:theorem:14 => complex1:fragment:56
complex1:kconstructor:11 => complex1:fragment:62[kc]
complex1:kconstructor:4[coherence] => complex1:fragment:13[ch]
complex1:theorem:52 => complex1:fragment:108
complex1:kpattern:15 => complex1:fragment:73[kp]
complex1:kpattern:11 => complex1:fragment:59[kp]
complex1:theorem:16 => complex1:fragment:58
complex1:lemma:18 => complex1:fragment:44
complex1:fcluster:2 => complex1:fragment:11
complex1:theorem:74 => complex1:fragment:132
complex1:theorem:60 => complex1:fragment:117
complex1:theorem:57 => complex1:fragment:114
complex1:theorem:38 => complex1:fragment:86
complex1:theorem:45 => complex1:fragment:97
complex1:theorem:7 => complex1:fragment:32
complex1:theorem:48 => complex1:fragment:101
complex1:deftheorem:7 => complex1:fragment:59[dt]
complex1:kconstructor:3[coherence] => complex1:fragment:12[ch]
complex1:theorem:41 => complex1:fragment:89
complex1:theorem:76 => complex1:fragment:134
complex1:theorem:50 => complex1:fragment:106
complex1:lemma:2 => complex1:fragment:15
complex1:deftheorem:1 => complex1:fragment:8[dt]
complex1:kdefiniens:8[compatibility] => complex1:fragment:64[cp]
complex1:kconstructor:12[involutiveness] => complex1:fragment:64[in]
complex1:theorem:28 => complex1:fragment:76
complex1:kpattern:3 => complex1:fragment:12[kp]
complex1:deftheorem:3 => complex1:fragment:21[dt]
complex1:theorem:70 => complex1:fragment:128
complex1:kconstructor:2 => complex1:fragment:9[kc]
complex1:theorem:78 => complex1:fragment:138
complex1:theorem:22 => complex1:fragment:67
complex1:kdefiniens:9 => complex1:fragment:69[kf]
complex1:kpattern:9 => complex1:fragment:48[kp]
complex1:theorem:10 => complex1:fragment:52
complex1:lemma:25 => complex1:fragment:110
complex1:theorem:29 => complex1:fragment:77
complex1:kconstructor:16 => complex1:fragment:91[kc]
complex1:deftheorem:5 => complex1:fragment:48[dt]
complex1:kconstructor:11[coherence] => complex1:fragment:62[ch]
complex1:kconstructor:9[commutativity] => complex1:fragment:50[cm]
complex1:lemma:4 => complex1:fragment:26
complex1:theorem:63 => complex1:fragment:120
complex1:theorem:54 => complex1:fragment:111
complex1:theorem:26 => complex1:fragment:72
complex1:kpattern:5 => complex1:fragment:22[kp]
complex1:kdefiniens:6[compatibility] => complex1:fragment:59[cp]
complex1:kdefiniens:2 => complex1:fragment:9[kf]
complex1:deftheorem:10 => complex1:fragment:69[dt]
complex1:kconstructor:12 => complex1:fragment:64[kc]
complex1:lemma:14 => complex1:fragment:40
complex1:kdefiniens:7 => complex1:fragment:62[kf]
complex1:kconstructor:14[involutiveness] => complex1:fragment:73[in]
complex1:lemma:20 => complex1:fragment:46
complex1:lemma:23 => complex1:fragment:104
complex1:kdefiniens:5[compatibility] => complex1:fragment:50[cp]
complex1:kconstructor:8 => complex1:fragment:48[kc]
complex1:kconstructor:2[existence] => complex1:fragment:9[ex]
complex1:lemma:9 => complex1:fragment:35
complex1:kconstructor:6[coherence] => complex1:fragment:24[ch]
complex1:kconstructor:12[coherence] => complex1:fragment:64[ch]
complex1:kpattern:14 => complex1:fragment:69[kp]
complex1:theorem:12 => complex1:fragment:54
complex1:theorem:8 => complex1:fragment:49
complex1:kconstructor:4 => complex1:fragment:13[kc]
complex1:lemma:7 => complex1:fragment:33
complex1:kdefiniens:6 => complex1:fragment:59[kf]
complex1:kconstructor:18 => complex1:fragment:136[kc]
complex1:kconstructor:10[coherence] => complex1:fragment:59[ch]
complex1:kdefiniens:11 => complex1:fragment:91[kf]
complex1:theorem:13 => complex1:fragment:55
complex1:kconstructor:8[coherence] => complex1:fragment:48[ch]
complex1:kconstructor:14 => complex1:fragment:73[kc]
complex1:fcluster:5 => complex1:fragment:98
complex1:theorem:71 => complex1:fragment:129
complex1:kconstructor:15[coherence] => complex1:fragment:74[ch]
complex1:lemma:22 => complex1:fragment:103
complex1:theorem:79 => complex1:fragment:139
complex1:kconstructor:6 => complex1:fragment:24[kc]
complex1:theorem:27 => complex1:fragment:75
complex1:deftheorem:9 => complex1:fragment:64[dt]
complex1:theorem:24 => complex1:fragment:70
complex1:deftheorem:2 => complex1:fragment:9[dt]
complex1:theorem:46 => complex1:fragment:99
complex1:theorem:55 => complex1:fragment:112
complex1:lemma:26 => complex1:fragment:121
complex1:theorem:39 => complex1:fragment:87
complex1:theorem:67 => complex1:fragment:125
complex1:theorem:36 => complex1:fragment:84
complex1:theorem:34 => complex1:fragment:82
complex1:theorem:2 => complex1:fragment:14
complex1:theorem:58 => complex1:fragment:115
complex1:kpattern:6 => complex1:fragment:23[kp]
complex1:kpattern:16 => complex1:fragment:74[kp]
complex1:kconstructor:17[coherence] => complex1:fragment:92[ch]
complex1:theorem:32 => complex1:fragment:80
complex1:lemma:12 => complex1:fragment:38
complex1:kdefiniens:1 => complex1:fragment:8[kf]
complex1:kconstructor:1[existence] => complex1:fragment:8[ex]
complex1:theorem:59 => complex1:fragment:116
complex1:kdefiniens:4 => complex1:fragment:48[kf]
complex1:kconstructor:17[projectivity] => complex1:fragment:92[pr]
complex1:theorem:61 => complex1:fragment:118
complex1:theorem:5 => complex1:fragment:29
complex1:theorem:30 => complex1:fragment:78
complex1:theorem:21 => complex1:fragment:66
complex1:theorem:31 => complex1:fragment:79
complex1:kdefiniens:5 => complex1:fragment:50[kf]
complex1:lemma:19 => complex1:fragment:45
complex1:theorem:77 => complex1:fragment:137
complex1:theorem:40 => complex1:fragment:88
complex1:theorem:6 => complex1:fragment:30
complex1:kconstructor:5[coherence] => complex1:fragment:23[ch]
complex1:rdefiniens:1[compatibility] => complex1:fragment:21[cp]
complex1:lemma:24 => complex1:fragment:105
complex1:kconstructor:3 => complex1:fragment:12[kc]
complex1:kconstructor:13[coherence] => complex1:fragment:69[ch]
complex1:kdefiniens:4[compatibility] => complex1:fragment:48[cp]
complex1:lemma:10 => complex1:fragment:36
complex1:theorem:73 => complex1:fragment:131
complex1:theorem:25 => complex1:fragment:71
complex1:kconstructor:8[commutativity] => complex1:fragment:48[cm]
complex1:deftheorem:8 => complex1:fragment:62[dt]
complex1:theorem:68 => complex1:fragment:126
complex1:kconstructor:13 => complex1:fragment:69[kc]
complex1:theorem:56 => complex1:fragment:113
complex1:kconstructor:17 => complex1:fragment:92[kc]
complex1:kpattern:18 => complex1:fragment:92[kp]
complex1:theorem:44 => complex1:fragment:95
complex1:theorem:51 => complex1:fragment:107
complex1:kconstructor:15[involutiveness] => complex1:fragment:74[in]
complex1:theorem:64 => complex1:fragment:122
complex1:theorem:15 => complex1:fragment:57
complex1:theorem:53 => complex1:fragment:109
complex1:fcluster:3 => complex1:fragment:94
complex1:theorem:37 => complex1:fragment:85
complex1:lemma:17 => complex1:fragment:43
complex1:kconstructor:15 => complex1:fragment:74[kc]
complex1:kpattern:12 => complex1:fragment:62[kp]
complex1:kpattern:20 => complex1:fragment:136[kp]
complex1:kconstructor:18[projectivity] => complex1:fragment:136[pr]
complex1:lemma:3 => complex1:fragment:19
complex1:lemma:11 => complex1:fragment:37
complex1:deftheorem:6 => complex1:fragment:50[dt]
complex1:kdefiniens:9[compatibility] => complex1:fragment:69[cp]
complex1:theorem:18 => complex1:fragment:61
complex1:theorem:11 => complex1:fragment:53
complex1:theorem:75 => complex1:fragment:133
complex1:kconstructor:1[uniqueness] => complex1:fragment:8[un]
complex1:lemma:8 => complex1:fragment:34
complex1:theorem:66 => complex1:fragment:124
complex1:theorem:47 => complex1:fragment:100
complex1:kconstructor:5 => complex1:fragment:23[kc]
complex1:kdefiniens:10 => complex1:fragment:73[kf]
complex1:theorem:20 => complex1:fragment:65
complex1:theorem:62 => complex1:fragment:119
complex1:kconstructor:7[coherence] => complex1:fragment:25[ch]
complex1:kconstructor:10 => complex1:fragment:59[kc]
complex1:lemma:13 => complex1:fragment:39
complex1:theorem:9 => complex1:fragment:51
complex1:kconstructor:2[uniqueness] => complex1:fragment:9[un]
complex1:kconstructor:18[coherence] => complex1:fragment:136[ch]
complex1:kdefiniens:8 => complex1:fragment:64[kf]
complex1:lemma:15 => complex1:fragment:41
complex1:kpattern:13 => complex1:fragment:64[kp]
complex1:kconstructor:16[projectivity] => complex1:fragment:91[pr]
complex1:theorem:42 => complex1:fragment:90
complex1:lemma:1 => complex1:fragment:7
complex1:kconstructor:9 => complex1:fragment:50[kc]
complex1:kdefiniens:7[compatibility] => complex1:fragment:62[cp]
complex1:fcluster:1 => complex1:fragment:10
complex1:deftheorem:4 => complex1:fragment:24[dt]
complex1:kpattern:8 => complex1:fragment:25[kp]
