comseq_2:deftheorem:3 => comseq_2:fragment:29[dt]
comseq_2:ccluster:2 => comseq_2:fragment:67
comseq_2:theorem:41 => comseq_2:fragment:81
comseq_2:theorem:29 => comseq_2:fragment:69
comseq_2:theorem:15 => comseq_2:fragment:49
comseq_2:kconstructor:1[involutiveness] => comseq_2:fragment:19[in]
comseq_2:theorem:12 => comseq_2:fragment:44
comseq_2:theorem:38 => comseq_2:fragment:78
comseq_2:theorem:28 => comseq_2:fragment:65
comseq_2:kdefiniens:1 => comseq_2:fragment:19[kf]
comseq_2:vpattern:1 => comseq_2:fragment:29[vp]
comseq_2:theorem:4 => comseq_2:fragment:24
comseq_2:lemma:2 => comseq_2:fragment:40
comseq_2:vdefiniens:2 => comseq_2:fragment:30[vf]
comseq_2:vdefiniens:1 => comseq_2:fragment:29[vf]
comseq_2:kdefiniens:2 => comseq_2:fragment:20[kf]
comseq_2:kconstructor:3[uniqueness] => comseq_2:fragment:37[un]
comseq_2:vconstructor:1 => comseq_2:fragment:29[vc]
comseq_2:vpattern:3 => comseq_2:fragment:36[vp]
comseq_2:fcluster:6 => comseq_2:fragment:56
comseq_2:theorem:23 => comseq_2:fragment:59
comseq_2:fcluster:1 => comseq_2:fragment:21
comseq_2:theorem:30 => comseq_2:fragment:70
comseq_2:theorem:39 => comseq_2:fragment:79
comseq_2:theorem:35 => comseq_2:fragment:75
comseq_2:theorem:17 => comseq_2:fragment:52
comseq_2:kconstructor:3[existence] => comseq_2:fragment:37[ex]
comseq_2:theorem:37 => comseq_2:fragment:77
comseq_2:theorem:7 => comseq_2:fragment:27
comseq_2:fcluster:8 => comseq_2:fragment:68
comseq_2:theorem:44 => comseq_2:fragment:84
comseq_2:vpattern:2 => comseq_2:fragment:30[vp]
comseq_2:theorem:16 => comseq_2:fragment:50
comseq_2:theorem:43 => comseq_2:fragment:83
comseq_2:rcluster:1 => comseq_2:fragment:33
comseq_2:deftheorem:6 => comseq_2:fragment:37[dt]
comseq_2:theorem:14 => comseq_2:fragment:48
comseq_2:theorem:27 => comseq_2:fragment:64
comseq_2:deftheorem:2 => comseq_2:fragment:20[dt]
comseq_2:rcluster:2 => comseq_2:fragment:41
comseq_2:kpattern:3 => comseq_2:fragment:37[kp]
comseq_2:vdefiniens:2[compatibility] => comseq_2:fragment:30[cp]
comseq_2:theorem:13 => comseq_2:fragment:47
comseq_2:theorem:24 => comseq_2:fragment:60
comseq_2:lemma:1 => comseq_2:fragment:31
comseq_2:theorem:26 => comseq_2:fragment:63
comseq_2:kpattern:2 => comseq_2:fragment:20[kp]
comseq_2:theorem:6 => comseq_2:fragment:26
comseq_2:fcluster:7 => comseq_2:fragment:61
comseq_2:theorem:10 => comseq_2:fragment:39
comseq_2:theorem:8 => comseq_2:fragment:34
comseq_2:kconstructor:3 => comseq_2:fragment:37[kc]
comseq_2:fcluster:2 => comseq_2:fragment:22
comseq_2:theorem:1 => comseq_2:fragment:16
comseq_2:kconstructor:1 => comseq_2:fragment:19[kc]
comseq_2:theorem:36 => comseq_2:fragment:76
comseq_2:vconstructor:2 => comseq_2:fragment:36[vc]
comseq_2:kpattern:1 => comseq_2:fragment:19[kp]
comseq_2:theorem:19 => comseq_2:fragment:54
comseq_2:fcluster:3 => comseq_2:fragment:42
comseq_2:theorem:22 => comseq_2:fragment:58
comseq_2:theorem:9 => comseq_2:fragment:38
comseq_2:theorem:5 => comseq_2:fragment:25
comseq_2:ccluster:1 => comseq_2:fragment:66
comseq_2:kconstructor:2 => comseq_2:fragment:20[kc]
comseq_2:theorem:20 => comseq_2:fragment:55
comseq_2:kdefiniens:3 => comseq_2:fragment:37[kf]
comseq_2:theorem:45 => comseq_2:fragment:85
comseq_2:theorem:25 => comseq_2:fragment:62
comseq_2:deftheorem:1 => comseq_2:fragment:19[dt]
comseq_2:kconstructor:2[involutiveness] => comseq_2:fragment:20[in]
comseq_2:theorem:11 => comseq_2:fragment:43
comseq_2:kconstructor:2[coherence] => comseq_2:fragment:20[ch]
comseq_2:deftheorem:5 => comseq_2:fragment:36[dt]
comseq_2:theorem:42 => comseq_2:fragment:82
comseq_2:vdefiniens:3 => comseq_2:fragment:36[vf]
comseq_2:deftheorem:4 => comseq_2:fragment:30[dt]
comseq_2:theorem:18 => comseq_2:fragment:53
comseq_2:fcluster:5 => comseq_2:fragment:51
comseq_2:kconstructor:1[existence] => comseq_2:fragment:19[ex]
comseq_2:theorem:33 => comseq_2:fragment:73
comseq_2:theorem:32 => comseq_2:fragment:72
comseq_2:theorem:2 => comseq_2:fragment:17
comseq_2:theorem:3 => comseq_2:fragment:23
comseq_2:theorem:40 => comseq_2:fragment:80
comseq_2:fcluster:4 => comseq_2:fragment:46
comseq_2:kdefiniens:2[compatibility] => comseq_2:fragment:20[cp]
comseq_2:theorem:21 => comseq_2:fragment:57
comseq_2:kconstructor:1[uniqueness] => comseq_2:fragment:19[un]
comseq_2:theorem:34 => comseq_2:fragment:74
comseq_2:theorem:31 => comseq_2:fragment:71
