comseq_1:theorem:26 => comseq_1:fragment:45
comseq_1:theorem:6 => comseq_1:fragment:25
comseq_1:theorem:37 => comseq_1:fragment:56
comseq_1:scheme:1 => comseq_1:fragment:19
comseq_1:theorem:16 => comseq_1:fragment:35
comseq_1:theorem:9 => comseq_1:fragment:28
comseq_1:theorem:41 => comseq_1:fragment:60
comseq_1:theorem:32 => comseq_1:fragment:51
comseq_1:theorem:40 => comseq_1:fragment:59
comseq_1:theorem:10 => comseq_1:fragment:29
comseq_1:theorem:1 => comseq_1:fragment:17
comseq_1:theorem:19 => comseq_1:fragment:38
comseq_1:theorem:18 => comseq_1:fragment:37
comseq_1:theorem:44 => comseq_1:fragment:63
comseq_1:theorem:23 => comseq_1:fragment:42
comseq_1:theorem:36 => comseq_1:fragment:55
comseq_1:theorem:50 => comseq_1:fragment:69
comseq_1:theorem:45 => comseq_1:fragment:64
comseq_1:theorem:46 => comseq_1:fragment:65
comseq_1:theorem:8 => comseq_1:fragment:27
comseq_1:theorem:39 => comseq_1:fragment:58
comseq_1:theorem:47 => comseq_1:fragment:66
comseq_1:theorem:42 => comseq_1:fragment:61
comseq_1:theorem:11 => comseq_1:fragment:30
comseq_1:theorem:14 => comseq_1:fragment:33
comseq_1:mpattern:1 => comseq_1:fragment:10[mp]
comseq_1:theorem:35 => comseq_1:fragment:54
comseq_1:theorem:22 => comseq_1:fragment:41
comseq_1:theorem:24 => comseq_1:fragment:43
comseq_1:theorem:48 => comseq_1:fragment:67
comseq_1:theorem:5 => comseq_1:fragment:24
comseq_1:theorem:25 => comseq_1:fragment:44
comseq_1:theorem:34 => comseq_1:fragment:53
comseq_1:theorem:21 => comseq_1:fragment:40
comseq_1:theorem:20 => comseq_1:fragment:39
comseq_1:theorem:43 => comseq_1:fragment:62
comseq_1:theorem:30 => comseq_1:fragment:49
comseq_1:theorem:3 => comseq_1:fragment:22
comseq_1:theorem:49 => comseq_1:fragment:68
comseq_1:theorem:7 => comseq_1:fragment:26
comseq_1:vpattern:1 => comseq_1:fragment:20[vp]
comseq_1:theorem:17 => comseq_1:fragment:36
comseq_1:theorem:27 => comseq_1:fragment:46
comseq_1:theorem:2 => comseq_1:fragment:18
comseq_1:theorem:38 => comseq_1:fragment:57
comseq_1:theorem:4 => comseq_1:fragment:23
comseq_1:theorem:31 => comseq_1:fragment:50
comseq_1:theorem:12 => comseq_1:fragment:31
comseq_1:theorem:29 => comseq_1:fragment:48
comseq_1:rcluster:1 => comseq_1:fragment:21
comseq_1:theorem:33 => comseq_1:fragment:52
comseq_1:theorem:13 => comseq_1:fragment:32
comseq_1:theorem:15 => comseq_1:fragment:34
comseq_1:theorem:28 => comseq_1:fragment:47
