domain_1:theorem:26 => domain_1:fragment:62
domain_1:theorem:10 => domain_1:fragment:34
domain_1:theorem:34 => domain_1:fragment:70
domain_1:kconstructor:9[coherence] => domain_1:fragment:74[ch]
domain_1:theorem:23 => domain_1:fragment:59
domain_1:theorem:16 => domain_1:fragment:42
domain_1:theorem:20 => domain_1:fragment:56
domain_1:kconstructor:12 => domain_1:fragment:77[kc]
domain_1:kconstructor:15 => domain_1:fragment:83[kc]
domain_1:kconstructor:4 => domain_1:fragment:29[kc]
domain_1:theorem:17 => domain_1:fragment:43
domain_1:kpattern:3 => domain_1:fragment:23[kp]
domain_1:theorem:25 => domain_1:fragment:61
domain_1:theorem:14 => domain_1:fragment:40
domain_1:theorem:8 => domain_1:fragment:32
domain_1:kpattern:8 => domain_1:fragment:73[kp]
domain_1:scheme:3 => domain_1:fragment:49
domain_1:scheme:5 => domain_1:fragment:51
domain_1:theorem:29 => domain_1:fragment:65
domain_1:theorem:30 => domain_1:fragment:66
domain_1:scheme:2 => domain_1:fragment:48
domain_1:kconstructor:14 => domain_1:fragment:82[kc]
domain_1:kpattern:9 => domain_1:fragment:74[kp]
domain_1:kconstructor:5 => domain_1:fragment:38[kc]
domain_1:theorem:1 => domain_1:fragment:19
domain_1:scheme:8 => domain_1:fragment:80
domain_1:kpattern:4 => domain_1:fragment:29[kp]
domain_1:kconstructor:17 => domain_1:fragment:85[kc]
domain_1:theorem:33 => domain_1:fragment:69
domain_1:kconstructor:13[coherence] => domain_1:fragment:78[ch]
domain_1:kconstructor:16 => domain_1:fragment:84[kc]
domain_1:kconstructor:5[coherence] => domain_1:fragment:38[ch]
domain_1:scheme:1 => domain_1:fragment:47
domain_1:theorem:19 => domain_1:fragment:55
domain_1:kconstructor:11 => domain_1:fragment:76[kc]
domain_1:rcluster:1 => domain_1:fragment:87
domain_1:theorem:18 => domain_1:fragment:54
domain_1:scheme:10 => domain_1:fragment:86
domain_1:kpattern:17 => domain_1:fragment:85[kp]
domain_1:kpattern:5 => domain_1:fragment:38[kp]
domain_1:theorem:9 => domain_1:fragment:33
domain_1:kconstructor:6[coherence] => domain_1:fragment:71[ch]
domain_1:kconstructor:13 => domain_1:fragment:78[kc]
domain_1:scheme:7 => domain_1:fragment:53
domain_1:theorem:31 => domain_1:fragment:67
domain_1:kconstructor:7[coherence] => domain_1:fragment:72[ch]
domain_1:kconstructor:9 => domain_1:fragment:74[kc]
domain_1:kpattern:13 => domain_1:fragment:78[kp]
domain_1:theorem:11 => domain_1:fragment:35
domain_1:kpattern:14 => domain_1:fragment:82[kp]
domain_1:theorem:4 => domain_1:fragment:25
domain_1:kpattern:7 => domain_1:fragment:72[kp]
domain_1:kpattern:6 => domain_1:fragment:71[kp]
domain_1:theorem:2 => domain_1:fragment:20
domain_1:kconstructor:12[coherence] => domain_1:fragment:77[ch]
domain_1:kpattern:10 => domain_1:fragment:75[kp]
domain_1:kconstructor:16[coherence] => domain_1:fragment:84[ch]
domain_1:kconstructor:15[coherence] => domain_1:fragment:83[ch]
domain_1:theorem:22 => domain_1:fragment:58
domain_1:kconstructor:1[coherence] => domain_1:fragment:21[ch]
domain_1:kconstructor:3[coherence] => domain_1:fragment:23[ch]
domain_1:theorem:5 => domain_1:fragment:26
domain_1:kconstructor:1 => domain_1:fragment:21[kc]
domain_1:kconstructor:17[coherence] => domain_1:fragment:85[ch]
domain_1:kconstructor:10 => domain_1:fragment:75[kc]
domain_1:theorem:32 => domain_1:fragment:68
domain_1:kpattern:16 => domain_1:fragment:84[kp]
domain_1:kpattern:1 => domain_1:fragment:21[kp]
domain_1:kconstructor:2[coherence] => domain_1:fragment:22[ch]
domain_1:kpattern:15 => domain_1:fragment:83[kp]
domain_1:kconstructor:7 => domain_1:fragment:72[kc]
domain_1:theorem:27 => domain_1:fragment:63
domain_1:kconstructor:14[coherence] => domain_1:fragment:82[ch]
domain_1:theorem:15 => domain_1:fragment:41
domain_1:kconstructor:8[coherence] => domain_1:fragment:73[ch]
domain_1:kconstructor:2 => domain_1:fragment:22[kc]
domain_1:theorem:13 => domain_1:fragment:39
domain_1:kconstructor:11[coherence] => domain_1:fragment:76[ch]
domain_1:kconstructor:4[coherence] => domain_1:fragment:29[ch]
domain_1:theorem:3 => domain_1:fragment:24
domain_1:theorem:24 => domain_1:fragment:60
domain_1:theorem:12 => domain_1:fragment:36
domain_1:kconstructor:3 => domain_1:fragment:23[kc]
domain_1:kconstructor:7[commutativity] => domain_1:fragment:72[cm]
domain_1:theorem:7 => domain_1:fragment:31
domain_1:kconstructor:6 => domain_1:fragment:71[kc]
domain_1:scheme:4 => domain_1:fragment:50
domain_1:kpattern:11 => domain_1:fragment:76[kp]
domain_1:kconstructor:10[coherence] => domain_1:fragment:75[ch]
domain_1:scheme:6 => domain_1:fragment:52
domain_1:theorem:6 => domain_1:fragment:30
domain_1:kpattern:12 => domain_1:fragment:77[kp]
domain_1:kconstructor:8 => domain_1:fragment:73[kc]
domain_1:theorem:28 => domain_1:fragment:64
domain_1:theorem:21 => domain_1:fragment:57
domain_1:scheme:9 => domain_1:fragment:81
domain_1:kpattern:2 => domain_1:fragment:22[kp]
