enumset1:theorem:32 => enumset1:fragment:61
enumset1:theorem:8 => enumset1:fragment:34
enumset1:kpattern:1 => enumset1:fragment:17[kp]
enumset1:kconstructor:4[existence] => enumset1:fragment:20[ex]
enumset1:kconstructor:8 => enumset1:fragment:24[kc]
enumset1:kdefiniens:5 => enumset1:fragment:21[kf]
enumset1:theorem:81 => enumset1:fragment:113
enumset1:theorem:15 => enumset1:fragment:42
enumset1:theorem:24 => enumset1:fragment:53
enumset1:lemma:2 => enumset1:fragment:28
enumset1:theorem:6 => enumset1:fragment:31
enumset1:theorem:49 => enumset1:fragment:78
enumset1:deftheorem:8 => enumset1:fragment:24[dt]
enumset1:kconstructor:1[uniqueness] => enumset1:fragment:17[un]
enumset1:kconstructor:2 => enumset1:fragment:18[kc]
enumset1:lemma:7 => enumset1:fragment:95
enumset1:theorem:43 => enumset1:fragment:72
enumset1:deftheorem:6 => enumset1:fragment:22[dt]
enumset1:theorem:63 => enumset1:fragment:92
enumset1:theorem:13 => enumset1:fragment:40
enumset1:kconstructor:3[existence] => enumset1:fragment:19[ex]
enumset1:theorem:69 => enumset1:fragment:99
enumset1:theorem:64 => enumset1:fragment:93
enumset1:kpattern:2 => enumset1:fragment:18[kp]
enumset1:theorem:47 => enumset1:fragment:76
enumset1:theorem:3 => enumset1:fragment:27
enumset1:lemma:8 => enumset1:fragment:101
enumset1:theorem:61 => enumset1:fragment:90
enumset1:theorem:19 => enumset1:fragment:47
enumset1:theorem:71 => enumset1:fragment:102
enumset1:lemma:4 => enumset1:fragment:37
enumset1:theorem:82 => enumset1:fragment:114
enumset1:theorem:39 => enumset1:fragment:68
enumset1:theorem:83 => enumset1:fragment:115
enumset1:theorem:58 => enumset1:fragment:87
enumset1:theorem:70 => enumset1:fragment:100
enumset1:theorem:54 => enumset1:fragment:83
enumset1:kconstructor:8[existence] => enumset1:fragment:24[ex]
enumset1:kconstructor:8[uniqueness] => enumset1:fragment:24[un]
enumset1:theorem:87 => enumset1:fragment:120
enumset1:kconstructor:4[uniqueness] => enumset1:fragment:20[un]
enumset1:kconstructor:7[uniqueness] => enumset1:fragment:23[un]
enumset1:kconstructor:6 => enumset1:fragment:22[kc]
enumset1:theorem:78 => enumset1:fragment:110
enumset1:kpattern:3 => enumset1:fragment:19[kp]
enumset1:theorem:44 => enumset1:fragment:73
enumset1:theorem:56 => enumset1:fragment:85
enumset1:theorem:23 => enumset1:fragment:52
enumset1:theorem:40 => enumset1:fragment:69
enumset1:theorem:26 => enumset1:fragment:55
enumset1:theorem:4 => enumset1:fragment:29
enumset1:deftheorem:5 => enumset1:fragment:21[dt]
enumset1:theorem:65 => enumset1:fragment:94
enumset1:theorem:20 => enumset1:fragment:48
enumset1:theorem:84 => enumset1:fragment:116
enumset1:deftheorem:2 => enumset1:fragment:18[dt]
enumset1:theorem:79 => enumset1:fragment:111
enumset1:theorem:73 => enumset1:fragment:104
enumset1:theorem:52 => enumset1:fragment:81
enumset1:kpattern:6 => enumset1:fragment:22[kp]
enumset1:theorem:76 => enumset1:fragment:107
enumset1:theorem:35 => enumset1:fragment:64
enumset1:theorem:53 => enumset1:fragment:82
enumset1:theorem:2 => enumset1:fragment:26
enumset1:theorem:10 => enumset1:fragment:36
enumset1:kdefiniens:3 => enumset1:fragment:19[kf]
enumset1:theorem:74 => enumset1:fragment:105
enumset1:theorem:67 => enumset1:fragment:97
enumset1:theorem:37 => enumset1:fragment:66
enumset1:theorem:50 => enumset1:fragment:79
enumset1:kpattern:5 => enumset1:fragment:21[kp]
enumset1:kdefiniens:7 => enumset1:fragment:23[kf]
enumset1:theorem:33 => enumset1:fragment:62
enumset1:kdefiniens:6 => enumset1:fragment:22[kf]
enumset1:theorem:34 => enumset1:fragment:63
enumset1:theorem:48 => enumset1:fragment:77
enumset1:kconstructor:6[existence] => enumset1:fragment:22[ex]
enumset1:theorem:80 => enumset1:fragment:112
enumset1:theorem:5 => enumset1:fragment:30
enumset1:theorem:9 => enumset1:fragment:35
enumset1:kdefiniens:8 => enumset1:fragment:24[kf]
enumset1:theorem:25 => enumset1:fragment:54
enumset1:theorem:29 => enumset1:fragment:58
enumset1:theorem:68 => enumset1:fragment:98
enumset1:kpattern:7 => enumset1:fragment:23[kp]
enumset1:kconstructor:3[uniqueness] => enumset1:fragment:19[un]
enumset1:theorem:7 => enumset1:fragment:33
enumset1:theorem:31 => enumset1:fragment:60
enumset1:lemma:6 => enumset1:fragment:50
enumset1:kconstructor:1 => enumset1:fragment:17[kc]
enumset1:theorem:18 => enumset1:fragment:46
enumset1:kconstructor:7[existence] => enumset1:fragment:23[ex]
enumset1:theorem:21 => enumset1:fragment:49
enumset1:theorem:42 => enumset1:fragment:71
enumset1:lemma:5 => enumset1:fragment:43
enumset1:kconstructor:6[uniqueness] => enumset1:fragment:22[un]
enumset1:theorem:55 => enumset1:fragment:84
enumset1:kconstructor:2[existence] => enumset1:fragment:18[ex]
enumset1:theorem:62 => enumset1:fragment:91
enumset1:theorem:16 => enumset1:fragment:44
enumset1:theorem:46 => enumset1:fragment:75
enumset1:lemma:9 => enumset1:fragment:108
enumset1:kconstructor:4 => enumset1:fragment:20[kc]
enumset1:theorem:60 => enumset1:fragment:89
enumset1:theorem:17 => enumset1:fragment:45
enumset1:theorem:59 => enumset1:fragment:88
enumset1:kconstructor:1[existence] => enumset1:fragment:17[ex]
enumset1:theorem:36 => enumset1:fragment:65
enumset1:theorem:12 => enumset1:fragment:39
enumset1:kdefiniens:2 => enumset1:fragment:18[kf]
enumset1:theorem:22 => enumset1:fragment:51
enumset1:kconstructor:2[uniqueness] => enumset1:fragment:18[un]
enumset1:kpattern:4 => enumset1:fragment:20[kp]
enumset1:theorem:27 => enumset1:fragment:56
enumset1:deftheorem:3 => enumset1:fragment:19[dt]
enumset1:theorem:85 => enumset1:fragment:117
enumset1:theorem:51 => enumset1:fragment:80
enumset1:lemma:1 => enumset1:fragment:16
enumset1:theorem:57 => enumset1:fragment:86
enumset1:kconstructor:3 => enumset1:fragment:19[kc]
enumset1:theorem:72 => enumset1:fragment:103
enumset1:theorem:41 => enumset1:fragment:70
enumset1:kconstructor:5 => enumset1:fragment:21[kc]
enumset1:theorem:11 => enumset1:fragment:38
enumset1:theorem:38 => enumset1:fragment:67
enumset1:theorem:28 => enumset1:fragment:57
enumset1:theorem:75 => enumset1:fragment:106
enumset1:theorem:86 => enumset1:fragment:119
enumset1:kpattern:8 => enumset1:fragment:24[kp]
enumset1:kdefiniens:4 => enumset1:fragment:20[kf]
enumset1:theorem:77 => enumset1:fragment:109
enumset1:lemma:3 => enumset1:fragment:32
enumset1:theorem:66 => enumset1:fragment:96
enumset1:theorem:1 => enumset1:fragment:25
enumset1:kdefiniens:1 => enumset1:fragment:17[kf]
enumset1:deftheorem:7 => enumset1:fragment:23[dt]
enumset1:kconstructor:7 => enumset1:fragment:23[kc]
enumset1:kconstructor:5[uniqueness] => enumset1:fragment:21[un]
enumset1:theorem:45 => enumset1:fragment:74
enumset1:kconstructor:5[existence] => enumset1:fragment:21[ex]
enumset1:theorem:30 => enumset1:fragment:59
enumset1:deftheorem:4 => enumset1:fragment:20[dt]
enumset1:deftheorem:1 => enumset1:fragment:17[dt]
enumset1:theorem:14 => enumset1:fragment:41
