eqrel_1:theorem:4 => eqrel_1:fragment:27
eqrel_1:kconstructor:2[idempotence] => eqrel_1:fragment:20[id]
eqrel_1:theorem:53 => eqrel_1:fragment:118
eqrel_1:kconstructor:5 => eqrel_1:fragment:43[kc]
eqrel_1:mpattern:1 => eqrel_1:fragment:24[mp]
eqrel_1:theorem:34 => eqrel_1:fragment:71
eqrel_1:mpattern:2 => eqrel_1:fragment:25[mp]
eqrel_1:kdefiniens:1 => eqrel_1:fragment:18[kf]
eqrel_1:kconstructor:3 => eqrel_1:fragment:21[kc]
eqrel_1:theorem:3 => eqrel_1:fragment:26
eqrel_1:vdefiniens:1 => eqrel_1:fragment:90[vf]
eqrel_1:deftheorem:8 => eqrel_1:fragment:100[dt]
eqrel_1:theorem:43 => eqrel_1:fragment:101
eqrel_1:theorem:46 => eqrel_1:fragment:111
eqrel_1:kconstructor:2[commutativity] => eqrel_1:fragment:20[cm]
eqrel_1:kpattern:6 => eqrel_1:fragment:50[kp]
eqrel_1:rcluster:1 => eqrel_1:fragment:91
eqrel_1:deftheorem:9 => eqrel_1:fragment:134[dt]
eqrel_1:mpattern:5 => eqrel_1:fragment:92[mp]
eqrel_1:lemma:2 => eqrel_1:fragment:57
eqrel_1:theorem:20 => eqrel_1:fragment:54
eqrel_1:theorem:42 => eqrel_1:fragment:99
eqrel_1:deftheorem:6 => eqrel_1:fragment:86[dt]
eqrel_1:kpattern:7 => eqrel_1:fragment:51[kp]
eqrel_1:kconstructor:12[uniqueness] => eqrel_1:fragment:100[un]
eqrel_1:theorem:47 => eqrel_1:fragment:112
eqrel_1:kconstructor:2 => eqrel_1:fragment:20[kc]
eqrel_1:theorem:40 => eqrel_1:fragment:95
eqrel_1:kdefiniens:3 => eqrel_1:fragment:66[kf]
eqrel_1:kconstructor:13 => eqrel_1:fragment:134[kc]
eqrel_1:theorem:69 => eqrel_1:fragment:139
eqrel_1:kconstructor:5[existence] => eqrel_1:fragment:43[ex]
eqrel_1:theorem:18 => eqrel_1:fragment:52
eqrel_1:kconstructor:6[coherence] => eqrel_1:fragment:51[ch]
eqrel_1:theorem:7 => eqrel_1:fragment:36
eqrel_1:kconstructor:11[uniqueness] => eqrel_1:fragment:86[un]
eqrel_1:kconstructor:10 => eqrel_1:fragment:82[kc]
eqrel_1:theorem:11 => eqrel_1:fragment:41
eqrel_1:rcluster:4 => eqrel_1:fragment:133
eqrel_1:theorem:64 => eqrel_1:fragment:132
eqrel_1:kpattern:12 => eqrel_1:fragment:82[kp]
eqrel_1:theorem:38 => eqrel_1:fragment:87
eqrel_1:theorem:27 => eqrel_1:fragment:62
eqrel_1:kconstructor:13[existence] => eqrel_1:fragment:134[ex]
eqrel_1:theorem:25 => eqrel_1:fragment:60
eqrel_1:theorem:30 => eqrel_1:fragment:65
eqrel_1:scheme:1 => eqrel_1:fragment:49
eqrel_1:theorem:62 => eqrel_1:fragment:130
eqrel_1:lemma:3 => eqrel_1:fragment:98
eqrel_1:theorem:36 => eqrel_1:fragment:73
eqrel_1:kconstructor:4[commutativity] => eqrel_1:fragment:39[cm]
eqrel_1:mconstructor:1[sethood] => eqrel_1:fragment:68[se]
eqrel_1:theorem:16 => eqrel_1:fragment:47
eqrel_1:theorem:6 => eqrel_1:fragment:35
eqrel_1:kpattern:8 => eqrel_1:fragment:66[kp]
eqrel_1:deftheorem:3 => eqrel_1:fragment:66[dt]
eqrel_1:theorem:8 => eqrel_1:fragment:37
eqrel_1:theorem:23 => eqrel_1:fragment:58
eqrel_1:kpattern:4 => eqrel_1:fragment:39[kp]
eqrel_1:theorem:49 => eqrel_1:fragment:114
eqrel_1:theorem:61 => eqrel_1:fragment:129
eqrel_1:kconstructor:9[coherence] => eqrel_1:fragment:81[ch]
eqrel_1:kconstructor:7 => eqrel_1:fragment:66[kc]
eqrel_1:vconstructor:1 => eqrel_1:fragment:90[vc]
eqrel_1:kpattern:14 => eqrel_1:fragment:100[kp]
eqrel_1:theorem:56 => eqrel_1:fragment:124
eqrel_1:theorem:52 => eqrel_1:fragment:117
eqrel_1:kconstructor:7[uniqueness] => eqrel_1:fragment:66[un]
eqrel_1:deftheorem:5 => eqrel_1:fragment:82[dt]
eqrel_1:theorem:70 => eqrel_1:fragment:140
eqrel_1:theorem:13 => eqrel_1:fragment:44
eqrel_1:theorem:65 => eqrel_1:fragment:135
eqrel_1:kdefiniens:6 => eqrel_1:fragment:100[kf]
eqrel_1:kconstructor:2[coherence] => eqrel_1:fragment:20[ch]
eqrel_1:kconstructor:11 => eqrel_1:fragment:86[kc]
eqrel_1:theorem:58 => eqrel_1:fragment:126
eqrel_1:kpattern:2 => eqrel_1:fragment:20[kp]
eqrel_1:kconstructor:5[uniqueness] => eqrel_1:fragment:43[un]
eqrel_1:ccluster:2 => eqrel_1:fragment:76
eqrel_1:theorem:28 => eqrel_1:fragment:63
eqrel_1:theorem:1 => eqrel_1:fragment:22
eqrel_1:theorem:32 => eqrel_1:fragment:69
eqrel_1:kconstructor:12[existence] => eqrel_1:fragment:100[ex]
eqrel_1:theorem:15 => eqrel_1:fragment:46
eqrel_1:theorem:41 => eqrel_1:fragment:97
eqrel_1:fcluster:2 => eqrel_1:fragment:28
eqrel_1:theorem:67 => eqrel_1:fragment:137
eqrel_1:deftheorem:7 => eqrel_1:fragment:90[dt]
eqrel_1:kpattern:9 => eqrel_1:fragment:77[kp]
eqrel_1:kdefiniens:4 => eqrel_1:fragment:82[kf]
eqrel_1:mdefiniens:1 => eqrel_1:fragment:68[mf]
eqrel_1:fcluster:4 => eqrel_1:fragment:79
eqrel_1:lemma:1 => eqrel_1:fragment:33
eqrel_1:theorem:54 => eqrel_1:fragment:122
eqrel_1:theorem:68 => eqrel_1:fragment:138
eqrel_1:theorem:63 => eqrel_1:fragment:131
eqrel_1:kdefiniens:7 => eqrel_1:fragment:134[kf]
eqrel_1:theorem:50 => eqrel_1:fragment:115
eqrel_1:mpattern:4 => eqrel_1:fragment:89[mp]
eqrel_1:kconstructor:7[existence] => eqrel_1:fragment:66[ex]
eqrel_1:kconstructor:11[existence] => eqrel_1:fragment:86[ex]
eqrel_1:rcluster:2 => eqrel_1:fragment:94
eqrel_1:fcluster:1 => eqrel_1:fragment:19
eqrel_1:theorem:39 => eqrel_1:fragment:88
eqrel_1:kpattern:11 => eqrel_1:fragment:81[kp]
eqrel_1:theorem:19 => eqrel_1:fragment:53
eqrel_1:theorem:45 => eqrel_1:fragment:103
eqrel_1:kconstructor:4 => eqrel_1:fragment:39[kc]
eqrel_1:theorem:21 => eqrel_1:fragment:55
eqrel_1:theorem:24 => eqrel_1:fragment:59
eqrel_1:rcluster:3 => eqrel_1:fragment:96
eqrel_1:kconstructor:3[idempotence] => eqrel_1:fragment:21[id]
eqrel_1:theorem:2 => eqrel_1:fragment:23
eqrel_1:deftheorem:1 => eqrel_1:fragment:18[dt]
eqrel_1:theorem:17 => eqrel_1:fragment:48
eqrel_1:theorem:48 => eqrel_1:fragment:113
eqrel_1:theorem:22 => eqrel_1:fragment:56
eqrel_1:theorem:10 => eqrel_1:fragment:40
eqrel_1:mpattern:3 => eqrel_1:fragment:68[mp]
eqrel_1:theorem:35 => eqrel_1:fragment:72
eqrel_1:kdefiniens:2 => eqrel_1:fragment:43[kf]
eqrel_1:vpattern:1 => eqrel_1:fragment:90[vp]
eqrel_1:kconstructor:6 => eqrel_1:fragment:51[kc]
eqrel_1:theorem:59 => eqrel_1:fragment:127
eqrel_1:deftheorem:2 => eqrel_1:fragment:43[dt]
eqrel_1:theorem:51 => eqrel_1:fragment:116
eqrel_1:kconstructor:4[idempotence] => eqrel_1:fragment:39[id]
eqrel_1:fcluster:3 => eqrel_1:fragment:78
eqrel_1:kconstructor:1 => eqrel_1:fragment:18[kc]
eqrel_1:deftheorem:4 => eqrel_1:fragment:68[dt]
eqrel_1:kpattern:13 => eqrel_1:fragment:86[kp]
eqrel_1:kpattern:10 => eqrel_1:fragment:80[kp]
eqrel_1:theorem:31 => eqrel_1:fragment:67
eqrel_1:kpattern:1 => eqrel_1:fragment:18[kp]
eqrel_1:kconstructor:9 => eqrel_1:fragment:81[kc]
eqrel_1:theorem:29 => eqrel_1:fragment:64
eqrel_1:theorem:9 => eqrel_1:fragment:38
eqrel_1:kconstructor:8[coherence] => eqrel_1:fragment:77[ch]
eqrel_1:mconstructor:1[existence] => eqrel_1:fragment:68[ex]
eqrel_1:kconstructor:10[coherence] => eqrel_1:fragment:82[ch]
eqrel_1:kconstructor:8 => eqrel_1:fragment:77[kc]
eqrel_1:theorem:12 => eqrel_1:fragment:42
eqrel_1:theorem:37 => eqrel_1:fragment:83
eqrel_1:theorem:5 => eqrel_1:fragment:34
eqrel_1:theorem:14 => eqrel_1:fragment:45
eqrel_1:kconstructor:5[commutativity] => eqrel_1:fragment:43[cm]
eqrel_1:theorem:33 => eqrel_1:fragment:70
eqrel_1:kconstructor:4[coherence] => eqrel_1:fragment:39[ch]
eqrel_1:kpattern:5 => eqrel_1:fragment:43[kp]
eqrel_1:kconstructor:1[coherence] => eqrel_1:fragment:18[ch]
eqrel_1:kpattern:15 => eqrel_1:fragment:134[kp]
eqrel_1:theorem:26 => eqrel_1:fragment:61
eqrel_1:theorem:55 => eqrel_1:fragment:123
eqrel_1:kpattern:3 => eqrel_1:fragment:21[kp]
eqrel_1:kdefiniens:5 => eqrel_1:fragment:86[kf]
eqrel_1:mconstructor:1 => eqrel_1:fragment:68[mc]
eqrel_1:theorem:57 => eqrel_1:fragment:125
eqrel_1:kconstructor:12 => eqrel_1:fragment:100[kc]
eqrel_1:ccluster:1 => eqrel_1:fragment:75
eqrel_1:kconstructor:3[coherence] => eqrel_1:fragment:21[ch]
eqrel_1:kconstructor:3[commutativity] => eqrel_1:fragment:21[cm]
eqrel_1:theorem:44 => eqrel_1:fragment:102
eqrel_1:theorem:66 => eqrel_1:fragment:136
eqrel_1:kconstructor:5[idempotence] => eqrel_1:fragment:43[id]
eqrel_1:theorem:60 => eqrel_1:fragment:128
