finseq_1:ccluster:11 => finseq_1:fragment:227
finseq_1:deftheorem:1 => finseq_1:fragment:20[dt]
finseq_1:kconstructor:3[coherence] => finseq_1:fragment:49[ch]
finseq_1:theorem:7 => finseq_1:fragment:30
finseq_1:theorem:34 => finseq_1:fragment:89
finseq_1:lemma:15 => finseq_1:fragment:177
finseq_1:kconstructor:17 => finseq_1:fragment:155[kc]
finseq_1:kpattern:4 => finseq_1:fragment:49[kp]
finseq_1:ccluster:8 => finseq_1:fragment:220
finseq_1:deftheorem:11 => finseq_1:fragment:117[dt]
finseq_1:theorem:3 => finseq_1:fragment:25
finseq_1:theorem:2 => finseq_1:fragment:24
finseq_1:theorem:54 => finseq_1:fragment:139
finseq_1:scheme:5 => finseq_1:fragment:150
finseq_1:lemma:20 => finseq_1:fragment:182
finseq_1:theorem:17 => finseq_1:fragment:59
finseq_1:theorem:88 => finseq_1:fragment:230
finseq_1:kpattern:9 => finseq_1:fragment:91[kp]
finseq_1:kpattern:1 => finseq_1:fragment:20[kp]
finseq_1:lemma:21 => finseq_1:fragment:183
finseq_1:kpattern:6 => finseq_1:fragment:71[kp]
finseq_1:vdefiniens:3 => finseq_1:fragment:219[vf]
finseq_1:theorem:77 => finseq_1:fragment:203
finseq_1:mdefiniens:1 => finseq_1:fragment:60[mf]
finseq_1:lemma:10 => finseq_1:fragment:172
finseq_1:theorem:10 => finseq_1:fragment:33
finseq_1:fcluster:9 => finseq_1:fragment:100
finseq_1:theorem:53 => finseq_1:fragment:138
finseq_1:fcluster:18 => finseq_1:fragment:147
finseq_1:ccluster:1 => finseq_1:fragment:35
finseq_1:lemma:19 => finseq_1:fragment:181
finseq_1:lemma:7 => finseq_1:fragment:169
finseq_1:kconstructor:12[coherence] => finseq_1:fragment:113[ch]
finseq_1:lemma:3 => finseq_1:fragment:62
finseq_1:theorem:58 => finseq_1:fragment:157
finseq_1:kconstructor:7[uniqueness] => finseq_1:fragment:75[un]
finseq_1:lemma:8 => finseq_1:fragment:170
finseq_1:rcluster:3 => finseq_1:fragment:123
finseq_1:kpattern:12 => finseq_1:fragment:98[kp]
finseq_1:theorem:83 => finseq_1:fragment:214
finseq_1:fcluster:27 => finseq_1:fragment:222
finseq_1:rpattern:1 => finseq_1:fragment:209[rp]
finseq_1:kconstructor:14 => finseq_1:fragment:130[kc]
finseq_1:kpattern:5 => finseq_1:fragment:50[kp]
finseq_1:lemma:14 => finseq_1:fragment:176
finseq_1:kconstructor:14[existence] => finseq_1:fragment:130[ex]
finseq_1:fcluster:1 => finseq_1:fragment:23
finseq_1:vpattern:1 => finseq_1:fragment:34[vp]
finseq_1:theorem:31 => finseq_1:fragment:86
finseq_1:kconstructor:3 => finseq_1:fragment:49[kc]
finseq_1:rcluster:4 => finseq_1:fragment:145
finseq_1:theorem:39 => finseq_1:fragment:105
finseq_1:kdefiniens:2 => finseq_1:fragment:49[kf]
finseq_1:fcluster:17 => finseq_1:fragment:146
finseq_1:kdefiniens:6[compatibility] => finseq_1:fragment:93[cp]
finseq_1:deftheorem:16 => finseq_1:fragment:161[dt]
finseq_1:theorem:49 => finseq_1:fragment:120
finseq_1:kconstructor:18[uniqueness] => finseq_1:fragment:161[un]
finseq_1:theorem:15 => finseq_1:fragment:57
finseq_1:fcluster:22 => finseq_1:fragment:163
finseq_1:kconstructor:14[uniqueness] => finseq_1:fragment:130[un]
finseq_1:fcluster:2 => finseq_1:fragment:26
finseq_1:mpattern:3 => finseq_1:fragment:65[mp]
finseq_1:theorem:26 => finseq_1:fragment:81
finseq_1:theorem:23 => finseq_1:fragment:78
finseq_1:kdefiniens:6 => finseq_1:fragment:93[kf]
finseq_1:kconstructor:9 => finseq_1:fragment:93[kc]
finseq_1:deftheorem:15 => finseq_1:fragment:154[dt]
finseq_1:lemma:18 => finseq_1:fragment:180
finseq_1:fcluster:26 => finseq_1:fragment:218
finseq_1:theorem:44 => finseq_1:fragment:110
finseq_1:deftheorem:7 => finseq_1:fragment:75[dt]
finseq_1:kdefiniens:12 => finseq_1:fragment:154[kf]
finseq_1:theorem:6 => finseq_1:fragment:29
finseq_1:kdefiniens:1 => finseq_1:fragment:20[kf]
finseq_1:theorem:85 => finseq_1:fragment:225
finseq_1:theorem:55 => finseq_1:fragment:140
finseq_1:ccluster:5 => finseq_1:fragment:116
finseq_1:fcluster:8 => finseq_1:fragment:99
finseq_1:vconstructor:3 => finseq_1:fragment:219[vc]
finseq_1:fcluster:20 => finseq_1:fragment:149
finseq_1:theorem:28 => finseq_1:fragment:83
finseq_1:fcluster:12 => finseq_1:fragment:118
finseq_1:theorem:18 => finseq_1:fragment:67
finseq_1:deftheorem:2 => finseq_1:fragment:34[dt]
finseq_1:theorem:63 => finseq_1:fragment:164
finseq_1:kdefiniens:8 => finseq_1:fragment:98[kf]
finseq_1:rcluster:8 => finseq_1:fragment:221
finseq_1:theorem:20 => finseq_1:fragment:70
finseq_1:lemma:2 => finseq_1:fragment:46
finseq_1:theorem:60 => finseq_1:fragment:159
finseq_1:ccluster:9 => finseq_1:fragment:224
finseq_1:kdefiniens:7 => finseq_1:fragment:97[kf]
finseq_1:kconstructor:4 => finseq_1:fragment:50[kc]
finseq_1:theorem:29 => finseq_1:fragment:84
finseq_1:theorem:46 => finseq_1:fragment:112
finseq_1:kconstructor:9[coherence] => finseq_1:fragment:93[ch]
finseq_1:theorem:78 => finseq_1:fragment:204
finseq_1:rdefiniens:1[compatibility] => finseq_1:fragment:209[cp]
finseq_1:theorem:51 => finseq_1:fragment:134
finseq_1:kdefiniens:4 => finseq_1:fragment:72[kf]
finseq_1:theorem:73 => finseq_1:fragment:193
finseq_1:theorem:1 => finseq_1:fragment:22
finseq_1:kdefiniens:11 => finseq_1:fragment:132[kf]
finseq_1:theorem:82 => finseq_1:fragment:212
finseq_1:fcluster:23 => finseq_1:fragment:211
finseq_1:theorem:14 => finseq_1:fragment:56
finseq_1:deftheorem:9 => finseq_1:fragment:97[dt]
finseq_1:fcluster:4 => finseq_1:fragment:47
finseq_1:fcluster:11 => finseq_1:fragment:102
finseq_1:theorem:68 => finseq_1:fragment:188
finseq_1:rcluster:7 => finseq_1:fragment:215
finseq_1:fcluster:28 => finseq_1:fragment:232
finseq_1:scheme:1 => finseq_1:fragment:52
finseq_1:fcluster:19 => finseq_1:fragment:148
finseq_1:mpattern:1 => finseq_1:fragment:36[mp]
finseq_1:theorem:30 => finseq_1:fragment:85
finseq_1:theorem:41 => finseq_1:fragment:107
finseq_1:deftheorem:3 => finseq_1:fragment:49[dt]
finseq_1:lemma:16 => finseq_1:fragment:178
finseq_1:kdefiniens:3 => finseq_1:fragment:71[kf]
finseq_1:theorem:59 => finseq_1:fragment:158
finseq_1:kpattern:17 => finseq_1:fragment:154[kp]
finseq_1:kconstructor:1[coherence] => finseq_1:fragment:20[ch]
finseq_1:kconstructor:11[coherence] => finseq_1:fragment:98[ch]
finseq_1:mconstructor:1[existence] => finseq_1:fragment:60[ex]
finseq_1:kpattern:7 => finseq_1:fragment:72[kp]
finseq_1:theorem:38 => finseq_1:fragment:104
finseq_1:theorem:24 => finseq_1:fragment:79
finseq_1:kconstructor:10 => finseq_1:fragment:97[kc]
finseq_1:theorem:16 => finseq_1:fragment:58
finseq_1:deftheorem:14 => finseq_1:fragment:132[dt]
finseq_1:kconstructor:6[coherence] => finseq_1:fragment:72[ch]
finseq_1:theorem:71 => finseq_1:fragment:191
finseq_1:kpattern:16 => finseq_1:fragment:132[kp]
finseq_1:theorem:89 => finseq_1:fragment:231
finseq_1:kpattern:13 => finseq_1:fragment:113[kp]
finseq_1:kconstructor:18[existence] => finseq_1:fragment:161[ex]
finseq_1:lemma:11 => finseq_1:fragment:173
finseq_1:kconstructor:8 => finseq_1:fragment:91[kc]
finseq_1:fcluster:10 => finseq_1:fragment:101
finseq_1:theorem:45 => finseq_1:fragment:111
finseq_1:vpattern:2 => finseq_1:fragment:122[vp]
finseq_1:mconstructor:2[coherence] => finseq_1:fragment:65[ch]
finseq_1:fcluster:16 => finseq_1:fragment:144
finseq_1:kdefiniens:5 => finseq_1:fragment:75[kf]
finseq_1:theorem:9 => finseq_1:fragment:32
finseq_1:fcluster:24 => finseq_1:fragment:216
finseq_1:kconstructor:5 => finseq_1:fragment:71[kc]
finseq_1:mconstructor:1 => finseq_1:fragment:60[mc]
finseq_1:deftheorem:6 => finseq_1:fragment:72[dt]
finseq_1:theorem:13 => finseq_1:fragment:55
finseq_1:kconstructor:8[coherence] => finseq_1:fragment:91[ch]
finseq_1:kconstructor:7[existence] => finseq_1:fragment:75[ex]
finseq_1:ccluster:12 => finseq_1:fragment:233
finseq_1:theorem:5 => finseq_1:fragment:28
finseq_1:kdefiniens:10 => finseq_1:fragment:130[kf]
finseq_1:fcluster:13 => finseq_1:fragment:126
finseq_1:lemma:17 => finseq_1:fragment:179
finseq_1:scheme:2 => finseq_1:fragment:53
finseq_1:kpattern:2 => finseq_1:fragment:21[kp]
finseq_1:kpattern:19 => finseq_1:fragment:161[kp]
finseq_1:theorem:70 => finseq_1:fragment:190
finseq_1:kconstructor:5[coherence] => finseq_1:fragment:71[ch]
finseq_1:vdefiniens:1 => finseq_1:fragment:34[vf]
finseq_1:lemma:5 => finseq_1:fragment:92
finseq_1:theorem:50 => finseq_1:fragment:131
finseq_1:theorem:12 => finseq_1:fragment:54
finseq_1:theorem:37 => finseq_1:fragment:103
finseq_1:theorem:64 => finseq_1:fragment:165
finseq_1:kdefiniens:2[compatibility] => finseq_1:fragment:49[cp]
finseq_1:ccluster:6 => finseq_1:fragment:125
finseq_1:mpattern:2 => finseq_1:fragment:60[mp]
finseq_1:theorem:47 => finseq_1:fragment:115
finseq_1:theorem:86 => finseq_1:fragment:228
finseq_1:theorem:32 => finseq_1:fragment:87
finseq_1:lemma:12 => finseq_1:fragment:174
finseq_1:rcluster:2 => finseq_1:fragment:74
finseq_1:kconstructor:6 => finseq_1:fragment:72[kc]
finseq_1:kconstructor:13 => finseq_1:fragment:117[kc]
finseq_1:kpattern:8 => finseq_1:fragment:75[kp]
finseq_1:theorem:74 => finseq_1:fragment:194
finseq_1:kconstructor:15[coherence] => finseq_1:fragment:132[ch]
finseq_1:theorem:69 => finseq_1:fragment:189
finseq_1:kconstructor:10[coherence] => finseq_1:fragment:97[ch]
finseq_1:theorem:79 => finseq_1:fragment:206
finseq_1:rcluster:6 => finseq_1:fragment:208
finseq_1:ccluster:3 => finseq_1:fragment:61
finseq_1:fcluster:7 => finseq_1:fragment:95
finseq_1:kconstructor:2[coherence] => finseq_1:fragment:21[ch]
finseq_1:lemma:6 => finseq_1:fragment:168
finseq_1:scheme:6 => finseq_1:fragment:167
finseq_1:vpattern:3 => finseq_1:fragment:219[vp]
finseq_1:theorem:56 => finseq_1:fragment:141
finseq_1:kconstructor:12 => finseq_1:fragment:113[kc]
finseq_1:kconstructor:16[coherence] => finseq_1:fragment:154[ch]
finseq_1:theorem:66 => finseq_1:fragment:186
finseq_1:theorem:42 => finseq_1:fragment:108
finseq_1:deftheorem:18 => finseq_1:fragment:219[dt]
finseq_1:kpattern:10 => finseq_1:fragment:93[kp]
finseq_1:kpattern:15 => finseq_1:fragment:130[kp]
finseq_1:ccluster:2 => finseq_1:fragment:44
finseq_1:theorem:61 => finseq_1:fragment:160
finseq_1:kconstructor:4[coherence] => finseq_1:fragment:50[ch]
finseq_1:kconstructor:3[projectivity] => finseq_1:fragment:49[pr]
finseq_1:theorem:48 => finseq_1:fragment:119
finseq_1:kpattern:14 => finseq_1:fragment:117[kp]
finseq_1:kconstructor:16 => finseq_1:fragment:154[kc]
finseq_1:vconstructor:2 => finseq_1:fragment:122[vc]
finseq_1:kconstructor:1 => finseq_1:fragment:20[kc]
finseq_1:lemma:9 => finseq_1:fragment:171
finseq_1:theorem:35 => finseq_1:fragment:90
finseq_1:deftheorem:13 => finseq_1:fragment:130[dt]
finseq_1:kconstructor:17[coherence] => finseq_1:fragment:155[ch]
finseq_1:lemma:23 => finseq_1:fragment:185
finseq_1:theorem:19 => finseq_1:fragment:68
finseq_1:theorem:76 => finseq_1:fragment:202
finseq_1:mconstructor:2[sethood] => finseq_1:fragment:65[se]
finseq_1:scheme:3 => finseq_1:fragment:114
finseq_1:theorem:52 => finseq_1:fragment:136
finseq_1:kconstructor:13[uniqueness] => finseq_1:fragment:117[un]
finseq_1:ccluster:10 => finseq_1:fragment:226
finseq_1:theorem:84 => finseq_1:fragment:223
finseq_1:kconstructor:13[existence] => finseq_1:fragment:117[ex]
finseq_1:theorem:8 => finseq_1:fragment:31
finseq_1:deftheorem:10 => finseq_1:fragment:98[dt]
finseq_1:theorem:62 => finseq_1:fragment:162
finseq_1:deftheorem:5 => finseq_1:fragment:71[dt]
finseq_1:deftheorem:12 => finseq_1:fragment:122[dt]
finseq_1:theorem:75 => finseq_1:fragment:195
finseq_1:ccluster:4 => finseq_1:fragment:63
finseq_1:lemma:22 => finseq_1:fragment:184
finseq_1:scheme:4 => finseq_1:fragment:121
finseq_1:theorem:87 => finseq_1:fragment:229
finseq_1:theorem:81 => finseq_1:fragment:210
finseq_1:fcluster:15 => finseq_1:fragment:133
finseq_1:rcluster:1 => finseq_1:fragment:64
finseq_1:theorem:36 => finseq_1:fragment:96
finseq_1:deftheorem:17 => finseq_1:fragment:209[dt]
finseq_1:theorem:43 => finseq_1:fragment:109
finseq_1:kconstructor:2 => finseq_1:fragment:21[kc]
finseq_1:theorem:65 => finseq_1:fragment:166
finseq_1:kpattern:3 => finseq_1:fragment:48[kp]
finseq_1:theorem:57 => finseq_1:fragment:142
finseq_1:theorem:33 => finseq_1:fragment:88
finseq_1:rcluster:5 => finseq_1:fragment:205
finseq_1:kconstructor:7 => finseq_1:fragment:75[kc]
finseq_1:theorem:22 => finseq_1:fragment:77
finseq_1:kconstructor:18 => finseq_1:fragment:161[kc]
finseq_1:kpattern:18 => finseq_1:fragment:155[kp]
finseq_1:theorem:11 => finseq_1:fragment:51
finseq_1:theorem:4 => finseq_1:fragment:27
finseq_1:mconstructor:2 => finseq_1:fragment:65[mc]
finseq_1:fcluster:6 => finseq_1:fragment:94
finseq_1:kconstructor:11 => finseq_1:fragment:98[kc]
finseq_1:fcluster:5 => finseq_1:fragment:73
finseq_1:theorem:72 => finseq_1:fragment:192
finseq_1:theorem:25 => finseq_1:fragment:80
finseq_1:theorem:67 => finseq_1:fragment:187
finseq_1:theorem:40 => finseq_1:fragment:106
finseq_1:deftheorem:4 => finseq_1:fragment:60[dt]
finseq_1:fcluster:21 => finseq_1:fragment:156
finseq_1:lemma:1 => finseq_1:fragment:45
finseq_1:rcluster:9 => finseq_1:fragment:235
finseq_1:kdefiniens:13 => finseq_1:fragment:161[kf]
finseq_1:lemma:13 => finseq_1:fragment:175
finseq_1:vdefiniens:2 => finseq_1:fragment:122[vf]
finseq_1:theorem:21 => finseq_1:fragment:76
finseq_1:theorem:90 => finseq_1:fragment:234
finseq_1:fcluster:29 => finseq_1:fragment:236
finseq_1:deftheorem:8 => finseq_1:fragment:93[dt]
finseq_1:rdefiniens:1 => finseq_1:fragment:209[rf]
finseq_1:vconstructor:1 => finseq_1:fragment:34[vc]
finseq_1:fcluster:14 => finseq_1:fragment:127
finseq_1:fcluster:3 => finseq_1:fragment:43
finseq_1:ccluster:7 => finseq_1:fragment:128
finseq_1:kdefiniens:9 => finseq_1:fragment:117[kf]
finseq_1:kpattern:11 => finseq_1:fragment:97[kp]
finseq_1:mpattern:4 => finseq_1:fragment:124[mp]
finseq_1:theorem:27 => finseq_1:fragment:82
finseq_1:kconstructor:15 => finseq_1:fragment:132[kc]
finseq_1:lemma:4 => finseq_1:fragment:69
finseq_1:fcluster:25 => finseq_1:fragment:217
finseq_1:theorem:80 => finseq_1:fragment:207
