finsub_1:vpattern:3 => finsub_1:fragment:7[vp]
finsub_1:kpattern:4 => finsub_1:fragment:22[kp]
finsub_1:deftheorem:3 => finsub_1:fragment:7[dt]
finsub_1:theorem:16 => finsub_1:fragment:37
finsub_1:vdefiniens:3 => finsub_1:fragment:7[vf]
finsub_1:kconstructor:2 => finsub_1:fragment:15[kc]
finsub_1:fcluster:1 => finsub_1:fragment:25
finsub_1:vdefiniens:1 => finsub_1:fragment:5[vf]
finsub_1:kpattern:1 => finsub_1:fragment:14[kp]
finsub_1:deftheorem:4 => finsub_1:fragment:8[dt]
finsub_1:kconstructor:4[commutativity] => finsub_1:fragment:22[cm]
finsub_1:vpattern:1 => finsub_1:fragment:5[vp]
finsub_1:theorem:14 => finsub_1:fragment:34
finsub_1:kconstructor:1[coherence] => finsub_1:fragment:14[ch]
finsub_1:theorem:15 => finsub_1:fragment:35
finsub_1:vconstructor:4 => finsub_1:fragment:8[vc]
finsub_1:kconstructor:3[commutativity] => finsub_1:fragment:21[cm]
finsub_1:kpattern:3 => finsub_1:fragment:21[kp]
finsub_1:theorem:5 => finsub_1:fragment:19
finsub_1:ccluster:2 => finsub_1:fragment:10
finsub_1:kconstructor:5[existence] => finsub_1:fragment:27[ex]
finsub_1:kconstructor:1[commutativity] => finsub_1:fragment:14[cm]
finsub_1:kpattern:5 => finsub_1:fragment:27[kp]
finsub_1:rcluster:1 => finsub_1:fragment:11
finsub_1:theorem:11 => finsub_1:fragment:31
finsub_1:vconstructor:2 => finsub_1:fragment:6[vc]
finsub_1:ccluster:1 => finsub_1:fragment:9
finsub_1:theorem:12 => finsub_1:fragment:32
finsub_1:kconstructor:1[idempotence] => finsub_1:fragment:14[id]
finsub_1:theorem:7 => finsub_1:fragment:23
finsub_1:deftheorem:2 => finsub_1:fragment:6[dt]
finsub_1:theorem:8 => finsub_1:fragment:24
finsub_1:fcluster:2 => finsub_1:fragment:28
finsub_1:theorem:18 => finsub_1:fragment:39
finsub_1:kconstructor:5[uniqueness] => finsub_1:fragment:27[un]
finsub_1:kconstructor:3 => finsub_1:fragment:21[kc]
finsub_1:kconstructor:3[coherence] => finsub_1:fragment:21[ch]
finsub_1:theorem:4 => finsub_1:fragment:18
finsub_1:theorem:9 => finsub_1:fragment:26
finsub_1:vpattern:2 => finsub_1:fragment:6[vp]
finsub_1:vpattern:4 => finsub_1:fragment:8[vp]
finsub_1:kconstructor:3[idempotence] => finsub_1:fragment:21[id]
finsub_1:vconstructor:3 => finsub_1:fragment:7[vc]
finsub_1:theorem:13 => finsub_1:fragment:33
finsub_1:kconstructor:4[coherence] => finsub_1:fragment:22[ch]
finsub_1:deftheorem:5 => finsub_1:fragment:27[dt]
finsub_1:kdefiniens:1 => finsub_1:fragment:27[kf]
finsub_1:vconstructor:1 => finsub_1:fragment:5[vc]
finsub_1:theorem:10 => finsub_1:fragment:30
finsub_1:vdefiniens:4 => finsub_1:fragment:8[vf]
finsub_1:theorem:3 => finsub_1:fragment:17
finsub_1:kconstructor:1 => finsub_1:fragment:14[kc]
finsub_1:kpattern:2 => finsub_1:fragment:15[kp]
finsub_1:theorem:1 => finsub_1:fragment:12
finsub_1:theorem:2 => finsub_1:fragment:16
finsub_1:ccluster:3 => finsub_1:fragment:29
finsub_1:deftheorem:1 => finsub_1:fragment:5[dt]
finsub_1:theorem:17 => finsub_1:fragment:38
finsub_1:mpattern:1 => finsub_1:fragment:36[mp]
finsub_1:theorem:6 => finsub_1:fragment:20
finsub_1:kconstructor:2[coherence] => finsub_1:fragment:15[ch]
finsub_1:vdefiniens:2 => finsub_1:fragment:6[vf]
finsub_1:kconstructor:4 => finsub_1:fragment:22[kc]
finsub_1:kconstructor:5 => finsub_1:fragment:27[kc]
