finset_1:theorem:12 => finset_1:fragment:52
finset_1:scheme:1 => finset_1:fragment:15
finset_1:rcluster:2 => finset_1:fragment:48
finset_1:vdefiniens:3 => finset_1:fragment:66[vf]
finset_1:deftheorem:1 => finset_1:fragment:2[dt]
finset_1:fcluster:29 => finset_1:fragment:80
finset_1:vpattern:1 => finset_1:fragment:2[vp]
finset_1:fcluster:28 => finset_1:fragment:76
finset_1:ccluster:7 => finset_1:fragment:83
finset_1:fcluster:7 => finset_1:fragment:23
finset_1:fcluster:22 => finset_1:fragment:63
finset_1:vdefiniens:5 => finset_1:fragment:68[vf]
finset_1:fcluster:10 => finset_1:fragment:29
finset_1:lemma:2 => finset_1:fragment:16
finset_1:theorem:14 => finset_1:fragment:57
finset_1:rcluster:8 => finset_1:fragment:84
finset_1:ccluster:9 => finset_1:fragment:92
finset_1:theorem:7 => finset_1:fragment:44
finset_1:vdefiniens:6 => finset_1:fragment:81[vf]
finset_1:deftheorem:4 => finset_1:fragment:67[dt]
finset_1:vconstructor:2 => finset_1:fragment:53[vc]
finset_1:rcluster:1 => finset_1:fragment:13
finset_1:vpattern:2 => finset_1:fragment:3[vp]
finset_1:deftheorem:6 => finset_1:fragment:81[dt]
finset_1:theorem:10 => finset_1:fragment:50
finset_1:vdefiniens:2 => finset_1:fragment:53[vf]
finset_1:fcluster:25 => finset_1:fragment:73
finset_1:fcluster:32 => finset_1:fragment:87
finset_1:rcluster:3 => finset_1:fragment:58
finset_1:vpattern:3 => finset_1:fragment:53[vp]
finset_1:vdefiniens:1 => finset_1:fragment:2[vf]
finset_1:theorem:9 => finset_1:fragment:46
finset_1:fcluster:6 => finset_1:fragment:22
finset_1:theorem:8 => finset_1:fragment:45
finset_1:rcluster:9 => finset_1:fragment:91
finset_1:theorem:4 => finset_1:fragment:33
finset_1:ccluster:8 => finset_1:fragment:88
finset_1:ccluster:6 => finset_1:fragment:82
finset_1:theorem:6 => finset_1:fragment:37
finset_1:theorem:11 => finset_1:fragment:51
finset_1:vpattern:4 => finset_1:fragment:66[vp]
finset_1:vdefiniens:4[compatibility] => finset_1:fragment:67[cp]
finset_1:vdefiniens:4 => finset_1:fragment:67[vf]
finset_1:fcluster:34 => finset_1:fragment:90
finset_1:fcluster:26 => finset_1:fragment:74
finset_1:vpattern:7 => finset_1:fragment:81[vp]
finset_1:vpattern:6 => finset_1:fragment:68[vp]
finset_1:fcluster:19 => finset_1:fragment:59
finset_1:vconstructor:4 => finset_1:fragment:68[vc]
finset_1:ccluster:2 => finset_1:fragment:25
finset_1:vpattern:5 => finset_1:fragment:67[vp]
finset_1:rcluster:5 => finset_1:fragment:71
finset_1:fcluster:33 => finset_1:fragment:89
finset_1:deftheorem:5 => finset_1:fragment:68[dt]
finset_1:fcluster:1 => finset_1:fragment:17
finset_1:fcluster:8 => finset_1:fragment:24
finset_1:theorem:5 => finset_1:fragment:35
finset_1:fcluster:18 => finset_1:fragment:47
finset_1:fcluster:9 => finset_1:fragment:26
finset_1:theorem:3 => finset_1:fragment:32
finset_1:rcluster:4 => finset_1:fragment:70
finset_1:lemma:3 => finset_1:fragment:39
finset_1:theorem:1 => finset_1:fragment:27
finset_1:fcluster:23 => finset_1:fragment:64
finset_1:fcluster:2 => finset_1:fragment:18
finset_1:ccluster:3 => finset_1:fragment:61
finset_1:ccluster:4 => finset_1:fragment:77
finset_1:rcluster:6 => finset_1:fragment:72
finset_1:ccluster:5 => finset_1:fragment:78
finset_1:deftheorem:2 => finset_1:fragment:53[dt]
finset_1:fcluster:15 => finset_1:fragment:41
finset_1:fcluster:4 => finset_1:fragment:20
finset_1:fcluster:14 => finset_1:fragment:40
finset_1:fcluster:13 => finset_1:fragment:34
finset_1:vconstructor:1 => finset_1:fragment:2[vc]
finset_1:fcluster:11 => finset_1:fragment:30
finset_1:theorem:2 => finset_1:fragment:28
finset_1:theorem:13 => finset_1:fragment:56
finset_1:fcluster:16 => finset_1:fragment:42
finset_1:fcluster:3 => finset_1:fragment:19
finset_1:fcluster:24 => finset_1:fragment:65
finset_1:fcluster:31 => finset_1:fragment:86
finset_1:fcluster:20 => finset_1:fragment:60
finset_1:lemma:1 => finset_1:fragment:12
finset_1:fcluster:27 => finset_1:fragment:75
finset_1:vconstructor:5 => finset_1:fragment:81[vc]
finset_1:ccluster:1 => finset_1:fragment:14
finset_1:fcluster:12 => finset_1:fragment:31
finset_1:fcluster:35 => finset_1:fragment:93
finset_1:rcluster:7 => finset_1:fragment:79
finset_1:vdefiniens:5[compatibility] => finset_1:fragment:68[cp]
finset_1:fcluster:36 => finset_1:fragment:94
finset_1:theorem:15 => finset_1:fragment:69
finset_1:deftheorem:3 => finset_1:fragment:66[dt]
finset_1:fcluster:30 => finset_1:fragment:85
finset_1:scheme:2 => finset_1:fragment:38
finset_1:vconstructor:3 => finset_1:fragment:66[vc]
finset_1:fcluster:5 => finset_1:fragment:21
finset_1:fcluster:17 => finset_1:fragment:43
finset_1:fcluster:21 => finset_1:fragment:62
