finseqop:rdefiniens:1 => finseqop:fragment:105[rf]
finseqop:theorem:54 => finseqop:fragment:100
finseqop:theorem:58 => finseqop:fragment:104
finseqop:rpattern:1 => finseqop:fragment:105[rp]
finseqop:vdefiniens:1 => finseqop:fragment:106[vf]
finseqop:theorem:55 => finseqop:fragment:101
finseqop:theorem:30 => finseqop:fragment:76
finseqop:theorem:73 => finseqop:fragment:122
finseqop:theorem:20 => finseqop:fragment:61
finseqop:theorem:11 => finseqop:fragment:52
finseqop:deftheorem:1 => finseqop:fragment:105[dt]
finseqop:theorem:9 => finseqop:fragment:40
finseqop:theorem:2 => finseqop:fragment:19
finseqop:theorem:84 => finseqop:fragment:135
finseqop:deftheorem:4 => finseqop:fragment:126[dt]
finseqop:theorem:29 => finseqop:fragment:75
finseqop:lemma:3 => finseqop:fragment:50
finseqop:theorem:74 => finseqop:fragment:123
finseqop:theorem:49 => finseqop:fragment:95
finseqop:kconstructor:5[uniqueness] => finseqop:fragment:107[un]
finseqop:theorem:77 => finseqop:fragment:127
finseqop:theorem:80 => finseqop:fragment:130
finseqop:theorem:59 => finseqop:fragment:108
finseqop:lemma:4 => finseqop:fragment:69
finseqop:kconstructor:7[coherence] => finseqop:fragment:131[ch]
finseqop:theorem:31 => finseqop:fragment:77
finseqop:theorem:18 => finseqop:fragment:59
finseqop:kconstructor:5 => finseqop:fragment:107[kc]
finseqop:vconstructor:1 => finseqop:fragment:106[vc]
finseqop:kconstructor:4 => finseqop:fragment:38[kc]
finseqop:theorem:36 => finseqop:fragment:82
finseqop:theorem:5 => finseqop:fragment:22
finseqop:kconstructor:2 => finseqop:fragment:33[kc]
finseqop:kpattern:6 => finseqop:fragment:126[kp]
finseqop:theorem:33 => finseqop:fragment:79
finseqop:theorem:6 => finseqop:fragment:23
finseqop:theorem:12 => finseqop:fragment:53
finseqop:theorem:57 => finseqop:fragment:103
finseqop:theorem:82 => finseqop:fragment:133
finseqop:kconstructor:1[coherence] => finseqop:fragment:32[ch]
finseqop:deftheorem:3 => finseqop:fragment:107[dt]
finseqop:theorem:42 => finseqop:fragment:88
finseqop:theorem:70 => finseqop:fragment:119
finseqop:theorem:43 => finseqop:fragment:89
finseqop:theorem:23 => finseqop:fragment:64
finseqop:theorem:75 => finseqop:fragment:124
finseqop:kconstructor:2[coherence] => finseqop:fragment:33[ch]
finseqop:theorem:76 => finseqop:fragment:125
finseqop:theorem:67 => finseqop:fragment:116
finseqop:kconstructor:7 => finseqop:fragment:131[kc]
finseqop:theorem:16 => finseqop:fragment:57
finseqop:kpattern:7 => finseqop:fragment:131[kp]
finseqop:theorem:37 => finseqop:fragment:83
finseqop:theorem:24 => finseqop:fragment:70
finseqop:kdefiniens:1 => finseqop:fragment:107[kf]
finseqop:theorem:65 => finseqop:fragment:114
finseqop:theorem:25 => finseqop:fragment:71
finseqop:theorem:35 => finseqop:fragment:81
finseqop:kpattern:1 => finseqop:fragment:32[kp]
finseqop:kdefiniens:2 => finseqop:fragment:126[kf]
finseqop:theorem:66 => finseqop:fragment:115
finseqop:kconstructor:6 => finseqop:fragment:126[kc]
finseqop:theorem:68 => finseqop:fragment:117
finseqop:theorem:85 => finseqop:fragment:136
finseqop:kconstructor:3 => finseqop:fragment:34[kc]
finseqop:theorem:15 => finseqop:fragment:56
finseqop:theorem:89 => finseqop:fragment:140
finseqop:theorem:47 => finseqop:fragment:93
finseqop:deftheorem:2 => finseqop:fragment:106[dt]
finseqop:kconstructor:5[existence] => finseqop:fragment:107[ex]
finseqop:theorem:64 => finseqop:fragment:113
finseqop:kconstructor:4[coherence] => finseqop:fragment:38[ch]
finseqop:theorem:22 => finseqop:fragment:63
finseqop:theorem:63 => finseqop:fragment:112
finseqop:theorem:39 => finseqop:fragment:85
finseqop:lemma:2 => finseqop:fragment:49
finseqop:theorem:13 => finseqop:fragment:54
finseqop:theorem:21 => finseqop:fragment:62
finseqop:theorem:34 => finseqop:fragment:80
finseqop:theorem:79 => finseqop:fragment:129
finseqop:theorem:62 => finseqop:fragment:111
finseqop:theorem:60 => finseqop:fragment:109
finseqop:vpattern:1 => finseqop:fragment:106[vp]
finseqop:theorem:46 => finseqop:fragment:92
finseqop:kpattern:4 => finseqop:fragment:38[kp]
finseqop:theorem:44 => finseqop:fragment:90
finseqop:lemma:1 => finseqop:fragment:48
finseqop:theorem:72 => finseqop:fragment:121
finseqop:theorem:56 => finseqop:fragment:102
finseqop:theorem:26 => finseqop:fragment:72
finseqop:theorem:87 => finseqop:fragment:138
finseqop:theorem:17 => finseqop:fragment:58
finseqop:theorem:61 => finseqop:fragment:110
finseqop:theorem:48 => finseqop:fragment:94
finseqop:theorem:28 => finseqop:fragment:74
finseqop:theorem:45 => finseqop:fragment:91
finseqop:kpattern:2 => finseqop:fragment:33[kp]
finseqop:theorem:86 => finseqop:fragment:137
finseqop:theorem:83 => finseqop:fragment:134
finseqop:theorem:38 => finseqop:fragment:84
finseqop:kconstructor:3[coherence] => finseqop:fragment:34[ch]
finseqop:theorem:3 => finseqop:fragment:20
finseqop:theorem:14 => finseqop:fragment:55
finseqop:theorem:8 => finseqop:fragment:39
finseqop:theorem:52 => finseqop:fragment:98
finseqop:theorem:69 => finseqop:fragment:118
finseqop:theorem:1 => finseqop:fragment:18
finseqop:theorem:50 => finseqop:fragment:96
finseqop:theorem:27 => finseqop:fragment:73
finseqop:theorem:41 => finseqop:fragment:87
finseqop:theorem:51 => finseqop:fragment:97
finseqop:kconstructor:6[coherence] => finseqop:fragment:126[ch]
finseqop:theorem:81 => finseqop:fragment:132
finseqop:theorem:78 => finseqop:fragment:128
finseqop:theorem:4 => finseqop:fragment:21
finseqop:theorem:10 => finseqop:fragment:51
finseqop:theorem:7 => finseqop:fragment:24
finseqop:kpattern:3 => finseqop:fragment:34[kp]
finseqop:theorem:53 => finseqop:fragment:99
finseqop:theorem:71 => finseqop:fragment:120
finseqop:theorem:40 => finseqop:fragment:86
finseqop:theorem:88 => finseqop:fragment:139
finseqop:theorem:32 => finseqop:fragment:78
finseqop:kpattern:5 => finseqop:fragment:107[kp]
finseqop:rconstructor:1 => finseqop:fragment:105[rc]
finseqop:theorem:19 => finseqop:fragment:60
finseqop:kconstructor:1 => finseqop:fragment:32[kc]
