finseq_3:theorem:24 => finseq_3:fragment:45
finseq_3:kconstructor:1 => finseq_3:fragment:85[kc]
finseq_3:theorem:6 => finseq_3:fragment:27
finseq_3:theorem:32 => finseq_3:fragment:53
finseq_3:theorem:103 => finseq_3:fragment:139
finseq_3:theorem:52 => finseq_3:fragment:78
finseq_3:deftheorem:3 => finseq_3:fragment:163[dt]
finseq_3:theorem:43 => finseq_3:fragment:65
finseq_3:theorem:28 => finseq_3:fragment:49
finseq_3:theorem:10 => finseq_3:fragment:31
finseq_3:theorem:126 => finseq_3:fragment:197
finseq_3:theorem:113 => finseq_3:fragment:151
finseq_3:theorem:80 => finseq_3:fragment:113
finseq_3:theorem:14 => finseq_3:fragment:35
finseq_3:kconstructor:3[uniqueness] => finseq_3:fragment:163[un]
finseq_3:deftheorem:1 => finseq_3:fragment:85[dt]
finseq_3:theorem:55 => finseq_3:fragment:81
finseq_3:theorem:37 => finseq_3:fragment:58
finseq_3:theorem:145 => finseq_3:fragment:216
finseq_3:theorem:54 => finseq_3:fragment:80
finseq_3:kpattern:1 => finseq_3:fragment:85[kp]
finseq_3:lemma:13 => finseq_3:fragment:119
finseq_3:theorem:134 => finseq_3:fragment:205
finseq_3:theorem:11 => finseq_3:fragment:32
finseq_3:theorem:4 => finseq_3:fragment:25
finseq_3:theorem:150 => finseq_3:fragment:221
finseq_3:theorem:71 => finseq_3:fragment:98
finseq_3:theorem:81 => finseq_3:fragment:114
finseq_3:theorem:79 => finseq_3:fragment:112
finseq_3:theorem:105 => finseq_3:fragment:142
finseq_3:theorem:88 => finseq_3:fragment:123
finseq_3:theorem:78 => finseq_3:fragment:111
finseq_3:theorem:49 => finseq_3:fragment:75
finseq_3:theorem:41 => finseq_3:fragment:63
finseq_3:theorem:83 => finseq_3:fragment:116
finseq_3:theorem:35 => finseq_3:fragment:56
finseq_3:theorem:68 => finseq_3:fragment:95
finseq_3:theorem:29 => finseq_3:fragment:50
finseq_3:theorem:139 => finseq_3:fragment:210
finseq_3:theorem:86 => finseq_3:fragment:121
finseq_3:theorem:25 => finseq_3:fragment:46
finseq_3:theorem:132 => finseq_3:fragment:203
finseq_3:rdefiniens:1 => finseq_3:fragment:165[rf]
finseq_3:theorem:122 => finseq_3:fragment:166
finseq_3:theorem:95 => finseq_3:fragment:130
finseq_3:theorem:102 => finseq_3:fragment:138
finseq_3:theorem:15 => finseq_3:fragment:36
finseq_3:kdefiniens:2 => finseq_3:fragment:140[kf]
finseq_3:theorem:47 => finseq_3:fragment:72
finseq_3:theorem:147 => finseq_3:fragment:218
finseq_3:theorem:58 => finseq_3:fragment:84
finseq_3:theorem:66 => finseq_3:fragment:93
finseq_3:theorem:36 => finseq_3:fragment:57
finseq_3:lemma:4 => finseq_3:fragment:71
finseq_3:theorem:137 => finseq_3:fragment:208
finseq_3:kpattern:3 => finseq_3:fragment:163[kp]
finseq_3:theorem:9 => finseq_3:fragment:30
finseq_3:theorem:76 => finseq_3:fragment:109
finseq_3:fcluster:3 => finseq_3:fragment:224
finseq_3:theorem:141 => finseq_3:fragment:212
finseq_3:theorem:19 => finseq_3:fragment:40
finseq_3:theorem:143 => finseq_3:fragment:214
finseq_3:theorem:12 => finseq_3:fragment:33
finseq_3:theorem:34 => finseq_3:fragment:55
finseq_3:theorem:101 => finseq_3:fragment:136
finseq_3:theorem:117 => finseq_3:fragment:155
finseq_3:theorem:61 => finseq_3:fragment:88
finseq_3:theorem:73 => finseq_3:fragment:106
finseq_3:theorem:115 => finseq_3:fragment:153
finseq_3:theorem:64 => finseq_3:fragment:91
finseq_3:theorem:129 => finseq_3:fragment:200
finseq_3:lemma:11 => finseq_3:fragment:105
finseq_3:theorem:56 => finseq_3:fragment:82
finseq_3:rpattern:1 => finseq_3:fragment:165[rp]
finseq_3:theorem:100 => finseq_3:fragment:135
finseq_3:theorem:151 => finseq_3:fragment:222
finseq_3:theorem:111 => finseq_3:fragment:149
finseq_3:theorem:44 => finseq_3:fragment:66
finseq_3:theorem:38 => finseq_3:fragment:59
finseq_3:theorem:22 => finseq_3:fragment:43
finseq_3:theorem:140 => finseq_3:fragment:211
finseq_3:theorem:104 => finseq_3:fragment:141
finseq_3:theorem:69 => finseq_3:fragment:96
finseq_3:theorem:3 => finseq_3:fragment:24
finseq_3:theorem:45 => finseq_3:fragment:67
finseq_3:lemma:8 => finseq_3:fragment:102
finseq_3:theorem:107 => finseq_3:fragment:144
finseq_3:theorem:97 => finseq_3:fragment:132
finseq_3:theorem:135 => finseq_3:fragment:206
finseq_3:theorem:59 => finseq_3:fragment:86
finseq_3:theorem:13 => finseq_3:fragment:34
finseq_3:lemma:7 => finseq_3:fragment:101
finseq_3:theorem:31 => finseq_3:fragment:52
finseq_3:lemma:1 => finseq_3:fragment:60
finseq_3:kconstructor:2 => finseq_3:fragment:140[kc]
finseq_3:theorem:1 => finseq_3:fragment:22
finseq_3:theorem:120 => finseq_3:fragment:162
finseq_3:theorem:21 => finseq_3:fragment:42
finseq_3:theorem:118 => finseq_3:fragment:156
finseq_3:kpattern:2 => finseq_3:fragment:140[kp]
finseq_3:theorem:128 => finseq_3:fragment:199
finseq_3:theorem:39 => finseq_3:fragment:61
finseq_3:lemma:6 => finseq_3:fragment:100
finseq_3:theorem:131 => finseq_3:fragment:202
finseq_3:theorem:94 => finseq_3:fragment:129
finseq_3:theorem:125 => finseq_3:fragment:196
finseq_3:theorem:7 => finseq_3:fragment:28
finseq_3:theorem:42 => finseq_3:fragment:64
finseq_3:theorem:26 => finseq_3:fragment:47
finseq_3:theorem:89 => finseq_3:fragment:124
finseq_3:theorem:92 => finseq_3:fragment:127
finseq_3:theorem:74 => finseq_3:fragment:107
finseq_3:theorem:121 => finseq_3:fragment:164
finseq_3:theorem:87 => finseq_3:fragment:122
finseq_3:theorem:149 => finseq_3:fragment:220
finseq_3:theorem:124 => finseq_3:fragment:195
finseq_3:theorem:67 => finseq_3:fragment:94
finseq_3:fcluster:2 => finseq_3:fragment:159
finseq_3:theorem:75 => finseq_3:fragment:108
finseq_3:theorem:82 => finseq_3:fragment:115
finseq_3:kconstructor:1[coherence] => finseq_3:fragment:85[ch]
finseq_3:theorem:57 => finseq_3:fragment:83
finseq_3:theorem:106 => finseq_3:fragment:143
finseq_3:theorem:17 => finseq_3:fragment:38
finseq_3:theorem:72 => finseq_3:fragment:99
finseq_3:theorem:50 => finseq_3:fragment:76
finseq_3:theorem:8 => finseq_3:fragment:29
finseq_3:theorem:5 => finseq_3:fragment:26
finseq_3:theorem:60 => finseq_3:fragment:87
finseq_3:theorem:40 => finseq_3:fragment:62
finseq_3:theorem:109 => finseq_3:fragment:147
finseq_3:theorem:90 => finseq_3:fragment:125
finseq_3:theorem:91 => finseq_3:fragment:126
finseq_3:theorem:146 => finseq_3:fragment:217
finseq_3:theorem:70 => finseq_3:fragment:97
finseq_3:theorem:85 => finseq_3:fragment:120
finseq_3:theorem:142 => finseq_3:fragment:213
finseq_3:theorem:114 => finseq_3:fragment:152
finseq_3:theorem:84 => finseq_3:fragment:117
finseq_3:rconstructor:1 => finseq_3:fragment:165[rc]
finseq_3:theorem:144 => finseq_3:fragment:215
finseq_3:theorem:62 => finseq_3:fragment:89
finseq_3:deftheorem:4 => finseq_3:fragment:165[dt]
finseq_3:lemma:5 => finseq_3:fragment:73
finseq_3:theorem:33 => finseq_3:fragment:54
finseq_3:fcluster:1 => finseq_3:fragment:158
finseq_3:theorem:130 => finseq_3:fragment:201
finseq_3:theorem:18 => finseq_3:fragment:39
finseq_3:theorem:65 => finseq_3:fragment:92
finseq_3:theorem:77 => finseq_3:fragment:110
finseq_3:theorem:116 => finseq_3:fragment:154
finseq_3:kconstructor:2[coherence] => finseq_3:fragment:140[ch]
finseq_3:theorem:152 => finseq_3:fragment:223
finseq_3:deftheorem:2 => finseq_3:fragment:140[dt]
finseq_3:theorem:51 => finseq_3:fragment:77
finseq_3:theorem:63 => finseq_3:fragment:90
finseq_3:theorem:133 => finseq_3:fragment:204
finseq_3:theorem:148 => finseq_3:fragment:219
finseq_3:theorem:98 => finseq_3:fragment:133
finseq_3:theorem:46 => finseq_3:fragment:68
finseq_3:theorem:53 => finseq_3:fragment:79
finseq_3:lemma:12 => finseq_3:fragment:118
finseq_3:theorem:48 => finseq_3:fragment:74
finseq_3:kdefiniens:3 => finseq_3:fragment:163[kf]
finseq_3:theorem:136 => finseq_3:fragment:207
finseq_3:theorem:112 => finseq_3:fragment:150
finseq_3:theorem:93 => finseq_3:fragment:128
finseq_3:lemma:2 => finseq_3:fragment:69
finseq_3:theorem:123 => finseq_3:fragment:194
finseq_3:kconstructor:3[existence] => finseq_3:fragment:163[ex]
finseq_3:theorem:96 => finseq_3:fragment:131
finseq_3:theorem:108 => finseq_3:fragment:146
finseq_3:kconstructor:3 => finseq_3:fragment:163[kc]
finseq_3:theorem:99 => finseq_3:fragment:134
finseq_3:theorem:16 => finseq_3:fragment:37
finseq_3:theorem:30 => finseq_3:fragment:51
finseq_3:theorem:23 => finseq_3:fragment:44
finseq_3:theorem:127 => finseq_3:fragment:198
finseq_3:theorem:27 => finseq_3:fragment:48
finseq_3:theorem:20 => finseq_3:fragment:41
finseq_3:theorem:119 => finseq_3:fragment:157
finseq_3:lemma:3 => finseq_3:fragment:70
finseq_3:lemma:10 => finseq_3:fragment:104
finseq_3:kdefiniens:1 => finseq_3:fragment:85[kf]
finseq_3:theorem:138 => finseq_3:fragment:209
finseq_3:theorem:2 => finseq_3:fragment:23
finseq_3:theorem:110 => finseq_3:fragment:148
finseq_3:lemma:9 => finseq_3:fragment:103
