fraenkel:scheme:14 => fraenkel:fragment:22
fraenkel:scheme:2 => fraenkel:fragment:7
fraenkel:fcluster:1 => fraenkel:fragment:36
fraenkel:theorem:5 => fraenkel:fragment:31
fraenkel:theorem:6 => fraenkel:fragment:37
fraenkel:scheme:9 => fraenkel:fragment:17
fraenkel:scheme:27 => fraenkel:fragment:40
fraenkel:scheme:24 => fraenkel:fragment:35
fraenkel:theorem:4 => fraenkel:fragment:30
fraenkel:scheme:11 => fraenkel:fragment:19
fraenkel:scheme:3 => fraenkel:fragment:8
fraenkel:scheme:4 => fraenkel:fragment:9
fraenkel:theorem:1 => fraenkel:fragment:14
fraenkel:scheme:12 => fraenkel:fragment:20
fraenkel:scheme:23 => fraenkel:fragment:34
fraenkel:scheme:7 => fraenkel:fragment:12
fraenkel:scheme:10 => fraenkel:fragment:18
fraenkel:theorem:3 => fraenkel:fragment:16
fraenkel:scheme:1 => fraenkel:fragment:6
fraenkel:scheme:13 => fraenkel:fragment:21
fraenkel:theorem:2 => fraenkel:fragment:15
fraenkel:scheme:8 => fraenkel:fragment:13
fraenkel:scheme:25 => fraenkel:fragment:38
fraenkel:scheme:16 => fraenkel:fragment:24
fraenkel:scheme:18 => fraenkel:fragment:26
fraenkel:scheme:5 => fraenkel:fragment:10
fraenkel:scheme:26 => fraenkel:fragment:39
fraenkel:scheme:19 => fraenkel:fragment:27
fraenkel:scheme:20 => fraenkel:fragment:28
fraenkel:scheme:22 => fraenkel:fragment:33
fraenkel:scheme:17 => fraenkel:fragment:25
fraenkel:scheme:21 => fraenkel:fragment:32
fraenkel:scheme:28 => fraenkel:fragment:41
fraenkel:scheme:6 => fraenkel:fragment:11
fraenkel:scheme:15 => fraenkel:fragment:23
