funct_4:theorem:118 => funct_4:fragment:181
funct_4:theorem:49 => funct_4:fragment:84
funct_4:theorem:105 => funct_4:fragment:157
funct_4:theorem:58 => funct_4:fragment:94
funct_4:theorem:47 => funct_4:fragment:82
funct_4:theorem:73 => funct_4:fragment:115
funct_4:theorem:63 => funct_4:fragment:101
funct_4:deftheorem:4 => funct_4:fragment:98[dt]
funct_4:theorem:75 => funct_4:fragment:118
funct_4:theorem:97 => funct_4:fragment:146
funct_4:theorem:80 => funct_4:fragment:128
funct_4:kconstructor:3[uniqueness] => funct_4:fragment:89[un]
funct_4:theorem:84 => funct_4:fragment:132
funct_4:theorem:7 => funct_4:fragment:38
funct_4:reduction:2 => funct_4:fragment:53
funct_4:theorem:67 => funct_4:fragment:106
funct_4:theorem:44 => funct_4:fragment:79
funct_4:kconstructor:5[coherence] => funct_4:fragment:104[ch]
funct_4:fcluster:6 => funct_4:fragment:167
funct_4:theorem:123 => funct_4:fragment:186
funct_4:theorem:23 => funct_4:fragment:57
funct_4:theorem:79 => funct_4:fragment:127
funct_4:theorem:18 => funct_4:fragment:50
funct_4:kconstructor:2[existence] => funct_4:fragment:75[ex]
funct_4:theorem:36 => funct_4:fragment:70
funct_4:kconstructor:7[idempotence] => funct_4:fragment:164[id]
funct_4:theorem:107 => funct_4:fragment:159
funct_4:theorem:51 => funct_4:fragment:86
funct_4:theorem:5 => funct_4:fragment:36
funct_4:theorem:103 => funct_4:fragment:155
funct_4:theorem:31 => funct_4:fragment:65
funct_4:theorem:61 => funct_4:fragment:97
funct_4:theorem:39 => funct_4:fragment:73
funct_4:kconstructor:5 => funct_4:fragment:104[kc]
funct_4:kpattern:6 => funct_4:fragment:149[kp]
funct_4:theorem:77 => funct_4:fragment:120
funct_4:theorem:114 => funct_4:fragment:176
funct_4:theorem:57 => funct_4:fragment:93
funct_4:kdefiniens:2 => funct_4:fragment:75[kf]
funct_4:theorem:26 => funct_4:fragment:60
funct_4:theorem:100 => funct_4:fragment:152
funct_4:theorem:94 => funct_4:fragment:143
funct_4:theorem:15 => funct_4:fragment:47
funct_4:fcluster:11 => funct_4:fragment:172
funct_4:theorem:101 => funct_4:fragment:153
funct_4:theorem:10 => funct_4:fragment:42
funct_4:theorem:120 => funct_4:fragment:183
funct_4:kconstructor:1[idempotence] => funct_4:fragment:41[id]
funct_4:fcluster:12 => funct_4:fragment:177
funct_4:theorem:87 => funct_4:fragment:135
funct_4:theorem:13 => funct_4:fragment:45
funct_4:theorem:112 => funct_4:fragment:174
funct_4:theorem:106 => funct_4:fragment:158
funct_4:theorem:20 => funct_4:fragment:54
funct_4:theorem:43 => funct_4:fragment:78
funct_4:kconstructor:6[coherence] => funct_4:fragment:149[ch]
funct_4:theorem:115 => funct_4:fragment:178
funct_4:fcluster:3 => funct_4:fragment:161
funct_4:theorem:25 => funct_4:fragment:59
funct_4:theorem:109 => funct_4:fragment:165
funct_4:theorem:99 => funct_4:fragment:151
funct_4:theorem:86 => funct_4:fragment:134
funct_4:theorem:65 => funct_4:fragment:103
funct_4:theorem:55 => funct_4:fragment:91
funct_4:kconstructor:1 => funct_4:fragment:41[kc]
funct_4:fcluster:5 => funct_4:fragment:163
funct_4:theorem:33 => funct_4:fragment:67
funct_4:theorem:116 => funct_4:fragment:179
funct_4:theorem:122 => funct_4:fragment:185
funct_4:theorem:28 => funct_4:fragment:62
funct_4:kdefiniens:4 => funct_4:fragment:98[kf]
funct_4:theorem:111 => funct_4:fragment:173
funct_4:theorem:74 => funct_4:fragment:116
funct_4:fcluster:9 => funct_4:fragment:170
funct_4:theorem:66 => funct_4:fragment:105
funct_4:kconstructor:4[coherence] => funct_4:fragment:98[ch]
funct_4:deftheorem:2 => funct_4:fragment:75[dt]
funct_4:kpattern:1 => funct_4:fragment:41[kp]
funct_4:theorem:124 => funct_4:fragment:187
funct_4:theorem:2 => funct_4:fragment:33
funct_4:theorem:83 => funct_4:fragment:131
funct_4:theorem:71 => funct_4:fragment:113
funct_4:theorem:56 => funct_4:fragment:92
funct_4:theorem:119 => funct_4:fragment:182
funct_4:theorem:59 => funct_4:fragment:95
funct_4:theorem:92 => funct_4:fragment:140
funct_4:theorem:41 => funct_4:fragment:76
funct_4:theorem:50 => funct_4:fragment:85
funct_4:fcluster:1 => funct_4:fragment:99
funct_4:reduction:1 => funct_4:fragment:52
funct_4:theorem:64 => funct_4:fragment:102
funct_4:theorem:27 => funct_4:fragment:61
funct_4:theorem:38 => funct_4:fragment:72
funct_4:theorem:90 => funct_4:fragment:138
funct_4:theorem:6 => funct_4:fragment:37
funct_4:theorem:8 => funct_4:fragment:39
funct_4:fcluster:7 => funct_4:fragment:168
funct_4:theorem:89 => funct_4:fragment:137
funct_4:theorem:96 => funct_4:fragment:145
funct_4:deftheorem:1 => funct_4:fragment:41[dt]
funct_4:theorem:46 => funct_4:fragment:81
funct_4:theorem:35 => funct_4:fragment:69
funct_4:kpattern:3 => funct_4:fragment:89[kp]
funct_4:theorem:76 => funct_4:fragment:119
funct_4:reduction:3 => funct_4:fragment:141
funct_4:kconstructor:2[uniqueness] => funct_4:fragment:75[un]
funct_4:theorem:1 => funct_4:fragment:32
funct_4:fcluster:4 => funct_4:fragment:162
funct_4:theorem:104 => funct_4:fragment:156
funct_4:theorem:62 => funct_4:fragment:100
funct_4:theorem:69 => funct_4:fragment:109
funct_4:kconstructor:6 => funct_4:fragment:149[kc]
funct_4:theorem:98 => funct_4:fragment:147
funct_4:kpattern:5 => funct_4:fragment:104[kp]
funct_4:theorem:30 => funct_4:fragment:64
funct_4:theorem:113 => funct_4:fragment:175
funct_4:theorem:95 => funct_4:fragment:144
funct_4:lemma:2 => funct_4:fragment:117
funct_4:kconstructor:7 => funct_4:fragment:164[kc]
funct_4:theorem:53 => funct_4:fragment:88
funct_4:theorem:108 => funct_4:fragment:160
funct_4:theorem:68 => funct_4:fragment:107
funct_4:kconstructor:3 => funct_4:fragment:89[kc]
funct_4:theorem:14 => funct_4:fragment:46
funct_4:theorem:37 => funct_4:fragment:71
funct_4:theorem:102 => funct_4:fragment:154
funct_4:theorem:11 => funct_4:fragment:43
funct_4:kdefiniens:3 => funct_4:fragment:89[kf]
funct_4:theorem:24 => funct_4:fragment:58
funct_4:kconstructor:1[uniqueness] => funct_4:fragment:41[un]
funct_4:theorem:45 => funct_4:fragment:80
funct_4:theorem:17 => funct_4:fragment:49
funct_4:theorem:4 => funct_4:fragment:35
funct_4:theorem:78 => funct_4:fragment:121
funct_4:theorem:19 => funct_4:fragment:51
funct_4:theorem:117 => funct_4:fragment:180
funct_4:theorem:85 => funct_4:fragment:133
funct_4:theorem:42 => funct_4:fragment:77
funct_4:theorem:3 => funct_4:fragment:34
funct_4:theorem:16 => funct_4:fragment:48
funct_4:deftheorem:3 => funct_4:fragment:89[dt]
funct_4:theorem:60 => funct_4:fragment:96
funct_4:theorem:29 => funct_4:fragment:63
funct_4:fcluster:2 => funct_4:fragment:150
funct_4:theorem:9 => funct_4:fragment:40
funct_4:theorem:12 => funct_4:fragment:44
funct_4:kconstructor:4 => funct_4:fragment:98[kc]
funct_4:kpattern:7 => funct_4:fragment:164[kp]
funct_4:theorem:52 => funct_4:fragment:87
funct_4:theorem:70 => funct_4:fragment:112
funct_4:theorem:121 => funct_4:fragment:184
funct_4:fcluster:8 => funct_4:fragment:169
funct_4:lemma:1 => funct_4:fragment:31
funct_4:kconstructor:2 => funct_4:fragment:75[kc]
funct_4:theorem:22 => funct_4:fragment:56
funct_4:theorem:34 => funct_4:fragment:68
funct_4:theorem:21 => funct_4:fragment:55
funct_4:kconstructor:7[coherence] => funct_4:fragment:164[ch]
funct_4:theorem:54 => funct_4:fragment:90
funct_4:theorem:93 => funct_4:fragment:142
funct_4:theorem:125 => funct_4:fragment:189
funct_4:kpattern:4 => funct_4:fragment:98[kp]
funct_4:kpattern:2 => funct_4:fragment:75[kp]
funct_4:deftheorem:5 => funct_4:fragment:149[dt]
funct_4:theorem:82 => funct_4:fragment:130
funct_4:kconstructor:1[existence] => funct_4:fragment:41[ex]
funct_4:theorem:72 => funct_4:fragment:114
funct_4:kdefiniens:5 => funct_4:fragment:149[kf]
funct_4:fcluster:10 => funct_4:fragment:171
funct_4:theorem:32 => funct_4:fragment:66
funct_4:theorem:88 => funct_4:fragment:136
funct_4:theorem:48 => funct_4:fragment:83
funct_4:theorem:110 => funct_4:fragment:166
funct_4:theorem:40 => funct_4:fragment:74
funct_4:kconstructor:3[existence] => funct_4:fragment:89[ex]
funct_4:theorem:81 => funct_4:fragment:129
funct_4:kdefiniens:1 => funct_4:fragment:41[kf]
funct_4:theorem:91 => funct_4:fragment:139
funct_4:fcluster:13 => funct_4:fragment:188
