funcop_1:theorem:19 => funcop_1:fragment:37
funcop_1:theorem:7 => funcop_1:fragment:22
funcop_1:fcluster:13 => funcop_1:fragment:195
funcop_1:theorem:61 => funcop_1:fragment:151
funcop_1:kconstructor:2 => funcop_1:fragment:20[kc]
funcop_1:theorem:53 => funcop_1:fragment:132
funcop_1:kpattern:11 => funcop_1:fragment:145[kp]
funcop_1:theorem:51 => funcop_1:fragment:113
funcop_1:theorem:17 => funcop_1:fragment:35
funcop_1:theorem:12 => funcop_1:fragment:30
funcop_1:kpattern:15 => funcop_1:fragment:177[kp]
funcop_1:rcluster:2 => funcop_1:fragment:198
funcop_1:fcluster:8 => funcop_1:fragment:167
funcop_1:vdefiniens:1 => funcop_1:fragment:165[vf]
funcop_1:theorem:2 => funcop_1:fragment:15
funcop_1:kconstructor:3 => funcop_1:fragment:39[kc]
funcop_1:kdefiniens:5 => funcop_1:fragment:54[kf]
funcop_1:theorem:63 => funcop_1:fragment:153
funcop_1:theorem:48 => funcop_1:fragment:110
funcop_1:kpattern:19 => funcop_1:fragment:192[kp]
funcop_1:deftheorem:9 => funcop_1:fragment:178[dt]
funcop_1:theorem:55 => funcop_1:fragment:142
funcop_1:kpattern:12 => funcop_1:fragment:146[kp]
funcop_1:deftheorem:1 => funcop_1:fragment:14[dt]
funcop_1:fcluster:23 => funcop_1:fragment:221
funcop_1:kconstructor:18 => funcop_1:fragment:193[kc]
funcop_1:theorem:85 => funcop_1:fragment:219
funcop_1:kconstructor:8[coherence] => funcop_1:fragment:90[ch]
funcop_1:kconstructor:18[coherence] => funcop_1:fragment:193[ch]
funcop_1:theorem:70 => funcop_1:fragment:170
funcop_1:theorem:32 => funcop_1:fragment:57
funcop_1:kdefiniens:3 => funcop_1:fragment:39[kf]
funcop_1:kpattern:10 => funcop_1:fragment:123[kp]
funcop_1:vpattern:2 => funcop_1:fragment:224[vp]
funcop_1:kdefiniens:9[compatibility] => funcop_1:fragment:185[cp]
funcop_1:kpattern:2 => funcop_1:fragment:20[kp]
funcop_1:kconstructor:3[coherence] => funcop_1:fragment:39[ch]
funcop_1:deftheorem:7 => funcop_1:fragment:174[dt]
funcop_1:deftheorem:3 => funcop_1:fragment:39[dt]
funcop_1:vpattern:1 => funcop_1:fragment:165[vp]
funcop_1:theorem:60 => funcop_1:fragment:150
funcop_1:kconstructor:5 => funcop_1:fragment:54[kc]
funcop_1:theorem:16 => funcop_1:fragment:34
funcop_1:theorem:67 => funcop_1:fragment:162
funcop_1:theorem:27 => funcop_1:fragment:50
funcop_1:kpattern:20 => funcop_1:fragment:193[kp]
funcop_1:fcluster:20 => funcop_1:fragment:211
funcop_1:theorem:65 => funcop_1:fragment:155
funcop_1:theorem:57 => funcop_1:fragment:144
funcop_1:kpattern:6 => funcop_1:fragment:71[kp]
funcop_1:theorem:79 => funcop_1:fragment:201
funcop_1:fcluster:10 => funcop_1:fragment:169
funcop_1:theorem:6 => funcop_1:fragment:19
funcop_1:kconstructor:7 => funcop_1:fragment:89[kc]
funcop_1:theorem:72 => funcop_1:fragment:181
funcop_1:kpattern:8 => funcop_1:fragment:90[kp]
funcop_1:theorem:4 => funcop_1:fragment:17
funcop_1:fcluster:2 => funcop_1:fragment:25
funcop_1:kconstructor:5[coherence] => funcop_1:fragment:54[ch]
funcop_1:theorem:59 => funcop_1:fragment:149
funcop_1:theorem:33 => funcop_1:fragment:58
funcop_1:theorem:10 => funcop_1:fragment:28
funcop_1:theorem:75 => funcop_1:fragment:190
funcop_1:theorem:26 => funcop_1:fragment:49
funcop_1:theorem:62 => funcop_1:fragment:152
funcop_1:kconstructor:11 => funcop_1:fragment:145[kc]
funcop_1:kconstructor:2[coherence] => funcop_1:fragment:20[ch]
funcop_1:fcluster:19 => funcop_1:fragment:207
funcop_1:vconstructor:1 => funcop_1:fragment:165[vc]
funcop_1:theorem:42 => funcop_1:fragment:85
funcop_1:kconstructor:7[coherence] => funcop_1:fragment:89[ch]
funcop_1:theorem:73 => funcop_1:fragment:182
funcop_1:theorem:38 => funcop_1:fragment:81
funcop_1:theorem:24 => funcop_1:fragment:45
funcop_1:theorem:50 => funcop_1:fragment:112
funcop_1:theorem:9 => funcop_1:fragment:24
funcop_1:kconstructor:13[coherence] => funcop_1:fragment:174[ch]
funcop_1:vdefiniens:2 => funcop_1:fragment:224[vf]
funcop_1:theorem:35 => funcop_1:fragment:60
funcop_1:theorem:81 => funcop_1:fragment:206
funcop_1:kconstructor:13 => funcop_1:fragment:174[kc]
funcop_1:fcluster:15 => funcop_1:fragment:197
funcop_1:theorem:88 => funcop_1:fragment:232
funcop_1:kpattern:4 => funcop_1:fragment:47[kp]
funcop_1:kdefiniens:2 => funcop_1:fragment:20[kf]
funcop_1:theorem:21 => funcop_1:fragment:42
funcop_1:theorem:40 => funcop_1:fragment:83
funcop_1:fcluster:21 => funcop_1:fragment:213
funcop_1:theorem:77 => funcop_1:fragment:194
funcop_1:kconstructor:9 => funcop_1:fragment:101[kc]
funcop_1:kpattern:17 => funcop_1:fragment:183[kp]
funcop_1:deftheorem:11 => funcop_1:fragment:224[dt]
funcop_1:kconstructor:16 => funcop_1:fragment:178[kc]
funcop_1:rcluster:3 => funcop_1:fragment:203
funcop_1:kconstructor:1 => funcop_1:fragment:14[kc]
funcop_1:theorem:87 => funcop_1:fragment:227
funcop_1:kconstructor:14[coherence] => funcop_1:fragment:176[ch]
funcop_1:kconstructor:17[coherence] => funcop_1:fragment:185[ch]
funcop_1:theorem:86 => funcop_1:fragment:222
funcop_1:theorem:45 => funcop_1:fragment:88
funcop_1:theorem:1 => funcop_1:fragment:6
funcop_1:theorem:8 => funcop_1:fragment:23
funcop_1:fcluster:1 => funcop_1:fragment:21
funcop_1:kconstructor:1[uniqueness] => funcop_1:fragment:14[un]
funcop_1:theorem:29 => funcop_1:fragment:52
funcop_1:ccluster:2 => funcop_1:fragment:225
funcop_1:theorem:83 => funcop_1:fragment:210
funcop_1:fcluster:22 => funcop_1:fragment:220
funcop_1:fcluster:6 => funcop_1:fragment:48
funcop_1:kconstructor:9[coherence] => funcop_1:fragment:101[ch]
funcop_1:theorem:18 => funcop_1:fragment:36
funcop_1:fcluster:3 => funcop_1:fragment:26
funcop_1:kdefiniens:7 => funcop_1:fragment:176[kf]
funcop_1:kdefiniens:4 => funcop_1:fragment:47[kf]
funcop_1:theorem:47 => funcop_1:fragment:100
funcop_1:kpattern:13 => funcop_1:fragment:174[kp]
funcop_1:theorem:22 => funcop_1:fragment:43
funcop_1:theorem:64 => funcop_1:fragment:154
funcop_1:theorem:23 => funcop_1:fragment:44
funcop_1:kconstructor:14 => funcop_1:fragment:176[kc]
funcop_1:theorem:82 => funcop_1:fragment:209
funcop_1:kpattern:9 => funcop_1:fragment:101[kp]
funcop_1:theorem:52 => funcop_1:fragment:122
funcop_1:theorem:13 => funcop_1:fragment:31
funcop_1:vconstructor:2 => funcop_1:fragment:224[vc]
funcop_1:fcluster:12 => funcop_1:fragment:180
funcop_1:theorem:69 => funcop_1:fragment:164
funcop_1:ccluster:3 => funcop_1:fragment:226
funcop_1:theorem:37 => funcop_1:fragment:80
funcop_1:fcluster:9 => funcop_1:fragment:168
funcop_1:theorem:11 => funcop_1:fragment:29
funcop_1:theorem:71 => funcop_1:fragment:175
funcop_1:theorem:58 => funcop_1:fragment:147
funcop_1:kpattern:5 => funcop_1:fragment:54[kp]
funcop_1:fcluster:16 => funcop_1:fragment:199
funcop_1:kconstructor:16[coherence] => funcop_1:fragment:178[ch]
funcop_1:lemma:2 => funcop_1:fragment:184
funcop_1:deftheorem:8 => funcop_1:fragment:176[dt]
funcop_1:fcluster:7 => funcop_1:fragment:55
funcop_1:theorem:30 => funcop_1:fragment:53
funcop_1:kpattern:1 => funcop_1:fragment:14[kp]
funcop_1:kconstructor:6 => funcop_1:fragment:71[kc]
funcop_1:theorem:56 => funcop_1:fragment:143
funcop_1:deftheorem:6 => funcop_1:fragment:165[dt]
funcop_1:fcluster:5 => funcop_1:fragment:40
funcop_1:lemma:1 => funcop_1:fragment:41
funcop_1:kconstructor:4 => funcop_1:fragment:47[kc]
funcop_1:deftheorem:5 => funcop_1:fragment:54[dt]
funcop_1:theorem:66 => funcop_1:fragment:156
funcop_1:theorem:15 => funcop_1:fragment:33
funcop_1:kconstructor:10[coherence] => funcop_1:fragment:123[ch]
funcop_1:kconstructor:15[coherence] => funcop_1:fragment:177[ch]
funcop_1:kpattern:14 => funcop_1:fragment:176[kp]
funcop_1:theorem:25 => funcop_1:fragment:46
funcop_1:theorem:68 => funcop_1:fragment:163
funcop_1:kpattern:7 => funcop_1:fragment:89[kp]
funcop_1:theorem:14 => funcop_1:fragment:32
funcop_1:theorem:84 => funcop_1:fragment:212
funcop_1:theorem:43 => funcop_1:fragment:86
funcop_1:kconstructor:8 => funcop_1:fragment:90[kc]
funcop_1:kconstructor:11[coherence] => funcop_1:fragment:145[ch]
funcop_1:kdefiniens:6 => funcop_1:fragment:174[kf]
funcop_1:theorem:44 => funcop_1:fragment:87
funcop_1:fcluster:17 => funcop_1:fragment:204
funcop_1:theorem:41 => funcop_1:fragment:84
funcop_1:kdefiniens:9 => funcop_1:fragment:185[kf]
funcop_1:fcluster:11 => funcop_1:fragment:179
funcop_1:rcluster:1 => funcop_1:fragment:166
funcop_1:kconstructor:4[coherence] => funcop_1:fragment:47[ch]
funcop_1:theorem:31 => funcop_1:fragment:56
funcop_1:kconstructor:6[coherence] => funcop_1:fragment:71[ch]
funcop_1:kdefiniens:1 => funcop_1:fragment:14[kf]
funcop_1:theorem:3 => funcop_1:fragment:16
funcop_1:kconstructor:10 => funcop_1:fragment:123[kc]
funcop_1:theorem:5 => funcop_1:fragment:18
funcop_1:theorem:28 => funcop_1:fragment:51
funcop_1:theorem:89 => funcop_1:fragment:233
funcop_1:kconstructor:12 => funcop_1:fragment:146[kc]
funcop_1:kconstructor:12[involutiveness] => funcop_1:fragment:146[in]
funcop_1:theorem:20 => funcop_1:fragment:38
funcop_1:theorem:78 => funcop_1:fragment:200
funcop_1:theorem:54 => funcop_1:fragment:133
funcop_1:theorem:36 => funcop_1:fragment:70
funcop_1:theorem:39 => funcop_1:fragment:82
funcop_1:theorem:74 => funcop_1:fragment:189
funcop_1:kconstructor:1[existence] => funcop_1:fragment:14[ex]
funcop_1:fcluster:14 => funcop_1:fragment:196
funcop_1:deftheorem:2 => funcop_1:fragment:20[dt]
funcop_1:kdefiniens:8 => funcop_1:fragment:178[kf]
funcop_1:fcluster:4 => funcop_1:fragment:27
funcop_1:fcluster:18 => funcop_1:fragment:205
funcop_1:theorem:46 => funcop_1:fragment:91
funcop_1:kconstructor:17 => funcop_1:fragment:185[kc]
funcop_1:theorem:76 => funcop_1:fragment:191
funcop_1:kconstructor:12[coherence] => funcop_1:fragment:146[ch]
funcop_1:ccluster:1 => funcop_1:fragment:223
funcop_1:deftheorem:4 => funcop_1:fragment:47[dt]
funcop_1:kconstructor:1[involutiveness] => funcop_1:fragment:14[in]
funcop_1:kconstructor:15 => funcop_1:fragment:177[kc]
funcop_1:kpattern:18 => funcop_1:fragment:185[kp]
funcop_1:theorem:80 => funcop_1:fragment:202
funcop_1:theorem:49 => funcop_1:fragment:111
funcop_1:deftheorem:10 => funcop_1:fragment:185[dt]
funcop_1:rcluster:4 => funcop_1:fragment:208
funcop_1:theorem:34 => funcop_1:fragment:59
funcop_1:kpattern:16 => funcop_1:fragment:178[kp]
funcop_1:kpattern:3 => funcop_1:fragment:39[kp]
