funct_5:deftheorem:2 => funct_5:fragment:42[dt]
funct_5:theorem:12 => funct_5:fragment:34
funct_5:kconstructor:6 => funct_5:fragment:96[kc]
funct_5:kconstructor:3 => funct_5:fragment:43[kc]
funct_5:theorem:6 => funct_5:fragment:28
funct_5:theorem:22 => funct_5:fragment:48
funct_5:theorem:40 => funct_5:fragment:66
funct_5:theorem:25 => funct_5:fragment:51
funct_5:kpattern:4 => funct_5:fragment:44[kp]
funct_5:theorem:31 => funct_5:fragment:57
funct_5:kconstructor:8 => funct_5:fragment:98[kc]
funct_5:theorem:5 => funct_5:fragment:27
funct_5:kconstructor:1[uniqueness] => funct_5:fragment:41[un]
funct_5:kconstructor:5 => funct_5:fragment:95[kc]
funct_5:theorem:41 => funct_5:fragment:67
funct_5:theorem:14 => funct_5:fragment:36
funct_5:theorem:33 => funct_5:fragment:59
funct_5:theorem:60 => funct_5:fragment:86
funct_5:scheme:1 => funct_5:fragment:22
funct_5:kconstructor:1[existence] => funct_5:fragment:41[ex]
funct_5:theorem:48 => funct_5:fragment:74
funct_5:theorem:32 => funct_5:fragment:58
funct_5:theorem:63 => funct_5:fragment:89
funct_5:kconstructor:2[uniqueness] => funct_5:fragment:42[un]
funct_5:theorem:71 => funct_5:fragment:114
funct_5:theorem:10 => funct_5:fragment:32
funct_5:theorem:9 => funct_5:fragment:31
funct_5:kpattern:1 => funct_5:fragment:41[kp]
funct_5:theorem:29 => funct_5:fragment:55
funct_5:theorem:47 => funct_5:fragment:73
funct_5:kconstructor:10 => funct_5:fragment:105[kc]
funct_5:theorem:44 => funct_5:fragment:70
funct_5:theorem:27 => funct_5:fragment:53
funct_5:theorem:70 => funct_5:fragment:112
funct_5:kconstructor:5[coherence] => funct_5:fragment:95[ch]
funct_5:kdefiniens:6 => funct_5:fragment:97[kf]
funct_5:theorem:49 => funct_5:fragment:75
funct_5:theorem:8 => funct_5:fragment:30
funct_5:theorem:7 => funct_5:fragment:29
funct_5:kpattern:5 => funct_5:fragment:94[kp]
funct_5:kconstructor:3[coherence] => funct_5:fragment:43[ch]
funct_5:theorem:67 => funct_5:fragment:107
funct_5:kdefiniens:5 => funct_5:fragment:96[kf]
funct_5:theorem:57 => funct_5:fragment:83
funct_5:theorem:39 => funct_5:fragment:65
funct_5:theorem:3 => funct_5:fragment:25
funct_5:kconstructor:4[coherence] => funct_5:fragment:44[ch]
funct_5:kconstructor:10[coherence] => funct_5:fragment:105[ch]
funct_5:kpattern:7 => funct_5:fragment:96[kp]
funct_5:theorem:4 => funct_5:fragment:26
funct_5:kdefiniens:2 => funct_5:fragment:42[kf]
funct_5:theorem:68 => funct_5:fragment:108
funct_5:kdefiniens:3 => funct_5:fragment:43[kf]
funct_5:kpattern:12 => funct_5:fragment:109[kp]
funct_5:theorem:20 => funct_5:fragment:46
funct_5:kdefiniens:1 => funct_5:fragment:41[kf]
funct_5:theorem:30 => funct_5:fragment:56
funct_5:theorem:19 => funct_5:fragment:45
funct_5:kpattern:10 => funct_5:fragment:99[kp]
funct_5:kdefiniens:4 => funct_5:fragment:44[kf]
funct_5:kconstructor:7 => funct_5:fragment:97[kc]
funct_5:theorem:28 => funct_5:fragment:54
funct_5:kpattern:3 => funct_5:fragment:43[kp]
funct_5:theorem:53 => funct_5:fragment:79
funct_5:theorem:51 => funct_5:fragment:77
funct_5:kpattern:6 => funct_5:fragment:95[kp]
funct_5:kconstructor:13[coherence] => funct_5:fragment:113[ch]
funct_5:theorem:52 => funct_5:fragment:78
funct_5:deftheorem:3 => funct_5:fragment:43[dt]
funct_5:kconstructor:9 => funct_5:fragment:99[kc]
funct_5:theorem:56 => funct_5:fragment:82
funct_5:theorem:43 => funct_5:fragment:69
funct_5:theorem:58 => funct_5:fragment:84
funct_5:theorem:72 => funct_5:fragment:115
funct_5:kpattern:14 => funct_5:fragment:113[kp]
funct_5:kconstructor:1 => funct_5:fragment:41[kc]
funct_5:kconstructor:9[coherence] => funct_5:fragment:99[ch]
funct_5:deftheorem:5 => funct_5:fragment:96[dt]
funct_5:kconstructor:2 => funct_5:fragment:42[kc]
funct_5:kconstructor:4 => funct_5:fragment:44[kc]
funct_5:theorem:45 => funct_5:fragment:71
funct_5:deftheorem:4 => funct_5:fragment:44[dt]
funct_5:kconstructor:12 => funct_5:fragment:110[kc]
funct_5:theorem:17 => funct_5:fragment:39
funct_5:theorem:16 => funct_5:fragment:38
funct_5:theorem:24 => funct_5:fragment:50
funct_5:theorem:66 => funct_5:fragment:92
funct_5:theorem:26 => funct_5:fragment:52
funct_5:kconstructor:13 => funct_5:fragment:113[kc]
funct_5:theorem:55 => funct_5:fragment:81
funct_5:theorem:69 => funct_5:fragment:111
funct_5:theorem:38 => funct_5:fragment:64
funct_5:kpattern:13 => funct_5:fragment:110[kp]
funct_5:theorem:18 => funct_5:fragment:40
funct_5:theorem:15 => funct_5:fragment:37
funct_5:kconstructor:12[coherence] => funct_5:fragment:110[ch]
funct_5:kpattern:9 => funct_5:fragment:98[kp]
funct_5:deftheorem:6 => funct_5:fragment:97[dt]
funct_5:theorem:50 => funct_5:fragment:76
funct_5:theorem:35 => funct_5:fragment:61
funct_5:kconstructor:2[existence] => funct_5:fragment:42[ex]
funct_5:theorem:59 => funct_5:fragment:85
funct_5:theorem:13 => funct_5:fragment:35
funct_5:theorem:21 => funct_5:fragment:47
funct_5:theorem:61 => funct_5:fragment:87
funct_5:theorem:37 => funct_5:fragment:63
funct_5:theorem:34 => funct_5:fragment:60
funct_5:theorem:64 => funct_5:fragment:90
funct_5:kpattern:11 => funct_5:fragment:105[kp]
funct_5:theorem:42 => funct_5:fragment:68
funct_5:kconstructor:8[coherence] => funct_5:fragment:98[ch]
funct_5:theorem:2 => funct_5:fragment:24
funct_5:theorem:11 => funct_5:fragment:33
funct_5:theorem:1 => funct_5:fragment:23
funct_5:deftheorem:1 => funct_5:fragment:41[dt]
funct_5:kpattern:8 => funct_5:fragment:97[kp]
funct_5:kconstructor:7[coherence] => funct_5:fragment:97[ch]
funct_5:theorem:65 => funct_5:fragment:91
funct_5:kpattern:2 => funct_5:fragment:42[kp]
funct_5:kconstructor:11[coherence] => funct_5:fragment:109[ch]
funct_5:theorem:23 => funct_5:fragment:49
funct_5:kconstructor:6[coherence] => funct_5:fragment:96[ch]
funct_5:theorem:36 => funct_5:fragment:62
funct_5:theorem:62 => funct_5:fragment:88
funct_5:kconstructor:11 => funct_5:fragment:109[kc]
funct_5:theorem:54 => funct_5:fragment:80
funct_5:theorem:46 => funct_5:fragment:72
