funct_1:theorem:105 => funct_1:fragment:188
funct_1:theorem:58 => funct_1:fragment:106
funct_1:kpattern:4 => funct_1:fragment:74[kp]
funct_1:scheme:5 => funct_1:fragment:198
funct_1:theorem:76 => funct_1:fragment:126
funct_1:vdefiniens:4 => funct_1:fragment:148[vf]
funct_1:theorem:106 => funct_1:fragment:190
funct_1:theorem:71 => funct_1:fragment:121
funct_1:vconstructor:4 => funct_1:fragment:175[vc]
funct_1:kdefiniens:2 => funct_1:fragment:34[kf]
funct_1:theorem:60 => funct_1:fragment:109
funct_1:theorem:96 => funct_1:fragment:160
funct_1:fcluster:2 => funct_1:fragment:45
funct_1:ccluster:1 => funct_1:fragment:19
funct_1:vdefiniens:6 => funct_1:fragment:175[vf]
funct_1:theorem:34 => funct_1:fragment:77
funct_1:fcluster:5 => funct_1:fragment:73
funct_1:theorem:102 => funct_1:fragment:174
funct_1:theorem:79 => funct_1:fragment:129
funct_1:theorem:25 => funct_1:fragment:63
funct_1:theorem:92 => funct_1:fragment:146
funct_1:theorem:31 => funct_1:fragment:70
funct_1:theorem:86 => funct_1:fragment:136
funct_1:theorem:91 => funct_1:fragment:141
funct_1:fcluster:9 => funct_1:fragment:100
funct_1:fcluster:12 => funct_1:fragment:164
funct_1:theorem:7 => funct_1:fragment:41
funct_1:deftheorem:11 => funct_1:fragment:155[dt]
funct_1:rdefiniens:1[compatibility] => funct_1:fragment:155[cp]
funct_1:theorem:14 => funct_1:fragment:50
funct_1:kdefiniens:4 => funct_1:fragment:107[kf]
funct_1:theorem:18 => funct_1:fragment:55
funct_1:theorem:38 => funct_1:fragment:81
funct_1:vpattern:6 => funct_1:fragment:175[vp]
funct_1:theorem:40 => funct_1:fragment:83
funct_1:ccluster:4 => funct_1:fragment:163
funct_1:theorem:12 => funct_1:fragment:48
funct_1:theorem:80 => funct_1:fragment:130
funct_1:fcluster:17 => funct_1:fragment:192
funct_1:theorem:95 => funct_1:fragment:159
funct_1:theorem:56 => funct_1:fragment:104
funct_1:theorem:68 => funct_1:fragment:118
funct_1:theorem:43 => funct_1:fragment:89
funct_1:kpattern:1 => funct_1:fragment:31[kp]
funct_1:deftheorem:13 => funct_1:fragment:175[dt]
funct_1:theorem:29 => funct_1:fragment:67
funct_1:fcluster:15 => funct_1:fragment:178
funct_1:deftheorem:3 => funct_1:fragment:34[dt]
funct_1:scheme:2 => funct_1:fragment:37
funct_1:kconstructor:3[existence] => funct_1:fragment:172[ex]
funct_1:theorem:88 => funct_1:fragment:138
funct_1:theorem:48 => funct_1:fragment:95
funct_1:theorem:3 => funct_1:fragment:35
funct_1:kdefiniens:2[compatibility] => funct_1:fragment:34[cp]
funct_1:theorem:45 => funct_1:fragment:91
funct_1:theorem:75 => funct_1:fragment:125
funct_1:vpattern:3 => funct_1:fragment:147[vp]
funct_1:ccluster:10 => funct_1:fragment:189
funct_1:theorem:16 => funct_1:fragment:52
funct_1:vdefiniens:1 => funct_1:fragment:18[vf]
funct_1:theorem:64 => funct_1:fragment:113
funct_1:theorem:20 => funct_1:fragment:57
funct_1:kpattern:6 => funct_1:fragment:117[kp]
funct_1:ccluster:8 => funct_1:fragment:180
funct_1:kdefiniens:6 => funct_1:fragment:172[kf]
funct_1:rcluster:8 => funct_1:fragment:185
funct_1:theorem:52 => funct_1:fragment:99
funct_1:theorem:28 => funct_1:fragment:66
funct_1:theorem:5 => funct_1:fragment:39
funct_1:ccluster:7 => funct_1:fragment:176
funct_1:fcluster:1 => funct_1:fragment:22
funct_1:scheme:3 => funct_1:fragment:38
funct_1:theorem:109 => funct_1:fragment:194
funct_1:kdefiniens:4[compatibility] => funct_1:fragment:107[cp]
funct_1:theorem:42 => funct_1:fragment:88
funct_1:deftheorem:1 => funct_1:fragment:18[dt]
funct_1:rcluster:5 => funct_1:fragment:165
funct_1:theorem:9 => funct_1:fragment:43
funct_1:kdefiniens:5[compatibility] => funct_1:fragment:117[cp]
funct_1:theorem:1 => funct_1:fragment:32
funct_1:deftheorem:2 => funct_1:fragment:31[dt]
funct_1:fcluster:8 => funct_1:fragment:92
funct_1:vpattern:2 => funct_1:fragment:61[vp]
funct_1:rdefiniens:1 => funct_1:fragment:155[rf]
funct_1:fcluster:14 => funct_1:fragment:177
funct_1:rcluster:7 => funct_1:fragment:179
funct_1:theorem:82 => funct_1:fragment:132
funct_1:kpattern:3 => funct_1:fragment:44[kp]
funct_1:vdefiniens:5 => funct_1:fragment:152[vf]
funct_1:kconstructor:2 => funct_1:fragment:74[kc]
funct_1:theorem:85 => funct_1:fragment:135
funct_1:deftheorem:5 => funct_1:fragment:74[dt]
funct_1:theorem:41 => funct_1:fragment:87
funct_1:theorem:74 => funct_1:fragment:124
funct_1:deftheorem:14 => funct_1:fragment:182[dt]
funct_1:ccluster:2 => funct_1:fragment:71
funct_1:theorem:73 => funct_1:fragment:123
funct_1:deftheorem:9 => funct_1:fragment:148[dt]
funct_1:theorem:61 => funct_1:fragment:110
funct_1:theorem:62 => funct_1:fragment:111
funct_1:theorem:87 => funct_1:fragment:137
funct_1:theorem:57 => funct_1:fragment:105
funct_1:fcluster:11 => funct_1:fragment:157
funct_1:theorem:17 => funct_1:fragment:54
funct_1:rcluster:2 => funct_1:fragment:72
funct_1:theorem:35 => funct_1:fragment:78
funct_1:kconstructor:2[coherence] => funct_1:fragment:74[ch]
funct_1:theorem:8 => funct_1:fragment:42
funct_1:fcluster:7 => funct_1:fragment:85
funct_1:theorem:77 => funct_1:fragment:127
funct_1:theorem:54 => funct_1:fragment:102
funct_1:theorem:98 => funct_1:fragment:162
funct_1:theorem:22 => funct_1:fragment:59
funct_1:vdefiniens:3[compatibility] => funct_1:fragment:147[cp]
funct_1:fcluster:3 => funct_1:fragment:53
funct_1:theorem:10 => funct_1:fragment:46
funct_1:deftheorem:7 => funct_1:fragment:117[dt]
funct_1:kdefiniens:5 => funct_1:fragment:117[kf]
funct_1:fcluster:19 => funct_1:fragment:199
funct_1:theorem:39 => funct_1:fragment:82
funct_1:vpattern:4 => funct_1:fragment:148[vp]
funct_1:rcluster:1 => funct_1:fragment:20
funct_1:theorem:100 => funct_1:fragment:170
funct_1:theorem:66 => funct_1:fragment:115
funct_1:fcluster:16 => funct_1:fragment:186
funct_1:deftheorem:12 => funct_1:fragment:172[dt]
funct_1:vconstructor:5 => funct_1:fragment:182[vc]
funct_1:theorem:78 => funct_1:fragment:128
funct_1:theorem:103 => funct_1:fragment:183
funct_1:theorem:81 => funct_1:fragment:131
funct_1:vpattern:7 => funct_1:fragment:182[vp]
funct_1:theorem:50 => funct_1:fragment:97
funct_1:theorem:104 => funct_1:fragment:184
funct_1:theorem:33 => funct_1:fragment:76
funct_1:kconstructor:3[uniqueness] => funct_1:fragment:172[un]
funct_1:theorem:90 => funct_1:fragment:140
funct_1:theorem:23 => funct_1:fragment:60
funct_1:theorem:24 => funct_1:fragment:62
funct_1:theorem:6 => funct_1:fragment:40
funct_1:theorem:32 => funct_1:fragment:75
funct_1:theorem:65 => funct_1:fragment:114
funct_1:theorem:19 => funct_1:fragment:56
funct_1:theorem:67 => funct_1:fragment:116
funct_1:theorem:59 => funct_1:fragment:108
funct_1:theorem:70 => funct_1:fragment:120
funct_1:kconstructor:1[uniqueness] => funct_1:fragment:31[un]
funct_1:kdefiniens:1 => funct_1:fragment:31[kf]
funct_1:vconstructor:3 => funct_1:fragment:152[vc]
funct_1:vdefiniens:3 => funct_1:fragment:147[vf]
funct_1:theorem:55 => funct_1:fragment:103
funct_1:deftheorem:8 => funct_1:fragment:147[dt]
funct_1:vpattern:1 => funct_1:fragment:18[vp]
funct_1:theorem:26 => funct_1:fragment:64
funct_1:theorem:49 => funct_1:fragment:96
funct_1:theorem:110 => funct_1:fragment:196
funct_1:mpattern:1 => funct_1:fragment:21[mp]
funct_1:rpattern:1 => funct_1:fragment:155[rp]
funct_1:theorem:44 => funct_1:fragment:90
funct_1:kpattern:5 => funct_1:fragment:107[kp]
funct_1:theorem:11 => funct_1:fragment:47
funct_1:vdefiniens:7 => funct_1:fragment:182[vf]
funct_1:theorem:89 => funct_1:fragment:139
funct_1:theorem:93 => funct_1:fragment:153
funct_1:vdefiniens:2 => funct_1:fragment:61[vf]
funct_1:theorem:15 => funct_1:fragment:51
funct_1:theorem:13 => funct_1:fragment:49
funct_1:kpattern:7 => funct_1:fragment:172[kp]
funct_1:theorem:84 => funct_1:fragment:134
funct_1:theorem:107 => funct_1:fragment:191
funct_1:kdefiniens:3 => funct_1:fragment:74[kf]
funct_1:vconstructor:1 => funct_1:fragment:18[vc]
funct_1:theorem:37 => funct_1:fragment:80
funct_1:fcluster:4 => funct_1:fragment:68
funct_1:scheme:1 => funct_1:fragment:30
funct_1:rcluster:9 => funct_1:fragment:187
funct_1:kpattern:2 => funct_1:fragment:34[kp]
funct_1:theorem:4 => funct_1:fragment:36
funct_1:theorem:47 => funct_1:fragment:94
funct_1:theorem:46 => funct_1:fragment:93
funct_1:theorem:2 => funct_1:fragment:33
funct_1:theorem:94 => funct_1:fragment:154
funct_1:lemma:1 => funct_1:fragment:86
funct_1:theorem:99 => funct_1:fragment:169
funct_1:kconstructor:1[existence] => funct_1:fragment:31[ex]
funct_1:ccluster:3 => funct_1:fragment:158
funct_1:vpattern:5 => funct_1:fragment:152[vp]
funct_1:theorem:51 => funct_1:fragment:98
funct_1:theorem:21 => funct_1:fragment:58
funct_1:ccluster:6 => funct_1:fragment:168
funct_1:theorem:69 => funct_1:fragment:119
funct_1:theorem:30 => funct_1:fragment:69
funct_1:theorem:36 => funct_1:fragment:79
funct_1:theorem:63 => funct_1:fragment:112
funct_1:theorem:27 => funct_1:fragment:65
funct_1:rcluster:4 => funct_1:fragment:156
funct_1:vconstructor:2 => funct_1:fragment:61[vc]
funct_1:kconstructor:3 => funct_1:fragment:172[kc]
funct_1:theorem:72 => funct_1:fragment:122
funct_1:kconstructor:1 => funct_1:fragment:31[kc]
funct_1:theorem:108 => funct_1:fragment:193
funct_1:rcluster:6 => funct_1:fragment:173
funct_1:deftheorem:6 => funct_1:fragment:107[dt]
funct_1:theorem:97 => funct_1:fragment:161
funct_1:rcluster:3 => funct_1:fragment:149
funct_1:ccluster:5 => funct_1:fragment:167
funct_1:fcluster:13 => funct_1:fragment:166
funct_1:fcluster:18 => funct_1:fragment:195
funct_1:deftheorem:4 => funct_1:fragment:61[dt]
funct_1:ccluster:9 => funct_1:fragment:181
funct_1:scheme:4 => funct_1:fragment:150
funct_1:theorem:53 => funct_1:fragment:101
funct_1:vdefiniens:4[compatibility] => funct_1:fragment:148[cp]
funct_1:deftheorem:10 => funct_1:fragment:152[dt]
funct_1:fcluster:6 => funct_1:fragment:84
funct_1:theorem:101 => funct_1:fragment:171
funct_1:theorem:111 => funct_1:fragment:197
funct_1:theorem:83 => funct_1:fragment:133
funct_1:fcluster:10 => funct_1:fragment:151
