gate_5:kconstructor:13 => gate_5:fragment:15[kc]
gate_5:kconstructor:11[coherence] => gate_5:fragment:13[ch]
gate_5:deftheorem:19 => gate_5:fragment:26[dt]
gate_5:kconstructor:7 => gate_5:fragment:9[kc]
gate_5:kconstructor:3 => gate_5:fragment:4[kc]
gate_5:kdefiniens:18 => gate_5:fragment:25[kf]
gate_5:kpattern:6 => gate_5:fragment:8[kp]
gate_5:kconstructor:16[coherence] => gate_5:fragment:23[ch]
gate_5:deftheorem:2 => gate_5:fragment:3[dt]
gate_5:deftheorem:3 => gate_5:fragment:4[dt]
gate_5:deftheorem:11 => gate_5:fragment:13[dt]
gate_5:kconstructor:2 => gate_5:fragment:3[kc]
gate_5:theorem:1 => gate_5:fragment:6
gate_5:kconstructor:14 => gate_5:fragment:21[kc]
gate_5:kpattern:11 => gate_5:fragment:13[kp]
gate_5:kdefiniens:14 => gate_5:fragment:21[kf]
gate_5:kpattern:16 => gate_5:fragment:21[kp]
gate_5:kpattern:17 => gate_5:fragment:22[kp]
gate_5:kconstructor:4[coherence] => gate_5:fragment:5[ch]
gate_5:kconstructor:1 => gate_5:fragment:2[kc]
gate_5:kdefiniens:12 => gate_5:fragment:14[kf]
gate_5:kconstructor:5 => gate_5:fragment:7[kc]
gate_5:kconstructor:19[coherence] => gate_5:fragment:26[ch]
gate_5:kdefiniens:19 => gate_5:fragment:26[kf]
gate_5:deftheorem:5 => gate_5:fragment:7[dt]
gate_5:kpattern:7 => gate_5:fragment:9[kp]
gate_5:kconstructor:14[coherence] => gate_5:fragment:21[ch]
gate_5:kconstructor:10 => gate_5:fragment:12[kc]
gate_5:kpattern:15 => gate_5:fragment:20[kp]
gate_5:kpattern:21 => gate_5:fragment:26[kp]
gate_5:kconstructor:3[coherence] => gate_5:fragment:4[ch]
gate_5:kdefiniens:15 => gate_5:fragment:22[kf]
gate_5:deftheorem:16 => gate_5:fragment:23[dt]
gate_5:deftheorem:1 => gate_5:fragment:2[dt]
gate_5:kconstructor:2[coherence] => gate_5:fragment:3[ch]
gate_5:kconstructor:10[coherence] => gate_5:fragment:12[ch]
gate_5:kpattern:3 => gate_5:fragment:4[kp]
gate_5:deftheorem:9 => gate_5:fragment:11[dt]
gate_5:kpattern:14 => gate_5:fragment:19[kp]
gate_5:theorem:2 => gate_5:fragment:16
gate_5:kconstructor:4 => gate_5:fragment:5[kc]
gate_5:kdefiniens:11 => gate_5:fragment:13[kf]
gate_5:kconstructor:6 => gate_5:fragment:8[kc]
gate_5:kconstructor:18[coherence] => gate_5:fragment:25[ch]
gate_5:kdefiniens:2 => gate_5:fragment:3[kf]
gate_5:kdefiniens:5 => gate_5:fragment:7[kf]
gate_5:kconstructor:15 => gate_5:fragment:22[kc]
gate_5:kdefiniens:3 => gate_5:fragment:4[kf]
gate_5:kconstructor:12[coherence] => gate_5:fragment:14[ch]
gate_5:deftheorem:8 => gate_5:fragment:10[dt]
gate_5:kpattern:18 => gate_5:fragment:23[kp]
gate_5:kconstructor:5[coherence] => gate_5:fragment:7[ch]
gate_5:kpattern:4 => gate_5:fragment:5[kp]
gate_5:kdefiniens:13 => gate_5:fragment:15[kf]
gate_5:kdefiniens:17 => gate_5:fragment:24[kf]
gate_5:deftheorem:17 => gate_5:fragment:24[dt]
gate_5:kdefiniens:6 => gate_5:fragment:8[kf]
gate_5:kdefiniens:7 => gate_5:fragment:9[kf]
gate_5:kconstructor:12 => gate_5:fragment:14[kc]
gate_5:kpattern:13 => gate_5:fragment:15[kp]
gate_5:theorem:3 => gate_5:fragment:18
gate_5:kconstructor:1[coherence] => gate_5:fragment:2[ch]
gate_5:deftheorem:15 => gate_5:fragment:22[dt]
gate_5:kpattern:1 => gate_5:fragment:2[kp]
gate_5:deftheorem:18 => gate_5:fragment:25[dt]
gate_5:kdefiniens:8 => gate_5:fragment:10[kf]
gate_5:kconstructor:15[coherence] => gate_5:fragment:22[ch]
gate_5:kdefiniens:10 => gate_5:fragment:12[kf]
gate_5:kdefiniens:1 => gate_5:fragment:2[kf]
gate_5:kconstructor:6[coherence] => gate_5:fragment:8[ch]
gate_5:kpattern:20 => gate_5:fragment:25[kp]
gate_5:kpattern:19 => gate_5:fragment:24[kp]
gate_5:kconstructor:19 => gate_5:fragment:26[kc]
gate_5:kdefiniens:4 => gate_5:fragment:5[kf]
gate_5:kpattern:12 => gate_5:fragment:14[kp]
gate_5:deftheorem:12 => gate_5:fragment:14[dt]
gate_5:kconstructor:18 => gate_5:fragment:25[kc]
gate_5:kconstructor:17[coherence] => gate_5:fragment:24[ch]
gate_5:kdefiniens:9 => gate_5:fragment:11[kf]
gate_5:kconstructor:8[coherence] => gate_5:fragment:10[ch]
gate_5:kconstructor:17 => gate_5:fragment:24[kc]
gate_5:deftheorem:10 => gate_5:fragment:12[dt]
gate_5:kpattern:10 => gate_5:fragment:12[kp]
gate_5:theorem:4 => gate_5:fragment:27
gate_5:kpattern:5 => gate_5:fragment:7[kp]
gate_5:kconstructor:7[coherence] => gate_5:fragment:9[ch]
gate_5:kpattern:9 => gate_5:fragment:11[kp]
gate_5:kpattern:8 => gate_5:fragment:10[kp]
gate_5:deftheorem:4 => gate_5:fragment:5[dt]
gate_5:kconstructor:11 => gate_5:fragment:13[kc]
gate_5:deftheorem:7 => gate_5:fragment:9[dt]
gate_5:kconstructor:13[coherence] => gate_5:fragment:15[ch]
gate_5:kconstructor:16 => gate_5:fragment:23[kc]
gate_5:kpattern:2 => gate_5:fragment:3[kp]
gate_5:kdefiniens:16 => gate_5:fragment:23[kf]
gate_5:kconstructor:8 => gate_5:fragment:10[kc]
gate_5:deftheorem:13 => gate_5:fragment:15[dt]
gate_5:kconstructor:9 => gate_5:fragment:11[kc]
gate_5:kconstructor:9[coherence] => gate_5:fragment:11[ch]
gate_5:deftheorem:6 => gate_5:fragment:8[dt]
gate_5:deftheorem:14 => gate_5:fragment:21[dt]
