grfunc_1:theorem:20 => grfunc_1:fragment:40
grfunc_1:theorem:23 => grfunc_1:fragment:43
grfunc_1:fcluster:1 => grfunc_1:fragment:29
grfunc_1:theorem:4 => grfunc_1:fragment:21
grfunc_1:ccluster:2 => grfunc_1:fragment:58
grfunc_1:theorem:13 => grfunc_1:fragment:32
grfunc_1:theorem:22 => grfunc_1:fragment:42
grfunc_1:theorem:9 => grfunc_1:fragment:27
grfunc_1:theorem:21 => grfunc_1:fragment:41
grfunc_1:theorem:35 => grfunc_1:fragment:59
grfunc_1:theorem:1 => grfunc_1:fragment:17
grfunc_1:theorem:10 => grfunc_1:fragment:28
grfunc_1:theorem:30 => grfunc_1:fragment:51
grfunc_1:theorem:11 => grfunc_1:fragment:30
grfunc_1:lemma:2 => grfunc_1:fragment:23
grfunc_1:theorem:8 => grfunc_1:fragment:26
grfunc_1:theorem:3 => grfunc_1:fragment:19
grfunc_1:theorem:33 => grfunc_1:fragment:55
grfunc_1:theorem:17 => grfunc_1:fragment:37
grfunc_1:lemma:3 => grfunc_1:fragment:34
grfunc_1:fcluster:2 => grfunc_1:fragment:53
grfunc_1:theorem:6 => grfunc_1:fragment:24
grfunc_1:theorem:16 => grfunc_1:fragment:36
grfunc_1:theorem:24 => grfunc_1:fragment:44
grfunc_1:theorem:26 => grfunc_1:fragment:46
grfunc_1:ccluster:1 => grfunc_1:fragment:56
grfunc_1:theorem:19 => grfunc_1:fragment:39
grfunc_1:theorem:34 => grfunc_1:fragment:57
grfunc_1:theorem:2 => grfunc_1:fragment:18
grfunc_1:theorem:14 => grfunc_1:fragment:33
grfunc_1:theorem:32 => grfunc_1:fragment:54
grfunc_1:theorem:7 => grfunc_1:fragment:25
grfunc_1:theorem:25 => grfunc_1:fragment:45
grfunc_1:theorem:29 => grfunc_1:fragment:50
grfunc_1:theorem:5 => grfunc_1:fragment:22
grfunc_1:theorem:27 => grfunc_1:fragment:48
grfunc_1:lemma:1 => grfunc_1:fragment:20
grfunc_1:theorem:12 => grfunc_1:fragment:31
grfunc_1:theorem:15 => grfunc_1:fragment:35
grfunc_1:theorem:18 => grfunc_1:fragment:38
grfunc_1:theorem:28 => grfunc_1:fragment:49
grfunc_1:theorem:31 => grfunc_1:fragment:52
