int_2:theorem:30 => int_2:fragment:70
int_2:lemma:7 => int_2:fragment:19
int_2:rconstructor:1 => int_2:fragment:55[rc]
int_2:theorem:22 => int_2:fragment:54
int_2:theorem:23 => int_2:fragment:56
int_2:theorem:14 => int_2:fragment:46
int_2:rpattern:1 => int_2:fragment:55[rp]
int_2:theorem:13 => int_2:fragment:45
int_2:theorem:34 => int_2:fragment:75
int_2:vpattern:1 => int_2:fragment:64[vp]
int_2:lemma:4 => int_2:fragment:12
int_2:lemma:6 => int_2:fragment:14
int_2:kconstructor:1[projectivity] => int_2:fragment:2[pr]
int_2:kconstructor:2[uniqueness] => int_2:fragment:21[un]
int_2:theorem:9 => int_2:fragment:41
int_2:fcluster:1 => int_2:fragment:38
int_2:theorem:32 => int_2:fragment:73
int_2:theorem:2 => int_2:fragment:7
int_2:theorem:33 => int_2:fragment:74
int_2:deftheorem:3 => int_2:fragment:55[dt]
int_2:theorem:11 => int_2:fragment:43
int_2:kconstructor:2 => int_2:fragment:21[kc]
int_2:deftheorem:2 => int_2:fragment:24[dt]
int_2:kconstructor:1[coherence] => int_2:fragment:2[ch]
int_2:lemma:3 => int_2:fragment:11
int_2:theorem:27 => int_2:fragment:65
int_2:kpattern:3 => int_2:fragment:24[kp]
int_2:kpattern:1 => int_2:fragment:2[kp]
int_2:lemma:2 => int_2:fragment:10
int_2:theorem:12 => int_2:fragment:44
int_2:theorem:26 => int_2:fragment:59
int_2:theorem:16 => int_2:fragment:48
int_2:kconstructor:3[existence] => int_2:fragment:24[ex]
int_2:theorem:19 => int_2:fragment:51
int_2:kconstructor:3 => int_2:fragment:24[kc]
int_2:kconstructor:3[uniqueness] => int_2:fragment:24[un]
int_2:rcluster:1 => int_2:fragment:68
int_2:theorem:21 => int_2:fragment:53
int_2:theorem:29 => int_2:fragment:67
int_2:theorem:18 => int_2:fragment:50
int_2:theorem:15 => int_2:fragment:47
int_2:theorem:6 => int_2:fragment:37
int_2:vdefiniens:1 => int_2:fragment:64[vf]
int_2:theorem:17 => int_2:fragment:49
int_2:theorem:5 => int_2:fragment:25
int_2:kconstructor:2[commutativity] => int_2:fragment:21[cm]
int_2:lemma:1 => int_2:fragment:9
int_2:lemma:9 => int_2:fragment:23
int_2:rdefiniens:1 => int_2:fragment:55[rf]
int_2:theorem:20 => int_2:fragment:52
int_2:kpattern:2 => int_2:fragment:21[kp]
int_2:theorem:25 => int_2:fragment:58
int_2:deftheorem:4 => int_2:fragment:64[dt]
int_2:vconstructor:1 => int_2:fragment:64[vc]
int_2:theorem:31 => int_2:fragment:71
int_2:lemma:8 => int_2:fragment:20
int_2:theorem:24 => int_2:fragment:57
int_2:rconstructor:1[symmetry] => int_2:fragment:55[sy]
int_2:lemma:5 => int_2:fragment:13
int_2:deftheorem:1 => int_2:fragment:21[dt]
int_2:theorem:28 => int_2:fragment:66
int_2:kdefiniens:2 => int_2:fragment:24[kf]
int_2:kdefiniens:1 => int_2:fragment:21[kf]
int_2:theorem:7 => int_2:fragment:39
int_2:kconstructor:1 => int_2:fragment:2[kc]
int_2:rcluster:2 => int_2:fragment:69
int_2:theorem:4 => int_2:fragment:22
int_2:theorem:8 => int_2:fragment:40
int_2:theorem:1 => int_2:fragment:6
int_2:theorem:10 => int_2:fragment:42
int_2:theorem:3 => int_2:fragment:8
int_2:kconstructor:2[existence] => int_2:fragment:21[ex]
int_2:kconstructor:3[commutativity] => int_2:fragment:24[cm]
