int_1:kconstructor:6[coherence] => int_1:fragment:108[ch]
int_1:deftheorem:4 => int_1:fragment:56[dt]
int_1:kconstructor:5[coherence] => int_1:fragment:107[ch]
int_1:ccluster:3 => int_1:fragment:22
int_1:theorem:31 => int_1:fragment:88
int_1:ccluster:1 => int_1:fragment:16
int_1:theorem:41 => int_1:fragment:98
int_1:theorem:32 => int_1:fragment:89
int_1:rpattern:3 => int_1:fragment:57[rp]
int_1:theorem:53 => int_1:fragment:116
int_1:theorem:27 => int_1:fragment:83
int_1:scheme:5 => int_1:fragment:53
int_1:theorem:29 => int_1:fragment:85
int_1:theorem:37 => int_1:fragment:94
int_1:theorem:39 => int_1:fragment:96
int_1:kconstructor:6 => int_1:fragment:108[kc]
int_1:theorem:55 => int_1:fragment:118
int_1:kpattern:3 => int_1:fragment:86[kp]
int_1:theorem:60 => int_1:fragment:123
int_1:fcluster:3 => int_1:fragment:35
int_1:theorem:51 => int_1:fragment:114
int_1:theorem:16 => int_1:fragment:63
int_1:kdefiniens:5 => int_1:fragment:107[kf]
int_1:theorem:3 => int_1:fragment:37
int_1:lemma:8 => int_1:fragment:79
int_1:lemma:3 => int_1:fragment:21
int_1:theorem:48 => int_1:fragment:110
int_1:lemma:1 => int_1:fragment:10
int_1:theorem:14 => int_1:fragment:61
int_1:rconstructor:2 => int_1:fragment:56[rc]
int_1:scheme:6 => int_1:fragment:54
int_1:theorem:46 => int_1:fragment:106
int_1:theorem:18 => int_1:fragment:65
int_1:theorem:22 => int_1:fragment:69
int_1:theorem:66 => int_1:fragment:138
int_1:theorem:63 => int_1:fragment:128
int_1:theorem:59 => int_1:fragment:122
int_1:kconstructor:1[uniqueness] => int_1:fragment:80[un]
int_1:deftheorem:7 => int_1:fragment:86[dt]
int_1:theorem:71 => int_1:fragment:143
int_1:theorem:30 => int_1:fragment:87
int_1:theorem:57 => int_1:fragment:120
int_1:rcluster:1 => int_1:fragment:14
int_1:theorem:64 => int_1:fragment:129
int_1:kconstructor:1[projectivity] => int_1:fragment:80[pr]
int_1:theorem:43 => int_1:fragment:103
int_1:scheme:3 => int_1:fragment:51
int_1:kpattern:6 => int_1:fragment:107[kp]
int_1:theorem:10 => int_1:fragment:46
int_1:deftheorem:9 => int_1:fragment:107[dt]
int_1:fcluster:1 => int_1:fragment:33
int_1:rdefiniens:2 => int_1:fragment:56[rf]
int_1:theorem:35 => int_1:fragment:92
int_1:rcluster:2 => int_1:fragment:15
int_1:kconstructor:2[existence] => int_1:fragment:86[ex]
int_1:theorem:21 => int_1:fragment:68
int_1:theorem:69 => int_1:fragment:141
int_1:theorem:52 => int_1:fragment:115
int_1:kpattern:1 => int_1:fragment:12[kp]
int_1:theorem:34 => int_1:fragment:91
int_1:vpattern:1 => int_1:fragment:13[vp]
int_1:kconstructor:1[existence] => int_1:fragment:80[ex]
int_1:theorem:17 => int_1:fragment:64
int_1:theorem:44 => int_1:fragment:104
int_1:kconstructor:4[coherence] => int_1:fragment:101[ch]
int_1:mpattern:1 => int_1:fragment:17[mp]
int_1:theorem:56 => int_1:fragment:119
int_1:lemma:7 => int_1:fragment:48
int_1:kconstructor:3[coherence] => int_1:fragment:99[ch]
int_1:theorem:7 => int_1:fragment:43
int_1:theorem:25 => int_1:fragment:81
int_1:kdefiniens:1 => int_1:fragment:12[kf]
int_1:deftheorem:2 => int_1:fragment:13[dt]
int_1:theorem:54 => int_1:fragment:117
int_1:theorem:9 => int_1:fragment:45
int_1:kdefiniens:3 => int_1:fragment:86[kf]
int_1:rpattern:1 => int_1:fragment:55[rp]
int_1:theorem:61 => int_1:fragment:124
int_1:lemma:2 => int_1:fragment:11
int_1:kconstructor:2 => int_1:fragment:86[kc]
int_1:lemma:4 => int_1:fragment:41
int_1:kconstructor:2[uniqueness] => int_1:fragment:86[un]
int_1:theorem:68 => int_1:fragment:140
int_1:rdefiniens:1 => int_1:fragment:55[rf]
int_1:kdefiniens:1[compatibility] => int_1:fragment:12[cp]
int_1:kconstructor:4 => int_1:fragment:101[kc]
int_1:lemma:6 => int_1:fragment:47
int_1:kpattern:2 => int_1:fragment:80[kp]
int_1:theorem:28 => int_1:fragment:84
int_1:theorem:38 => int_1:fragment:95
int_1:theorem:50 => int_1:fragment:112
int_1:fcluster:2 => int_1:fragment:34
int_1:theorem:70 => int_1:fragment:142
int_1:scheme:1 => int_1:fragment:49
int_1:scheme:4 => int_1:fragment:52
int_1:theorem:11 => int_1:fragment:58
int_1:theorem:1 => int_1:fragment:18
int_1:theorem:15 => int_1:fragment:62
int_1:theorem:36 => int_1:fragment:93
int_1:fcluster:5 => int_1:fragment:100
int_1:theorem:49 => int_1:fragment:111
int_1:ccluster:2 => int_1:fragment:20
int_1:deftheorem:5 => int_1:fragment:57[dt]
int_1:theorem:6 => int_1:fragment:40
int_1:theorem:45 => int_1:fragment:105
int_1:theorem:12 => int_1:fragment:59
int_1:deftheorem:8 => int_1:fragment:99[dt]
int_1:theorem:19 => int_1:fragment:66
int_1:theorem:4 => int_1:fragment:38
int_1:kconstructor:2[projectivity] => int_1:fragment:86[pr]
int_1:kdefiniens:6 => int_1:fragment:108[kf]
int_1:deftheorem:1 => int_1:fragment:12[dt]
int_1:theorem:47 => int_1:fragment:109
int_1:kdefiniens:4 => int_1:fragment:99[kf]
int_1:scheme:2 => int_1:fragment:50
int_1:scheme:7 => int_1:fragment:131
int_1:kdefiniens:2 => int_1:fragment:80[kf]
int_1:theorem:42 => int_1:fragment:102
int_1:rdefiniens:3[compatibility] => int_1:fragment:57[cp]
int_1:theorem:8 => int_1:fragment:44
int_1:kconstructor:1 => int_1:fragment:80[kc]
int_1:theorem:72 => int_1:fragment:144
int_1:theorem:5 => int_1:fragment:39
int_1:rpattern:2 => int_1:fragment:56[rp]
int_1:theorem:23 => int_1:fragment:70
int_1:deftheorem:10 => int_1:fragment:108[dt]
int_1:theorem:67 => int_1:fragment:139
int_1:deftheorem:6 => int_1:fragment:80[dt]
int_1:theorem:20 => int_1:fragment:67
int_1:theorem:62 => int_1:fragment:125
int_1:kpattern:7 => int_1:fragment:108[kp]
int_1:rdefiniens:3 => int_1:fragment:57[rf]
int_1:lemma:5 => int_1:fragment:42
int_1:vconstructor:1 => int_1:fragment:13[vc]
int_1:theorem:24 => int_1:fragment:71
int_1:rconstructor:1[reflexivity] => int_1:fragment:55[re]
int_1:theorem:33 => int_1:fragment:90
int_1:theorem:65 => int_1:fragment:130
int_1:kpattern:5 => int_1:fragment:101[kp]
int_1:scheme:8 => int_1:fragment:132
int_1:kconstructor:5 => int_1:fragment:107[kc]
int_1:theorem:2 => int_1:fragment:19
int_1:theorem:26 => int_1:fragment:82
int_1:fcluster:4 => int_1:fragment:36
int_1:kpattern:4 => int_1:fragment:99[kp]
int_1:theorem:40 => int_1:fragment:97
int_1:rconstructor:1 => int_1:fragment:55[rc]
int_1:theorem:58 => int_1:fragment:121
int_1:kconstructor:3 => int_1:fragment:99[kc]
int_1:deftheorem:3 => int_1:fragment:55[dt]
int_1:vdefiniens:1 => int_1:fragment:13[vf]
int_1:theorem:13 => int_1:fragment:60
