margrel1:kconstructor:2[uniqueness] => margrel1:fragment:23[un]
margrel1:kconstructor:19[coherence] => margrel1:fragment:106[ch]
margrel1:deftheorem:22 => margrel1:fragment:87[dt]
margrel1:kconstructor:15[coherence] => margrel1:fragment:76[ch]
margrel1:theorem:6 => margrel1:fragment:36
margrel1:kconstructor:9 => margrel1:fragment:56[kc]
margrel1:fcluster:2 => margrel1:fragment:46
margrel1:kconstructor:15[involutiveness] => margrel1:fragment:76[in]
margrel1:kpattern:21 => margrel1:fragment:106[kp]
margrel1:kconstructor:19 => margrel1:fragment:106[kc]
margrel1:vdefiniens:3 => margrel1:fragment:70[vf]
margrel1:deftheorem:7 => margrel1:fragment:29[dt]
margrel1:scheme:3 => margrel1:fragment:44
margrel1:mconstructor:1[existence] => margrel1:fragment:24[ex]
margrel1:rconstructor:1[symmetry] => margrel1:fragment:39[sy]
margrel1:kconstructor:13 => margrel1:fragment:73[kc]
margrel1:rcluster:3 => margrel1:fragment:90
margrel1:mconstructor:5[coherence] => margrel1:fragment:111[ch]
margrel1:rpattern:1 => margrel1:fragment:20[rp]
margrel1:deftheorem:20 => margrel1:fragment:77[dt]
margrel1:kpattern:6 => margrel1:fragment:45[kp]
margrel1:mconstructor:2 => margrel1:fragment:25[mc]
margrel1:mconstructor:5[sethood] => margrel1:fragment:111[se]
margrel1:kpattern:14 => margrel1:fragment:67[kp]
margrel1:kpattern:4 => margrel1:fragment:41[kp]
margrel1:rcluster:5 => margrel1:fragment:99
margrel1:theorem:21 => margrel1:fragment:108
margrel1:kconstructor:2[existence] => margrel1:fragment:23[ex]
margrel1:theorem:11 => margrel1:fragment:59
margrel1:theorem:1 => margrel1:fragment:17
margrel1:kdefiniens:11 => margrel1:fragment:76[kf]
margrel1:kdefiniens:8 => margrel1:fragment:65[kf]
margrel1:kconstructor:17 => margrel1:fragment:98[kc]
margrel1:fcluster:5 => margrel1:fragment:88
margrel1:deftheorem:18 => margrel1:fragment:74[dt]
margrel1:kpattern:13 => margrel1:fragment:65[kp]
margrel1:kdefiniens:3 => margrel1:fragment:41[kf]
margrel1:scheme:1 => margrel1:fragment:19
margrel1:kconstructor:16[idempotence] => margrel1:fragment:77[id]
margrel1:kconstructor:3 => margrel1:fragment:29[kc]
margrel1:mconstructor:4[existence] => margrel1:fragment:110[ex]
margrel1:rcluster:1 => margrel1:fragment:8
margrel1:deftheorem:11 => margrel1:fragment:45[dt]
margrel1:kpattern:16 => margrel1:fragment:74[kp]
margrel1:kconstructor:9[coherence] => margrel1:fragment:56[ch]
margrel1:rcluster:2 => margrel1:fragment:71
margrel1:theorem:20 => margrel1:fragment:104
margrel1:kpattern:17 => margrel1:fragment:76[kp]
margrel1:mconstructor:3[existence] => margrel1:fragment:28[ex]
margrel1:kdefiniens:6[compatibility] => margrel1:fragment:54[cp]
margrel1:kconstructor:9[involutiveness] => margrel1:fragment:56[in]
margrel1:theorem:3 => margrel1:fragment:22
margrel1:kconstructor:10[coherence] => margrel1:fragment:57[ch]
margrel1:kconstructor:4 => margrel1:fragment:41[kc]
margrel1:fcluster:3 => margrel1:fragment:66
margrel1:mpattern:7 => margrel1:fragment:110[mp]
margrel1:kpattern:9 => margrel1:fragment:54[kp]
margrel1:mdefiniens:2 => margrel1:fragment:25[mf]
margrel1:fcluster:4 => margrel1:fragment:72
margrel1:rdefiniens:1[compatibility] => margrel1:fragment:20[cp]
margrel1:theorem:16 => margrel1:fragment:64
margrel1:kconstructor:4[existence] => margrel1:fragment:41[ex]
margrel1:mconstructor:4 => margrel1:fragment:110[mc]
margrel1:kconstructor:8[coherence] => margrel1:fragment:48[ch]
margrel1:mconstructor:2[existence] => margrel1:fragment:25[ex]
margrel1:kconstructor:7 => margrel1:fragment:47[kc]
margrel1:vpattern:6 => margrel1:fragment:96[vp]
margrel1:vconstructor:4 => margrel1:fragment:96[vc]
margrel1:kconstructor:14[uniqueness] => margrel1:fragment:74[un]
margrel1:theorem:18 => margrel1:fragment:93
margrel1:kconstructor:2 => margrel1:fragment:23[kc]
margrel1:vpattern:4 => margrel1:fragment:86[vp]
margrel1:rpattern:2 => margrel1:fragment:39[rp]
margrel1:vdefiniens:2[compatibility] => margrel1:fragment:49[cp]
margrel1:ccluster:1 => margrel1:fragment:21
margrel1:kconstructor:18[existence] => margrel1:fragment:105[ex]
margrel1:deftheorem:15 => margrel1:fragment:65[dt]
margrel1:kconstructor:10 => margrel1:fragment:57[kc]
margrel1:kconstructor:1[coherence] => margrel1:fragment:6[ch]
margrel1:vpattern:2 => margrel1:fragment:49[vp]
margrel1:kconstructor:10[commutativity] => margrel1:fragment:57[cm]
margrel1:kconstructor:3[existence] => margrel1:fragment:29[ex]
margrel1:vdefiniens:6 => margrel1:fragment:96[vf]
margrel1:fcluster:6 => margrel1:fragment:89
margrel1:kdefiniens:10 => margrel1:fragment:74[kf]
margrel1:kpattern:2 => margrel1:fragment:23[kp]
margrel1:mpattern:2 => margrel1:fragment:24[mp]
margrel1:rconstructor:1 => margrel1:fragment:39[rc]
margrel1:kconstructor:17[coherence] => margrel1:fragment:98[ch]
margrel1:theorem:14 => margrel1:fragment:62
margrel1:mpattern:4 => margrel1:fragment:28[mp]
margrel1:kconstructor:11 => margrel1:fragment:65[kc]
margrel1:fcluster:1 => margrel1:fragment:30
margrel1:kpattern:7 => margrel1:fragment:47[kp]
margrel1:mconstructor:1 => margrel1:fragment:24[mc]
margrel1:theorem:5 => margrel1:fragment:27
margrel1:kconstructor:5[uniqueness] => margrel1:fragment:43[un]
margrel1:kconstructor:13[existence] => margrel1:fragment:73[ex]
margrel1:kconstructor:18[uniqueness] => margrel1:fragment:105[un]
margrel1:kpattern:18 => margrel1:fragment:77[kp]
margrel1:theorem:12 => margrel1:fragment:60
margrel1:kconstructor:13[involutiveness] => margrel1:fragment:73[in]
margrel1:vconstructor:2 => margrel1:fragment:86[vc]
margrel1:kconstructor:15 => margrel1:fragment:76[kc]
margrel1:theorem:10 => margrel1:fragment:58
margrel1:kconstructor:14[idempotence] => margrel1:fragment:74[id]
margrel1:theorem:9 => margrel1:fragment:42
margrel1:fcluster:8 => margrel1:fragment:100
margrel1:deftheorem:5 => margrel1:fragment:25[dt]
margrel1:kdefiniens:7 => margrel1:fragment:55[kf]
margrel1:theorem:22 => margrel1:fragment:109
margrel1:deftheorem:3 => margrel1:fragment:23[dt]
margrel1:vpattern:7 => margrel1:fragment:97[vp]
margrel1:rcluster:4 => margrel1:fragment:91
margrel1:theorem:15 => margrel1:fragment:63
margrel1:scheme:2 => margrel1:fragment:40
margrel1:deftheorem:19 => margrel1:fragment:76[dt]
margrel1:deftheorem:6 => margrel1:fragment:28[dt]
margrel1:kpattern:5 => margrel1:fragment:43[kp]
margrel1:kdefiniens:9 => margrel1:fragment:73[kf]
margrel1:mpattern:3 => margrel1:fragment:25[mp]
margrel1:kdefiniens:4 => margrel1:fragment:43[kf]
margrel1:vdefiniens:1 => margrel1:fragment:7[vf]
margrel1:kpattern:10 => margrel1:fragment:55[kp]
margrel1:kpattern:12 => margrel1:fragment:57[kp]
margrel1:ccluster:3 => margrel1:fragment:75
margrel1:mpattern:6 => margrel1:fragment:95[mp]
margrel1:kconstructor:5 => margrel1:fragment:43[kc]
margrel1:deftheorem:26 => margrel1:fragment:110[dt]
margrel1:vdefiniens:4 => margrel1:fragment:86[vf]
margrel1:vpattern:3 => margrel1:fragment:70[vp]
margrel1:kdefiniens:2 => margrel1:fragment:29[kf]
margrel1:deftheorem:14 => margrel1:fragment:55[dt]
margrel1:deftheorem:1 => margrel1:fragment:7[dt]
margrel1:deftheorem:23 => margrel1:fragment:96[dt]
margrel1:mconstructor:3 => margrel1:fragment:28[mc]
margrel1:deftheorem:9 => margrel1:fragment:41[dt]
margrel1:fcluster:7 => margrel1:fragment:92
margrel1:vdefiniens:1[compatibility] => margrel1:fragment:7[cp]
margrel1:deftheorem:12 => margrel1:fragment:49[dt]
margrel1:deftheorem:21 => margrel1:fragment:86[dt]
margrel1:kconstructor:7[coherence] => margrel1:fragment:47[ch]
margrel1:kpattern:3 => margrel1:fragment:29[kp]
margrel1:kconstructor:14[existence] => margrel1:fragment:74[ex]
margrel1:kpattern:20 => margrel1:fragment:105[kp]
margrel1:deftheorem:10 => margrel1:fragment:43[dt]
margrel1:kconstructor:16[coherence] => margrel1:fragment:77[ch]
margrel1:theorem:7 => margrel1:fragment:37
margrel1:kconstructor:10[idempotence] => margrel1:fragment:57[id]
margrel1:kdefiniens:12[compatibility] => margrel1:fragment:77[cp]
margrel1:kconstructor:6[coherence] => margrel1:fragment:45[ch]
margrel1:deftheorem:17 => margrel1:fragment:73[dt]
margrel1:kconstructor:18 => margrel1:fragment:105[kc]
margrel1:rdefiniens:2 => margrel1:fragment:39[rf]
margrel1:deftheorem:8 => margrel1:fragment:39[dt]
margrel1:kconstructor:12[coherence] => margrel1:fragment:67[ch]
margrel1:mpattern:1 => margrel1:fragment:9[mp]
margrel1:kdefiniens:12 => margrel1:fragment:77[kf]
margrel1:kdefiniens:13 => margrel1:fragment:105[kf]
margrel1:theorem:17 => margrel1:fragment:68
margrel1:kconstructor:4[uniqueness] => margrel1:fragment:41[un]
margrel1:kconstructor:14 => margrel1:fragment:74[kc]
margrel1:kdefiniens:5 => margrel1:fragment:45[kf]
margrel1:kdefiniens:11[compatibility] => margrel1:fragment:76[cp]
margrel1:mpattern:8 => margrel1:fragment:111[mp]
margrel1:kpattern:15 => margrel1:fragment:73[kp]
margrel1:deftheorem:24 => margrel1:fragment:97[dt]
margrel1:mpattern:5 => margrel1:fragment:31[mp]
margrel1:mconstructor:5 => margrel1:fragment:111[mc]
margrel1:theorem:13 => margrel1:fragment:61
margrel1:rdefiniens:1 => margrel1:fragment:20[rf]
margrel1:vpattern:1 => margrel1:fragment:7[vp]
margrel1:kconstructor:16 => margrel1:fragment:77[kc]
margrel1:vdefiniens:7 => margrel1:fragment:97[vf]
margrel1:vconstructor:1 => margrel1:fragment:70[vc]
margrel1:rdefiniens:2[compatibility] => margrel1:fragment:39[cp]
margrel1:theorem:2 => margrel1:fragment:18
margrel1:kconstructor:16[commutativity] => margrel1:fragment:77[cm]
margrel1:vconstructor:3 => margrel1:fragment:87[vc]
margrel1:rconstructor:1[reflexivity] => margrel1:fragment:39[re]
margrel1:kconstructor:11[coherence] => margrel1:fragment:65[ch]
margrel1:mdefiniens:3 => margrel1:fragment:28[mf]
margrel1:kdefiniens:1 => margrel1:fragment:23[kf]
margrel1:vpattern:5 => margrel1:fragment:87[vp]
margrel1:kpattern:1 => margrel1:fragment:6[kp]
margrel1:kdefiniens:6 => margrel1:fragment:54[kf]
margrel1:mdefiniens:1 => margrel1:fragment:24[mf]
margrel1:vdefiniens:5 => margrel1:fragment:87[vf]
margrel1:vdefiniens:2 => margrel1:fragment:49[vf]
margrel1:theorem:4 => margrel1:fragment:26
margrel1:kconstructor:12 => margrel1:fragment:67[kc]
margrel1:deftheorem:13 => margrel1:fragment:54[dt]
margrel1:deftheorem:4 => margrel1:fragment:24[dt]
margrel1:kconstructor:14[commutativity] => margrel1:fragment:74[cm]
margrel1:kpattern:19 => margrel1:fragment:98[kp]
margrel1:deftheorem:16 => margrel1:fragment:70[dt]
margrel1:kconstructor:3[uniqueness] => margrel1:fragment:29[un]
margrel1:mdefiniens:4 => margrel1:fragment:110[mf]
margrel1:kconstructor:5[existence] => margrel1:fragment:43[ex]
margrel1:deftheorem:25 => margrel1:fragment:105[dt]
margrel1:kconstructor:13[uniqueness] => margrel1:fragment:73[un]
margrel1:kconstructor:6 => margrel1:fragment:45[kc]
margrel1:kconstructor:1 => margrel1:fragment:6[kc]
margrel1:deftheorem:2 => margrel1:fragment:20[dt]
margrel1:kconstructor:8 => margrel1:fragment:48[kc]
margrel1:kpattern:11 => margrel1:fragment:56[kp]
margrel1:kpattern:8 => margrel1:fragment:48[kp]
margrel1:theorem:19 => margrel1:fragment:94
margrel1:vconstructor:5 => margrel1:fragment:97[vc]
margrel1:ccluster:2 => margrel1:fragment:50
margrel1:theorem:8 => margrel1:fragment:38
margrel1:kdefiniens:7[compatibility] => margrel1:fragment:55[cp]
