mcart_1:theorem:92 => mcart_1:fragment:163
mcart_1:theorem:70 => mcart_1:fragment:129
mcart_1:kpattern:12 => mcart_1:fragment:150[kp]
mcart_1:theorem:55 => mcart_1:fragment:109
mcart_1:theorem:8 => mcart_1:fragment:41
mcart_1:theorem:63 => mcart_1:fragment:117
mcart_1:kconstructor:12[uniqueness] => mcart_1:fragment:150[un]
mcart_1:theorem:82 => mcart_1:fragment:142
mcart_1:theorem:41 => mcart_1:fragment:80
mcart_1:theorem:22 => mcart_1:fragment:56
mcart_1:theorem:77 => mcart_1:fragment:137
mcart_1:deftheorem:9 => mcart_1:fragment:106[dt]
mcart_1:kdefiniens:4 => mcart_1:fragment:105[kf]
mcart_1:kdefiniens:12 => mcart_1:fragment:153[kf]
mcart_1:kconstructor:4 => mcart_1:fragment:105[kc]
mcart_1:deftheorem:3 => mcart_1:fragment:85[dt]
mcart_1:kconstructor:4[coherence] => mcart_1:fragment:105[ch]
mcart_1:theorem:3 => mcart_1:fragment:36
mcart_1:kpattern:15 => mcart_1:fragment:153[kp]
mcart_1:theorem:59 => mcart_1:fragment:113
mcart_1:theorem:11 => mcart_1:fragment:44
mcart_1:theorem:46 => mcart_1:fragment:93
mcart_1:theorem:50 => mcart_1:fragment:97
mcart_1:theorem:6 => mcart_1:fragment:39
mcart_1:theorem:35 => mcart_1:fragment:74
mcart_1:kdefiniens:5 => mcart_1:fragment:106[kf]
mcart_1:theorem:61 => mcart_1:fragment:115
mcart_1:theorem:16 => mcart_1:fragment:49
mcart_1:kpattern:7 => mcart_1:fragment:108[kp]
mcart_1:kdefiniens:10 => mcart_1:fragment:151[kf]
mcart_1:theorem:48 => mcart_1:fragment:95
mcart_1:theorem:53 => mcart_1:fragment:100
mcart_1:theorem:14 => mcart_1:fragment:47
mcart_1:theorem:29 => mcart_1:fragment:64
mcart_1:theorem:56 => mcart_1:fragment:110
mcart_1:theorem:72 => mcart_1:fragment:131
mcart_1:kconstructor:1[coherence] => mcart_1:fragment:87[ch]
mcart_1:kpattern:10 => mcart_1:fragment:147[kp]
mcart_1:kdefiniens:7[compatibility] => mcart_1:fragment:108[cp]
mcart_1:theorem:74 => mcart_1:fragment:134
mcart_1:kdefiniens:2[compatibility] => mcart_1:fragment:88[cp]
mcart_1:theorem:27 => mcart_1:fragment:62
mcart_1:kconstructor:7 => mcart_1:fragment:108[kc]
mcart_1:theorem:88 => mcart_1:fragment:159
mcart_1:theorem:91 => mcart_1:fragment:162
mcart_1:theorem:69 => mcart_1:fragment:128
mcart_1:kpattern:3 => mcart_1:fragment:89[kp]
mcart_1:theorem:26 => mcart_1:fragment:61
mcart_1:theorem:84 => mcart_1:fragment:144
mcart_1:deftheorem:12 => mcart_1:fragment:149[dt]
mcart_1:kdefiniens:4[compatibility] => mcart_1:fragment:105[cp]
mcart_1:ccluster:2 => mcart_1:fragment:104
mcart_1:deftheorem:7 => mcart_1:fragment:89[dt]
mcart_1:theorem:64 => mcart_1:fragment:123
mcart_1:theorem:28 => mcart_1:fragment:63
mcart_1:kconstructor:11 => mcart_1:fragment:149[kc]
mcart_1:kconstructor:15[coherence] => mcart_1:fragment:153[ch]
mcart_1:kpattern:8 => mcart_1:fragment:145[kp]
mcart_1:kpattern:4 => mcart_1:fragment:105[kp]
mcart_1:kdefiniens:13 => mcart_1:fragment:154[kf]
mcart_1:kconstructor:8[coherence] => mcart_1:fragment:145[ch]
mcart_1:theorem:24 => mcart_1:fragment:59
mcart_1:kpattern:2 => mcart_1:fragment:88[kp]
mcart_1:theorem:18 => mcart_1:fragment:51
mcart_1:theorem:60 => mcart_1:fragment:114
mcart_1:kconstructor:6 => mcart_1:fragment:107[kc]
mcart_1:lemma:3 => mcart_1:fragment:103
mcart_1:kconstructor:13 => mcart_1:fragment:151[kc]
mcart_1:theorem:30 => mcart_1:fragment:65
mcart_1:kconstructor:10[coherence] => mcart_1:fragment:147[ch]
mcart_1:kconstructor:5[coherence] => mcart_1:fragment:106[ch]
mcart_1:theorem:2 => mcart_1:fragment:35
mcart_1:kpattern:16 => mcart_1:fragment:154[kp]
mcart_1:kpattern:6 => mcart_1:fragment:107[kp]
mcart_1:theorem:5 => mcart_1:fragment:38
mcart_1:kconstructor:14[coherence] => mcart_1:fragment:152[ch]
mcart_1:kdefiniens:9 => mcart_1:fragment:150[kf]
mcart_1:theorem:67 => mcart_1:fragment:126
mcart_1:deftheorem:10 => mcart_1:fragment:107[dt]
mcart_1:theorem:75 => mcart_1:fragment:135
mcart_1:kconstructor:13[coherence] => mcart_1:fragment:151[ch]
mcart_1:kconstructor:16[coherence] => mcart_1:fragment:154[ch]
mcart_1:theorem:86 => mcart_1:fragment:157
mcart_1:kpattern:13 => mcart_1:fragment:151[kp]
mcart_1:theorem:34 => mcart_1:fragment:72
mcart_1:theorem:32 => mcart_1:fragment:70
mcart_1:kdefiniens:7 => mcart_1:fragment:108[kf]
mcart_1:deftheorem:4 => mcart_1:fragment:86[dt]
mcart_1:theorem:38 => mcart_1:fragment:77
mcart_1:scheme:1 => mcart_1:fragment:164
mcart_1:kdefiniens:1 => mcart_1:fragment:87[kf]
mcart_1:theorem:78 => mcart_1:fragment:138
mcart_1:theorem:19 => mcart_1:fragment:52
mcart_1:lemma:1 => mcart_1:fragment:57
mcart_1:theorem:21 => mcart_1:fragment:55
mcart_1:theorem:10 => mcart_1:fragment:43
mcart_1:theorem:42 => mcart_1:fragment:81
mcart_1:kconstructor:1 => mcart_1:fragment:87[kc]
mcart_1:kconstructor:12 => mcart_1:fragment:150[kc]
mcart_1:theorem:85 => mcart_1:fragment:156
mcart_1:kconstructor:2 => mcart_1:fragment:88[kc]
mcart_1:theorem:73 => mcart_1:fragment:132
mcart_1:theorem:9 => mcart_1:fragment:42
mcart_1:theorem:49 => mcart_1:fragment:96
mcart_1:theorem:83 => mcart_1:fragment:143
mcart_1:kdefiniens:6[compatibility] => mcart_1:fragment:107[cp]
mcart_1:theorem:4 => mcart_1:fragment:37
mcart_1:deftheorem:13 => mcart_1:fragment:150[dt]
mcart_1:theorem:57 => mcart_1:fragment:111
mcart_1:kpattern:11 => mcart_1:fragment:149[kp]
mcart_1:theorem:7 => mcart_1:fragment:40
mcart_1:kdefiniens:11 => mcart_1:fragment:152[kf]
mcart_1:theorem:43 => mcart_1:fragment:90
mcart_1:kdefiniens:3 => mcart_1:fragment:89[kf]
mcart_1:theorem:12 => mcart_1:fragment:45
mcart_1:theorem:45 => mcart_1:fragment:92
mcart_1:deftheorem:8 => mcart_1:fragment:105[dt]
mcart_1:theorem:39 => mcart_1:fragment:78
mcart_1:kpattern:14 => mcart_1:fragment:152[kp]
mcart_1:kconstructor:12[existence] => mcart_1:fragment:150[ex]
mcart_1:kdefiniens:1[compatibility] => mcart_1:fragment:87[cp]
mcart_1:deftheorem:2 => mcart_1:fragment:84[dt]
mcart_1:theorem:20 => mcart_1:fragment:53
mcart_1:theorem:36 => mcart_1:fragment:75
mcart_1:theorem:40 => mcart_1:fragment:79
mcart_1:kconstructor:11[existence] => mcart_1:fragment:149[ex]
mcart_1:kdefiniens:6 => mcart_1:fragment:107[kf]
mcart_1:kdefiniens:5[compatibility] => mcart_1:fragment:106[cp]
mcart_1:theorem:71 => mcart_1:fragment:130
mcart_1:kconstructor:11[uniqueness] => mcart_1:fragment:149[un]
mcart_1:kconstructor:2[coherence] => mcart_1:fragment:88[ch]
mcart_1:theorem:13 => mcart_1:fragment:46
mcart_1:deftheorem:15 => mcart_1:fragment:152[dt]
mcart_1:theorem:62 => mcart_1:fragment:116
mcart_1:deftheorem:1 => mcart_1:fragment:83[dt]
mcart_1:deftheorem:16 => mcart_1:fragment:153[dt]
mcart_1:theorem:51 => mcart_1:fragment:98
mcart_1:theorem:68 => mcart_1:fragment:127
mcart_1:theorem:81 => mcart_1:fragment:141
mcart_1:kpattern:1 => mcart_1:fragment:87[kp]
mcart_1:kconstructor:9 => mcart_1:fragment:146[kc]
mcart_1:kconstructor:7[coherence] => mcart_1:fragment:108[ch]
mcart_1:deftheorem:11 => mcart_1:fragment:108[dt]
mcart_1:theorem:87 => mcart_1:fragment:158
mcart_1:kconstructor:5 => mcart_1:fragment:106[kc]
mcart_1:theorem:58 => mcart_1:fragment:112
mcart_1:deftheorem:14 => mcart_1:fragment:151[dt]
mcart_1:deftheorem:6 => mcart_1:fragment:88[dt]
mcart_1:theorem:80 => mcart_1:fragment:140
mcart_1:ccluster:1 => mcart_1:fragment:82
mcart_1:deftheorem:17 => mcart_1:fragment:154[dt]
mcart_1:theorem:52 => mcart_1:fragment:99
mcart_1:theorem:89 => mcart_1:fragment:160
mcart_1:kconstructor:10 => mcart_1:fragment:147[kc]
mcart_1:theorem:15 => mcart_1:fragment:48
mcart_1:theorem:31 => mcart_1:fragment:66
mcart_1:theorem:1 => mcart_1:fragment:34
mcart_1:kconstructor:14 => mcart_1:fragment:152[kc]
mcart_1:theorem:79 => mcart_1:fragment:139
mcart_1:kconstructor:15 => mcart_1:fragment:153[kc]
mcart_1:lemma:2 => mcart_1:fragment:73
mcart_1:kpattern:5 => mcart_1:fragment:106[kp]
mcart_1:theorem:17 => mcart_1:fragment:50
mcart_1:kdefiniens:8 => mcart_1:fragment:149[kf]
mcart_1:deftheorem:5 => mcart_1:fragment:87[dt]
mcart_1:theorem:44 => mcart_1:fragment:91
mcart_1:kconstructor:3[coherence] => mcart_1:fragment:89[ch]
mcart_1:kconstructor:8 => mcart_1:fragment:145[kc]
mcart_1:theorem:23 => mcart_1:fragment:58
mcart_1:theorem:90 => mcart_1:fragment:161
mcart_1:theorem:66 => mcart_1:fragment:125
mcart_1:kconstructor:16 => mcart_1:fragment:154[kc]
mcart_1:kpattern:9 => mcart_1:fragment:146[kp]
mcart_1:kdefiniens:3[compatibility] => mcart_1:fragment:89[cp]
mcart_1:theorem:47 => mcart_1:fragment:94
mcart_1:kconstructor:3 => mcart_1:fragment:89[kc]
mcart_1:theorem:54 => mcart_1:fragment:101
mcart_1:theorem:37 => mcart_1:fragment:76
mcart_1:kconstructor:6[coherence] => mcart_1:fragment:107[ch]
mcart_1:theorem:65 => mcart_1:fragment:124
mcart_1:kconstructor:9[coherence] => mcart_1:fragment:146[ch]
mcart_1:theorem:33 => mcart_1:fragment:71
mcart_1:theorem:25 => mcart_1:fragment:60
mcart_1:theorem:76 => mcart_1:fragment:136
mcart_1:kdefiniens:2 => mcart_1:fragment:88[kf]
