membered:ccluster:21 => membered:fragment:104
membered:deftheorem:15 => membered:fragment:146[dt]
membered:vconstructor:5 => membered:fragment:9[vc]
membered:deftheorem:18 => membered:fragment:149[dt]
membered:fcluster:46 => membered:fragment:129
membered:scheme:3 => membered:fragment:170
membered:fcluster:39 => membered:fragment:122
membered:rdefiniens:2 => membered:fragment:139[rf]
membered:vdefiniens:5 => membered:fragment:9[vf]
membered:rdefiniens:11 => membered:fragment:148[rf]
membered:rdefiniens:9 => membered:fragment:146[rf]
membered:ccluster:18 => membered:fragment:83
membered:ccluster:13 => membered:fragment:36
membered:deftheorem:13 => membered:fragment:144[dt]
membered:ccluster:16 => membered:fragment:39
membered:rpattern:16 => membered:fragment:153[rp]
membered:ccluster:19 => membered:fragment:102
membered:deftheorem:21 => membered:fragment:152[dt]
membered:theorem:32 => membered:fragment:163
membered:fcluster:48 => membered:fragment:131
membered:theorem:28 => membered:fragment:159
membered:vconstructor:3 => membered:fragment:7[vc]
membered:rdefiniens:9[compatibility] => membered:fragment:146[cp]
membered:fcluster:56 => membered:fragment:183
membered:fcluster:13 => membered:fragment:90
membered:vpattern:6 => membered:fragment:10[vp]
membered:rdefiniens:12[compatibility] => membered:fragment:149[cp]
membered:fcluster:59 => membered:fragment:186
membered:rpattern:7 => membered:fragment:144[rp]
membered:vdefiniens:7 => membered:fragment:180[vf]
membered:ccluster:24 => membered:fragment:107
membered:theorem:17 => membered:fragment:75
membered:theorem:26 => membered:fragment:157
membered:deftheorem:24 => membered:fragment:155[dt]
membered:theorem:30 => membered:fragment:161
membered:ccluster:11 => membered:fragment:22
membered:fcluster:15 => membered:fragment:92
membered:rdefiniens:4 => membered:fragment:141[rf]
membered:theorem:6 => membered:fragment:34
membered:fcluster:51 => membered:fragment:134
membered:ccluster:2 => membered:fragment:12
membered:theorem:33 => membered:fragment:164
membered:theorem:23 => membered:fragment:81
membered:theorem:15 => membered:fragment:73
membered:ccluster:10 => membered:fragment:21
membered:vconstructor:2 => membered:fragment:6[vc]
membered:fcluster:18 => membered:fragment:95
membered:theorem:4 => membered:fragment:32
membered:rcluster:3 => membered:fragment:187
membered:fcluster:37 => membered:fragment:120
membered:fcluster:26 => membered:fragment:109
membered:fcluster:28 => membered:fragment:111
membered:theorem:35 => membered:fragment:166
membered:rpattern:3 => membered:fragment:140[rp]
membered:deftheorem:8 => membered:fragment:139[dt]
membered:rpattern:1 => membered:fragment:138[rp]
membered:fcluster:33 => membered:fragment:116
membered:vpattern:7 => membered:fragment:180[vp]
membered:vpattern:4 => membered:fragment:8[vp]
membered:rdefiniens:5[compatibility] => membered:fragment:142[cp]
membered:deftheorem:16 => membered:fragment:147[dt]
membered:rdefiniens:15[compatibility] => membered:fragment:152[cp]
membered:fcluster:8 => membered:fragment:85
membered:theorem:20 => membered:fragment:78
membered:deftheorem:1 => membered:fragment:5[dt]
membered:rpattern:5 => membered:fragment:142[rp]
membered:ccluster:6 => membered:fragment:17
membered:deftheorem:17 => membered:fragment:148[dt]
membered:fcluster:22 => membered:fragment:99
membered:fcluster:1 => membered:fragment:23
membered:rpattern:9 => membered:fragment:146[rp]
membered:rpattern:15 => membered:fragment:152[rp]
membered:rpattern:12 => membered:fragment:149[rp]
membered:rdefiniens:13 => membered:fragment:150[rf]
membered:rdefiniens:16 => membered:fragment:153[rf]
membered:theorem:18 => membered:fragment:76
membered:vdefiniens:1 => membered:fragment:5[vf]
membered:fcluster:43 => membered:fragment:126
membered:deftheorem:19 => membered:fragment:150[dt]
membered:deftheorem:4 => membered:fragment:8[dt]
membered:theorem:7 => membered:fragment:65
membered:vpattern:1 => membered:fragment:5[vp]
membered:deftheorem:14 => membered:fragment:145[dt]
membered:fcluster:10 => membered:fragment:87
membered:deftheorem:9 => membered:fragment:140[dt]
membered:fcluster:54 => membered:fragment:137
membered:fcluster:36 => membered:fragment:119
membered:theorem:21 => membered:fragment:79
membered:scheme:5 => membered:fragment:172
membered:rpattern:2 => membered:fragment:139[rp]
membered:rdefiniens:8[compatibility] => membered:fragment:145[cp]
membered:ccluster:12 => membered:fragment:35
membered:theorem:10 => membered:fragment:68
membered:fcluster:58 => membered:fragment:185
membered:rdefiniens:11[compatibility] => membered:fragment:148[cp]
membered:rdefiniens:15 => membered:fragment:152[rf]
membered:rpattern:18 => membered:fragment:155[rp]
membered:ccluster:23 => membered:fragment:106
membered:deftheorem:6 => membered:fragment:10[dt]
membered:fcluster:27 => membered:fragment:110
membered:fcluster:3 => membered:fragment:25
membered:vdefiniens:4 => membered:fragment:8[vf]
membered:fcluster:24 => membered:fragment:101
membered:theorem:1 => membered:fragment:29
membered:fcluster:12 => membered:fragment:89
membered:scheme:2 => membered:fragment:169
membered:theorem:25 => membered:fragment:156
membered:rpattern:14 => membered:fragment:151[rp]
membered:fcluster:32 => membered:fragment:115
membered:fcluster:5 => membered:fragment:27
membered:scheme:4 => membered:fragment:171
membered:ccluster:8 => membered:fragment:19
membered:rdefiniens:8 => membered:fragment:145[rf]
membered:rdefiniens:18 => membered:fragment:155[rf]
membered:rdefiniens:2[compatibility] => membered:fragment:139[cp]
membered:deftheorem:11 => membered:fragment:142[dt]
membered:ccluster:25 => membered:fragment:175
membered:theorem:13 => membered:fragment:71
membered:theorem:9 => membered:fragment:67
membered:rdefiniens:18[compatibility] => membered:fragment:155[cp]
membered:deftheorem:23 => membered:fragment:154[dt]
membered:rdefiniens:3[compatibility] => membered:fragment:140[cp]
membered:fcluster:7 => membered:fragment:84
membered:deftheorem:25 => membered:fragment:180[dt]
membered:rpattern:10 => membered:fragment:147[rp]
membered:ccluster:15 => membered:fragment:38
membered:rdefiniens:1 => membered:fragment:138[rf]
membered:theorem:27 => membered:fragment:158
membered:rdefiniens:16[compatibility] => membered:fragment:153[cp]
membered:theorem:31 => membered:fragment:162
membered:theorem:2 => membered:fragment:30
membered:deftheorem:3 => membered:fragment:7[dt]
membered:rcluster:2 => membered:fragment:174
membered:fcluster:55 => membered:fragment:182
membered:vdefiniens:6 => membered:fragment:10[vf]
membered:deftheorem:10 => membered:fragment:141[dt]
membered:ccluster:17 => membered:fragment:40
membered:ccluster:22 => membered:fragment:105
membered:rdefiniens:5 => membered:fragment:142[rf]
membered:rdefiniens:7[compatibility] => membered:fragment:144[cp]
membered:ccluster:3 => membered:fragment:13
membered:fcluster:34 => membered:fragment:117
membered:rpattern:6 => membered:fragment:143[rp]
membered:ccluster:14 => membered:fragment:37
membered:fcluster:45 => membered:fragment:128
membered:rdefiniens:3 => membered:fragment:140[rf]
membered:rpattern:4 => membered:fragment:141[rp]
membered:vconstructor:6 => membered:fragment:10[vc]
membered:fcluster:20 => membered:fragment:97
membered:fcluster:17 => membered:fragment:94
membered:fcluster:23 => membered:fragment:100
membered:rdefiniens:13[compatibility] => membered:fragment:150[cp]
membered:fcluster:52 => membered:fragment:135
membered:fcluster:31 => membered:fragment:114
membered:theorem:34 => membered:fragment:165
membered:theorem:3 => membered:fragment:31
membered:rdefiniens:10 => membered:fragment:147[rf]
membered:deftheorem:12 => membered:fragment:143[dt]
membered:fcluster:40 => membered:fragment:123
membered:vconstructor:4 => membered:fragment:8[vc]
membered:rpattern:11 => membered:fragment:148[rp]
membered:theorem:12 => membered:fragment:70
membered:rpattern:8 => membered:fragment:145[rp]
membered:rdefiniens:17[compatibility] => membered:fragment:154[cp]
membered:deftheorem:20 => membered:fragment:151[dt]
membered:ccluster:1 => membered:fragment:11
membered:deftheorem:2 => membered:fragment:6[dt]
membered:theorem:22 => membered:fragment:80
membered:theorem:5 => membered:fragment:33
membered:fcluster:53 => membered:fragment:136
membered:rdefiniens:6[compatibility] => membered:fragment:143[cp]
membered:vconstructor:1 => membered:fragment:5[vc]
membered:vconstructor:7 => membered:fragment:180[vc]
membered:vpattern:2 => membered:fragment:6[vp]
membered:rdefiniens:17 => membered:fragment:154[rf]
membered:fcluster:16 => membered:fragment:93
membered:ccluster:9 => membered:fragment:20
membered:ccluster:7 => membered:fragment:18
membered:theorem:16 => membered:fragment:74
membered:theorem:36 => membered:fragment:167
membered:fcluster:9 => membered:fragment:86
membered:rdefiniens:1[compatibility] => membered:fragment:138[cp]
membered:vdefiniens:2 => membered:fragment:6[vf]
membered:deftheorem:7 => membered:fragment:138[dt]
membered:theorem:37 => membered:fragment:179
membered:fcluster:25 => membered:fragment:108
membered:fcluster:38 => membered:fragment:121
membered:fcluster:2 => membered:fragment:24
membered:rpattern:13 => membered:fragment:150[rp]
membered:fcluster:14 => membered:fragment:91
membered:theorem:11 => membered:fragment:69
membered:fcluster:50 => membered:fragment:133
membered:fcluster:21 => membered:fragment:98
membered:fcluster:57 => membered:fragment:184
membered:theorem:24 => membered:fragment:82
membered:rdefiniens:6 => membered:fragment:143[rf]
membered:vpattern:5 => membered:fragment:9[vp]
membered:fcluster:49 => membered:fragment:132
membered:ccluster:20 => membered:fragment:103
membered:ccluster:5 => membered:fragment:15
membered:scheme:6 => membered:fragment:173
membered:rdefiniens:14[compatibility] => membered:fragment:151[cp]
membered:vpattern:3 => membered:fragment:7[vp]
membered:rdefiniens:4[compatibility] => membered:fragment:141[cp]
membered:rcluster:1 => membered:fragment:16
membered:vdefiniens:3 => membered:fragment:7[vf]
membered:theorem:14 => membered:fragment:72
membered:fcluster:29 => membered:fragment:112
membered:fcluster:41 => membered:fragment:124
membered:theorem:8 => membered:fragment:66
membered:rpattern:17 => membered:fragment:154[rp]
membered:theorem:29 => membered:fragment:160
membered:scheme:1 => membered:fragment:168
membered:theorem:19 => membered:fragment:77
membered:fcluster:47 => membered:fragment:130
membered:ccluster:4 => membered:fragment:14
membered:rdefiniens:10[compatibility] => membered:fragment:147[cp]
membered:deftheorem:22 => membered:fragment:153[dt]
membered:fcluster:42 => membered:fragment:125
membered:fcluster:44 => membered:fragment:127
membered:rdefiniens:7 => membered:fragment:144[rf]
membered:fcluster:11 => membered:fragment:88
membered:fcluster:19 => membered:fragment:96
membered:rdefiniens:12 => membered:fragment:149[rf]
membered:fcluster:6 => membered:fragment:28
membered:fcluster:35 => membered:fragment:118
membered:ccluster:26 => membered:fragment:181
membered:deftheorem:5 => membered:fragment:9[dt]
membered:rdefiniens:14 => membered:fragment:151[rf]
membered:fcluster:4 => membered:fragment:26
membered:fcluster:30 => membered:fragment:113
