member_1:kconstructor:20[coherence] => member_1:fragment:306[ch]
member_1:theorem:36 => member_1:fragment:90
member_1:theorem:109 => member_1:fragment:214
member_1:theorem:11 => member_1:fragment:48
member_1:theorem:56 => member_1:fragment:130
member_1:theorem:190 => member_1:fragment:344
member_1:deftheorem:10 => member_1:fragment:179[dt]
member_1:theorem:149 => member_1:fragment:275
member_1:theorem:234 => member_1:fragment:419
member_1:kpattern:19 => member_1:fragment:290[kp]
member_1:kpattern:12 => member_1:fragment:164[kp]
member_1:theorem:217 => member_1:fragment:391
member_1:fcluster:78 => member_1:fragment:298
member_1:fcluster:40 => member_1:fragment:166
member_1:deftheorem:8 => member_1:fragment:140[dt]
member_1:kconstructor:11 => member_1:fragment:140[kc]
member_1:theorem:8 => member_1:fragment:44
member_1:fcluster:72 => member_1:fragment:283
member_1:fcluster:106 => member_1:fragment:388
member_1:kconstructor:18[coherence] => member_1:fragment:278[ch]
member_1:fcluster:62 => member_1:fragment:250
member_1:theorem:224 => member_1:fragment:399
member_1:theorem:16 => member_1:fragment:60
member_1:kidentification:5 => member_1:fragment:189
member_1:theorem:161 => member_1:fragment:292
member_1:fcluster:49 => member_1:fragment:187
member_1:theorem:186 => member_1:fragment:337
member_1:theorem:198 => member_1:fragment:361
member_1:theorem:110 => member_1:fragment:215
member_1:theorem:84 => member_1:fragment:174
member_1:fcluster:44 => member_1:fragment:182
member_1:theorem:61 => member_1:fragment:136
member_1:kpattern:16 => member_1:fragment:245[kp]
member_1:fcluster:76 => member_1:fragment:296
member_1:kconstructor:4[coherence] => member_1:fragment:33[ch]
member_1:kidentification:8 => member_1:fragment:300
member_1:theorem:159 => member_1:fragment:289
member_1:theorem:136 => member_1:fragment:253
member_1:kconstructor:4[involutiveness] => member_1:fragment:33[in]
member_1:fcluster:98 => member_1:fragment:357
member_1:theorem:53 => member_1:fragment:122
member_1:theorem:140 => member_1:fragment:257
member_1:theorem:192 => member_1:fragment:346
member_1:fcluster:66 => member_1:fragment:264
member_1:deftheorem:1 => member_1:fragment:33[dt]
member_1:kconstructor:2 => member_1:fragment:29[kc]
member_1:theorem:69 => member_1:fragment:154
member_1:deftheorem:23 => member_1:fragment:397[dt]
member_1:fcluster:18 => member_1:fragment:97
member_1:theorem:209 => member_1:fragment:372
member_1:theorem:106 => member_1:fragment:211
member_1:theorem:142 => member_1:fragment:260
member_1:theorem:130 => member_1:fragment:243
member_1:fcluster:53 => member_1:fragment:206
member_1:fcluster:2 => member_1:fragment:32
member_1:kdefiniens:7 => member_1:fragment:123[kf]
member_1:theorem:28 => member_1:fragment:76
member_1:deftheorem:22 => member_1:fragment:380[dt]
member_1:theorem:99 => member_1:fragment:199
member_1:theorem:127 => member_1:fragment:240
member_1:theorem:67 => member_1:fragment:151
member_1:fcluster:105 => member_1:fragment:387
member_1:kpattern:5 => member_1:fragment:47[kp]
member_1:theorem:154 => member_1:fragment:281
member_1:theorem:50 => member_1:fragment:119
member_1:kconstructor:27 => member_1:fragment:404[kc]
member_1:theorem:5 => member_1:fragment:41
member_1:kdefiniens:6 => member_1:fragment:105[kf]
member_1:theorem:181 => member_1:fragment:331
member_1:theorem:113 => member_1:fragment:218
member_1:theorem:31 => member_1:fragment:85
member_1:fcluster:15 => member_1:fragment:81
member_1:theorem:20 => member_1:fragment:64
member_1:fcluster:114 => member_1:fragment:412
member_1:theorem:172 => member_1:fragment:314
member_1:fcluster:22 => member_1:fragment:109
member_1:kdefiniens:3 => member_1:fragment:65[kf]
member_1:theorem:37 => member_1:fragment:91
member_1:theorem:103 => member_1:fragment:208
member_1:fcluster:5 => member_1:fragment:50
member_1:theorem:231 => member_1:fragment:416
member_1:fcluster:110 => member_1:fragment:408
member_1:fcluster:80 => member_1:fragment:310
member_1:theorem:165 => member_1:fragment:303
member_1:fcluster:13 => member_1:fragment:79
member_1:kpattern:23 => member_1:fragment:347[kp]
member_1:deftheorem:17 => member_1:fragment:306[dt]
member_1:theorem:235 => member_1:fragment:420
member_1:theorem:139 => member_1:fragment:256
member_1:kconstructor:10 => member_1:fragment:123[kc]
member_1:kdefiniens:13 => member_1:fragment:245[kf]
member_1:kconstructor:9[coherence] => member_1:fragment:105[ch]
member_1:theorem:222 => member_1:fragment:396
member_1:theorem:66 => member_1:fragment:142
member_1:theorem:47 => member_1:fragment:116
member_1:fcluster:84 => member_1:fragment:323
member_1:theorem:118 => member_1:fragment:231
member_1:kconstructor:18 => member_1:fragment:278[kc]
member_1:theorem:229 => member_1:fragment:414
member_1:theorem:150 => member_1:fragment:276
member_1:kpattern:6 => member_1:fragment:65[kp]
member_1:kpattern:20 => member_1:fragment:306[kp]
member_1:kconstructor:8[coherence] => member_1:fragment:93[ch]
member_1:theorem:93 => member_1:fragment:193
member_1:theorem:146 => member_1:fragment:272
member_1:theorem:145 => member_1:fragment:271
member_1:theorem:72 => member_1:fragment:157
member_1:kdefiniens:23 => member_1:fragment:397[kf]
member_1:kconstructor:3[coherence] => member_1:fragment:30[ch]
member_1:fcluster:75 => member_1:fragment:295
member_1:fcluster:89 => member_1:fragment:340
member_1:theorem:96 => member_1:fragment:196
member_1:theorem:100 => member_1:fragment:200
member_1:theorem:43 => member_1:fragment:102
member_1:fcluster:68 => member_1:fragment:266
member_1:fcluster:101 => member_1:fragment:379
member_1:kconstructor:11[coherence] => member_1:fragment:140[ch]
member_1:fcluster:88 => member_1:fragment:327
member_1:theorem:183 => member_1:fragment:333
member_1:theorem:76 => member_1:fragment:161
member_1:theorem:121 => member_1:fragment:234
member_1:kconstructor:1[coherence] => member_1:fragment:28[ch]
member_1:fcluster:93 => member_1:fragment:352
member_1:theorem:27 => member_1:fragment:74
member_1:theorem:40 => member_1:fragment:99
member_1:kpattern:4 => member_1:fragment:33[kp]
member_1:kconstructor:8 => member_1:fragment:93[kc]
member_1:theorem:2 => member_1:fragment:35
member_1:theorem:214 => member_1:fragment:382
member_1:theorem:203 => member_1:fragment:366
member_1:theorem:105 => member_1:fragment:210
member_1:kdefiniens:12 => member_1:fragment:220[kf]
member_1:kconstructor:8[commutativity] => member_1:fragment:93[cm]
member_1:deftheorem:4 => member_1:fragment:75[dt]
member_1:theorem:218 => member_1:fragment:392
member_1:kconstructor:4 => member_1:fragment:33[kc]
member_1:fcluster:6 => member_1:fragment:51
member_1:lemma:2 => member_1:fragment:56
member_1:theorem:128 => member_1:fragment:241
member_1:deftheorem:19 => member_1:fragment:336[dt]
member_1:theorem:85 => member_1:fragment:175
member_1:theorem:158 => member_1:fragment:288
member_1:theorem:230 => member_1:fragment:415
member_1:kpattern:11 => member_1:fragment:140[kp]
member_1:theorem:104 => member_1:fragment:209
member_1:deftheorem:16 => member_1:fragment:290[dt]
member_1:fcluster:104 => member_1:fragment:386
member_1:theorem:98 => member_1:fragment:198
member_1:fcluster:21 => member_1:fragment:108
member_1:theorem:57 => member_1:fragment:131
member_1:theorem:3 => member_1:fragment:39
member_1:kconstructor:6[coherence] => member_1:fragment:65[ch]
member_1:theorem:133 => member_1:fragment:247
member_1:theorem:54 => member_1:fragment:124
member_1:theorem:126 => member_1:fragment:239
member_1:theorem:171 => member_1:fragment:313
member_1:fcluster:97 => member_1:fragment:356
member_1:theorem:95 => member_1:fragment:195
member_1:kpattern:15 => member_1:fragment:220[kp]
member_1:theorem:29 => member_1:fragment:77
member_1:deftheorem:12 => member_1:fragment:220[dt]
member_1:theorem:227 => member_1:fragment:406
member_1:kconstructor:9[commutativity] => member_1:fragment:105[cm]
member_1:kconstructor:27[coherence] => member_1:fragment:404[ch]
member_1:fcluster:43 => member_1:fragment:181
member_1:theorem:114 => member_1:fragment:219
member_1:fcluster:3 => member_1:fragment:36
member_1:kdefiniens:16 => member_1:fragment:290[kf]
member_1:kconstructor:3 => member_1:fragment:30[kc]
member_1:theorem:232 => member_1:fragment:417
member_1:theorem:88 => member_1:fragment:178
member_1:fcluster:50 => member_1:fragment:188
member_1:theorem:90 => member_1:fragment:190
member_1:kconstructor:7[involutiveness] => member_1:fragment:75[in]
member_1:theorem:191 => member_1:fragment:345
member_1:theorem:187 => member_1:fragment:338
member_1:kconstructor:17 => member_1:fragment:258[kc]
member_1:theorem:167 => member_1:fragment:305
member_1:theorem:33 => member_1:fragment:87
member_1:fcluster:32 => member_1:fragment:143
member_1:theorem:17 => member_1:fragment:61
member_1:kconstructor:26[coherence] => member_1:fragment:397[ch]
member_1:fcluster:31 => member_1:fragment:129
member_1:fcluster:35 => member_1:fragment:146
member_1:theorem:176 => member_1:fragment:319
member_1:theorem:211 => member_1:fragment:375
member_1:fcluster:92 => member_1:fragment:351
member_1:theorem:180 => member_1:fragment:330
member_1:theorem:119 => member_1:fragment:232
member_1:theorem:39 => member_1:fragment:94
member_1:deftheorem:2 => member_1:fragment:47[dt]
member_1:fcluster:28 => member_1:fragment:126
member_1:kpattern:17 => member_1:fragment:258[kp]
member_1:theorem:208 => member_1:fragment:371
member_1:theorem:94 => member_1:fragment:194
member_1:kpattern:22 => member_1:fragment:336[kp]
member_1:theorem:144 => member_1:fragment:270
member_1:kdefiniens:17 => member_1:fragment:306[kf]
member_1:kidentification:9 => member_1:fragment:328
member_1:theorem:124 => member_1:fragment:237
member_1:theorem:108 => member_1:fragment:213
member_1:theorem:164 => member_1:fragment:302
member_1:theorem:151 => member_1:fragment:277
member_1:fcluster:96 => member_1:fragment:355
member_1:kdefiniens:22 => member_1:fragment:380[kf]
member_1:kpattern:9 => member_1:fragment:105[kp]
member_1:kidentification:4 => member_1:fragment:150
member_1:kpattern:26 => member_1:fragment:397[kp]
member_1:deftheorem:13 => member_1:fragment:245[dt]
member_1:fcluster:65 => member_1:fragment:263
member_1:fcluster:71 => member_1:fragment:282
member_1:theorem:46 => member_1:fragment:106
member_1:lemma:5 => member_1:fragment:152
member_1:fcluster:90 => member_1:fragment:341
member_1:fcluster:51 => member_1:fragment:204
member_1:theorem:153 => member_1:fragment:280
member_1:theorem:195 => member_1:fragment:350
member_1:theorem:184 => member_1:fragment:334
member_1:fcluster:69 => member_1:fragment:267
member_1:fcluster:14 => member_1:fragment:80
member_1:theorem:173 => member_1:fragment:315
member_1:theorem:12 => member_1:fragment:49
member_1:fcluster:27 => member_1:fragment:114
member_1:kpattern:8 => member_1:fragment:93[kp]
member_1:fcluster:9 => member_1:fragment:54
member_1:theorem:23 => member_1:fragment:70
member_1:theorem:6 => member_1:fragment:42
member_1:kconstructor:23 => member_1:fragment:347[kc]
member_1:theorem:7 => member_1:fragment:43
member_1:fcluster:85 => member_1:fragment:324
member_1:kconstructor:9 => member_1:fragment:105[kc]
member_1:kidentification:6 => member_1:fragment:229
member_1:theorem:82 => member_1:fragment:172
member_1:fcluster:36 => member_1:fragment:147
member_1:theorem:221 => member_1:fragment:395
member_1:theorem:212 => member_1:fragment:376
member_1:theorem:62 => member_1:fragment:137
member_1:kconstructor:15[coherence] => member_1:fragment:220[ch]
member_1:fcluster:12 => member_1:fragment:78
member_1:theorem:77 => member_1:fragment:162
member_1:theorem:79 => member_1:fragment:168
member_1:theorem:38 => member_1:fragment:92
member_1:theorem:26 => member_1:fragment:73
member_1:fcluster:100 => member_1:fragment:378
member_1:fcluster:108 => member_1:fragment:402
member_1:theorem:228 => member_1:fragment:407
member_1:fcluster:24 => member_1:fragment:111
member_1:theorem:122 => member_1:fragment:235
member_1:kconstructor:5 => member_1:fragment:47[kc]
member_1:fcluster:7 => member_1:fragment:52
member_1:fcluster:46 => member_1:fragment:184
member_1:theorem:89 => member_1:fragment:180
member_1:theorem:41 => member_1:fragment:100
member_1:lemma:1 => member_1:fragment:38
member_1:theorem:71 => member_1:fragment:156
member_1:theorem:10 => member_1:fragment:46
member_1:fcluster:57 => member_1:fragment:225
member_1:theorem:225 => member_1:fragment:400
member_1:theorem:32 => member_1:fragment:86
member_1:fcluster:58 => member_1:fragment:226
member_1:theorem:199 => member_1:fragment:362
member_1:kconstructor:13 => member_1:fragment:179[kc]
member_1:deftheorem:20 => member_1:fragment:347[dt]
member_1:theorem:123 => member_1:fragment:236
member_1:theorem:204 => member_1:fragment:367
member_1:fcluster:91 => member_1:fragment:342
member_1:kconstructor:21 => member_1:fragment:318[kc]
member_1:kpattern:14 => member_1:fragment:201[kp]
member_1:kconstructor:25[coherence] => member_1:fragment:380[ch]
member_1:theorem:207 => member_1:fragment:370
member_1:theorem:148 => member_1:fragment:274
member_1:theorem:188 => member_1:fragment:339
member_1:theorem:157 => member_1:fragment:287
member_1:fcluster:54 => member_1:fragment:207
member_1:theorem:178 => member_1:fragment:321
member_1:theorem:213 => member_1:fragment:381
member_1:theorem:70 => member_1:fragment:155
member_1:theorem:91 => member_1:fragment:191
member_1:kpattern:3 => member_1:fragment:30[kp]
member_1:theorem:58 => member_1:fragment:132
member_1:fcluster:103 => member_1:fragment:385
member_1:kconstructor:17[coherence] => member_1:fragment:258[ch]
member_1:theorem:86 => member_1:fragment:176
member_1:theorem:200 => member_1:fragment:363
member_1:fcluster:16 => member_1:fragment:95
member_1:theorem:63 => member_1:fragment:138
member_1:kdefiniens:4 => member_1:fragment:75[kf]
member_1:fcluster:25 => member_1:fragment:112
member_1:deftheorem:7 => member_1:fragment:123[dt]
member_1:fcluster:73 => member_1:fragment:284
member_1:kidentification:11 => member_1:fragment:389
member_1:fcluster:1 => member_1:fragment:31
member_1:kpattern:10 => member_1:fragment:123[kp]
member_1:kconstructor:10[coherence] => member_1:fragment:123[ch]
member_1:fcluster:77 => member_1:fragment:297
member_1:fcluster:81 => member_1:fragment:311
member_1:theorem:196 => member_1:fragment:359
member_1:theorem:226 => member_1:fragment:405
member_1:kdefiniens:15 => member_1:fragment:278[kf]
member_1:theorem:170 => member_1:fragment:309
member_1:theorem:22 => member_1:fragment:69
member_1:deftheorem:15 => member_1:fragment:278[dt]
member_1:theorem:177 => member_1:fragment:320
member_1:theorem:168 => member_1:fragment:307
member_1:theorem:138 => member_1:fragment:255
member_1:kdefiniens:1 => member_1:fragment:33[kf]
member_1:theorem:174 => member_1:fragment:316
member_1:fcluster:113 => member_1:fragment:411
member_1:theorem:194 => member_1:fragment:349
member_1:theorem:55 => member_1:fragment:125
member_1:kconstructor:7[coherence] => member_1:fragment:75[ch]
member_1:theorem:233 => member_1:fragment:418
member_1:fcluster:61 => member_1:fragment:249
member_1:kconstructor:12 => member_1:fragment:164[kc]
member_1:kpattern:2 => member_1:fragment:29[kp]
member_1:fcluster:39 => member_1:fragment:165
member_1:kdefiniens:9 => member_1:fragment:164[kf]
member_1:kconstructor:15 => member_1:fragment:220[kc]
member_1:theorem:34 => member_1:fragment:88
member_1:fcluster:70 => member_1:fragment:268
member_1:kpattern:25 => member_1:fragment:380[kp]
member_1:deftheorem:21 => member_1:fragment:373[dt]
member_1:kidentification:3 => member_1:fragment:115
member_1:fcluster:64 => member_1:fragment:262
member_1:kconstructor:2[coherence] => member_1:fragment:29[ch]
member_1:theorem:45 => member_1:fragment:104
member_1:kdefiniens:10 => member_1:fragment:179[kf]
member_1:lemma:4 => member_1:fragment:133
member_1:fcluster:67 => member_1:fragment:265
member_1:kconstructor:24 => member_1:fragment:373[kc]
member_1:kdefiniens:18 => member_1:fragment:318[kf]
member_1:theorem:143 => member_1:fragment:261
member_1:fcluster:11 => member_1:fragment:68
member_1:theorem:163 => member_1:fragment:301
member_1:theorem:216 => member_1:fragment:390
member_1:theorem:4 => member_1:fragment:40
member_1:kpattern:27 => member_1:fragment:404[kp]
member_1:kconstructor:5[involutiveness] => member_1:fragment:47[in]
member_1:fcluster:10 => member_1:fragment:67
member_1:theorem:18 => member_1:fragment:62
member_1:fcluster:17 => member_1:fragment:96
member_1:fcluster:47 => member_1:fragment:185
member_1:fcluster:52 => member_1:fragment:205
member_1:theorem:49 => member_1:fragment:118
member_1:theorem:107 => member_1:fragment:212
member_1:theorem:220 => member_1:fragment:394
member_1:deftheorem:6 => member_1:fragment:105[dt]
member_1:theorem:111 => member_1:fragment:216
member_1:fcluster:42 => member_1:fragment:169
member_1:theorem:134 => member_1:fragment:248
member_1:kconstructor:25 => member_1:fragment:380[kc]
member_1:fcluster:8 => member_1:fragment:53
member_1:theorem:83 => member_1:fragment:173
member_1:kconstructor:21[coherence] => member_1:fragment:318[ch]
member_1:kconstructor:24[coherence] => member_1:fragment:373[ch]
member_1:theorem:13 => member_1:fragment:57
member_1:theorem:25 => member_1:fragment:72
member_1:fcluster:20 => member_1:fragment:107
member_1:theorem:35 => member_1:fragment:89
member_1:theorem:51 => member_1:fragment:120
member_1:fcluster:112 => member_1:fragment:410
member_1:kpattern:7 => member_1:fragment:75[kp]
member_1:fcluster:82 => member_1:fragment:312
member_1:theorem:189 => member_1:fragment:343
member_1:theorem:116 => member_1:fragment:222
member_1:theorem:137 => member_1:fragment:254
member_1:kconstructor:6 => member_1:fragment:65[kc]
member_1:kconstructor:19 => member_1:fragment:290[kc]
member_1:kdefiniens:21 => member_1:fragment:373[kf]
member_1:fcluster:56 => member_1:fragment:224
member_1:deftheorem:3 => member_1:fragment:65[dt]
member_1:theorem:81 => member_1:fragment:171
member_1:theorem:201 => member_1:fragment:364
member_1:kconstructor:3[commutativity] => member_1:fragment:30[cm]
member_1:theorem:21 => member_1:fragment:66
member_1:fcluster:48 => member_1:fragment:186
member_1:fcluster:45 => member_1:fragment:183
member_1:fcluster:107 => member_1:fragment:401
member_1:theorem:74 => member_1:fragment:159
member_1:fcluster:109 => member_1:fragment:403
member_1:kidentification:7 => member_1:fragment:269
member_1:theorem:219 => member_1:fragment:393
member_1:kconstructor:16[coherence] => member_1:fragment:245[ch]
member_1:theorem:205 => member_1:fragment:368
member_1:fcluster:33 => member_1:fragment:144
member_1:theorem:60 => member_1:fragment:135
member_1:fcluster:95 => member_1:fragment:354
member_1:fcluster:41 => member_1:fragment:167
member_1:kconstructor:1 => member_1:fragment:28[kc]
member_1:theorem:160 => member_1:fragment:291
member_1:theorem:169 => member_1:fragment:308
member_1:theorem:197 => member_1:fragment:360
member_1:theorem:42 => member_1:fragment:101
member_1:kpattern:13 => member_1:fragment:179[kp]
member_1:fcluster:99 => member_1:fragment:377
member_1:kconstructor:16 => member_1:fragment:245[kc]
member_1:kconstructor:22 => member_1:fragment:336[kc]
member_1:theorem:64 => member_1:fragment:139
member_1:fcluster:86 => member_1:fragment:325
member_1:theorem:147 => member_1:fragment:273
member_1:fcluster:102 => member_1:fragment:384
member_1:kdefiniens:8 => member_1:fragment:140[kf]
member_1:kidentification:10 => member_1:fragment:358
member_1:kconstructor:14[coherence] => member_1:fragment:201[ch]
member_1:kconstructor:19[coherence] => member_1:fragment:290[ch]
member_1:fcluster:59 => member_1:fragment:227
member_1:theorem:30 => member_1:fragment:84
member_1:theorem:68 => member_1:fragment:153
member_1:fcluster:63 => member_1:fragment:251
member_1:theorem:156 => member_1:fragment:286
member_1:kconstructor:23[coherence] => member_1:fragment:347[ch]
member_1:kconstructor:22[coherence] => member_1:fragment:336[ch]
member_1:deftheorem:14 => member_1:fragment:258[dt]
member_1:kdefiniens:2 => member_1:fragment:47[kf]
member_1:kdefiniens:5 => member_1:fragment:93[kf]
member_1:deftheorem:9 => member_1:fragment:164[dt]
member_1:theorem:9 => member_1:fragment:45
member_1:fcluster:79 => member_1:fragment:299
member_1:kconstructor:12[commutativity] => member_1:fragment:164[cm]
member_1:theorem:52 => member_1:fragment:121
member_1:theorem:166 => member_1:fragment:304
member_1:theorem:131 => member_1:fragment:244
member_1:kconstructor:1[involutiveness] => member_1:fragment:28[in]
member_1:fcluster:26 => member_1:fragment:113
member_1:theorem:179 => member_1:fragment:329
member_1:kconstructor:14 => member_1:fragment:201[kc]
member_1:theorem:24 => member_1:fragment:71
member_1:theorem:102 => member_1:fragment:203
member_1:fcluster:19 => member_1:fragment:98
member_1:deftheorem:24 => member_1:fragment:404[dt]
member_1:theorem:152 => member_1:fragment:279
member_1:kpattern:18 => member_1:fragment:278[kp]
member_1:kconstructor:5[coherence] => member_1:fragment:47[ch]
member_1:fcluster:37 => member_1:fragment:148
member_1:lemma:3 => member_1:fragment:83
member_1:theorem:48 => member_1:fragment:117
member_1:theorem:101 => member_1:fragment:202
member_1:fcluster:83 => member_1:fragment:322
member_1:kpattern:21 => member_1:fragment:318[kp]
member_1:kpattern:1 => member_1:fragment:28[kp]
member_1:fcluster:30 => member_1:fragment:128
member_1:theorem:185 => member_1:fragment:335
member_1:kpattern:24 => member_1:fragment:373[kp]
member_1:theorem:202 => member_1:fragment:365
member_1:theorem:175 => member_1:fragment:317
member_1:theorem:125 => member_1:fragment:238
member_1:theorem:129 => member_1:fragment:242
member_1:theorem:193 => member_1:fragment:348
member_1:theorem:135 => member_1:fragment:252
member_1:fcluster:4 => member_1:fragment:37
member_1:fcluster:34 => member_1:fragment:145
member_1:theorem:78 => member_1:fragment:163
member_1:fcluster:23 => member_1:fragment:110
member_1:theorem:215 => member_1:fragment:383
member_1:fcluster:74 => member_1:fragment:294
member_1:theorem:141 => member_1:fragment:259
member_1:theorem:14 => member_1:fragment:58
member_1:theorem:155 => member_1:fragment:285
member_1:theorem:117 => member_1:fragment:230
member_1:fcluster:29 => member_1:fragment:127
member_1:kdefiniens:24 => member_1:fragment:404[kf]
member_1:theorem:59 => member_1:fragment:134
member_1:kdefiniens:14 => member_1:fragment:258[kf]
member_1:theorem:112 => member_1:fragment:217
member_1:theorem:210 => member_1:fragment:374
member_1:theorem:162 => member_1:fragment:293
member_1:theorem:120 => member_1:fragment:233
member_1:kconstructor:13[commutativity] => member_1:fragment:179[cm]
member_1:fcluster:60 => member_1:fragment:228
member_1:kconstructor:20 => member_1:fragment:306[kc]
member_1:theorem:65 => member_1:fragment:141
member_1:theorem:19 => member_1:fragment:63
member_1:kidentification:1 => member_1:fragment:55
member_1:fcluster:111 => member_1:fragment:409
member_1:theorem:182 => member_1:fragment:332
member_1:kdefiniens:19 => member_1:fragment:336[kf]
member_1:theorem:223 => member_1:fragment:398
member_1:kconstructor:26 => member_1:fragment:397[kc]
member_1:fcluster:94 => member_1:fragment:353
member_1:deftheorem:11 => member_1:fragment:201[dt]
member_1:kdefiniens:20 => member_1:fragment:347[kf]
member_1:kidentification:12 => member_1:fragment:413
member_1:theorem:132 => member_1:fragment:246
member_1:theorem:75 => member_1:fragment:160
member_1:theorem:87 => member_1:fragment:177
member_1:kconstructor:12[coherence] => member_1:fragment:164[ch]
member_1:theorem:1 => member_1:fragment:34
member_1:theorem:92 => member_1:fragment:192
member_1:theorem:115 => member_1:fragment:221
member_1:kidentification:2 => member_1:fragment:82
member_1:theorem:206 => member_1:fragment:369
member_1:theorem:44 => member_1:fragment:103
member_1:fcluster:55 => member_1:fragment:223
member_1:deftheorem:5 => member_1:fragment:93[dt]
member_1:theorem:73 => member_1:fragment:158
member_1:kconstructor:13[coherence] => member_1:fragment:179[ch]
member_1:theorem:80 => member_1:fragment:170
member_1:kconstructor:7 => member_1:fragment:75[kc]
member_1:fcluster:87 => member_1:fragment:326
member_1:kdefiniens:11 => member_1:fragment:201[kf]
member_1:theorem:15 => member_1:fragment:59
member_1:fcluster:38 => member_1:fragment:149
member_1:deftheorem:18 => member_1:fragment:318[dt]
member_1:theorem:97 => member_1:fragment:197
