multop_1:kconstructor:3 => multop_1:fragment:30[kc]
multop_1:kconstructor:4[coherence] => multop_1:fragment:31[ch]
multop_1:kconstructor:1[coherence] => multop_1:fragment:2[ch]
multop_1:scheme:4 => multop_1:fragment:29
multop_1:theorem:4 => multop_1:fragment:32
multop_1:mpattern:1 => multop_1:fragment:25[mp]
multop_1:mpattern:2 => multop_1:fragment:35[mp]
multop_1:scheme:5 => multop_1:fragment:36
multop_1:kconstructor:1 => multop_1:fragment:2[kc]
multop_1:kconstructor:4 => multop_1:fragment:31[kc]
multop_1:theorem:6 => multop_1:fragment:34
multop_1:scheme:8 => multop_1:fragment:39
multop_1:kdefiniens:1 => multop_1:fragment:2[kf]
multop_1:kconstructor:2 => multop_1:fragment:21[kc]
multop_1:kpattern:1 => multop_1:fragment:2[kp]
multop_1:kdefiniens:2 => multop_1:fragment:30[kf]
multop_1:theorem:5 => multop_1:fragment:33
multop_1:scheme:7 => multop_1:fragment:38
multop_1:deftheorem:1 => multop_1:fragment:2[dt]
multop_1:kpattern:3 => multop_1:fragment:30[kp]
multop_1:deftheorem:2 => multop_1:fragment:30[dt]
multop_1:kpattern:4 => multop_1:fragment:31[kp]
multop_1:scheme:2 => multop_1:fragment:27
multop_1:theorem:3 => multop_1:fragment:24
multop_1:theorem:1 => multop_1:fragment:22
multop_1:kconstructor:2[coherence] => multop_1:fragment:21[ch]
multop_1:scheme:1 => multop_1:fragment:26
multop_1:kpattern:2 => multop_1:fragment:21[kp]
multop_1:scheme:6 => multop_1:fragment:37
multop_1:theorem:2 => multop_1:fragment:23
multop_1:scheme:3 => multop_1:fragment:28
multop_1:kconstructor:3[coherence] => multop_1:fragment:30[ch]
