nat_1:theorem:52 => nat_1:fragment:125
nat_1:theorem:2 => nat_1:fragment:26
nat_1:theorem:17 => nat_1:fragment:49
nat_1:kconstructor:4[commutativity] => nat_1:fragment:25[cm]
nat_1:lemma:1 => nat_1:fragment:111
nat_1:theorem:15 => nat_1:fragment:46
nat_1:kconstructor:6[commutativity] => nat_1:fragment:105[cm]
nat_1:theorem:11 => nat_1:fragment:39
nat_1:scheme:2 => nat_1:fragment:22
nat_1:theorem:4 => nat_1:fragment:28
nat_1:kdefiniens:2 => nat_1:fragment:91[kf]
nat_1:deftheorem:1 => nat_1:fragment:79[dt]
nat_1:theorem:43 => nat_1:fragment:92
nat_1:kpattern:1 => nat_1:fragment:18[kp]
nat_1:theorem:50 => nat_1:fragment:123
nat_1:kconstructor:5[uniqueness] => nat_1:fragment:79[un]
nat_1:kconstructor:1[coherence] => nat_1:fragment:18[ch]
nat_1:kpattern:6 => nat_1:fragment:91[kp]
nat_1:kpattern:10 => nat_1:fragment:110[kp]
nat_1:theorem:31 => nat_1:fragment:71
nat_1:fcluster:4 => nat_1:fragment:34
nat_1:theorem:25 => nat_1:fragment:65
nat_1:rcluster:3 => nat_1:fragment:59
nat_1:theorem:12 => nat_1:fragment:43
nat_1:ccluster:2 => nat_1:fragment:60
nat_1:theorem:18 => nat_1:fragment:50
nat_1:theorem:38 => nat_1:fragment:84
nat_1:theorem:33 => nat_1:fragment:73
nat_1:kconstructor:10[coherence] => nat_1:fragment:113[ch]
nat_1:theorem:9 => nat_1:fragment:37
nat_1:scheme:12 => nat_1:fragment:98
nat_1:kconstructor:9[uniqueness] => nat_1:fragment:110[un]
nat_1:theorem:41 => nat_1:fragment:87
nat_1:ccluster:3 => nat_1:fragment:61
nat_1:kconstructor:6[idempotence] => nat_1:fragment:105[id]
nat_1:theorem:58 => nat_1:fragment:133
nat_1:theorem:60 => nat_1:fragment:135
nat_1:theorem:39 => nat_1:fragment:85
nat_1:ccluster:1 => nat_1:fragment:51
nat_1:theorem:55 => nat_1:fragment:130
nat_1:kconstructor:7 => nat_1:fragment:106[kc]
nat_1:rcluster:2 => nat_1:fragment:52
nat_1:scheme:7 => nat_1:fragment:48
nat_1:theorem:51 => nat_1:fragment:124
nat_1:scheme:15 => nat_1:fragment:101
nat_1:fcluster:9 => nat_1:fragment:122
nat_1:theorem:48 => nat_1:fragment:119
nat_1:scheme:5 => nat_1:fragment:41
nat_1:theorem:36 => nat_1:fragment:76
nat_1:kpattern:3 => nat_1:fragment:24[kp]
nat_1:theorem:34 => nat_1:fragment:74
nat_1:kconstructor:4[coherence] => nat_1:fragment:25[ch]
nat_1:scheme:18 => nat_1:fragment:128
nat_1:scheme:9 => nat_1:fragment:64
nat_1:theorem:6 => nat_1:fragment:30
nat_1:theorem:46 => nat_1:fragment:96
nat_1:kpattern:5 => nat_1:fragment:79[kp]
nat_1:kconstructor:1[commutativity] => nat_1:fragment:18[cm]
nat_1:theorem:40 => nat_1:fragment:86
nat_1:theorem:21 => nat_1:fragment:55
nat_1:kpattern:8 => nat_1:fragment:106[kp]
nat_1:kconstructor:9 => nat_1:fragment:110[kc]
nat_1:scheme:14 => nat_1:fragment:100
nat_1:kconstructor:4 => nat_1:fragment:25[kc]
nat_1:kconstructor:2[coherence] => nat_1:fragment:19[ch]
nat_1:kconstructor:3 => nat_1:fragment:24[kc]
nat_1:kpattern:11 => nat_1:fragment:113[kp]
nat_1:theorem:29 => nat_1:fragment:69
nat_1:theorem:56 => nat_1:fragment:131
nat_1:theorem:28 => nat_1:fragment:68
nat_1:fcluster:5 => nat_1:fragment:103
nat_1:theorem:49 => nat_1:fragment:120
nat_1:theorem:14 => nat_1:fragment:45
nat_1:theorem:24 => nat_1:fragment:62
nat_1:scheme:3 => nat_1:fragment:35
nat_1:theorem:16 => nat_1:fragment:47
nat_1:kpattern:9 => nat_1:fragment:108[kp]
nat_1:kconstructor:7[commutativity] => nat_1:fragment:106[cm]
nat_1:theorem:32 => nat_1:fragment:72
nat_1:kpattern:2 => nat_1:fragment:19[kp]
nat_1:theorem:42 => nat_1:fragment:90
nat_1:kdefiniens:1 => nat_1:fragment:79[kf]
nat_1:scheme:16 => nat_1:fragment:102
nat_1:kconstructor:1 => nat_1:fragment:18[kc]
nat_1:kdefiniens:3 => nat_1:fragment:110[kf]
nat_1:fcluster:10 => nat_1:fragment:129
nat_1:deftheorem:3 => nat_1:fragment:110[dt]
nat_1:scheme:11 => nat_1:fragment:97
nat_1:theorem:53 => nat_1:fragment:126
nat_1:kconstructor:7[coherence] => nat_1:fragment:106[ch]
nat_1:kconstructor:3[coherence] => nat_1:fragment:24[ch]
nat_1:kconstructor:6[coherence] => nat_1:fragment:105[ch]
nat_1:fcluster:2 => nat_1:fragment:23
nat_1:theorem:59 => nat_1:fragment:134
nat_1:scheme:1 => nat_1:fragment:21
nat_1:kpattern:7 => nat_1:fragment:105[kp]
nat_1:theorem:26 => nat_1:fragment:66
nat_1:theorem:10 => nat_1:fragment:38
nat_1:theorem:13 => nat_1:fragment:44
nat_1:theorem:30 => nat_1:fragment:70
nat_1:rcluster:1 => nat_1:fragment:32
nat_1:fcluster:8 => nat_1:fragment:121
nat_1:theorem:23 => nat_1:fragment:58
nat_1:fcluster:1 => nat_1:fragment:17
nat_1:fcluster:3 => nat_1:fragment:33
nat_1:theorem:19 => nat_1:fragment:53
nat_1:theorem:8 => nat_1:fragment:36
nat_1:kconstructor:7[idempotence] => nat_1:fragment:106[id]
nat_1:kpattern:4 => nat_1:fragment:25[kp]
nat_1:fcluster:6 => nat_1:fragment:104
nat_1:theorem:3 => nat_1:fragment:27
nat_1:theorem:5 => nat_1:fragment:29
nat_1:theorem:57 => nat_1:fragment:132
nat_1:kconstructor:3[commutativity] => nat_1:fragment:24[cm]
nat_1:scheme:6 => nat_1:fragment:42
nat_1:theorem:7 => nat_1:fragment:31
nat_1:scheme:4 => nat_1:fragment:40
nat_1:fcluster:7 => nat_1:fragment:112
nat_1:kconstructor:2[commutativity] => nat_1:fragment:19[cm]
nat_1:scheme:10 => nat_1:fragment:78
nat_1:kdefiniens:2[compatibility] => nat_1:fragment:91[cp]
nat_1:kconstructor:6 => nat_1:fragment:105[kc]
nat_1:theorem:44 => nat_1:fragment:94
nat_1:theorem:47 => nat_1:fragment:118
nat_1:theorem:27 => nat_1:fragment:67
nat_1:theorem:20 => nat_1:fragment:54
nat_1:scheme:8 => nat_1:fragment:63
nat_1:kconstructor:5 => nat_1:fragment:79[kc]
nat_1:kconstructor:8[coherence] => nat_1:fragment:108[ch]
nat_1:scheme:13 => nat_1:fragment:99
nat_1:kconstructor:8 => nat_1:fragment:108[kc]
nat_1:kconstructor:10 => nat_1:fragment:113[kc]
nat_1:theorem:37 => nat_1:fragment:77
nat_1:theorem:1 => nat_1:fragment:16
nat_1:kconstructor:9[existence] => nat_1:fragment:110[ex]
nat_1:theorem:35 => nat_1:fragment:75
nat_1:mpattern:1 => nat_1:fragment:109[mp]
nat_1:theorem:45 => nat_1:fragment:95
nat_1:scheme:17 => nat_1:fragment:107
nat_1:theorem:54 => nat_1:fragment:127
nat_1:theorem:22 => nat_1:fragment:57
nat_1:deftheorem:2 => nat_1:fragment:91[dt]
nat_1:kconstructor:5[existence] => nat_1:fragment:79[ex]
nat_1:kconstructor:2 => nat_1:fragment:19[kc]
