ordinal1:deftheorem:9 => ordinal1:fragment:97[dt]
ordinal1:theorem:31 => ordinal1:fragment:85
ordinal1:scheme:5 => ordinal1:fragment:94
ordinal1:kdefiniens:2 => ordinal1:fragment:97[kf]
ordinal1:theorem:21 => ordinal1:fragment:62
ordinal1:scheme:3 => ordinal1:fragment:92
ordinal1:deftheorem:7 => ordinal1:fragment:77[dt]
ordinal1:vpattern:3 => ordinal1:fragment:36[vp]
ordinal1:ccluster:1 => ordinal1:fragment:37
ordinal1:scheme:1 => ordinal1:fragment:64
ordinal1:kpattern:2 => ordinal1:fragment:97[kp]
ordinal1:ccluster:3 => ordinal1:fragment:54
ordinal1:theorem:4 => ordinal1:fragment:16
ordinal1:deftheorem:5 => ordinal1:fragment:51[dt]
ordinal1:deftheorem:11 => ordinal1:fragment:101[dt]
ordinal1:theorem:26 => ordinal1:fragment:70
ordinal1:theorem:9 => ordinal1:fragment:23
ordinal1:vconstructor:3 => ordinal1:fragment:36[vc]
ordinal1:vconstructor:1 => ordinal1:fragment:33[vc]
ordinal1:deftheorem:1 => ordinal1:fragment:18[dt]
ordinal1:ccluster:7 => ordinal1:fragment:110
ordinal1:theorem:13 => ordinal1:fragment:49
ordinal1:vpattern:5 => ordinal1:fragment:77[vp]
ordinal1:kconstructor:3[uniqueness] => ordinal1:fragment:98[un]
ordinal1:rcluster:2 => ordinal1:fragment:57
ordinal1:theorem:20 => ordinal1:fragment:61
ordinal1:theorem:14 => ordinal1:fragment:50
ordinal1:vdefiniens:3 => ordinal1:fragment:36[vf]
ordinal1:deftheorem:10 => ordinal1:fragment:98[dt]
ordinal1:rconstructor:1[connectedness] => ordinal1:fragment:51[cn]
ordinal1:rcluster:4 => ordinal1:fragment:104
ordinal1:theorem:2 => ordinal1:fragment:14
ordinal1:fcluster:5 => ordinal1:fragment:88
ordinal1:kconstructor:1 => ordinal1:fragment:18[kc]
ordinal1:rdefiniens:1[compatibility] => ordinal1:fragment:51[cp]
ordinal1:theorem:18 => ordinal1:fragment:56
ordinal1:vdefiniens:2 => ordinal1:fragment:34[vf]
ordinal1:fcluster:2 => ordinal1:fragment:58
ordinal1:kpattern:1 => ordinal1:fragment:18[kp]
ordinal1:theorem:33 => ordinal1:fragment:89
ordinal1:fcluster:4 => ordinal1:fragment:86
ordinal1:theorem:15 => ordinal1:fragment:52
ordinal1:rcluster:5 => ordinal1:fragment:112
ordinal1:theorem:23 => ordinal1:fragment:67
ordinal1:vconstructor:5 => ordinal1:fragment:77[vc]
ordinal1:vpattern:7 => ordinal1:fragment:103[vp]
ordinal1:ccluster:4 => ordinal1:fragment:78
ordinal1:fcluster:7 => ordinal1:fragment:113
ordinal1:theorem:10 => ordinal1:fragment:46
ordinal1:theorem:8 => ordinal1:fragment:22
ordinal1:vdefiniens:5 => ordinal1:fragment:77[vf]
ordinal1:theorem:29 => ordinal1:fragment:74
ordinal1:deftheorem:3 => ordinal1:fragment:34[dt]
ordinal1:kconstructor:3[existence] => ordinal1:fragment:98[ex]
ordinal1:theorem:28 => ordinal1:fragment:73
ordinal1:scheme:2 => ordinal1:fragment:66
ordinal1:deftheorem:12 => ordinal1:fragment:103[dt]
ordinal1:rpattern:1 => ordinal1:fragment:51[rp]
ordinal1:ccluster:9 => ordinal1:fragment:114
ordinal1:mpattern:1 => ordinal1:fragment:39[mp]
ordinal1:theorem:34 => ordinal1:fragment:91
ordinal1:kconstructor:1[coherence] => ordinal1:fragment:18[ch]
ordinal1:scheme:4 => ordinal1:fragment:93
ordinal1:kdefiniens:3 => ordinal1:fragment:98[kf]
ordinal1:kconstructor:4 => ordinal1:fragment:101[kc]
ordinal1:theorem:3 => ordinal1:fragment:15
ordinal1:ccluster:2 => ordinal1:fragment:38
ordinal1:vdefiniens:6 => ordinal1:fragment:90[vf]
ordinal1:theorem:37 => ordinal1:fragment:109
ordinal1:theorem:30 => ordinal1:fragment:82
ordinal1:kdefiniens:1 => ordinal1:fragment:18[kf]
ordinal1:deftheorem:6 => ordinal1:fragment:72[dt]
ordinal1:vpattern:2 => ordinal1:fragment:34[vp]
ordinal1:theorem:36 => ordinal1:fragment:100
ordinal1:kconstructor:2[uniqueness] => ordinal1:fragment:97[un]
ordinal1:fcluster:6 => ordinal1:fragment:102
ordinal1:rcluster:1 => ordinal1:fragment:40
ordinal1:kpattern:3 => ordinal1:fragment:98[kp]
ordinal1:vdefiniens:4 => ordinal1:fragment:72[vf]
ordinal1:scheme:6 => ordinal1:fragment:108
ordinal1:mpattern:4 => ordinal1:fragment:81[mp]
ordinal1:theorem:32 => ordinal1:fragment:87
ordinal1:theorem:25 => ordinal1:fragment:69
ordinal1:vpattern:4 => ordinal1:fragment:72[vp]
ordinal1:theorem:6 => ordinal1:fragment:20
ordinal1:vconstructor:4 => ordinal1:fragment:72[vc]
ordinal1:theorem:16 => ordinal1:fragment:53
ordinal1:ccluster:6 => ordinal1:fragment:107
ordinal1:vdefiniens:7 => ordinal1:fragment:103[vf]
ordinal1:vconstructor:2 => ordinal1:fragment:34[vc]
ordinal1:theorem:12 => ordinal1:fragment:48
ordinal1:rconstructor:1[reflexivity] => ordinal1:fragment:51[re]
ordinal1:kconstructor:4[uniqueness] => ordinal1:fragment:101[un]
ordinal1:vpattern:1 => ordinal1:fragment:33[vp]
ordinal1:theorem:5 => ordinal1:fragment:17
ordinal1:mpattern:5 => ordinal1:fragment:105[mp]
ordinal1:kpattern:4 => ordinal1:fragment:101[kp]
ordinal1:rdefiniens:1 => ordinal1:fragment:51[rf]
ordinal1:deftheorem:2 => ordinal1:fragment:33[dt]
ordinal1:mpattern:2 => ordinal1:fragment:41[mp]
ordinal1:theorem:24 => ordinal1:fragment:68
ordinal1:vconstructor:6 => ordinal1:fragment:90[vc]
ordinal1:theorem:11 => ordinal1:fragment:47
ordinal1:theorem:17 => ordinal1:fragment:55
ordinal1:ccluster:5 => ordinal1:fragment:106
ordinal1:theorem:19 => ordinal1:fragment:60
ordinal1:ccluster:8 => ordinal1:fragment:111
ordinal1:rcluster:3 => ordinal1:fragment:80
ordinal1:vpattern:6 => ordinal1:fragment:90[vp]
ordinal1:theorem:27 => ordinal1:fragment:71
ordinal1:kdefiniens:4 => ordinal1:fragment:101[kf]
ordinal1:kconstructor:3 => ordinal1:fragment:98[kc]
ordinal1:fcluster:3 => ordinal1:fragment:59
ordinal1:vconstructor:7 => ordinal1:fragment:103[vc]
ordinal1:kconstructor:2 => ordinal1:fragment:97[kc]
ordinal1:deftheorem:8 => ordinal1:fragment:90[dt]
ordinal1:mpattern:3 => ordinal1:fragment:79[mp]
ordinal1:theorem:22 => ordinal1:fragment:63
ordinal1:theorem:7 => ordinal1:fragment:21
ordinal1:ccluster:10 => ordinal1:fragment:115
ordinal1:lemma:1 => ordinal1:fragment:35
ordinal1:fcluster:1 => ordinal1:fragment:19
ordinal1:rconstructor:1 => ordinal1:fragment:51[rc]
ordinal1:kconstructor:2[existence] => ordinal1:fragment:97[ex]
ordinal1:vdefiniens:1 => ordinal1:fragment:33[vf]
ordinal1:kconstructor:4[existence] => ordinal1:fragment:101[ex]
ordinal1:deftheorem:4 => ordinal1:fragment:36[dt]
ordinal1:theorem:35 => ordinal1:fragment:95
ordinal1:theorem:1 => ordinal1:fragment:13
