partfun2:theorem:43 => partfun2:fragment:76
partfun2:scheme:3 => partfun2:fragment:59
partfun2:theorem:28 => partfun2:fragment:56
partfun2:theorem:27 => partfun2:fragment:55
partfun2:theorem:2 => partfun2:fragment:27
partfun2:kpattern:4 => partfun2:fragment:60[kp]
partfun2:theorem:49 => partfun2:fragment:82
partfun2:theorem:19 => partfun2:fragment:47
partfun2:theorem:44 => partfun2:fragment:77
partfun2:theorem:40 => partfun2:fragment:73
partfun2:kconstructor:3 => partfun2:fragment:46[kc]
partfun2:theorem:38 => partfun2:fragment:71
partfun2:kpattern:2 => partfun2:fragment:37[kp]
partfun2:theorem:42 => partfun2:fragment:75
partfun2:theorem:35 => partfun2:fragment:68
partfun2:theorem:22 => partfun2:fragment:50
partfun2:theorem:59 => partfun2:fragment:92
partfun2:theorem:25 => partfun2:fragment:53
partfun2:theorem:21 => partfun2:fragment:49
partfun2:kconstructor:4[coherence] => partfun2:fragment:60[ch]
partfun2:theorem:12 => partfun2:fragment:39
partfun2:theorem:53 => partfun2:fragment:86
partfun2:theorem:5 => partfun2:fragment:30
partfun2:theorem:14 => partfun2:fragment:41
partfun2:theorem:56 => partfun2:fragment:89
partfun2:kconstructor:2 => partfun2:fragment:37[kc]
partfun2:theorem:58 => partfun2:fragment:91
partfun2:theorem:45 => partfun2:fragment:78
partfun2:theorem:36 => partfun2:fragment:69
partfun2:theorem:8 => partfun2:fragment:34
partfun2:theorem:54 => partfun2:fragment:87
partfun2:theorem:37 => partfun2:fragment:70
partfun2:theorem:6 => partfun2:fragment:32
partfun2:theorem:29 => partfun2:fragment:61
partfun2:vconstructor:1 => partfun2:fragment:67[vc]
partfun2:theorem:18 => partfun2:fragment:45
partfun2:theorem:52 => partfun2:fragment:85
partfun2:vdefiniens:1 => partfun2:fragment:67[vf]
partfun2:theorem:48 => partfun2:fragment:81
partfun2:scheme:1 => partfun2:fragment:57
partfun2:theorem:57 => partfun2:fragment:90
partfun2:theorem:39 => partfun2:fragment:72
partfun2:theorem:33 => partfun2:fragment:65
partfun2:theorem:10 => partfun2:fragment:36
partfun2:theorem:15 => partfun2:fragment:42
partfun2:vpattern:1 => partfun2:fragment:67[vp]
partfun2:vdefiniens:1[compatibility] => partfun2:fragment:67[cp]
partfun2:theorem:16 => partfun2:fragment:43
partfun2:kconstructor:1 => partfun2:fragment:31[kc]
partfun2:theorem:23 => partfun2:fragment:51
partfun2:theorem:24 => partfun2:fragment:52
partfun2:theorem:50 => partfun2:fragment:83
partfun2:theorem:32 => partfun2:fragment:64
partfun2:theorem:55 => partfun2:fragment:88
partfun2:theorem:9 => partfun2:fragment:35
partfun2:theorem:13 => partfun2:fragment:40
partfun2:theorem:11 => partfun2:fragment:38
partfun2:kconstructor:2[coherence] => partfun2:fragment:37[ch]
partfun2:theorem:46 => partfun2:fragment:79
partfun2:theorem:4 => partfun2:fragment:29
partfun2:kconstructor:3[coherence] => partfun2:fragment:46[ch]
partfun2:kpattern:1 => partfun2:fragment:31[kp]
partfun2:deftheorem:1 => partfun2:fragment:67[dt]
partfun2:theorem:47 => partfun2:fragment:80
partfun2:theorem:3 => partfun2:fragment:28
partfun2:kconstructor:1[coherence] => partfun2:fragment:31[ch]
partfun2:theorem:34 => partfun2:fragment:66
partfun2:theorem:26 => partfun2:fragment:54
partfun2:theorem:61 => partfun2:fragment:94
partfun2:theorem:41 => partfun2:fragment:74
partfun2:theorem:51 => partfun2:fragment:84
partfun2:theorem:17 => partfun2:fragment:44
partfun2:theorem:1 => partfun2:fragment:26
partfun2:theorem:30 => partfun2:fragment:62
partfun2:scheme:2 => partfun2:fragment:58
partfun2:kpattern:3 => partfun2:fragment:46[kp]
partfun2:theorem:20 => partfun2:fragment:48
partfun2:theorem:31 => partfun2:fragment:63
partfun2:theorem:60 => partfun2:fragment:93
partfun2:theorem:7 => partfun2:fragment:33
partfun2:kconstructor:4 => partfun2:fragment:60[kc]
