partfun1:theorem:79 => partfun1:fragment:133
partfun1:theorem:40 => partfun1:fragment:72
partfun1:kconstructor:6[coherence] => partfun1:fragment:121[ch]
partfun1:kpattern:4 => partfun1:fragment:77[kp]
partfun1:theorem:72 => partfun1:fragment:109
partfun1:theorem:37 => partfun1:fragment:66
partfun1:ccluster:1 => partfun1:fragment:70
partfun1:kconstructor:5[uniqueness] => partfun1:fragment:104[un]
partfun1:theorem:50 => partfun1:fragment:84
partfun1:theorem:11 => partfun1:fragment:38
partfun1:theorem:12 => partfun1:fragment:40
partfun1:theorem:67 => partfun1:fragment:102
partfun1:theorem:48 => partfun1:fragment:82
partfun1:theorem:69 => partfun1:fragment:105
partfun1:rconstructor:1[symmetry] => partfun1:fragment:85[sy]
partfun1:theorem:61 => partfun1:fragment:96
partfun1:ccluster:2 => partfun1:fragment:71
partfun1:theorem:64 => partfun1:fragment:99
partfun1:theorem:1 => partfun1:fragment:21
partfun1:deftheorem:4 => partfun1:fragment:85[dt]
partfun1:theorem:29 => partfun1:fragment:58
partfun1:fcluster:1 => partfun1:fragment:78
partfun1:theorem:70 => partfun1:fragment:106
partfun1:theorem:44 => partfun1:fragment:76
partfun1:theorem:2 => partfun1:fragment:22
partfun1:lemma:1 => partfun1:fragment:24
partfun1:lemma:2 => partfun1:fragment:115
partfun1:theorem:26 => partfun1:fragment:55
partfun1:theorem:7 => partfun1:fragment:34
partfun1:theorem:30 => partfun1:fragment:59
partfun1:lemma:4 => partfun1:fragment:117
partfun1:theorem:25 => partfun1:fragment:54
partfun1:kdefiniens:1 => partfun1:fragment:50[kf]
partfun1:theorem:18 => partfun1:fragment:46
partfun1:theorem:62 => partfun1:fragment:97
partfun1:kpattern:2 => partfun1:fragment:39[kp]
partfun1:scheme:4 => partfun1:fragment:122
partfun1:fcluster:3 => partfun1:fragment:120
partfun1:theorem:74 => partfun1:fragment:111
partfun1:theorem:52 => partfun1:fragment:87
partfun1:theorem:75 => partfun1:fragment:112
partfun1:kpattern:7 => partfun1:fragment:130[kp]
partfun1:theorem:80 => partfun1:fragment:134
partfun1:theorem:77 => partfun1:fragment:128
partfun1:kconstructor:6 => partfun1:fragment:121[kc]
partfun1:theorem:14 => partfun1:fragment:42
partfun1:theorem:20 => partfun1:fragment:48
partfun1:fcluster:2 => partfun1:fragment:108
partfun1:theorem:33 => partfun1:fragment:62
partfun1:mpattern:1 => partfun1:fragment:26[mp]
partfun1:theorem:43 => partfun1:fragment:75
partfun1:kconstructor:5[existence] => partfun1:fragment:104[ex]
partfun1:deftheorem:2 => partfun1:fragment:69[dt]
partfun1:vdefiniens:1 => partfun1:fragment:69[vf]
partfun1:rcluster:2 => partfun1:fragment:118
partfun1:scheme:1 => partfun1:fragment:23
partfun1:theorem:22 => partfun1:fragment:51
partfun1:kconstructor:1 => partfun1:fragment:32[kc]
partfun1:scheme:2 => partfun1:fragment:30
partfun1:theorem:4 => partfun1:fragment:28
partfun1:theorem:16 => partfun1:fragment:44
partfun1:theorem:54 => partfun1:fragment:89
partfun1:kconstructor:5 => partfun1:fragment:104[kc]
partfun1:kconstructor:7 => partfun1:fragment:130[kc]
partfun1:theorem:9 => partfun1:fragment:36
partfun1:kdefiniens:3 => partfun1:fragment:104[kf]
partfun1:vpattern:1 => partfun1:fragment:69[vp]
partfun1:theorem:46 => partfun1:fragment:80
partfun1:rconstructor:1 => partfun1:fragment:85[rc]
partfun1:theorem:23 => partfun1:fragment:52
partfun1:ccluster:3 => partfun1:fragment:119
partfun1:kconstructor:3 => partfun1:fragment:50[kc]
partfun1:theorem:35 => partfun1:fragment:64
partfun1:kconstructor:4[existence] => partfun1:fragment:77[ex]
partfun1:theorem:66 => partfun1:fragment:101
partfun1:theorem:57 => partfun1:fragment:92
partfun1:theorem:10 => partfun1:fragment:37
partfun1:theorem:38 => partfun1:fragment:67
partfun1:theorem:78 => partfun1:fragment:129
partfun1:rcluster:1 => partfun1:fragment:25
partfun1:kpattern:1 => partfun1:fragment:32[kp]
partfun1:kdefiniens:2 => partfun1:fragment:77[kf]
partfun1:theorem:3 => partfun1:fragment:27
partfun1:theorem:27 => partfun1:fragment:56
partfun1:kconstructor:2[coherence] => partfun1:fragment:39[ch]
partfun1:theorem:53 => partfun1:fragment:88
partfun1:theorem:71 => partfun1:fragment:107
partfun1:kconstructor:3[coherence] => partfun1:fragment:50[ch]
partfun1:theorem:5 => partfun1:fragment:29
partfun1:theorem:41 => partfun1:fragment:73
partfun1:deftheorem:3 => partfun1:fragment:77[dt]
partfun1:kconstructor:1[coherence] => partfun1:fragment:32[ch]
partfun1:theorem:56 => partfun1:fragment:91
partfun1:kconstructor:4[uniqueness] => partfun1:fragment:77[un]
partfun1:rdefiniens:1 => partfun1:fragment:85[rf]
partfun1:kconstructor:2 => partfun1:fragment:39[kc]
partfun1:theorem:17 => partfun1:fragment:45
partfun1:theorem:49 => partfun1:fragment:83
partfun1:theorem:6 => partfun1:fragment:33
partfun1:theorem:59 => partfun1:fragment:94
partfun1:theorem:60 => partfun1:fragment:95
partfun1:theorem:19 => partfun1:fragment:47
partfun1:theorem:31 => partfun1:fragment:60
partfun1:lemma:3 => partfun1:fragment:116
partfun1:kpattern:3 => partfun1:fragment:50[kp]
partfun1:theorem:65 => partfun1:fragment:100
partfun1:kconstructor:7[coherence] => partfun1:fragment:130[ch]
partfun1:kdefiniens:4 => partfun1:fragment:130[kf]
partfun1:rconstructor:1[reflexivity] => partfun1:fragment:85[re]
partfun1:theorem:63 => partfun1:fragment:98
partfun1:deftheorem:6 => partfun1:fragment:130[dt]
partfun1:theorem:55 => partfun1:fragment:90
partfun1:theorem:58 => partfun1:fragment:93
partfun1:theorem:42 => partfun1:fragment:74
partfun1:deftheorem:5 => partfun1:fragment:104[dt]
partfun1:deftheorem:1 => partfun1:fragment:50[dt]
partfun1:theorem:15 => partfun1:fragment:43
partfun1:vconstructor:1 => partfun1:fragment:69[vc]
partfun1:theorem:76 => partfun1:fragment:113
partfun1:theorem:34 => partfun1:fragment:63
partfun1:theorem:45 => partfun1:fragment:79
partfun1:rcluster:3 => partfun1:fragment:131
partfun1:scheme:3 => partfun1:fragment:31
partfun1:theorem:13 => partfun1:fragment:41
partfun1:theorem:39 => partfun1:fragment:68
partfun1:theorem:47 => partfun1:fragment:81
partfun1:theorem:32 => partfun1:fragment:61
partfun1:rpattern:1 => partfun1:fragment:85[rp]
partfun1:theorem:68 => partfun1:fragment:103
partfun1:theorem:21 => partfun1:fragment:49
partfun1:theorem:28 => partfun1:fragment:57
partfun1:theorem:51 => partfun1:fragment:86
partfun1:fcluster:4 => partfun1:fragment:132
partfun1:theorem:24 => partfun1:fragment:53
partfun1:kpattern:6 => partfun1:fragment:121[kp]
partfun1:theorem:36 => partfun1:fragment:65
partfun1:theorem:73 => partfun1:fragment:110
partfun1:kpattern:5 => partfun1:fragment:104[kp]
partfun1:kconstructor:4 => partfun1:fragment:77[kc]
partfun1:theorem:8 => partfun1:fragment:35
