pboole:theorem:131 => pboole:fragment:182
pboole:theorem:97 => pboole:fragment:128
pboole:deftheorem:4 => pboole:fragment:23[dt]
pboole:kconstructor:3[commutativity] => pboole:fragment:24[cm]
pboole:theorem:86 => pboole:fragment:117
pboole:theorem:51 => pboole:fragment:81
pboole:kconstructor:6 => pboole:fragment:209[kc]
pboole:theorem:115 => pboole:fragment:147
pboole:theorem:139 => pboole:fragment:197
pboole:rconstructor:4 => pboole:fragment:26[rc]
pboole:kpattern:4 => pboole:fragment:25[kp]
pboole:theorem:1 => pboole:fragment:6
pboole:kconstructor:6[existence] => pboole:fragment:209[ex]
pboole:theorem:83 => pboole:fragment:114
pboole:kconstructor:2[idempotence] => pboole:fragment:23[id]
pboole:deftheorem:5 => pboole:fragment:24[dt]
pboole:theorem:79 => pboole:fragment:110
pboole:theorem:42 => pboole:fragment:71
pboole:rconstructor:2[reflexivity] => pboole:fragment:18[re]
pboole:scheme:5 => pboole:fragment:205
pboole:rdefiniens:4 => pboole:fragment:27[rf]
pboole:deftheorem:1 => pboole:fragment:17[dt]
pboole:rconstructor:3[asymmetry] => pboole:fragment:19[as]
pboole:kconstructor:9[uniqueness] => pboole:fragment:215[un]
pboole:theorem:6 => pboole:fragment:32
pboole:scheme:6 => pboole:fragment:217
pboole:theorem:37 => pboole:fragment:66
pboole:vpattern:2 => pboole:fragment:175[vp]
pboole:theorem:116 => pboole:fragment:148
pboole:mpattern:6 => pboole:fragment:211[mp]
pboole:theorem:130 => pboole:fragment:181
pboole:rpattern:9 => pboole:fragment:229[rp]
pboole:rdefiniens:7 => pboole:fragment:229[rf]
pboole:deftheorem:15 => pboole:fragment:200[dt]
pboole:theorem:70 => pboole:fragment:101
pboole:ccluster:2 => pboole:fragment:179
pboole:theorem:100 => pboole:fragment:132
pboole:theorem:135 => pboole:fragment:187
pboole:theorem:76 => pboole:fragment:107
pboole:theorem:84 => pboole:fragment:115
pboole:fcluster:2 => pboole:fragment:206
pboole:theorem:19 => pboole:fragment:48
pboole:theorem:10 => pboole:fragment:36
pboole:theorem:72 => pboole:fragment:103
pboole:theorem:68 => pboole:fragment:99
pboole:theorem:146 => pboole:fragment:228
pboole:vdefiniens:2[compatibility] => pboole:fragment:175[cp]
pboole:rconstructor:5[symmetry] => pboole:fragment:27[sy]
pboole:theorem:143 => pboole:fragment:225
pboole:theorem:47 => pboole:fragment:77
pboole:theorem:127 => pboole:fragment:166
pboole:kconstructor:3[idempotence] => pboole:fragment:24[id]
pboole:rcluster:4 => pboole:fragment:192
pboole:theorem:28 => pboole:fragment:57
pboole:rpattern:1 => pboole:fragment:17[rp]
pboole:theorem:109 => pboole:fragment:141
pboole:lemma:1 => pboole:fragment:40
pboole:theorem:95 => pboole:fragment:126
pboole:kconstructor:4[existence] => pboole:fragment:25[ex]
pboole:kconstructor:2[commutativity] => pboole:fragment:23[cm]
pboole:kdefiniens:5 => pboole:fragment:29[kf]
pboole:deftheorem:12 => pboole:fragment:174[dt]
pboole:rdefiniens:3 => pboole:fragment:26[rf]
pboole:theorem:33 => pboole:fragment:62
pboole:theorem:31 => pboole:fragment:60
pboole:theorem:13 => pboole:fragment:42
pboole:theorem:16 => pboole:fragment:45
pboole:theorem:105 => pboole:fragment:137
pboole:theorem:58 => pboole:fragment:89
pboole:theorem:22 => pboole:fragment:51
pboole:theorem:119 => pboole:fragment:153
pboole:theorem:9 => pboole:fragment:35
pboole:kpattern:3 => pboole:fragment:24[kp]
pboole:theorem:123 => pboole:fragment:162
pboole:rpattern:6 => pboole:fragment:28[rp]
pboole:deftheorem:8 => pboole:fragment:27[dt]
pboole:theorem:142 => pboole:fragment:223
pboole:rconstructor:6[symmetry] => pboole:fragment:41[sy]
pboole:kconstructor:5[coherence] => pboole:fragment:29[ch]
pboole:theorem:104 => pboole:fragment:136
pboole:theorem:55 => pboole:fragment:86
pboole:theorem:26 => pboole:fragment:55
pboole:theorem:20 => pboole:fragment:49
pboole:deftheorem:14 => pboole:fragment:198[dt]
pboole:deftheorem:2 => pboole:fragment:18[dt]
pboole:rconstructor:8[reflexivity] => pboole:fragment:229[re]
pboole:theorem:80 => pboole:fragment:111
pboole:theorem:36 => pboole:fragment:65
pboole:theorem:114 => pboole:fragment:146
pboole:theorem:27 => pboole:fragment:56
pboole:theorem:43 => pboole:fragment:73
pboole:kconstructor:9[existence] => pboole:fragment:215[ex]
pboole:theorem:75 => pboole:fragment:106
pboole:vconstructor:2 => pboole:fragment:175[vc]
pboole:rconstructor:5 => pboole:fragment:27[rc]
pboole:theorem:49 => pboole:fragment:79
pboole:deftheorem:19 => pboole:fragment:213[dt]
pboole:theorem:138 => pboole:fragment:196
pboole:theorem:126 => pboole:fragment:165
pboole:kconstructor:7[existence] => pboole:fragment:210[ex]
pboole:theorem:108 => pboole:fragment:140
pboole:kpattern:5 => pboole:fragment:29[kp]
pboole:theorem:64 => pboole:fragment:95
pboole:deftheorem:16 => pboole:fragment:209[dt]
pboole:kdefiniens:1 => pboole:fragment:22[kf]
pboole:theorem:98 => pboole:fragment:130
pboole:theorem:101 => pboole:fragment:133
pboole:theorem:145 => pboole:fragment:227
pboole:deftheorem:17 => pboole:fragment:210[dt]
pboole:kconstructor:2 => pboole:fragment:23[kc]
pboole:theorem:78 => pboole:fragment:109
pboole:rconstructor:4[symmetry] => pboole:fragment:26[sy]
pboole:scheme:1 => pboole:fragment:16
pboole:theorem:82 => pboole:fragment:113
pboole:kconstructor:5 => pboole:fragment:29[kc]
pboole:theorem:77 => pboole:fragment:108
pboole:theorem:118 => pboole:fragment:150
pboole:theorem:111 => pboole:fragment:143
pboole:mpattern:5 => pboole:fragment:200[mp]
pboole:theorem:21 => pboole:fragment:50
pboole:rconstructor:7 => pboole:fragment:152[rc]
pboole:theorem:5 => pboole:fragment:31
pboole:rdefiniens:5[compatibility] => pboole:fragment:41[cp]
pboole:kdefiniens:7 => pboole:fragment:210[kf]
pboole:fcluster:3 => pboole:fragment:214
pboole:theorem:94 => pboole:fragment:125
pboole:theorem:61 => pboole:fragment:92
pboole:rpattern:2 => pboole:fragment:18[rp]
pboole:theorem:32 => pboole:fragment:61
pboole:theorem:89 => pboole:fragment:120
pboole:kdefiniens:2 => pboole:fragment:23[kf]
pboole:vpattern:1 => pboole:fragment:174[vp]
pboole:theorem:30 => pboole:fragment:59
pboole:rcluster:3 => pboole:fragment:177
pboole:theorem:23 => pboole:fragment:52
pboole:rconstructor:6[reflexivity] => pboole:fragment:41[re]
pboole:theorem:4 => pboole:fragment:30
pboole:theorem:69 => pboole:fragment:100
pboole:rdefiniens:6 => pboole:fragment:152[rf]
pboole:theorem:81 => pboole:fragment:112
pboole:theorem:38 => pboole:fragment:67
pboole:theorem:14 => pboole:fragment:43
pboole:theorem:91 => pboole:fragment:122
pboole:kdefiniens:9 => pboole:fragment:215[kf]
pboole:theorem:140 => pboole:fragment:220
pboole:theorem:50 => pboole:fragment:80
pboole:theorem:122 => pboole:fragment:157
pboole:mdefiniens:1 => pboole:fragment:198[mf]
pboole:deftheorem:11 => pboole:fragment:152[dt]
pboole:theorem:134 => pboole:fragment:186
pboole:theorem:54 => pboole:fragment:85
pboole:mpattern:2 => pboole:fragment:193[mp]
pboole:rpattern:5 => pboole:fragment:27[rp]
pboole:theorem:59 => pboole:fragment:90
pboole:theorem:46 => pboole:fragment:76
pboole:vconstructor:1 => pboole:fragment:174[vc]
pboole:rpattern:7 => pboole:fragment:41[rp]
pboole:theorem:74 => pboole:fragment:105
pboole:deftheorem:18 => pboole:fragment:211[dt]
pboole:kconstructor:5[commutativity] => pboole:fragment:29[cm]
pboole:kpattern:8 => pboole:fragment:213[kp]
pboole:kconstructor:9 => pboole:fragment:215[kc]
pboole:rpattern:4 => pboole:fragment:26[rp]
pboole:theorem:39 => pboole:fragment:68
pboole:kconstructor:1 => pboole:fragment:22[kc]
pboole:deftheorem:10 => pboole:fragment:41[dt]
pboole:kconstructor:8 => pboole:fragment:213[kc]
pboole:rconstructor:6 => pboole:fragment:41[rc]
pboole:kpattern:6 => pboole:fragment:209[kp]
pboole:theorem:113 => pboole:fragment:145
pboole:theorem:3 => pboole:fragment:21
pboole:theorem:44 => pboole:fragment:74
pboole:theorem:65 => pboole:fragment:96
pboole:theorem:88 => pboole:fragment:119
pboole:theorem:102 => pboole:fragment:134
pboole:rconstructor:1 => pboole:fragment:17[rc]
pboole:theorem:66 => pboole:fragment:97
pboole:kconstructor:4[uniqueness] => pboole:fragment:25[un]
pboole:theorem:93 => pboole:fragment:124
pboole:kpattern:7 => pboole:fragment:210[kp]
pboole:theorem:99 => pboole:fragment:131
pboole:deftheorem:3 => pboole:fragment:22[dt]
pboole:theorem:125 => pboole:fragment:164
pboole:theorem:107 => pboole:fragment:139
pboole:theorem:56 => pboole:fragment:87
pboole:rpattern:3 => pboole:fragment:19[rp]
pboole:kconstructor:1[coherence] => pboole:fragment:22[ch]
pboole:deftheorem:20 => pboole:fragment:215[dt]
pboole:rconstructor:8 => pboole:fragment:229[rc]
pboole:theorem:137 => pboole:fragment:194
pboole:rdefiniens:2 => pboole:fragment:18[rf]
pboole:rcluster:7 => pboole:fragment:224
pboole:kdefiniens:3 => pboole:fragment:24[kf]
pboole:theorem:117 => pboole:fragment:149
pboole:theorem:40 => pboole:fragment:69
pboole:theorem:8 => pboole:fragment:34
pboole:rconstructor:8[symmetry] => pboole:fragment:229[sy]
pboole:kconstructor:7[uniqueness] => pboole:fragment:210[un]
pboole:scheme:2 => pboole:fragment:20
pboole:theorem:35 => pboole:fragment:64
pboole:theorem:18 => pboole:fragment:47
pboole:kconstructor:2[existence] => pboole:fragment:23[ex]
pboole:kdefiniens:8 => pboole:fragment:213[kf]
pboole:theorem:110 => pboole:fragment:142
pboole:mconstructor:3 => pboole:fragment:211[mc]
pboole:kpattern:1 => pboole:fragment:22[kp]
pboole:theorem:71 => pboole:fragment:102
pboole:kconstructor:8[existence] => pboole:fragment:213[ex]
pboole:theorem:15 => pboole:fragment:44
pboole:mconstructor:3[existence] => pboole:fragment:211[ex]
pboole:mpattern:4 => pboole:fragment:198[mp]
pboole:theorem:85 => pboole:fragment:116
pboole:ccluster:5 => pboole:fragment:219
pboole:deftheorem:6 => pboole:fragment:25[dt]
pboole:theorem:87 => pboole:fragment:118
pboole:theorem:133 => pboole:fragment:184
pboole:rcluster:6 => pboole:fragment:221
pboole:theorem:53 => pboole:fragment:84
pboole:theorem:24 => pboole:fragment:53
pboole:rconstructor:7[reflexivity] => pboole:fragment:152[re]
pboole:mconstructor:2 => pboole:fragment:200[mc]
pboole:vdefiniens:1[compatibility] => pboole:fragment:174[cp]
pboole:theorem:96 => pboole:fragment:127
pboole:theorem:132 => pboole:fragment:183
pboole:kconstructor:3[existence] => pboole:fragment:24[ex]
pboole:deftheorem:9 => pboole:fragment:29[dt]
pboole:theorem:67 => pboole:fragment:98
pboole:theorem:144 => pboole:fragment:226
pboole:rdefiniens:1 => pboole:fragment:17[rf]
pboole:kpattern:9 => pboole:fragment:215[kp]
pboole:theorem:136 => pboole:fragment:188
pboole:theorem:120 => pboole:fragment:154
pboole:theorem:12 => pboole:fragment:38
pboole:rcluster:2 => pboole:fragment:176
pboole:theorem:2 => pboole:fragment:7
pboole:mdefiniens:2 => pboole:fragment:200[mf]
pboole:theorem:73 => pboole:fragment:104
pboole:mdefiniens:3 => pboole:fragment:211[mf]
pboole:theorem:92 => pboole:fragment:123
pboole:theorem:129 => pboole:fragment:180
pboole:theorem:106 => pboole:fragment:138
pboole:ccluster:1 => pboole:fragment:178
pboole:rconstructor:3 => pboole:fragment:19[rc]
pboole:theorem:11 => pboole:fragment:37
pboole:theorem:90 => pboole:fragment:121
pboole:kdefiniens:6 => pboole:fragment:209[kf]
pboole:kconstructor:4 => pboole:fragment:25[kc]
pboole:kpattern:2 => pboole:fragment:23[kp]
pboole:theorem:112 => pboole:fragment:144
pboole:kdefiniens:4 => pboole:fragment:25[kf]
pboole:theorem:34 => pboole:fragment:63
pboole:kconstructor:3 => pboole:fragment:24[kc]
pboole:theorem:60 => pboole:fragment:91
pboole:rcluster:5 => pboole:fragment:212
pboole:deftheorem:21 => pboole:fragment:229[dt]
pboole:rconstructor:2 => pboole:fragment:18[rc]
pboole:rdefiniens:5 => pboole:fragment:41[rf]
pboole:theorem:57 => pboole:fragment:88
pboole:kconstructor:6[uniqueness] => pboole:fragment:209[un]
pboole:kconstructor:3[uniqueness] => pboole:fragment:24[un]
pboole:theorem:48 => pboole:fragment:78
pboole:fcluster:1 => pboole:fragment:202
pboole:kconstructor:7 => pboole:fragment:210[kc]
pboole:theorem:62 => pboole:fragment:93
pboole:vdefiniens:1 => pboole:fragment:174[vf]
pboole:theorem:141 => pboole:fragment:222
pboole:scheme:3 => pboole:fragment:190
pboole:kconstructor:2[uniqueness] => pboole:fragment:23[un]
pboole:theorem:128 => pboole:fragment:167
pboole:theorem:41 => pboole:fragment:70
pboole:ccluster:3 => pboole:fragment:201
pboole:mpattern:1 => pboole:fragment:10[mp]
pboole:mpattern:3 => pboole:fragment:195[mp]
pboole:ccluster:4 => pboole:fragment:218
pboole:rdefiniens:7[compatibility] => pboole:fragment:229[cp]
pboole:mconstructor:1 => pboole:fragment:198[mc]
pboole:theorem:63 => pboole:fragment:94
pboole:rcluster:1 => pboole:fragment:9
pboole:theorem:17 => pboole:fragment:46
pboole:theorem:103 => pboole:fragment:135
pboole:fcluster:4 => pboole:fragment:216
pboole:vdefiniens:2 => pboole:fragment:175[vf]
pboole:theorem:7 => pboole:fragment:33
pboole:theorem:52 => pboole:fragment:83
pboole:theorem:45 => pboole:fragment:75
pboole:deftheorem:13 => pboole:fragment:175[dt]
pboole:kconstructor:8[uniqueness] => pboole:fragment:213[un]
pboole:deftheorem:7 => pboole:fragment:26[dt]
pboole:theorem:29 => pboole:fragment:58
pboole:mconstructor:1[existence] => pboole:fragment:198[ex]
pboole:rpattern:8 => pboole:fragment:152[rp]
pboole:scheme:4 => pboole:fragment:191
pboole:theorem:25 => pboole:fragment:54
pboole:theorem:124 => pboole:fragment:163
pboole:theorem:121 => pboole:fragment:156
