quin_1:theorem:8 => quin_1:fragment:17
quin_1:theorem:23 => quin_1:fragment:33
quin_1:theorem:11 => quin_1:fragment:20
quin_1:theorem:19 => quin_1:fragment:29
quin_1:kdefiniens:1 => quin_1:fragment:6[kf]
quin_1:kpattern:1 => quin_1:fragment:6[kp]
quin_1:kpattern:2 => quin_1:fragment:9[kp]
quin_1:kconstructor:1 => quin_1:fragment:6[kc]
quin_1:kconstructor:1[coherence] => quin_1:fragment:6[ch]
quin_1:theorem:4 => quin_1:fragment:13
quin_1:theorem:9 => quin_1:fragment:18
quin_1:theorem:3 => quin_1:fragment:12
quin_1:fcluster:1 => quin_1:fragment:7
quin_1:theorem:1 => quin_1:fragment:10
quin_1:theorem:2 => quin_1:fragment:11
quin_1:theorem:25 => quin_1:fragment:35
quin_1:deftheorem:1 => quin_1:fragment:6[dt]
quin_1:theorem:13 => quin_1:fragment:22
quin_1:kconstructor:2 => quin_1:fragment:9[kc]
quin_1:fcluster:2 => quin_1:fragment:8
quin_1:theorem:5 => quin_1:fragment:14
quin_1:theorem:26 => quin_1:fragment:36
quin_1:theorem:20 => quin_1:fragment:30
quin_1:theorem:17 => quin_1:fragment:27
quin_1:theorem:6 => quin_1:fragment:15
quin_1:theorem:21 => quin_1:fragment:31
quin_1:theorem:22 => quin_1:fragment:32
quin_1:lemma:1 => quin_1:fragment:24
quin_1:theorem:7 => quin_1:fragment:16
quin_1:theorem:18 => quin_1:fragment:28
quin_1:theorem:24 => quin_1:fragment:34
quin_1:theorem:10 => quin_1:fragment:19
quin_1:theorem:16 => quin_1:fragment:26
quin_1:kconstructor:2[coherence] => quin_1:fragment:9[ch]
quin_1:theorem:12 => quin_1:fragment:21
quin_1:theorem:15 => quin_1:fragment:25
quin_1:theorem:27 => quin_1:fragment:37
quin_1:theorem:14 => quin_1:fragment:23
