rat_1:theorem:36 => rat_1:fragment:77
rat_1:theorem:22 => rat_1:fragment:63
rat_1:vconstructor:1 => rat_1:fragment:25[vc]
rat_1:theorem:12 => rat_1:fragment:52
rat_1:deftheorem:4 => rat_1:fragment:49[dt]
rat_1:lemma:7 => rat_1:fragment:22
rat_1:kdefiniens:1 => rat_1:fragment:24[kf]
rat_1:theorem:40 => rat_1:fragment:81
rat_1:theorem:37 => rat_1:fragment:78
rat_1:deftheorem:3 => rat_1:fragment:48[dt]
rat_1:theorem:17 => rat_1:fragment:57
rat_1:theorem:20 => rat_1:fragment:60
rat_1:fcluster:1 => rat_1:fragment:36
rat_1:lemma:9 => rat_1:fragment:62
rat_1:theorem:27 => rat_1:fragment:68
rat_1:kconstructor:2 => rat_1:fragment:49[kc]
rat_1:theorem:35 => rat_1:fragment:76
rat_1:kconstructor:1 => rat_1:fragment:48[kc]
rat_1:lemma:6 => rat_1:fragment:21
rat_1:theorem:23 => rat_1:fragment:64
rat_1:theorem:14 => rat_1:fragment:54
rat_1:theorem:11 => rat_1:fragment:51
rat_1:deftheorem:2 => rat_1:fragment:25[dt]
rat_1:theorem:43 => rat_1:fragment:84
rat_1:theorem:28 => rat_1:fragment:69
rat_1:theorem:6 => rat_1:fragment:44
rat_1:theorem:38 => rat_1:fragment:79
rat_1:theorem:15 => rat_1:fragment:55
rat_1:lemma:3 => rat_1:fragment:17
rat_1:rcluster:2 => rat_1:fragment:27
rat_1:rcluster:1 => rat_1:fragment:26
rat_1:ccluster:1 => rat_1:fragment:31
rat_1:kdefiniens:2 => rat_1:fragment:48[kf]
rat_1:theorem:45 => rat_1:fragment:86
rat_1:theorem:18 => rat_1:fragment:58
rat_1:kdefiniens:3 => rat_1:fragment:49[kf]
rat_1:theorem:30 => rat_1:fragment:71
rat_1:theorem:24 => rat_1:fragment:65
rat_1:theorem:16 => rat_1:fragment:56
rat_1:theorem:13 => rat_1:fragment:53
rat_1:theorem:7 => rat_1:fragment:45
rat_1:fcluster:4 => rat_1:fragment:39
rat_1:theorem:32 => rat_1:fragment:73
rat_1:vdefiniens:1 => rat_1:fragment:25[vf]
rat_1:theorem:25 => rat_1:fragment:66
rat_1:lemma:2 => rat_1:fragment:16
rat_1:theorem:9 => rat_1:fragment:47
rat_1:theorem:5 => rat_1:fragment:43
rat_1:kconstructor:2[coherence] => rat_1:fragment:49[ch]
rat_1:theorem:31 => rat_1:fragment:72
rat_1:ccluster:2 => rat_1:fragment:33
rat_1:kpattern:1 => rat_1:fragment:24[kp]
rat_1:theorem:26 => rat_1:fragment:67
rat_1:lemma:1 => rat_1:fragment:15
rat_1:lemma:8 => rat_1:fragment:23
rat_1:theorem:3 => rat_1:fragment:32
rat_1:theorem:44 => rat_1:fragment:85
rat_1:theorem:19 => rat_1:fragment:59
rat_1:theorem:10 => rat_1:fragment:50
rat_1:theorem:33 => rat_1:fragment:74
rat_1:theorem:29 => rat_1:fragment:70
rat_1:theorem:34 => rat_1:fragment:75
rat_1:theorem:39 => rat_1:fragment:80
rat_1:theorem:4 => rat_1:fragment:42
rat_1:kdefiniens:1[compatibility] => rat_1:fragment:24[cp]
rat_1:lemma:4 => rat_1:fragment:18
rat_1:lemma:5 => rat_1:fragment:20
rat_1:theorem:8 => rat_1:fragment:46
rat_1:theorem:41 => rat_1:fragment:82
rat_1:mpattern:1 => rat_1:fragment:28[mp]
rat_1:fcluster:2 => rat_1:fragment:37
rat_1:kconstructor:1[existence] => rat_1:fragment:48[ex]
rat_1:vpattern:1 => rat_1:fragment:25[vp]
rat_1:theorem:2 => rat_1:fragment:30
rat_1:deftheorem:1 => rat_1:fragment:24[dt]
rat_1:theorem:1 => rat_1:fragment:29
rat_1:kconstructor:1[uniqueness] => rat_1:fragment:48[un]
rat_1:fcluster:6 => rat_1:fragment:41
rat_1:theorem:42 => rat_1:fragment:83
rat_1:kpattern:2 => rat_1:fragment:48[kp]
rat_1:kpattern:3 => rat_1:fragment:49[kp]
rat_1:fcluster:3 => rat_1:fragment:38
rat_1:fcluster:5 => rat_1:fragment:40
rat_1:theorem:21 => rat_1:fragment:61
