real_1:kpattern:7 => real_1:fragment:11[kp]
real_1:kconstructor:4[commutativity] => real_1:fragment:8[cm]
real_1:kconstructor:5 => real_1:fragment:9[kc]
real_1:kconstructor:2 => real_1:fragment:6[kc]
real_1:kpattern:4 => real_1:fragment:8[kp]
real_1:kconstructor:3[commutativity] => real_1:fragment:7[cm]
real_1:kconstructor:8[commutativity] => real_1:fragment:12[cm]
real_1:kpattern:8 => real_1:fragment:12[kp]
real_1:kpattern:9 => real_1:fragment:13[kp]
real_1:kconstructor:10[coherence] => real_1:fragment:14[ch]
real_1:kpattern:6 => real_1:fragment:10[kp]
real_1:kconstructor:4[coherence] => real_1:fragment:8[ch]
real_1:kconstructor:10 => real_1:fragment:14[kc]
real_1:kconstructor:7[commutativity] => real_1:fragment:11[cm]
real_1:kconstructor:7[coherence] => real_1:fragment:11[ch]
real_1:theorem:1 => real_1:fragment:17
real_1:kconstructor:5[coherence] => real_1:fragment:9[ch]
real_1:kconstructor:4 => real_1:fragment:8[kc]
real_1:kconstructor:6[coherence] => real_1:fragment:10[ch]
real_1:kconstructor:1 => real_1:fragment:5[kc]
real_1:kconstructor:2[coherence] => real_1:fragment:6[ch]
real_1:kconstructor:1[coherence] => real_1:fragment:5[ch]
real_1:rcluster:1 => real_1:fragment:4
real_1:kpattern:3 => real_1:fragment:7[kp]
real_1:ccluster:1 => real_1:fragment:2
real_1:kconstructor:8 => real_1:fragment:12[kc]
real_1:kconstructor:8[coherence] => real_1:fragment:12[ch]
real_1:kpattern:1 => real_1:fragment:5[kp]
real_1:kconstructor:7 => real_1:fragment:11[kc]
real_1:kconstructor:3[coherence] => real_1:fragment:7[ch]
real_1:kpattern:2 => real_1:fragment:6[kp]
real_1:kpattern:5 => real_1:fragment:9[kp]
real_1:kconstructor:2[involutiveness] => real_1:fragment:6[in]
real_1:kconstructor:6 => real_1:fragment:10[kc]
real_1:kconstructor:1[involutiveness] => real_1:fragment:5[in]
real_1:kconstructor:9[coherence] => real_1:fragment:13[ch]
real_1:kconstructor:3 => real_1:fragment:7[kc]
real_1:mpattern:1 => real_1:fragment:3[mp]
real_1:kconstructor:9 => real_1:fragment:13[kc]
real_1:kpattern:10 => real_1:fragment:14[kp]
