realset1:theorem:5 => realset1:fragment:12
realset1:kconstructor:1[coherence] => realset1:fragment:4[ch]
realset1:mpattern:3 => realset1:fragment:16[mp]
realset1:deftheorem:5 => realset1:fragment:15[dt]
realset1:kdefiniens:3 => realset1:fragment:18[kf]
realset1:kconstructor:4[coherence] => realset1:fragment:18[ch]
realset1:deftheorem:1 => realset1:fragment:3[dt]
realset1:kconstructor:1 => realset1:fragment:4[kc]
realset1:mconstructor:2[sethood] => realset1:fragment:13[se]
realset1:theorem:1 => realset1:fragment:2
realset1:mconstructor:3[existence] => realset1:fragment:16[ex]
realset1:kconstructor:2 => realset1:fragment:8[kc]
realset1:fcluster:3 => realset1:fragment:20
realset1:deftheorem:7 => realset1:fragment:18[dt]
realset1:kconstructor:3 => realset1:fragment:15[kc]
realset1:mdefiniens:2 => realset1:fragment:13[mf]
realset1:kdefiniens:1 => realset1:fragment:4[kf]
realset1:mconstructor:2[existence] => realset1:fragment:13[ex]
realset1:rpattern:1 => realset1:fragment:11[rp]
realset1:mdefiniens:3 => realset1:fragment:16[mf]
realset1:theorem:2 => realset1:fragment:7
realset1:kdefiniens:2 => realset1:fragment:15[kf]
realset1:deftheorem:2 => realset1:fragment:4[dt]
realset1:mconstructor:3[sethood] => realset1:fragment:16[se]
realset1:theorem:6 => realset1:fragment:14
realset1:rconstructor:1 => realset1:fragment:11[rc]
realset1:mconstructor:3 => realset1:fragment:16[mc]
realset1:kpattern:1 => realset1:fragment:4[kp]
realset1:mconstructor:1[existence] => realset1:fragment:3[ex]
realset1:theorem:8 => realset1:fragment:19
realset1:kconstructor:3[coherence] => realset1:fragment:15[ch]
realset1:kconstructor:4 => realset1:fragment:18[kc]
realset1:kpattern:2 => realset1:fragment:8[kp]
realset1:theorem:3 => realset1:fragment:9
realset1:kpattern:4 => realset1:fragment:18[kp]
realset1:deftheorem:4 => realset1:fragment:13[dt]
realset1:mdefiniens:1 => realset1:fragment:3[mf]
realset1:deftheorem:6 => realset1:fragment:16[dt]
realset1:kpattern:3 => realset1:fragment:15[kp]
realset1:deftheorem:3 => realset1:fragment:11[dt]
realset1:theorem:4 => realset1:fragment:10
realset1:mpattern:2 => realset1:fragment:13[mp]
realset1:fcluster:1 => realset1:fragment:5
realset1:mconstructor:2 => realset1:fragment:13[mc]
realset1:mpattern:1 => realset1:fragment:3[mp]
realset1:fcluster:2 => realset1:fragment:6
realset1:mconstructor:1[sethood] => realset1:fragment:3[se]
realset1:mconstructor:1 => realset1:fragment:3[mc]
realset1:kconstructor:2[coherence] => realset1:fragment:8[ch]
realset1:theorem:7 => realset1:fragment:17
realset1:rdefiniens:1 => realset1:fragment:11[rf]
