relat_1:fcluster:3 => relat_1:fragment:30
relat_1:theorem:66 => relat_1:fragment:126
relat_1:vpattern:1 => relat_1:fragment:16[vp]
relat_1:theorem:42 => relat_1:fragment:92
relat_1:theorem:156 => relat_1:fragment:235
relat_1:theorem:40 => relat_1:fragment:90
relat_1:theorem:8 => relat_1:fragment:45
relat_1:kconstructor:9 => relat_1:fragment:233[kc]
relat_1:fcluster:16 => relat_1:fragment:116
relat_1:theorem:84 => relat_1:fragment:149
relat_1:fcluster:29 => relat_1:fragment:257
relat_1:kconstructor:2 => relat_1:fragment:60[kc]
relat_1:theorem:31 => relat_1:fragment:74
relat_1:kdefiniens:3 => relat_1:fragment:66[kf]
relat_1:theorem:80 => relat_1:fragment:142
relat_1:theorem:52 => relat_1:fragment:110
relat_1:theorem:153 => relat_1:fragment:228
relat_1:theorem:177 => relat_1:fragment:273
relat_1:fcluster:25 => relat_1:fragment:246
relat_1:theorem:45 => relat_1:fragment:102
relat_1:theorem:4 => relat_1:fragment:41
relat_1:theorem:30 => relat_1:fragment:73
relat_1:theorem:161 => relat_1:fragment:240
relat_1:theorem:159 => relat_1:fragment:238
relat_1:kconstructor:10[coherence] => relat_1:fragment:244[ch]
relat_1:kconstructor:4 => relat_1:fragment:99[kc]
relat_1:theorem:36 => relat_1:fragment:79
relat_1:vdefiniens:3 => relat_1:fragment:223[vf]
relat_1:theorem:74 => relat_1:fragment:136
relat_1:theorem:134 => relat_1:fragment:205
relat_1:theorem:13 => relat_1:fragment:50
relat_1:deftheorem:5 => relat_1:fragment:53[dt]
relat_1:theorem:87 => relat_1:fragment:152
relat_1:kpattern:11 => relat_1:fragment:201[kp]
relat_1:reduction:5 => relat_1:fragment:133
relat_1:deftheorem:1 => relat_1:fragment:16[dt]
relat_1:theorem:90 => relat_1:fragment:155
relat_1:theorem:101 => relat_1:fragment:168
relat_1:theorem:28 => relat_1:fragment:71
relat_1:theorem:180 => relat_1:fragment:276
relat_1:kconstructor:8[existence] => relat_1:fragment:201[ex]
relat_1:kpattern:2 => relat_1:fragment:40[kp]
relat_1:theorem:117 => relat_1:fragment:187
relat_1:deftheorem:16 => relat_1:fragment:233[dt]
relat_1:fcluster:15 => relat_1:fragment:98
relat_1:theorem:27 => relat_1:fragment:70
relat_1:kdefiniens:10 => relat_1:fragment:244[kf]
relat_1:theorem:130 => relat_1:fragment:200
relat_1:vconstructor:1 => relat_1:fragment:16[vc]
relat_1:fcluster:19 => relat_1:fragment:184
relat_1:fcluster:7 => relat_1:fragment:34
relat_1:deftheorem:10 => relat_1:fragment:99[dt]
relat_1:theorem:115 => relat_1:fragment:183
relat_1:theorem:46 => relat_1:fragment:104
relat_1:theorem:127 => relat_1:fragment:197
relat_1:theorem:111 => relat_1:fragment:179
relat_1:theorem:108 => relat_1:fragment:175
relat_1:rdefiniens:2[compatibility] => relat_1:fragment:35[cp]
relat_1:theorem:164 => relat_1:fragment:243
relat_1:kconstructor:9[coherence] => relat_1:fragment:233[ch]
relat_1:theorem:154 => relat_1:fragment:229
relat_1:theorem:24 => relat_1:fragment:65
relat_1:kconstructor:8 => relat_1:fragment:201[kc]
relat_1:kconstructor:1[coherence] => relat_1:fragment:54[ch]
relat_1:kconstructor:6[uniqueness] => relat_1:fragment:147[un]
relat_1:theorem:18 => relat_1:fragment:58
relat_1:theorem:3 => relat_1:fragment:39
relat_1:reduction:7 => relat_1:fragment:163
relat_1:ccluster:1 => relat_1:fragment:17
relat_1:fcluster:9 => relat_1:fragment:82
relat_1:theorem:184 => relat_1:fragment:280
relat_1:theorem:141 => relat_1:fragment:214
relat_1:theorem:139 => relat_1:fragment:212
relat_1:fcluster:31 => relat_1:fragment:283
relat_1:theorem:129 => relat_1:fragment:199
relat_1:scheme:1 => relat_1:fragment:26
relat_1:theorem:94 => relat_1:fragment:159
relat_1:theorem:79 => relat_1:fragment:141
relat_1:kdefiniens:2 => relat_1:fragment:60[kf]
relat_1:theorem:145 => relat_1:fragment:218
relat_1:theorem:55 => relat_1:fragment:113
relat_1:vconstructor:2 => relat_1:fragment:96[vc]
relat_1:theorem:63 => relat_1:fragment:123
relat_1:vdefiniens:4 => relat_1:fragment:249[vf]
relat_1:fcluster:21 => relat_1:fragment:207
relat_1:lemma:1 => relat_1:fragment:251
relat_1:theorem:50 => relat_1:fragment:108
relat_1:theorem:39 => relat_1:fragment:85
relat_1:fcluster:10 => relat_1:fragment:86
relat_1:kpattern:10 => relat_1:fragment:177[kp]
relat_1:theorem:124 => relat_1:fragment:194
relat_1:theorem:95 => relat_1:fragment:161
relat_1:vpattern:2 => relat_1:fragment:96[vp]
relat_1:fcluster:12 => relat_1:fragment:88
relat_1:rdefiniens:1[compatibility] => relat_1:fragment:27[cp]
relat_1:theorem:12 => relat_1:fragment:49
relat_1:ccluster:2 => relat_1:fragment:25
relat_1:kconstructor:4[uniqueness] => relat_1:fragment:99[un]
relat_1:reduction:4 => relat_1:fragment:129
relat_1:theorem:72 => relat_1:fragment:134
relat_1:kdefiniens:9 => relat_1:fragment:233[kf]
relat_1:theorem:169 => relat_1:fragment:260
relat_1:theorem:136 => relat_1:fragment:209
relat_1:theorem:142 => relat_1:fragment:215
relat_1:theorem:67 => relat_1:fragment:127
relat_1:theorem:34 => relat_1:fragment:77
relat_1:theorem:135 => relat_1:fragment:206
relat_1:theorem:183 => relat_1:fragment:279
relat_1:vconstructor:5 => relat_1:fragment:250[vc]
relat_1:theorem:102 => relat_1:fragment:169
relat_1:theorem:110 => relat_1:fragment:178
relat_1:theorem:38 => relat_1:fragment:84
relat_1:ccluster:6 => relat_1:fragment:265
relat_1:theorem:150 => relat_1:fragment:225
relat_1:kpattern:12 => relat_1:fragment:233[kp]
relat_1:kpattern:9 => relat_1:fragment:147[kp]
relat_1:kconstructor:5[existence] => relat_1:fragment:115[ex]
relat_1:theorem:162 => relat_1:fragment:241
relat_1:theorem:35 => relat_1:fragment:78
relat_1:kpattern:5 => relat_1:fragment:66[kp]
relat_1:rcluster:1 => relat_1:fragment:80
relat_1:fcluster:17 => relat_1:fragment:143
relat_1:fcluster:2 => relat_1:fragment:29
relat_1:theorem:148 => relat_1:fragment:221
relat_1:deftheorem:12 => relat_1:fragment:147[dt]
relat_1:deftheorem:19 => relat_1:fragment:250[dt]
relat_1:theorem:88 => relat_1:fragment:153
relat_1:theorem:165 => relat_1:fragment:247
relat_1:fcluster:26 => relat_1:fragment:254
relat_1:theorem:53 => relat_1:fragment:111
relat_1:theorem:119 => relat_1:fragment:189
relat_1:deftheorem:15 => relat_1:fragment:223[dt]
relat_1:theorem:176 => relat_1:fragment:272
relat_1:theorem:96 => relat_1:fragment:162
relat_1:theorem:93 => relat_1:fragment:158
relat_1:theorem:104 => relat_1:fragment:171
relat_1:theorem:7 => relat_1:fragment:44
relat_1:kdefiniens:8 => relat_1:fragment:201[kf]
relat_1:theorem:43 => relat_1:fragment:94
relat_1:theorem:151 => relat_1:fragment:226
relat_1:theorem:147 => relat_1:fragment:220
relat_1:vpattern:3 => relat_1:fragment:223[vp]
relat_1:kpattern:6 => relat_1:fragment:67[kp]
relat_1:theorem:116 => relat_1:fragment:186
relat_1:deftheorem:11 => relat_1:fragment:115[dt]
relat_1:fcluster:8 => relat_1:fragment:81
relat_1:theorem:152 => relat_1:fragment:227
relat_1:kdefiniens:6 => relat_1:fragment:147[kf]
relat_1:theorem:29 => relat_1:fragment:72
relat_1:theorem:76 => relat_1:fragment:138
relat_1:theorem:175 => relat_1:fragment:271
relat_1:ccluster:8 => relat_1:fragment:286
relat_1:kdefiniens:1 => relat_1:fragment:54[kf]
relat_1:kconstructor:2[existence] => relat_1:fragment:60[ex]
relat_1:fcluster:32 => relat_1:fragment:284
relat_1:kconstructor:5 => relat_1:fragment:115[kc]
relat_1:theorem:21 => relat_1:fragment:62
relat_1:theorem:83 => relat_1:fragment:146
relat_1:kconstructor:2[involutiveness] => relat_1:fragment:60[in]
relat_1:theorem:68 => relat_1:fragment:128
relat_1:vpattern:5 => relat_1:fragment:250[vp]
relat_1:theorem:144 => relat_1:fragment:217
relat_1:theorem:85 => relat_1:fragment:150
relat_1:deftheorem:7 => relat_1:fragment:60[dt]
relat_1:reduction:8 => relat_1:fragment:268
relat_1:theorem:122 => relat_1:fragment:192
relat_1:theorem:49 => relat_1:fragment:107
relat_1:kconstructor:1 => relat_1:fragment:54[kc]
relat_1:theorem:128 => relat_1:fragment:198
relat_1:theorem:107 => relat_1:fragment:174
relat_1:theorem:56 => relat_1:fragment:114
relat_1:deftheorem:4 => relat_1:fragment:52[dt]
relat_1:kpattern:1 => relat_1:fragment:36[kp]
relat_1:theorem:19 => relat_1:fragment:59
relat_1:theorem:71 => relat_1:fragment:132
relat_1:vdefiniens:1 => relat_1:fragment:16[vf]
relat_1:theorem:92 => relat_1:fragment:157
relat_1:ccluster:5 => relat_1:fragment:264
relat_1:kconstructor:4[existence] => relat_1:fragment:99[ex]
relat_1:theorem:143 => relat_1:fragment:216
relat_1:fcluster:27 => relat_1:fragment:255
relat_1:theorem:121 => relat_1:fragment:191
relat_1:reduction:1 => relat_1:fragment:100
relat_1:rdefiniens:2 => relat_1:fragment:35[rf]
relat_1:theorem:44 => relat_1:fragment:95
relat_1:theorem:22 => relat_1:fragment:63
relat_1:deftheorem:14 => relat_1:fragment:201[dt]
relat_1:deftheorem:9 => relat_1:fragment:96[dt]
relat_1:theorem:33 => relat_1:fragment:76
relat_1:kconstructor:7 => relat_1:fragment:177[kc]
relat_1:theorem:37 => relat_1:fragment:83
relat_1:theorem:125 => relat_1:fragment:195
relat_1:theorem:186 => relat_1:fragment:282
relat_1:theorem:113 => relat_1:fragment:181
relat_1:reduction:2 => relat_1:fragment:101
relat_1:theorem:69 => relat_1:fragment:130
relat_1:theorem:168 => relat_1:fragment:259
relat_1:theorem:16 => relat_1:fragment:56
relat_1:theorem:97 => relat_1:fragment:164
relat_1:vdefiniens:5 => relat_1:fragment:250[vf]
relat_1:fcluster:5 => relat_1:fragment:32
relat_1:kpattern:4 => relat_1:fragment:60[kp]
relat_1:theorem:41 => relat_1:fragment:91
relat_1:theorem:158 => relat_1:fragment:237
relat_1:fcluster:23 => relat_1:fragment:231
relat_1:fcluster:1 => relat_1:fragment:28
relat_1:rpattern:1 => relat_1:fragment:27[rp]
relat_1:ccluster:3 => relat_1:fragment:230
relat_1:kconstructor:7[uniqueness] => relat_1:fragment:177[un]
relat_1:theorem:131 => relat_1:fragment:202
relat_1:theorem:155 => relat_1:fragment:232
relat_1:deftheorem:6 => relat_1:fragment:54[dt]
relat_1:theorem:77 => relat_1:fragment:139
relat_1:theorem:146 => relat_1:fragment:219
relat_1:kconstructor:3[existence] => relat_1:fragment:66[ex]
relat_1:kconstructor:10 => relat_1:fragment:244[kc]
relat_1:theorem:137 => relat_1:fragment:210
relat_1:rcluster:2 => relat_1:fragment:97
relat_1:kdefiniens:5 => relat_1:fragment:115[kf]
relat_1:theorem:166 => relat_1:fragment:248
relat_1:theorem:25 => relat_1:fragment:68
relat_1:fcluster:6 => relat_1:fragment:33
relat_1:kconstructor:6[existence] => relat_1:fragment:147[ex]
relat_1:theorem:1 => relat_1:fragment:37
relat_1:theorem:54 => relat_1:fragment:112
relat_1:theorem:48 => relat_1:fragment:106
relat_1:theorem:82 => relat_1:fragment:145
relat_1:vpattern:4 => relat_1:fragment:249[vp]
relat_1:deftheorem:3 => relat_1:fragment:35[dt]
relat_1:fcluster:22 => relat_1:fragment:208
relat_1:theorem:60 => relat_1:fragment:120
relat_1:theorem:70 => relat_1:fragment:131
relat_1:kconstructor:7[existence] => relat_1:fragment:177[ex]
relat_1:theorem:57 => relat_1:fragment:117
relat_1:theorem:106 => relat_1:fragment:173
relat_1:deftheorem:8 => relat_1:fragment:66[dt]
relat_1:theorem:182 => relat_1:fragment:278
relat_1:theorem:114 => relat_1:fragment:182
relat_1:vconstructor:4 => relat_1:fragment:249[vc]
relat_1:theorem:179 => relat_1:fragment:275
relat_1:kconstructor:6 => relat_1:fragment:147[kc]
relat_1:kconstructor:3[uniqueness] => relat_1:fragment:66[un]
relat_1:kpattern:13 => relat_1:fragment:244[kp]
relat_1:theorem:65 => relat_1:fragment:125
relat_1:theorem:15 => relat_1:fragment:55
relat_1:vdefiniens:2 => relat_1:fragment:96[vf]
relat_1:theorem:61 => relat_1:fragment:121
relat_1:fcluster:13 => relat_1:fragment:89
relat_1:rpattern:2 => relat_1:fragment:35[rp]
relat_1:theorem:11 => relat_1:fragment:48
relat_1:theorem:132 => relat_1:fragment:203
relat_1:theorem:5 => relat_1:fragment:42
relat_1:fcluster:4 => relat_1:fragment:31
relat_1:theorem:81 => relat_1:fragment:144
relat_1:kconstructor:5[uniqueness] => relat_1:fragment:115[un]
relat_1:kconstructor:3 => relat_1:fragment:66[kc]
relat_1:theorem:59 => relat_1:fragment:119
relat_1:theorem:62 => relat_1:fragment:122
relat_1:reduction:9 => relat_1:fragment:269
relat_1:theorem:100 => relat_1:fragment:167
relat_1:kdefiniens:4 => relat_1:fragment:99[kf]
relat_1:deftheorem:2 => relat_1:fragment:27[dt]
relat_1:theorem:89 => relat_1:fragment:154
relat_1:fcluster:28 => relat_1:fragment:256
relat_1:theorem:112 => relat_1:fragment:180
relat_1:kpattern:7 => relat_1:fragment:99[kp]
relat_1:ccluster:4 => relat_1:fragment:263
relat_1:theorem:172 => relat_1:fragment:266
relat_1:theorem:170 => relat_1:fragment:261
relat_1:theorem:32 => relat_1:fragment:75
relat_1:theorem:123 => relat_1:fragment:193
relat_1:theorem:126 => relat_1:fragment:196
relat_1:fcluster:24 => relat_1:fragment:245
relat_1:theorem:6 => relat_1:fragment:43
relat_1:theorem:14 => relat_1:fragment:51
relat_1:theorem:174 => relat_1:fragment:270
relat_1:theorem:120 => relat_1:fragment:190
relat_1:theorem:20 => relat_1:fragment:61
relat_1:reduction:3 => relat_1:fragment:103
relat_1:theorem:73 => relat_1:fragment:135
relat_1:theorem:133 => relat_1:fragment:204
relat_1:theorem:99 => relat_1:fragment:166
relat_1:theorem:160 => relat_1:fragment:239
relat_1:theorem:105 => relat_1:fragment:172
relat_1:theorem:17 => relat_1:fragment:57
relat_1:theorem:157 => relat_1:fragment:236
relat_1:theorem:51 => relat_1:fragment:109
relat_1:kconstructor:2[uniqueness] => relat_1:fragment:60[un]
relat_1:rdefiniens:1 => relat_1:fragment:27[rf]
relat_1:theorem:167 => relat_1:fragment:253
relat_1:theorem:75 => relat_1:fragment:137
relat_1:theorem:98 => relat_1:fragment:165
relat_1:rcluster:3 => relat_1:fragment:252
relat_1:theorem:58 => relat_1:fragment:118
relat_1:kdefiniens:7 => relat_1:fragment:177[kf]
relat_1:deftheorem:13 => relat_1:fragment:177[dt]
relat_1:deftheorem:18 => relat_1:fragment:249[dt]
relat_1:theorem:185 => relat_1:fragment:281
relat_1:theorem:149 => relat_1:fragment:224
relat_1:fcluster:18 => relat_1:fragment:148
relat_1:deftheorem:17 => relat_1:fragment:244[dt]
relat_1:theorem:178 => relat_1:fragment:274
relat_1:vconstructor:3 => relat_1:fragment:223[vc]
relat_1:fcluster:20 => relat_1:fragment:185
relat_1:theorem:78 => relat_1:fragment:140
relat_1:kconstructor:8[uniqueness] => relat_1:fragment:201[un]
relat_1:fcluster:14 => relat_1:fragment:93
relat_1:theorem:181 => relat_1:fragment:277
relat_1:kpattern:8 => relat_1:fragment:115[kp]
relat_1:theorem:64 => relat_1:fragment:124
relat_1:ccluster:7 => relat_1:fragment:285
relat_1:fcluster:11 => relat_1:fragment:87
relat_1:theorem:109 => relat_1:fragment:176
relat_1:theorem:91 => relat_1:fragment:156
relat_1:theorem:171 => relat_1:fragment:262
relat_1:theorem:26 => relat_1:fragment:69
relat_1:theorem:140 => relat_1:fragment:213
relat_1:fcluster:30 => relat_1:fragment:258
relat_1:theorem:138 => relat_1:fragment:211
relat_1:theorem:173 => relat_1:fragment:267
relat_1:theorem:163 => relat_1:fragment:242
relat_1:kpattern:3 => relat_1:fragment:54[kp]
relat_1:theorem:10 => relat_1:fragment:47
relat_1:scheme:2 => relat_1:fragment:234
relat_1:theorem:9 => relat_1:fragment:46
relat_1:theorem:118 => relat_1:fragment:188
relat_1:mpattern:1 => relat_1:fragment:18[mp]
relat_1:theorem:86 => relat_1:fragment:151
relat_1:theorem:103 => relat_1:fragment:170
relat_1:theorem:47 => relat_1:fragment:105
relat_1:reduction:6 => relat_1:fragment:160
relat_1:theorem:23 => relat_1:fragment:64
relat_1:theorem:2 => relat_1:fragment:38
