relset_1:theorem:13 => relset_1:fragment:45
relset_1:kconstructor:2[coherence] => relset_1:fragment:35[ch]
relset_1:kconstructor:3 => relset_1:fragment:39[kc]
relset_1:rdefiniens:1 => relset_1:fragment:19[rf]
relset_1:fcluster:5 => relset_1:fragment:32
relset_1:kconstructor:4 => relset_1:fragment:40[kc]
relset_1:kconstructor:5 => relset_1:fragment:50[kc]
relset_1:kpattern:8 => relset_1:fragment:57[kp]
relset_1:kconstructor:8 => relset_1:fragment:57[kc]
relset_1:scheme:2 => relset_1:fragment:78
relset_1:kconstructor:2 => relset_1:fragment:35[kc]
relset_1:rdefiniens:1[compatibility] => relset_1:fragment:19[cp]
relset_1:fcluster:1 => relset_1:fragment:28
relset_1:kconstructor:7 => relset_1:fragment:56[kc]
relset_1:kconstructor:7[coherence] => relset_1:fragment:56[ch]
relset_1:theorem:5 => relset_1:fragment:25
relset_1:scheme:1 => relset_1:fragment:60
relset_1:kconstructor:1 => relset_1:fragment:34[kc]
relset_1:rconstructor:2[reflexivity] => relset_1:fragment:20[re]
relset_1:theorem:30 => relset_1:fragment:77
relset_1:theorem:9 => relset_1:fragment:37
relset_1:theorem:19 => relset_1:fragment:53
relset_1:fcluster:9 => relset_1:fragment:84
relset_1:theorem:18 => relset_1:fragment:52
relset_1:theorem:29 => relset_1:fragment:76
relset_1:kconstructor:1[coherence] => relset_1:fragment:34[ch]
relset_1:ccluster:3 => relset_1:fragment:43
relset_1:kpattern:3 => relset_1:fragment:39[kp]
relset_1:fcluster:8 => relset_1:fragment:83
relset_1:theorem:17 => relset_1:fragment:49
relset_1:rcluster:1 => relset_1:fragment:88
relset_1:scheme:3 => relset_1:fragment:80
relset_1:kconstructor:3[involutiveness] => relset_1:fragment:39[in]
relset_1:kconstructor:6[coherence] => relset_1:fragment:51[ch]
relset_1:fcluster:4 => relset_1:fragment:31
relset_1:kpattern:2 => relset_1:fragment:35[kp]
relset_1:kpattern:1 => relset_1:fragment:34[kp]
relset_1:theorem:28 => relset_1:fragment:75
relset_1:theorem:14 => relset_1:fragment:46
relset_1:scheme:4 => relset_1:fragment:82
relset_1:theorem:11 => relset_1:fragment:41
relset_1:theorem:10 => relset_1:fragment:38
relset_1:mpattern:2 => relset_1:fragment:61[mp]
relset_1:ccluster:4 => relset_1:fragment:44
relset_1:kpattern:4 => relset_1:fragment:40[kp]
relset_1:fcluster:7 => relset_1:fragment:70
relset_1:theorem:20 => relset_1:fragment:54
relset_1:ccluster:1 => relset_1:fragment:15
relset_1:theorem:1 => relset_1:fragment:21
relset_1:ccluster:2 => relset_1:fragment:16
relset_1:rconstructor:2 => relset_1:fragment:20[rc]
relset_1:rpattern:2 => relset_1:fragment:20[rp]
relset_1:kconstructor:6 => relset_1:fragment:51[kc]
relset_1:rconstructor:2[symmetry] => relset_1:fragment:20[sy]
relset_1:theorem:21 => relset_1:fragment:55
relset_1:theorem:15 => relset_1:fragment:47
relset_1:kpattern:5 => relset_1:fragment:50[kp]
relset_1:kconstructor:8[coherence] => relset_1:fragment:57[ch]
relset_1:deftheorem:1 => relset_1:fragment:19[dt]
relset_1:theorem:26 => relset_1:fragment:73
relset_1:theorem:25 => relset_1:fragment:72
relset_1:kpattern:7 => relset_1:fragment:56[kp]
relset_1:kconstructor:5[coherence] => relset_1:fragment:50[ch]
relset_1:theorem:2 => relset_1:fragment:22
relset_1:theorem:12 => relset_1:fragment:42
relset_1:mpattern:1 => relset_1:fragment:14[mp]
relset_1:theorem:22 => relset_1:fragment:58
relset_1:theorem:24 => relset_1:fragment:71
relset_1:kpattern:6 => relset_1:fragment:51[kp]
relset_1:theorem:27 => relset_1:fragment:74
relset_1:rconstructor:1[reflexivity] => relset_1:fragment:19[re]
relset_1:theorem:31 => relset_1:fragment:81
relset_1:theorem:4 => relset_1:fragment:24
relset_1:rconstructor:1 => relset_1:fragment:19[rc]
relset_1:rpattern:1 => relset_1:fragment:19[rp]
relset_1:theorem:8 => relset_1:fragment:36
relset_1:fcluster:3 => relset_1:fragment:30
relset_1:kconstructor:4[coherence] => relset_1:fragment:40[ch]
relset_1:theorem:6 => relset_1:fragment:26
relset_1:theorem:16 => relset_1:fragment:48
relset_1:theorem:32 => relset_1:fragment:85
relset_1:theorem:23 => relset_1:fragment:59
relset_1:fcluster:2 => relset_1:fragment:29
relset_1:theorem:7 => relset_1:fragment:27
relset_1:fcluster:10 => relset_1:fragment:86
relset_1:rdefiniens:2 => relset_1:fragment:20[rf]
relset_1:rdefiniens:2[compatibility] => relset_1:fragment:20[cp]
relset_1:theorem:3 => relset_1:fragment:23
relset_1:fcluster:6 => relset_1:fragment:33
relset_1:kconstructor:3[coherence] => relset_1:fragment:39[ch]
relset_1:fcluster:11 => relset_1:fragment:87
relset_1:deftheorem:2 => relset_1:fragment:20[dt]
