seq_2:theorem:4 => seq_2:fragment:26
seq_2:theorem:7 => seq_2:fragment:37
seq_2:theorem:21 => seq_2:fragment:56
seq_2:fcluster:1 => seq_2:fragment:35
seq_2:theorem:31 => seq_2:fragment:71
seq_2:theorem:3 => seq_2:fragment:25
seq_2:theorem:8 => seq_2:fragment:39
seq_2:deftheorem:2 => seq_2:fragment:20[dt]
seq_2:fcluster:3 => seq_2:fragment:41
seq_2:vdefiniens:2 => seq_2:fragment:20[vf]
seq_2:kpattern:2 => seq_2:fragment:31[kp]
seq_2:deftheorem:3 => seq_2:fragment:21[dt]
seq_2:vdefiniens:4 => seq_2:fragment:22[vf]
seq_2:theorem:20 => seq_2:fragment:55
seq_2:theorem:19 => seq_2:fragment:54
seq_2:theorem:30 => seq_2:fragment:70
seq_2:kdefiniens:1 => seq_2:fragment:29[kf]
seq_2:theorem:14 => seq_2:fragment:48
seq_2:theorem:34 => seq_2:fragment:74
seq_2:deftheorem:6 => seq_2:fragment:28[dt]
seq_2:theorem:35 => seq_2:fragment:75
seq_2:ccluster:1 => seq_2:fragment:23
seq_2:theorem:16 => seq_2:fragment:51
seq_2:kconstructor:1[uniqueness] => seq_2:fragment:29[un]
seq_2:theorem:10 => seq_2:fragment:42
seq_2:deftheorem:8 => seq_2:fragment:30[dt]
seq_2:vconstructor:1 => seq_2:fragment:19[vc]
seq_2:theorem:13 => seq_2:fragment:46
seq_2:kconstructor:2 => seq_2:fragment:31[kc]
seq_2:theorem:29 => seq_2:fragment:69
seq_2:deftheorem:7 => seq_2:fragment:29[dt]
seq_2:vdefiniens:5 => seq_2:fragment:28[vf]
seq_2:vdefiniens:6 => seq_2:fragment:30[vf]
seq_2:deftheorem:4 => seq_2:fragment:22[dt]
seq_2:theorem:24 => seq_2:fragment:59
seq_2:theorem:2 => seq_2:fragment:18
seq_2:ccluster:2 => seq_2:fragment:24
seq_2:theorem:25 => seq_2:fragment:60
seq_2:deftheorem:1 => seq_2:fragment:19[dt]
seq_2:vpattern:3 => seq_2:fragment:21[vp]
seq_2:theorem:17 => seq_2:fragment:52
seq_2:theorem:28 => seq_2:fragment:68
seq_2:theorem:9 => seq_2:fragment:40
seq_2:fcluster:2 => seq_2:fragment:38
seq_2:theorem:26 => seq_2:fragment:61
seq_2:theorem:18 => seq_2:fragment:53
seq_2:theorem:15 => seq_2:fragment:50
seq_2:vconstructor:2 => seq_2:fragment:20[vc]
seq_2:vdefiniens:3[compatibility] => seq_2:fragment:21[cp]
seq_2:kconstructor:1 => seq_2:fragment:29[kc]
seq_2:theorem:1 => seq_2:fragment:17
seq_2:vdefiniens:4[compatibility] => seq_2:fragment:22[cp]
seq_2:vdefiniens:6[compatibility] => seq_2:fragment:30[cp]
seq_2:vpattern:2 => seq_2:fragment:20[vp]
seq_2:fcluster:5 => seq_2:fragment:49
seq_2:theorem:33 => seq_2:fragment:73
seq_2:vpattern:5 => seq_2:fragment:28[vp]
seq_2:theorem:6 => seq_2:fragment:36
seq_2:theorem:23 => seq_2:fragment:58
seq_2:theorem:32 => seq_2:fragment:72
seq_2:ccluster:3 => seq_2:fragment:32
seq_2:vdefiniens:3 => seq_2:fragment:21[vf]
seq_2:kconstructor:2[coherence] => seq_2:fragment:31[ch]
seq_2:ccluster:4 => seq_2:fragment:47
seq_2:theorem:12 => seq_2:fragment:45
seq_2:theorem:27 => seq_2:fragment:67
seq_2:theorem:11 => seq_2:fragment:43
seq_2:kpattern:1 => seq_2:fragment:29[kp]
seq_2:fcluster:4 => seq_2:fragment:44
seq_2:vdefiniens:5[compatibility] => seq_2:fragment:28[cp]
seq_2:vpattern:6 => seq_2:fragment:30[vp]
seq_2:vdefiniens:1 => seq_2:fragment:19[vf]
seq_2:theorem:22 => seq_2:fragment:57
seq_2:theorem:5 => seq_2:fragment:34
seq_2:rcluster:1 => seq_2:fragment:33
seq_2:deftheorem:5 => seq_2:fragment:27[dt]
seq_2:vpattern:1 => seq_2:fragment:19[vp]
seq_2:vpattern:4 => seq_2:fragment:22[vp]
seq_2:kconstructor:1[existence] => seq_2:fragment:29[ex]
seq_2:fcluster:6 => seq_2:fragment:63
