seq_1:theorem:12 => seq_1:fragment:35
seq_1:theorem:13 => seq_1:fragment:36
seq_1:theorem:37 => seq_1:fragment:60
seq_1:theorem:35 => seq_1:fragment:58
seq_1:theorem:26 => seq_1:fragment:49
seq_1:theorem:55 => seq_1:fragment:79
seq_1:theorem:20 => seq_1:fragment:43
seq_1:theorem:7 => seq_1:fragment:30
seq_1:theorem:28 => seq_1:fragment:51
seq_1:theorem:27 => seq_1:fragment:50
seq_1:theorem:8 => seq_1:fragment:31
seq_1:kconstructor:1[coherence] => seq_1:fragment:20[ch]
seq_1:lemma:1 => seq_1:fragment:70
seq_1:theorem:10 => seq_1:fragment:33
seq_1:theorem:16 => seq_1:fragment:39
seq_1:mpattern:1 => seq_1:fragment:11[mp]
seq_1:theorem:31 => seq_1:fragment:54
seq_1:theorem:43 => seq_1:fragment:66
seq_1:theorem:53 => seq_1:fragment:77
seq_1:theorem:38 => seq_1:fragment:61
seq_1:theorem:3 => seq_1:fragment:22
seq_1:theorem:9 => seq_1:fragment:32
seq_1:theorem:4 => seq_1:fragment:23
seq_1:theorem:23 => seq_1:fragment:46
seq_1:theorem:56 => seq_1:fragment:80
seq_1:scheme:1 => seq_1:fragment:26
seq_1:kpattern:1 => seq_1:fragment:20[kp]
seq_1:theorem:34 => seq_1:fragment:57
seq_1:theorem:18 => seq_1:fragment:41
seq_1:theorem:32 => seq_1:fragment:55
seq_1:theorem:51 => seq_1:fragment:75
seq_1:theorem:5 => seq_1:fragment:24
seq_1:theorem:47 => seq_1:fragment:71
seq_1:scheme:2 => seq_1:fragment:27
seq_1:theorem:22 => seq_1:fragment:45
seq_1:theorem:14 => seq_1:fragment:37
seq_1:theorem:39 => seq_1:fragment:62
seq_1:scheme:4 => seq_1:fragment:29
seq_1:theorem:11 => seq_1:fragment:34
seq_1:theorem:54 => seq_1:fragment:78
seq_1:scheme:3 => seq_1:fragment:28
seq_1:theorem:25 => seq_1:fragment:48
seq_1:theorem:41 => seq_1:fragment:64
seq_1:theorem:19 => seq_1:fragment:42
seq_1:theorem:52 => seq_1:fragment:76
seq_1:kconstructor:1 => seq_1:fragment:20[kc]
seq_1:theorem:46 => seq_1:fragment:69
seq_1:theorem:49 => seq_1:fragment:73
seq_1:theorem:15 => seq_1:fragment:38
seq_1:theorem:2 => seq_1:fragment:19
seq_1:theorem:30 => seq_1:fragment:53
seq_1:theorem:33 => seq_1:fragment:56
seq_1:theorem:48 => seq_1:fragment:72
seq_1:theorem:21 => seq_1:fragment:44
seq_1:theorem:17 => seq_1:fragment:40
seq_1:theorem:44 => seq_1:fragment:67
seq_1:theorem:1 => seq_1:fragment:18
seq_1:theorem:36 => seq_1:fragment:59
seq_1:theorem:50 => seq_1:fragment:74
seq_1:theorem:29 => seq_1:fragment:52
seq_1:theorem:42 => seq_1:fragment:65
seq_1:rcluster:1 => seq_1:fragment:21
seq_1:theorem:6 => seq_1:fragment:25
seq_1:theorem:45 => seq_1:fragment:68
seq_1:theorem:24 => seq_1:fragment:47
seq_1:theorem:40 => seq_1:fragment:63
