square_1:kconstructor:4[coherence] => square_1:fragment:16[ch]
square_1:theorem:39 => square_1:fragment:61
square_1:kconstructor:2 => square_1:fragment:10[kc]
square_1:lemma:4 => square_1:fragment:40
square_1:kconstructor:1[idempotence] => square_1:fragment:9[id]
square_1:kconstructor:2[idempotence] => square_1:fragment:10[id]
square_1:kconstructor:3 => square_1:fragment:13[kc]
square_1:kconstructor:4 => square_1:fragment:16[kc]
square_1:theorem:43 => square_1:fragment:65
square_1:theorem:40 => square_1:fragment:62
square_1:kconstructor:1 => square_1:fragment:9[kc]
square_1:theorem:25 => square_1:fragment:46
square_1:kconstructor:6[existence] => square_1:fragment:34[ex]
square_1:theorem:51 => square_1:fragment:74
square_1:theorem:46 => square_1:fragment:69
square_1:theorem:37 => square_1:fragment:59
square_1:theorem:29 => square_1:fragment:50
square_1:scheme:1 => square_1:fragment:8
square_1:theorem:36 => square_1:fragment:58
square_1:theorem:8 => square_1:fragment:23
square_1:theorem:23 => square_1:fragment:44
square_1:theorem:34 => square_1:fragment:55
square_1:theorem:49 => square_1:fragment:72
square_1:theorem:20 => square_1:fragment:41
square_1:theorem:3 => square_1:fragment:18
square_1:kconstructor:7[coherence] => square_1:fragment:35[ch]
square_1:kpattern:3 => square_1:fragment:13[kp]
square_1:theorem:24 => square_1:fragment:45
square_1:kpattern:2 => square_1:fragment:10[kp]
square_1:theorem:54 => square_1:fragment:77
square_1:kconstructor:5[coherence] => square_1:fragment:17[ch]
square_1:kconstructor:6[uniqueness] => square_1:fragment:34[un]
square_1:kconstructor:6 => square_1:fragment:34[kc]
square_1:kconstructor:1[coherence] => square_1:fragment:9[ch]
square_1:lemma:5 => square_1:fragment:57
square_1:theorem:50 => square_1:fragment:73
square_1:theorem:52 => square_1:fragment:75
square_1:kdefiniens:1 => square_1:fragment:13[kf]
square_1:theorem:32 => square_1:fragment:53
square_1:fcluster:1 => square_1:fragment:14
square_1:theorem:16 => square_1:fragment:32
square_1:theorem:33 => square_1:fragment:54
square_1:kpattern:5 => square_1:fragment:17[kp]
square_1:theorem:44 => square_1:fragment:67
square_1:kconstructor:5 => square_1:fragment:17[kc]
square_1:theorem:7 => square_1:fragment:22
square_1:theorem:59 => square_1:fragment:86
square_1:theorem:56 => square_1:fragment:80
square_1:theorem:1 => square_1:fragment:11
square_1:theorem:13 => square_1:fragment:28
square_1:theorem:55 => square_1:fragment:79
square_1:lemma:9 => square_1:fragment:83
square_1:theorem:53 => square_1:fragment:76
square_1:theorem:17 => square_1:fragment:36
square_1:theorem:19 => square_1:fragment:39
square_1:kconstructor:3[coherence] => square_1:fragment:13[ch]
square_1:kconstructor:2[coherence] => square_1:fragment:10[ch]
square_1:theorem:42 => square_1:fragment:64
square_1:lemma:3 => square_1:fragment:38
square_1:kpattern:6 => square_1:fragment:34[kp]
square_1:theorem:48 => square_1:fragment:71
square_1:kdefiniens:2 => square_1:fragment:34[kf]
square_1:kpattern:7 => square_1:fragment:35[kp]
square_1:fcluster:2 => square_1:fragment:15
square_1:theorem:58 => square_1:fragment:85
square_1:theorem:57 => square_1:fragment:84
square_1:theorem:35 => square_1:fragment:56
square_1:theorem:41 => square_1:fragment:63
square_1:theorem:28 => square_1:fragment:49
square_1:lemma:8 => square_1:fragment:82
square_1:deftheorem:1 => square_1:fragment:13[dt]
square_1:theorem:10 => square_1:fragment:25
square_1:theorem:18 => square_1:fragment:37
square_1:theorem:6 => square_1:fragment:21
square_1:lemma:2 => square_1:fragment:33
square_1:theorem:2 => square_1:fragment:12
square_1:theorem:12 => square_1:fragment:27
square_1:kconstructor:7 => square_1:fragment:35[kc]
square_1:lemma:6 => square_1:fragment:78
square_1:theorem:22 => square_1:fragment:43
square_1:lemma:7 => square_1:fragment:81
square_1:theorem:4 => square_1:fragment:19
square_1:theorem:45 => square_1:fragment:68
square_1:theorem:31 => square_1:fragment:52
square_1:theorem:11 => square_1:fragment:26
square_1:theorem:14 => square_1:fragment:29
square_1:kpattern:1 => square_1:fragment:9[kp]
square_1:theorem:30 => square_1:fragment:51
square_1:theorem:27 => square_1:fragment:48
square_1:kconstructor:2[commutativity] => square_1:fragment:10[cm]
square_1:theorem:26 => square_1:fragment:47
square_1:deftheorem:2 => square_1:fragment:34[dt]
square_1:kpattern:4 => square_1:fragment:16[kp]
square_1:theorem:15 => square_1:fragment:31
square_1:theorem:47 => square_1:fragment:70
square_1:lemma:1 => square_1:fragment:30
square_1:kconstructor:1[commutativity] => square_1:fragment:9[cm]
square_1:theorem:21 => square_1:fragment:42
square_1:theorem:5 => square_1:fragment:20
square_1:theorem:38 => square_1:fragment:60
square_1:theorem:9 => square_1:fragment:24
