subset_1:kconstructor:3[coherence] => subset_1:fragment:43[ch]
subset_1:fcluster:12 => subset_1:fragment:29
subset_1:theorem:28 => subset_1:fragment:73
subset_1:fcluster:3 => subset_1:fragment:17
subset_1:kconstructor:4[idempotence] => subset_1:fragment:44[id]
subset_1:theorem:15 => subset_1:fragment:60
subset_1:theorem:8 => subset_1:fragment:53
subset_1:kconstructor:10[coherence] => subset_1:fragment:99[ch]
subset_1:kpattern:2 => subset_1:fragment:34[kp]
subset_1:kconstructor:5 => subset_1:fragment:45[kc]
subset_1:rconstructor:1 => subset_1:fragment:97[rc]
subset_1:rpattern:2 => subset_1:fragment:98[rp]
subset_1:ccluster:1 => subset_1:fragment:107
subset_1:kconstructor:7[coherence] => subset_1:fragment:47[ch]
subset_1:ccluster:5 => subset_1:fragment:119
subset_1:theorem:19 => subset_1:fragment:64
subset_1:fcluster:5 => subset_1:fragment:19
subset_1:vdefiniens:2 => subset_1:fragment:117[vf]
subset_1:theorem:35 => subset_1:fragment:88
subset_1:kconstructor:2[coherence] => subset_1:fragment:34[ch]
subset_1:theorem:10 => subset_1:fragment:55
subset_1:theorem:38 => subset_1:fragment:91
subset_1:kconstructor:3[involutiveness] => subset_1:fragment:43[in]
subset_1:scheme:2 => subset_1:fragment:96
subset_1:kpattern:5 => subset_1:fragment:45[kp]
subset_1:theorem:16 => subset_1:fragment:61
subset_1:kconstructor:4[commutativity] => subset_1:fragment:44[cm]
subset_1:theorem:24 => subset_1:fragment:69
subset_1:kconstructor:1 => subset_1:fragment:33[kc]
subset_1:kdefiniens:4 => subset_1:fragment:99[kf]
subset_1:theorem:26 => subset_1:fragment:71
subset_1:theorem:36 => subset_1:fragment:89
subset_1:theorem:42 => subset_1:fragment:106
subset_1:theorem:32 => subset_1:fragment:77
subset_1:kpattern:10 => subset_1:fragment:99[kp]
subset_1:theorem:6 => subset_1:fragment:51
subset_1:lemma:3 => subset_1:fragment:103
subset_1:theorem:46 => subset_1:fragment:122
subset_1:fcluster:13 => subset_1:fragment:35
subset_1:deftheorem:5 => subset_1:fragment:99[dt]
subset_1:theorem:22 => subset_1:fragment:67
subset_1:rcluster:6 => subset_1:fragment:120
subset_1:lemma:1 => subset_1:fragment:31
subset_1:mconstructor:2[coherence] => subset_1:fragment:30[ch]
subset_1:theorem:13 => subset_1:fragment:58
subset_1:kpattern:4 => subset_1:fragment:44[kp]
subset_1:deftheorem:2 => subset_1:fragment:33[dt]
subset_1:fcluster:2 => subset_1:fragment:16
subset_1:theorem:20 => subset_1:fragment:65
subset_1:theorem:34 => subset_1:fragment:87
subset_1:mconstructor:1[sethood] => subset_1:fragment:24[se]
subset_1:deftheorem:4 => subset_1:fragment:43[dt]
subset_1:rcluster:5 => subset_1:fragment:118
subset_1:theorem:4 => subset_1:fragment:42
subset_1:vpattern:2 => subset_1:fragment:117[vp]
subset_1:theorem:40 => subset_1:fragment:93
subset_1:kpattern:6 => subset_1:fragment:46[kp]
subset_1:ccluster:4 => subset_1:fragment:114
subset_1:theorem:43 => subset_1:fragment:115
subset_1:theorem:31 => subset_1:fragment:76
subset_1:fcluster:4 => subset_1:fragment:18
subset_1:kconstructor:8 => subset_1:fragment:48[kc]
subset_1:kconstructor:4[coherence] => subset_1:fragment:44[ch]
subset_1:theorem:29 => subset_1:fragment:74
subset_1:kconstructor:6[coherence] => subset_1:fragment:46[ch]
subset_1:kpattern:8 => subset_1:fragment:48[kp]
subset_1:theorem:7 => subset_1:fragment:52
subset_1:scheme:4 => subset_1:fragment:105
subset_1:theorem:1 => subset_1:fragment:36
subset_1:theorem:18 => subset_1:fragment:63
subset_1:kconstructor:8[idempotence] => subset_1:fragment:48[id]
subset_1:scheme:1 => subset_1:fragment:95
subset_1:theorem:48 => subset_1:fragment:124
subset_1:vdefiniens:1 => subset_1:fragment:108[vf]
subset_1:mdefiniens:1 => subset_1:fragment:24[mf]
subset_1:kpattern:3 => subset_1:fragment:43[kp]
subset_1:theorem:9 => subset_1:fragment:54
subset_1:theorem:23 => subset_1:fragment:68
subset_1:theorem:11 => subset_1:fragment:56
subset_1:mpattern:2 => subset_1:fragment:25[mp]
subset_1:theorem:44 => subset_1:fragment:116
subset_1:theorem:17 => subset_1:fragment:62
subset_1:mconstructor:2 => subset_1:fragment:30[mc]
subset_1:theorem:14 => subset_1:fragment:59
subset_1:kpattern:1 => subset_1:fragment:33[kp]
subset_1:ccluster:2 => subset_1:fragment:111
subset_1:kconstructor:9[idempotence] => subset_1:fragment:49[id]
subset_1:kconstructor:7 => subset_1:fragment:47[kc]
subset_1:kdefiniens:3 => subset_1:fragment:43[kf]
subset_1:kconstructor:9[coherence] => subset_1:fragment:49[ch]
subset_1:mpattern:1 => subset_1:fragment:24[mp]
subset_1:theorem:47 => subset_1:fragment:123
subset_1:theorem:21 => subset_1:fragment:66
subset_1:kconstructor:9[commutativity] => subset_1:fragment:49[cm]
subset_1:mconstructor:1 => subset_1:fragment:24[mc]
subset_1:kconstructor:6 => subset_1:fragment:46[kc]
subset_1:deftheorem:7 => subset_1:fragment:117[dt]
subset_1:theorem:25 => subset_1:fragment:70
subset_1:fcluster:11 => subset_1:fragment:28
subset_1:kconstructor:4 => subset_1:fragment:44[kc]
subset_1:kdefiniens:1 => subset_1:fragment:33[kf]
subset_1:theorem:39 => subset_1:fragment:92
subset_1:deftheorem:1 => subset_1:fragment:24[dt]
subset_1:fcluster:7 => subset_1:fragment:21
subset_1:rcluster:3 => subset_1:fragment:110
subset_1:fcluster:1 => subset_1:fragment:15
subset_1:theorem:37 => subset_1:fragment:90
subset_1:kconstructor:5[commutativity] => subset_1:fragment:45[cm]
subset_1:fcluster:6 => subset_1:fragment:20
subset_1:vdefiniens:2[compatibility] => subset_1:fragment:117[cp]
subset_1:kconstructor:3 => subset_1:fragment:43[kc]
subset_1:kconstructor:8[commutativity] => subset_1:fragment:48[cm]
subset_1:rconstructor:1[irreflexivity] => subset_1:fragment:97[ir]
subset_1:theorem:12 => subset_1:fragment:57
subset_1:kconstructor:1[coherence] => subset_1:fragment:33[ch]
subset_1:rconstructor:2[irreflexivity] => subset_1:fragment:98[ir]
subset_1:rpattern:1 => subset_1:fragment:97[rp]
subset_1:kconstructor:9 => subset_1:fragment:49[kc]
subset_1:vconstructor:1 => subset_1:fragment:108[vc]
subset_1:theorem:41 => subset_1:fragment:94
subset_1:kpattern:9 => subset_1:fragment:49[kp]
subset_1:vpattern:1 => subset_1:fragment:108[vp]
subset_1:theorem:45 => subset_1:fragment:121
subset_1:fcluster:10 => subset_1:fragment:27
subset_1:kconstructor:5[coherence] => subset_1:fragment:45[ch]
subset_1:rcluster:2 => subset_1:fragment:32
subset_1:kconstructor:10 => subset_1:fragment:99[kc]
subset_1:theorem:2 => subset_1:fragment:40
subset_1:theorem:30 => subset_1:fragment:75
subset_1:rconstructor:1[symmetry] => subset_1:fragment:97[sy]
subset_1:rcluster:4 => subset_1:fragment:113
subset_1:kconstructor:8[coherence] => subset_1:fragment:48[ch]
subset_1:theorem:33 => subset_1:fragment:86
subset_1:kconstructor:2 => subset_1:fragment:34[kc]
subset_1:theorem:5 => subset_1:fragment:50
subset_1:kdefiniens:2 => subset_1:fragment:34[kf]
subset_1:ccluster:3 => subset_1:fragment:112
subset_1:scheme:3 => subset_1:fragment:104
subset_1:mconstructor:1[existence] => subset_1:fragment:24[ex]
subset_1:mconstructor:2[sethood] => subset_1:fragment:30[se]
subset_1:rconstructor:2 => subset_1:fragment:98[rc]
subset_1:theorem:3 => subset_1:fragment:41
subset_1:fcluster:8 => subset_1:fragment:22
subset_1:deftheorem:6 => subset_1:fragment:108[dt]
subset_1:mpattern:3 => subset_1:fragment:30[mp]
subset_1:deftheorem:3 => subset_1:fragment:34[dt]
subset_1:rcluster:1 => subset_1:fragment:26
subset_1:rconstructor:2[symmetry] => subset_1:fragment:98[sy]
subset_1:lemma:2 => subset_1:fragment:102
subset_1:fcluster:9 => subset_1:fragment:23
subset_1:kpattern:7 => subset_1:fragment:47[kp]
subset_1:theorem:27 => subset_1:fragment:72
subset_1:fcluster:14 => subset_1:fragment:109
