sysrel:theorem:28 => sysrel:fragment:43
sysrel:theorem:12 => sysrel:fragment:26
sysrel:kconstructor:1 => sysrel:fragment:39[kc]
sysrel:theorem:26 => sysrel:fragment:41
sysrel:theorem:23 => sysrel:fragment:37
sysrel:theorem:20 => sysrel:fragment:34
sysrel:theorem:32 => sysrel:fragment:47
sysrel:theorem:11 => sysrel:fragment:24
sysrel:theorem:39 => sysrel:fragment:54
sysrel:theorem:22 => sysrel:fragment:36
sysrel:theorem:37 => sysrel:fragment:52
sysrel:theorem:19 => sysrel:fragment:33
sysrel:theorem:5 => sysrel:fragment:18
sysrel:theorem:21 => sysrel:fragment:35
sysrel:theorem:1 => sysrel:fragment:14
sysrel:theorem:18 => sysrel:fragment:32
sysrel:theorem:13 => sysrel:fragment:27
sysrel:theorem:6 => sysrel:fragment:19
sysrel:theorem:16 => sysrel:fragment:30
sysrel:theorem:38 => sysrel:fragment:53
sysrel:theorem:31 => sysrel:fragment:46
sysrel:kconstructor:1[coherence] => sysrel:fragment:39[ch]
sysrel:theorem:30 => sysrel:fragment:45
sysrel:theorem:4 => sysrel:fragment:17
sysrel:theorem:7 => sysrel:fragment:20
sysrel:theorem:3 => sysrel:fragment:16
sysrel:theorem:8 => sysrel:fragment:21
sysrel:theorem:9 => sysrel:fragment:22
sysrel:theorem:2 => sysrel:fragment:15
sysrel:lemma:1 => sysrel:fragment:13
sysrel:theorem:40 => sysrel:fragment:55
sysrel:theorem:27 => sysrel:fragment:42
sysrel:lemma:2 => sysrel:fragment:25
sysrel:kpattern:1 => sysrel:fragment:39[kp]
sysrel:deftheorem:1 => sysrel:fragment:39[dt]
sysrel:theorem:34 => sysrel:fragment:49
sysrel:theorem:17 => sysrel:fragment:31
sysrel:theorem:14 => sysrel:fragment:28
sysrel:theorem:29 => sysrel:fragment:44
sysrel:theorem:33 => sysrel:fragment:48
sysrel:theorem:15 => sysrel:fragment:29
sysrel:theorem:35 => sysrel:fragment:50
sysrel:theorem:10 => sysrel:fragment:23
sysrel:theorem:36 => sysrel:fragment:51
sysrel:theorem:24 => sysrel:fragment:38
sysrel:theorem:25 => sysrel:fragment:40
sysrel:kdefiniens:1 => sysrel:fragment:39[kf]
