tarski:rconstructor:1[reflexivity] => tarski:fragment:14[re]
tarski:deftheorem:1 => tarski:fragment:12[dt]
tarski:kdefiniens:4 => tarski:fragment:18[kf]
tarski:deftheorem:6 => tarski:fragment:19[dt]
tarski:theorem:2 => tarski:fragment:16
tarski:kconstructor:1 => tarski:fragment:12[kc]
tarski:rdefiniens:2 => tarski:fragment:19[rf]
tarski:theorem:3 => tarski:fragment:20
tarski:kdefiniens:2 => tarski:fragment:13[kf]
tarski:theorem:1 => tarski:fragment:11
tarski:rpattern:2 => tarski:fragment:19[rp]
tarski:kpattern:1 => tarski:fragment:12[kp]
tarski:rpattern:1 => tarski:fragment:14[rp]
tarski:rdefiniens:1 => tarski:fragment:14[rf]
tarski:kpattern:3 => tarski:fragment:15[kp]
tarski:kpattern:4 => tarski:fragment:18[kp]
tarski:kdefiniens:3 => tarski:fragment:15[kf]
tarski:rconstructor:2 => tarski:fragment:19[rc]
tarski:deftheorem:2 => tarski:fragment:13[dt]
tarski:kconstructor:2 => tarski:fragment:13[kc]
tarski:deftheorem:5 => tarski:fragment:18[dt]
tarski:kconstructor:2[commutativity] => tarski:fragment:13[cm]
tarski:rconstructor:1 => tarski:fragment:14[rc]
tarski:kconstructor:3 => tarski:fragment:15[kc]
tarski:deftheorem:4 => tarski:fragment:15[dt]
tarski:kpattern:2 => tarski:fragment:13[kp]
tarski:kconstructor:4[coherence] => tarski:fragment:18[ch]
tarski:scheme:1 => tarski:fragment:17
tarski:kconstructor:4 => tarski:fragment:18[kc]
tarski:kdefiniens:1 => tarski:fragment:12[kf]
tarski:deftheorem:3 => tarski:fragment:14[dt]
