toler_1:theorem:6 => toler_1:fragment:18
toler_1:kconstructor:4[existence] => toler_1:fragment:50[ex]
toler_1:theorem:17 => toler_1:fragment:34
toler_1:theorem:10 => toler_1:fragment:22
toler_1:theorem:8 => toler_1:fragment:20
toler_1:theorem:31 => toler_1:fragment:52
toler_1:theorem:24 => toler_1:fragment:42
toler_1:mpattern:2 => toler_1:fragment:29[mp]
toler_1:theorem:25 => toler_1:fragment:43
toler_1:kconstructor:1[coherence] => toler_1:fragment:10[ch]
toler_1:deftheorem:2 => toler_1:fragment:27[dt]
toler_1:ccluster:1 => toler_1:fragment:8
toler_1:kpattern:6 => toler_1:fragment:50[kp]
toler_1:rcluster:1 => toler_1:fragment:28
toler_1:theorem:12 => toler_1:fragment:26
toler_1:theorem:19 => toler_1:fragment:36
toler_1:theorem:40 => toler_1:fragment:61
toler_1:theorem:30 => toler_1:fragment:51
toler_1:theorem:26 => toler_1:fragment:44
toler_1:theorem:1 => toler_1:fragment:11
toler_1:kpattern:1 => toler_1:fragment:9[kp]
toler_1:kconstructor:3[existence] => toler_1:fragment:49[ex]
toler_1:theorem:16 => toler_1:fragment:33
toler_1:mdefiniens:1 => toler_1:fragment:25[mf]
toler_1:theorem:15 => toler_1:fragment:32
toler_1:theorem:35 => toler_1:fragment:56
toler_1:theorem:29 => toler_1:fragment:48
toler_1:kpattern:5 => toler_1:fragment:49[kp]
toler_1:kdefiniens:1 => toler_1:fragment:49[kf]
toler_1:theorem:18 => toler_1:fragment:35
toler_1:deftheorem:1 => toler_1:fragment:25[dt]
toler_1:theorem:36 => toler_1:fragment:57
toler_1:theorem:11 => toler_1:fragment:24
toler_1:kpattern:4 => toler_1:fragment:45[kp]
toler_1:kconstructor:4[uniqueness] => toler_1:fragment:50[un]
toler_1:vdefiniens:1 => toler_1:fragment:27[vf]
toler_1:vpattern:1 => toler_1:fragment:27[vp]
toler_1:theorem:13 => toler_1:fragment:30
toler_1:kdefiniens:2 => toler_1:fragment:50[kf]
toler_1:kpattern:2 => toler_1:fragment:10[kp]
toler_1:theorem:28 => toler_1:fragment:47
toler_1:kconstructor:2[coherence] => toler_1:fragment:23[ch]
toler_1:theorem:38 => toler_1:fragment:59
toler_1:theorem:5 => toler_1:fragment:15
toler_1:theorem:21 => toler_1:fragment:38
toler_1:theorem:33 => toler_1:fragment:54
toler_1:theorem:20 => toler_1:fragment:37
toler_1:kpattern:3 => toler_1:fragment:23[kp]
toler_1:kconstructor:3 => toler_1:fragment:49[kc]
toler_1:theorem:7 => toler_1:fragment:19
toler_1:theorem:14 => toler_1:fragment:31
toler_1:kconstructor:3[uniqueness] => toler_1:fragment:49[un]
toler_1:theorem:37 => toler_1:fragment:58
toler_1:theorem:34 => toler_1:fragment:55
toler_1:kconstructor:2 => toler_1:fragment:23[kc]
toler_1:theorem:3 => toler_1:fragment:13
toler_1:theorem:22 => toler_1:fragment:39
toler_1:mconstructor:1[existence] => toler_1:fragment:25[ex]
toler_1:theorem:23 => toler_1:fragment:40
toler_1:theorem:39 => toler_1:fragment:60
toler_1:theorem:32 => toler_1:fragment:53
toler_1:theorem:4 => toler_1:fragment:14
toler_1:mpattern:1 => toler_1:fragment:25[mp]
toler_1:kconstructor:4 => toler_1:fragment:50[kc]
toler_1:vconstructor:1 => toler_1:fragment:27[vc]
toler_1:theorem:2 => toler_1:fragment:12
toler_1:deftheorem:4 => toler_1:fragment:50[dt]
toler_1:scheme:1 => toler_1:fragment:41
toler_1:deftheorem:3 => toler_1:fragment:49[dt]
toler_1:mconstructor:1 => toler_1:fragment:25[mc]
toler_1:theorem:9 => toler_1:fragment:21
toler_1:theorem:27 => toler_1:fragment:46
toler_1:kconstructor:1 => toler_1:fragment:10[kc]
