trees_1:theorem:32 => trees_1:fragment:74
trees_1:theorem:48 => trees_1:fragment:102
trees_1:theorem:26 => trees_1:fragment:59
trees_1:kconstructor:1[existence] => trees_1:fragment:30[ex]
trees_1:mpattern:4 => trees_1:fragment:71[mp]
trees_1:deftheorem:12 => trees_1:fragment:93[dt]
trees_1:rpattern:2 => trees_1:fragment:14[rp]
trees_1:rcluster:2 => trees_1:fragment:56
trees_1:mconstructor:2[sethood] => trees_1:fragment:70[se]
trees_1:theorem:5 => trees_1:fragment:24
trees_1:theorem:3 => trees_1:fragment:17
trees_1:kdefiniens:7 => trees_1:fragment:94[kf]
trees_1:theorem:55 => trees_1:fragment:113
trees_1:deftheorem:2 => trees_1:fragment:30[dt]
trees_1:fcluster:2 => trees_1:fragment:52
trees_1:theorem:52 => trees_1:fragment:110
trees_1:theorem:34 => trees_1:fragment:78
trees_1:theorem:39 => trees_1:fragment:90
trees_1:kdefiniens:2 => trees_1:fragment:61[kf]
trees_1:mpattern:2 => trees_1:fragment:47[mp]
trees_1:theorem:2 => trees_1:fragment:16
trees_1:theorem:51 => trees_1:fragment:109
trees_1:mconstructor:2[existence] => trees_1:fragment:70[ex]
trees_1:kconstructor:8[coherence] => trees_1:fragment:114[ch]
trees_1:kdefiniens:1 => trees_1:fragment:30[kf]
trees_1:theorem:40 => trees_1:fragment:91
trees_1:kconstructor:7[uniqueness] => trees_1:fragment:94[un]
trees_1:theorem:21 => trees_1:fragment:49
trees_1:theorem:8 => trees_1:fragment:27
trees_1:mconstructor:4[existence] => trees_1:fragment:86[ex]
trees_1:kpattern:6 => trees_1:fragment:93[kp]
trees_1:kdefiniens:5 => trees_1:fragment:73[kf]
trees_1:kpattern:3 => trees_1:fragment:66[kp]
trees_1:theorem:6 => trees_1:fragment:25
trees_1:theorem:28 => trees_1:fragment:63
trees_1:kconstructor:3[uniqueness] => trees_1:fragment:66[un]
trees_1:theorem:44 => trees_1:fragment:98
trees_1:theorem:31 => trees_1:fragment:68
trees_1:theorem:10 => trees_1:fragment:29
trees_1:mpattern:6 => trees_1:fragment:86[mp]
trees_1:theorem:42 => trees_1:fragment:96
trees_1:kconstructor:4 => trees_1:fragment:67[kc]
trees_1:theorem:22 => trees_1:fragment:50
trees_1:mconstructor:3 => trees_1:fragment:71[mc]
trees_1:theorem:36 => trees_1:fragment:84
trees_1:mdefiniens:3 => trees_1:fragment:86[mf]
trees_1:scheme:1 => trees_1:fragment:103
trees_1:kpattern:7 => trees_1:fragment:94[kp]
trees_1:kconstructor:6 => trees_1:fragment:93[kc]
trees_1:theorem:12 => trees_1:fragment:32
trees_1:vdefiniens:1 => trees_1:fragment:40[vf]
trees_1:vpattern:2 => trees_1:fragment:81[vp]
trees_1:theorem:18 => trees_1:fragment:39
trees_1:kconstructor:1[uniqueness] => trees_1:fragment:30[un]
trees_1:fcluster:1 => trees_1:fragment:41
trees_1:kconstructor:8 => trees_1:fragment:114[kc]
trees_1:deftheorem:6 => trees_1:fragment:67[dt]
trees_1:mconstructor:1[coherence] => trees_1:fragment:47[ch]
trees_1:theorem:46 => trees_1:fragment:100
trees_1:kconstructor:4[uniqueness] => trees_1:fragment:67[un]
trees_1:kpattern:5 => trees_1:fragment:73[kp]
trees_1:theorem:16 => trees_1:fragment:37
trees_1:fcluster:6 => trees_1:fragment:76
trees_1:kdefiniens:8 => trees_1:fragment:114[kf]
trees_1:deftheorem:11 => trees_1:fragment:86[dt]
trees_1:theorem:14 => trees_1:fragment:34
trees_1:theorem:49 => trees_1:fragment:107
trees_1:lemma:1 => trees_1:fragment:19
trees_1:fcluster:8 => trees_1:fragment:115
trees_1:theorem:20 => trees_1:fragment:48
trees_1:mconstructor:2 => trees_1:fragment:70[mc]
trees_1:fcluster:4 => trees_1:fragment:62
trees_1:kconstructor:7[existence] => trees_1:fragment:94[ex]
trees_1:theorem:24 => trees_1:fragment:54
trees_1:deftheorem:4 => trees_1:fragment:61[dt]
trees_1:deftheorem:14 => trees_1:fragment:114[dt]
trees_1:kdefiniens:3 => trees_1:fragment:66[kf]
trees_1:mconstructor:3[existence] => trees_1:fragment:71[ex]
trees_1:theorem:15 => trees_1:fragment:35
trees_1:rcluster:3 => trees_1:fragment:82
trees_1:fcluster:3 => trees_1:fragment:53
trees_1:theorem:53 => trees_1:fragment:111
trees_1:deftheorem:1 => trees_1:fragment:14[dt]
trees_1:kpattern:2 => trees_1:fragment:61[kp]
trees_1:mconstructor:1[sethood] => trees_1:fragment:47[se]
trees_1:mconstructor:4 => trees_1:fragment:86[mc]
trees_1:mpattern:5 => trees_1:fragment:83[mp]
trees_1:theorem:35 => trees_1:fragment:80
trees_1:ccluster:1 => trees_1:fragment:92
trees_1:theorem:37 => trees_1:fragment:85
trees_1:mpattern:3 => trees_1:fragment:70[mp]
trees_1:kconstructor:3[existence] => trees_1:fragment:66[ex]
trees_1:kconstructor:2 => trees_1:fragment:61[kc]
trees_1:vconstructor:1 => trees_1:fragment:40[vc]
trees_1:kconstructor:5[existence] => trees_1:fragment:73[ex]
trees_1:kconstructor:6[existence] => trees_1:fragment:93[ex]
trees_1:theorem:43 => trees_1:fragment:97
trees_1:kdefiniens:6 => trees_1:fragment:93[kf]
trees_1:rcluster:1 => trees_1:fragment:42
trees_1:deftheorem:8 => trees_1:fragment:71[dt]
trees_1:deftheorem:3 => trees_1:fragment:40[dt]
trees_1:theorem:33 => trees_1:fragment:75
trees_1:theorem:38 => trees_1:fragment:89
trees_1:deftheorem:13 => trees_1:fragment:94[dt]
trees_1:theorem:25 => trees_1:fragment:55
trees_1:theorem:4 => trees_1:fragment:20
trees_1:mconstructor:1 => trees_1:fragment:47[mc]
trees_1:rpattern:1 => trees_1:fragment:13[rp]
trees_1:mpattern:1 => trees_1:fragment:43[mp]
trees_1:vconstructor:2 => trees_1:fragment:81[vc]
trees_1:kdefiniens:4 => trees_1:fragment:67[kf]
trees_1:theorem:1 => trees_1:fragment:15
trees_1:theorem:47 => trees_1:fragment:101
trees_1:theorem:23 => trees_1:fragment:51
trees_1:theorem:41 => trees_1:fragment:95
trees_1:theorem:7 => trees_1:fragment:26
trees_1:deftheorem:5 => trees_1:fragment:66[dt]
trees_1:kconstructor:6[uniqueness] => trees_1:fragment:93[un]
trees_1:kconstructor:5[uniqueness] => trees_1:fragment:73[un]
trees_1:mdefiniens:2 => trees_1:fragment:71[mf]
trees_1:deftheorem:9 => trees_1:fragment:73[dt]
trees_1:kconstructor:4[existence] => trees_1:fragment:67[ex]
trees_1:theorem:9 => trees_1:fragment:28
trees_1:kpattern:4 => trees_1:fragment:67[kp]
trees_1:vpattern:1 => trees_1:fragment:40[vp]
trees_1:kconstructor:1 => trees_1:fragment:30[kc]
trees_1:theorem:19 => trees_1:fragment:46
trees_1:mdefiniens:1 => trees_1:fragment:70[mf]
trees_1:rdefiniens:1[compatibility] => trees_1:fragment:14[cp]
trees_1:kconstructor:7 => trees_1:fragment:94[kc]
trees_1:rpattern:3 => trees_1:fragment:18[rp]
trees_1:theorem:56 => trees_1:fragment:116
trees_1:kconstructor:5 => trees_1:fragment:73[kc]
trees_1:theorem:50 => trees_1:fragment:108
trees_1:rdefiniens:1 => trees_1:fragment:14[rf]
trees_1:theorem:11 => trees_1:fragment:31
trees_1:theorem:30 => trees_1:fragment:65
trees_1:fcluster:9 => trees_1:fragment:117
trees_1:deftheorem:10 => trees_1:fragment:81[dt]
trees_1:theorem:17 => trees_1:fragment:38
trees_1:kconstructor:2[coherence] => trees_1:fragment:61[ch]
trees_1:theorem:45 => trees_1:fragment:99
trees_1:vdefiniens:2 => trees_1:fragment:81[vf]
trees_1:theorem:54 => trees_1:fragment:112
trees_1:theorem:27 => trees_1:fragment:60
trees_1:fcluster:5 => trees_1:fragment:69
trees_1:kpattern:8 => trees_1:fragment:114[kp]
trees_1:kconstructor:3 => trees_1:fragment:66[kc]
trees_1:deftheorem:7 => trees_1:fragment:70[dt]
trees_1:theorem:13 => trees_1:fragment:33
trees_1:kpattern:1 => trees_1:fragment:30[kp]
trees_1:theorem:29 => trees_1:fragment:64
trees_1:fcluster:7 => trees_1:fragment:79
