valued_1:kdefiniens:5 => valued_1:fragment:81[kf]
valued_1:deftheorem:10 => valued_1:fragment:170[dt]
valued_1:kconstructor:6[commutativity] => valued_1:fragment:16[cm]
valued_1:fcluster:81 => valued_1:fragment:151
valued_1:fcluster:115 => valued_1:fragment:256
valued_1:kconstructor:7[uniqueness] => valued_1:fragment:25[un]
valued_1:fcluster:112 => valued_1:fragment:252
valued_1:kconstructor:38[coherence] => valued_1:fragment:125[ch]
valued_1:kconstructor:51[coherence] => valued_1:fragment:176[ch]
valued_1:kdefiniens:15 => valued_1:fragment:241[kf]
valued_1:kconstructor:43 => valued_1:fragment:141[kc]
valued_1:fcluster:63 => valued_1:fragment:117
valued_1:kconstructor:41[coherence] => valued_1:fragment:139[ch]
valued_1:kpattern:52 => valued_1:fragment:170[kp]
valued_1:kconstructor:56[coherence] => valued_1:fragment:191[ch]
valued_1:fcluster:129 => valued_1:fragment:270
valued_1:fcluster:3 => valued_1:fragment:8
valued_1:kconstructor:19[commutativity] => valued_1:fragment:69[cm]
valued_1:deftheorem:4 => valued_1:fragment:62[dt]
valued_1:fcluster:50 => valued_1:fragment:95
valued_1:theorem:27 => valued_1:fragment:225
valued_1:kpattern:36 => valued_1:fragment:112[kp]
valued_1:fcluster:119 => valued_1:fragment:260
valued_1:kconstructor:32[coherence] => valued_1:fragment:110[ch]
valued_1:kconstructor:57[projectivity] => valued_1:fragment:192[pr]
valued_1:fcluster:37 => valued_1:fragment:68
valued_1:fcluster:101 => valued_1:fragment:198
valued_1:kpattern:13 => valued_1:fragment:36[kp]
valued_1:kpattern:27 => valued_1:fragment:89[kp]
valued_1:vpattern:4 => valued_1:fragment:223[vp]
valued_1:theorem:31 => valued_1:fragment:239
valued_1:kconstructor:18 => valued_1:fragment:62[kc]
valued_1:kconstructor:46[coherence] => valued_1:fragment:158[ch]
valued_1:fcluster:14 => valued_1:fragment:28
valued_1:rcluster:5 => valued_1:fragment:255
valued_1:kpattern:50 => valued_1:fragment:160[kp]
valued_1:vdefiniens:3 => valued_1:fragment:222[vf]
valued_1:theorem:6 => valued_1:fragment:83
valued_1:fcluster:77 => valued_1:fragment:145
valued_1:fcluster:74 => valued_1:fragment:137
valued_1:kconstructor:49 => valued_1:fragment:161[kc]
valued_1:theorem:15 => valued_1:fragment:167
valued_1:deftheorem:2 => valued_1:fragment:25[dt]
valued_1:kconstructor:8[coherence] => valued_1:fragment:32[ch]
valued_1:fcluster:47 => valued_1:fragment:87
valued_1:kconstructor:47[coherence] => valued_1:fragment:159[ch]
valued_1:kconstructor:62 => valued_1:fragment:235[kc]
valued_1:kconstructor:27 => valued_1:fragment:91[kc]
valued_1:deftheorem:18 => valued_1:fragment:236[dt]
valued_1:vpattern:3 => valued_1:fragment:222[vp]
valued_1:kconstructor:51 => valued_1:fragment:176[kc]
valued_1:fcluster:27 => valued_1:fragment:50
valued_1:kconstructor:3 => valued_1:fragment:13[kc]
valued_1:fcluster:55 => valued_1:fragment:105
valued_1:deftheorem:8 => valued_1:fragment:131[dt]
valued_1:kpattern:9 => valued_1:fragment:32[kp]
valued_1:kconstructor:34[coherence] => valued_1:fragment:112[ch]
valued_1:kpattern:59 => valued_1:fragment:191[kp]
valued_1:fcluster:7 => valued_1:fragment:17
valued_1:kconstructor:2[coherence] => valued_1:fragment:12[ch]
valued_1:kconstructor:22[commutativity] => valued_1:fragment:72[cm]
valued_1:kdefiniens:10 => valued_1:fragment:170[kf]
valued_1:kconstructor:24 => valued_1:fragment:81[kc]
valued_1:fcluster:99 => valued_1:fragment:196
valued_1:fcluster:108 => valued_1:fragment:234
valued_1:kconstructor:5[commutativity] => valued_1:fragment:15[cm]
valued_1:rcluster:4 => valued_1:fragment:247
valued_1:kconstructor:31[involutiveness] => valued_1:fragment:109[in]
valued_1:fcluster:10 => valued_1:fragment:20
valued_1:kconstructor:7 => valued_1:fragment:25[kc]
valued_1:vpattern:1 => valued_1:fragment:220[vp]
valued_1:kdefiniens:9 => valued_1:fragment:150[kf]
valued_1:kconstructor:16[coherence] => valued_1:fragment:53[ch]
valued_1:fcluster:46 => valued_1:fragment:86
valued_1:fcluster:94 => valued_1:fragment:181
valued_1:kconstructor:37[involutiveness] => valued_1:fragment:124[in]
valued_1:kconstructor:32[involutiveness] => valued_1:fragment:110[in]
valued_1:kconstructor:50[coherence] => valued_1:fragment:170[ch]
valued_1:kconstructor:47 => valued_1:fragment:159[kc]
valued_1:kconstructor:54[uniqueness] => valued_1:fragment:185[un]
valued_1:kconstructor:17 => valued_1:fragment:54[kc]
valued_1:kconstructor:19[coherence] => valued_1:fragment:69[ch]
valued_1:kconstructor:11[coherence] => valued_1:fragment:35[ch]
valued_1:kconstructor:33 => valued_1:fragment:111[kc]
valued_1:kconstructor:23[coherence] => valued_1:fragment:73[ch]
valued_1:fcluster:88 => valued_1:fragment:166
valued_1:theorem:11 => valued_1:fragment:132
valued_1:kpattern:19 => valued_1:fragment:62[kp]
valued_1:fcluster:40 => valued_1:fragment:76
valued_1:kpattern:10 => valued_1:fragment:33[kp]
valued_1:kpattern:46 => valued_1:fragment:142[kp]
valued_1:kpattern:4 => valued_1:fragment:14[kp]
valued_1:kconstructor:56 => valued_1:fragment:191[kc]
valued_1:vconstructor:3 => valued_1:fragment:222[vc]
valued_1:fcluster:16 => valued_1:fragment:30
valued_1:deftheorem:1 => valued_1:fragment:6[dt]
valued_1:fcluster:118 => valued_1:fragment:259
valued_1:vdefiniens:4[compatibility] => valued_1:fragment:223[cp]
valued_1:kconstructor:43[coherence] => valued_1:fragment:141[ch]
valued_1:kconstructor:48 => valued_1:fragment:160[kc]
valued_1:fcluster:92 => valued_1:fragment:175
valued_1:kconstructor:28[coherence] => valued_1:fragment:92[ch]
valued_1:kpattern:62 => valued_1:fragment:194[kp]
valued_1:kconstructor:49[coherence] => valued_1:fragment:161[ch]
valued_1:kdefiniens:2 => valued_1:fragment:25[kf]
valued_1:kpattern:31 => valued_1:fragment:93[kp]
valued_1:kconstructor:44 => valued_1:fragment:142[kc]
valued_1:vdefiniens:1[compatibility] => valued_1:fragment:220[cp]
valued_1:kpattern:23 => valued_1:fragment:72[kp]
valued_1:kpattern:56 => valued_1:fragment:185[kp]
valued_1:fcluster:43 => valued_1:fragment:79
valued_1:kconstructor:30[coherence] => valued_1:fragment:102[ch]
valued_1:fcluster:33 => valued_1:fragment:64
valued_1:kconstructor:57[coherence] => valued_1:fragment:192[ch]
valued_1:theorem:34 => valued_1:fragment:243
valued_1:theorem:9 => valued_1:fragment:104
valued_1:fcluster:70 => valued_1:fragment:133
valued_1:fcluster:56 => valued_1:fragment:106
valued_1:kconstructor:34[involutiveness] => valued_1:fragment:112[in]
valued_1:fcluster:78 => valued_1:fragment:146
valued_1:kconstructor:3[coherence] => valued_1:fragment:13[ch]
valued_1:deftheorem:19 => valued_1:fragment:241[dt]
valued_1:kpattern:53 => valued_1:fragment:176[kp]
valued_1:kpattern:60 => valued_1:fragment:192[kp]
valued_1:deftheorem:17 => valued_1:fragment:235[dt]
valued_1:kpattern:57 => valued_1:fragment:186[kp]
valued_1:kdefiniens:6 => valued_1:fragment:102[kf]
valued_1:fcluster:51 => valued_1:fragment:96
valued_1:deftheorem:3 => valued_1:fragment:45[dt]
valued_1:kpattern:29 => valued_1:fragment:91[kp]
valued_1:deftheorem:13 => valued_1:fragment:220[dt]
valued_1:kconstructor:4 => valued_1:fragment:14[kc]
valued_1:theorem:20 => valued_1:fragment:210
valued_1:fcluster:38 => valued_1:fragment:74
valued_1:fcluster:29 => valued_1:fragment:56
valued_1:fcluster:30 => valued_1:fragment:57
valued_1:fcluster:67 => valued_1:fragment:127
valued_1:kconstructor:54[existence] => valued_1:fragment:185[ex]
valued_1:kconstructor:33[coherence] => valued_1:fragment:111[ch]
valued_1:kconstructor:27[coherence] => valued_1:fragment:91[ch]
valued_1:kconstructor:8 => valued_1:fragment:32[kc]
valued_1:vdefiniens:2[compatibility] => valued_1:fragment:221[cp]
valued_1:theorem:14 => valued_1:fragment:157
valued_1:vdefiniens:2 => valued_1:fragment:221[vf]
valued_1:theorem:29 => valued_1:fragment:232
valued_1:kconstructor:32 => valued_1:fragment:110[kc]
valued_1:kpattern:15 => valued_1:fragment:51[kp]
valued_1:kconstructor:61[existence] => valued_1:fragment:208[ex]
valued_1:kdefiniens:11 => valued_1:fragment:185[kf]
valued_1:fcluster:21 => valued_1:fragment:40
valued_1:theorem:26 => valued_1:fragment:216
valued_1:fcluster:102 => valued_1:fragment:199
valued_1:kdefiniens:14 => valued_1:fragment:236[kf]
valued_1:kpattern:1 => valued_1:fragment:6[kp]
valued_1:kpattern:28 => valued_1:fragment:90[kp]
valued_1:kpattern:43 => valued_1:fragment:139[kp]
valued_1:fcluster:107 => valued_1:fragment:231
valued_1:kconstructor:12[coherence] => valued_1:fragment:36[ch]
valued_1:lemma:4 => valued_1:fragment:179
valued_1:theorem:19 => valued_1:fragment:200
valued_1:kconstructor:55[coherence] => valued_1:fragment:190[ch]
valued_1:kpattern:8 => valued_1:fragment:26[kp]
valued_1:vconstructor:4 => valued_1:fragment:223[vc]
valued_1:kpattern:64 => valued_1:fragment:208[kp]
valued_1:fcluster:28 => valued_1:fragment:55
valued_1:kconstructor:10 => valued_1:fragment:34[kc]
valued_1:lemma:1 => valued_1:fragment:2
valued_1:fcluster:111 => valued_1:fragment:251
valued_1:theorem:38 => valued_1:fragment:249
valued_1:kconstructor:23[commutativity] => valued_1:fragment:73[cm]
valued_1:theorem:10 => valued_1:fragment:120
valued_1:fcluster:45 => valued_1:fragment:85
valued_1:fcluster:64 => valued_1:fragment:121
valued_1:fcluster:19 => valued_1:fragment:38
valued_1:kconstructor:40 => valued_1:fragment:138[kc]
valued_1:kconstructor:25 => valued_1:fragment:89[kc]
valued_1:theorem:30 => valued_1:fragment:238
valued_1:theorem:23 => valued_1:fragment:213
valued_1:kconstructor:53[coherence] => valued_1:fragment:178[ch]
valued_1:kconstructor:5[coherence] => valued_1:fragment:15[ch]
valued_1:kconstructor:37 => valued_1:fragment:124[kc]
valued_1:kpattern:37 => valued_1:fragment:119[kp]
valued_1:kconstructor:2[commutativity] => valued_1:fragment:12[cm]
valued_1:fcluster:73 => valued_1:fragment:136
valued_1:theorem:18 => valued_1:fragment:187
valued_1:kconstructor:59 => valued_1:fragment:194[kc]
valued_1:theorem:3 => valued_1:fragment:46
valued_1:kpattern:14 => valued_1:fragment:45[kp]
valued_1:deftheorem:7 => valued_1:fragment:119[dt]
valued_1:kconstructor:58[coherence] => valued_1:fragment:193[ch]
valued_1:kpattern:5 => valued_1:fragment:15[kp]
valued_1:kconstructor:1[existence] => valued_1:fragment:6[ex]
valued_1:kpattern:33 => valued_1:fragment:109[kp]
valued_1:fcluster:36 => valued_1:fragment:67
valued_1:kpattern:11 => valued_1:fragment:34[kp]
valued_1:fcluster:48 => valued_1:fragment:88
valued_1:kconstructor:60[coherence] => valued_1:fragment:195[ch]
valued_1:theorem:8 => valued_1:fragment:103
valued_1:fcluster:59 => valued_1:fragment:113
valued_1:fcluster:87 => valued_1:fragment:165
valued_1:theorem:22 => valued_1:fragment:212
valued_1:kconstructor:13 => valued_1:fragment:45[kc]
valued_1:kpattern:47 => valued_1:fragment:150[kp]
valued_1:fcluster:42 => valued_1:fragment:78
valued_1:kconstructor:20 => valued_1:fragment:70[kc]
valued_1:kconstructor:63 => valued_1:fragment:236[kc]
valued_1:kconstructor:45[coherence] => valued_1:fragment:150[ch]
valued_1:kdefiniens:1 => valued_1:fragment:6[kf]
valued_1:kconstructor:39 => valued_1:fragment:131[kc]
valued_1:fcluster:69 => valued_1:fragment:129
valued_1:kconstructor:9 => valued_1:fragment:33[kc]
valued_1:fcluster:49 => valued_1:fragment:94
valued_1:kconstructor:29 => valued_1:fragment:93[kc]
valued_1:kconstructor:52 => valued_1:fragment:177[kc]
valued_1:kpattern:30 => valued_1:fragment:92[kp]
valued_1:kpattern:2 => valued_1:fragment:12[kp]
valued_1:fcluster:82 => valued_1:fragment:152
valued_1:kpattern:61 => valued_1:fragment:193[kp]
valued_1:kconstructor:14 => valued_1:fragment:51[kc]
valued_1:fcluster:15 => valued_1:fragment:29
valued_1:kpattern:25 => valued_1:fragment:81[kp]
valued_1:scheme:1 => valued_1:fragment:224
valued_1:deftheorem:14 => valued_1:fragment:221[dt]
valued_1:kconstructor:40[coherence] => valued_1:fragment:138[ch]
valued_1:fcluster:125 => valued_1:fragment:266
valued_1:fcluster:95 => valued_1:fragment:182
valued_1:kpattern:65 => valued_1:fragment:235[kp]
valued_1:theorem:37 => valued_1:fragment:246
valued_1:kconstructor:41 => valued_1:fragment:139[kc]
valued_1:deftheorem:16 => valued_1:fragment:223[dt]
valued_1:kconstructor:35[involutiveness] => valued_1:fragment:119[in]
valued_1:kconstructor:36[coherence] => valued_1:fragment:123[ch]
valued_1:fcluster:57 => valued_1:fragment:107
valued_1:fcluster:34 => valued_1:fragment:65
valued_1:fcluster:103 => valued_1:fragment:209
valued_1:kconstructor:60 => valued_1:fragment:195[kc]
valued_1:kconstructor:30[involutiveness] => valued_1:fragment:102[in]
valued_1:fcluster:52 => valued_1:fragment:97
valued_1:kconstructor:54[projectivity] => valued_1:fragment:185[pr]
valued_1:kconstructor:25[coherence] => valued_1:fragment:89[ch]
valued_1:kpattern:44 => valued_1:fragment:140[kp]
valued_1:fcluster:31 => valued_1:fragment:58
valued_1:kpattern:63 => valued_1:fragment:195[kp]
valued_1:kpattern:3 => valued_1:fragment:13[kp]
valued_1:fcluster:91 => valued_1:fragment:174
valued_1:kconstructor:31[coherence] => valued_1:fragment:109[ch]
valued_1:kconstructor:24[existence] => valued_1:fragment:81[ex]
valued_1:kconstructor:35 => valued_1:fragment:119[kc]
valued_1:kconstructor:21[coherence] => valued_1:fragment:71[ch]
valued_1:kpattern:54 => valued_1:fragment:177[kp]
valued_1:kpattern:22 => valued_1:fragment:71[kp]
valued_1:kpattern:12 => valued_1:fragment:35[kp]
valued_1:kconstructor:31 => valued_1:fragment:109[kc]
valued_1:kpattern:48 => valued_1:fragment:158[kp]
valued_1:kdefiniens:12 => valued_1:fragment:208[kf]
valued_1:theorem:33 => valued_1:fragment:242
valued_1:kconstructor:64[coherence] => valued_1:fragment:241[ch]
valued_1:fcluster:83 => valued_1:fragment:153
valued_1:fcluster:5 => valued_1:fragment:10
valued_1:fcluster:86 => valued_1:fragment:164
valued_1:kpattern:58 => valued_1:fragment:190[kp]
valued_1:kconstructor:26[coherence] => valued_1:fragment:90[ch]
valued_1:fcluster:2 => valued_1:fragment:7
valued_1:kconstructor:39[coherence] => valued_1:fragment:131[ch]
valued_1:fcluster:117 => valued_1:fragment:258
valued_1:fcluster:12 => valued_1:fragment:23
valued_1:kconstructor:59[projectivity] => valued_1:fragment:194[pr]
valued_1:theorem:24 => valued_1:fragment:214
valued_1:kpattern:34 => valued_1:fragment:110[kp]
valued_1:kconstructor:11 => valued_1:fragment:35[kc]
valued_1:kconstructor:55 => valued_1:fragment:190[kc]
valued_1:theorem:25 => valued_1:fragment:215
valued_1:kconstructor:22 => valued_1:fragment:72[kc]
valued_1:kconstructor:45 => valued_1:fragment:150[kc]
valued_1:fcluster:97 => valued_1:fragment:188
valued_1:fcluster:122 => valued_1:fragment:263
valued_1:kconstructor:33[involutiveness] => valued_1:fragment:111[in]
valued_1:deftheorem:12 => valued_1:fragment:208[dt]
valued_1:kconstructor:18[existence] => valued_1:fragment:62[ex]
valued_1:kconstructor:18[uniqueness] => valued_1:fragment:62[un]
valued_1:fcluster:6 => valued_1:fragment:11
valued_1:fcluster:61 => valued_1:fragment:115
valued_1:fcluster:105 => valued_1:fragment:228
valued_1:kpattern:67 => valued_1:fragment:241[kp]
valued_1:kconstructor:36[involutiveness] => valued_1:fragment:123[in]
valued_1:kpattern:6 => valued_1:fragment:16[kp]
valued_1:kconstructor:55[projectivity] => valued_1:fragment:190[pr]
valued_1:fcluster:35 => valued_1:fragment:66
valued_1:kconstructor:44[coherence] => valued_1:fragment:142[ch]
valued_1:deftheorem:9 => valued_1:fragment:150[dt]
valued_1:rcluster:1 => valued_1:fragment:4
valued_1:fcluster:72 => valued_1:fragment:135
valued_1:kconstructor:60[projectivity] => valued_1:fragment:195[pr]
valued_1:fcluster:39 => valued_1:fragment:75
valued_1:kpattern:42 => valued_1:fragment:138[kp]
valued_1:kconstructor:22[coherence] => valued_1:fragment:72[ch]
valued_1:fcluster:41 => valued_1:fragment:77
valued_1:kconstructor:37[coherence] => valued_1:fragment:124[ch]
valued_1:kconstructor:48[coherence] => valued_1:fragment:160[ch]
valued_1:fcluster:124 => valued_1:fragment:265
valued_1:kconstructor:20[commutativity] => valued_1:fragment:70[cm]
valued_1:fcluster:76 => valued_1:fragment:144
valued_1:kconstructor:21 => valued_1:fragment:71[kc]
valued_1:fcluster:22 => valued_1:fragment:41
valued_1:fcluster:79 => valued_1:fragment:147
valued_1:kconstructor:5 => valued_1:fragment:15[kc]
valued_1:kconstructor:3[commutativity] => valued_1:fragment:13[cm]
valued_1:theorem:17 => valued_1:fragment:172
valued_1:theorem:4 => valued_1:fragment:59
valued_1:fcluster:132 => valued_1:fragment:273
valued_1:kpattern:38 => valued_1:fragment:123[kp]
valued_1:fcluster:68 => valued_1:fragment:128
valued_1:kconstructor:64 => valued_1:fragment:241[kc]
valued_1:kconstructor:38[involutiveness] => valued_1:fragment:125[in]
valued_1:fcluster:110 => valued_1:fragment:248
valued_1:kconstructor:53 => valued_1:fragment:178[kc]
valued_1:fcluster:24 => valued_1:fragment:47
valued_1:kconstructor:28 => valued_1:fragment:92[kc]
valued_1:fcluster:25 => valued_1:fragment:48
valued_1:fcluster:128 => valued_1:fragment:269
valued_1:kpattern:66 => valued_1:fragment:236[kp]
valued_1:fcluster:65 => valued_1:fragment:122
valued_1:kdefiniens:7 => valued_1:fragment:119[kf]
valued_1:fcluster:131 => valued_1:fragment:272
valued_1:fcluster:96 => valued_1:fragment:183
valued_1:kconstructor:52[coherence] => valued_1:fragment:177[ch]
valued_1:fcluster:9 => valued_1:fragment:19
valued_1:fcluster:90 => valued_1:fragment:173
valued_1:fcluster:113 => valued_1:fragment:253
valued_1:kpattern:40 => valued_1:fragment:125[kp]
valued_1:kconstructor:15 => valued_1:fragment:52[kc]
valued_1:theorem:2 => valued_1:fragment:42
valued_1:kconstructor:4[commutativity] => valued_1:fragment:14[cm]
valued_1:fcluster:53 => valued_1:fragment:98
valued_1:kpattern:26 => valued_1:fragment:82[kp]
valued_1:fcluster:116 => valued_1:fragment:257
valued_1:kpattern:35 => valued_1:fragment:111[kp]
valued_1:kconstructor:38 => valued_1:fragment:125[kc]
valued_1:kdefiniens:3 => valued_1:fragment:45[kf]
valued_1:kconstructor:26 => valued_1:fragment:90[kc]
valued_1:kconstructor:36 => valued_1:fragment:123[kc]
valued_1:deftheorem:6 => valued_1:fragment:102[dt]
valued_1:kconstructor:35[existence] => valued_1:fragment:119[ex]
valued_1:kconstructor:10[coherence] => valued_1:fragment:34[ch]
valued_1:kconstructor:59[coherence] => valued_1:fragment:194[ch]
valued_1:kconstructor:12 => valued_1:fragment:36[kc]
valued_1:deftheorem:5 => valued_1:fragment:81[dt]
valued_1:fcluster:32 => valued_1:fragment:60
valued_1:fcluster:104 => valued_1:fragment:217
valued_1:deftheorem:11 => valued_1:fragment:185[dt]
valued_1:kconstructor:61[uniqueness] => valued_1:fragment:208[un]
valued_1:deftheorem:15 => valued_1:fragment:222[dt]
valued_1:theorem:13 => valued_1:fragment:156
valued_1:kconstructor:18[commutativity] => valued_1:fragment:62[cm]
valued_1:kpattern:39 => valued_1:fragment:124[kp]
valued_1:kconstructor:30 => valued_1:fragment:102[kc]
valued_1:kconstructor:35[uniqueness] => valued_1:fragment:119[un]
valued_1:fcluster:100 => valued_1:fragment:197
valued_1:theorem:32 => valued_1:fragment:240
valued_1:theorem:7 => valued_1:fragment:99
valued_1:kconstructor:6[coherence] => valued_1:fragment:16[ch]
valued_1:fcluster:17 => valued_1:fragment:31
valued_1:fcluster:120 => valued_1:fragment:261
valued_1:fcluster:58 => valued_1:fragment:108
valued_1:kconstructor:42 => valued_1:fragment:140[kc]
valued_1:fcluster:126 => valued_1:fragment:267
valued_1:fcluster:121 => valued_1:fragment:262
valued_1:fcluster:62 => valued_1:fragment:116
valued_1:fcluster:11 => valued_1:fragment:21
valued_1:kpattern:21 => valued_1:fragment:70[kp]
valued_1:fcluster:106 => valued_1:fragment:230
valued_1:vconstructor:1 => valued_1:fragment:220[vc]
valued_1:kconstructor:63[coherence] => valued_1:fragment:236[ch]
valued_1:theorem:28 => valued_1:fragment:227
valued_1:kconstructor:58 => valued_1:fragment:193[kc]
valued_1:kpattern:41 => valued_1:fragment:131[kp]
valued_1:theorem:16 => valued_1:fragment:171
valued_1:kpattern:17 => valued_1:fragment:53[kp]
valued_1:kconstructor:2 => valued_1:fragment:12[kc]
valued_1:kpattern:20 => valued_1:fragment:69[kp]
valued_1:fcluster:84 => valued_1:fragment:154
valued_1:theorem:5 => valued_1:fragment:63
valued_1:kpattern:49 => valued_1:fragment:159[kp]
valued_1:kconstructor:34 => valued_1:fragment:112[kc]
valued_1:fcluster:4 => valued_1:fragment:9
valued_1:theorem:21 => valued_1:fragment:211
valued_1:fcluster:1 => valued_1:fragment:5
valued_1:fcluster:8 => valued_1:fragment:18
valued_1:fcluster:114 => valued_1:fragment:254
valued_1:kconstructor:58[projectivity] => valued_1:fragment:193[pr]
valued_1:kconstructor:50 => valued_1:fragment:170[kc]
valued_1:kconstructor:9[coherence] => valued_1:fragment:33[ch]
valued_1:kdefiniens:13 => valued_1:fragment:235[kf]
valued_1:fcluster:98 => valued_1:fragment:189
valued_1:fcluster:60 => valued_1:fragment:114
valued_1:lemma:2 => valued_1:fragment:3
valued_1:kconstructor:19 => valued_1:fragment:69[kc]
valued_1:kconstructor:42[coherence] => valued_1:fragment:140[ch]
valued_1:kconstructor:54 => valued_1:fragment:185[kc]
valued_1:fcluster:13 => valued_1:fragment:27
valued_1:fcluster:133 => valued_1:fragment:274
valued_1:kconstructor:17[coherence] => valued_1:fragment:54[ch]
valued_1:fcluster:20 => valued_1:fragment:39
valued_1:fcluster:123 => valued_1:fragment:264
valued_1:kconstructor:1[commutativity] => valued_1:fragment:6[cm]
valued_1:vpattern:2 => valued_1:fragment:221[vp]
valued_1:kconstructor:1 => valued_1:fragment:6[kc]
valued_1:kconstructor:7[existence] => valued_1:fragment:25[ex]
valued_1:fcluster:93 => valued_1:fragment:180
valued_1:theorem:39 => valued_1:fragment:275
valued_1:kpattern:32 => valued_1:fragment:102[kp]
valued_1:fcluster:75 => valued_1:fragment:143
valued_1:fcluster:44 => valued_1:fragment:84
valued_1:lemma:3 => valued_1:fragment:162
valued_1:fcluster:130 => valued_1:fragment:271
valued_1:fcluster:23 => valued_1:fragment:43
valued_1:fcluster:71 => valued_1:fragment:134
valued_1:kconstructor:29[coherence] => valued_1:fragment:93[ch]
valued_1:kconstructor:62[coherence] => valued_1:fragment:235[ch]
valued_1:kconstructor:57 => valued_1:fragment:192[kc]
valued_1:kpattern:18 => valued_1:fragment:54[kp]
valued_1:kconstructor:46 => valued_1:fragment:158[kc]
valued_1:theorem:12 => valued_1:fragment:155
valued_1:vdefiniens:4 => valued_1:fragment:223[vf]
valued_1:rcluster:2 => valued_1:fragment:229
valued_1:kpattern:55 => valued_1:fragment:178[kp]
valued_1:kconstructor:20[coherence] => valued_1:fragment:70[ch]
valued_1:vconstructor:2 => valued_1:fragment:221[vc]
valued_1:kconstructor:6 => valued_1:fragment:16[kc]
valued_1:fcluster:18 => valued_1:fragment:37
valued_1:kpattern:16 => valued_1:fragment:52[kp]
valued_1:kconstructor:56[projectivity] => valued_1:fragment:191[pr]
valued_1:kconstructor:23 => valued_1:fragment:73[kc]
valued_1:kconstructor:13[coherence] => valued_1:fragment:45[ch]
valued_1:fcluster:54 => valued_1:fragment:100
valued_1:rcluster:3 => valued_1:fragment:233
valued_1:vdefiniens:3[compatibility] => valued_1:fragment:222[cp]
valued_1:theorem:36 => valued_1:fragment:245
valued_1:kpattern:7 => valued_1:fragment:25[kp]
valued_1:fcluster:66 => valued_1:fragment:126
valued_1:fcluster:89 => valued_1:fragment:168
valued_1:kconstructor:4[coherence] => valued_1:fragment:14[ch]
valued_1:reduction:1 => valued_1:fragment:226
valued_1:kconstructor:16 => valued_1:fragment:53[kc]
valued_1:kpattern:51 => valued_1:fragment:161[kp]
valued_1:fcluster:109 => valued_1:fragment:237
valued_1:kconstructor:21[commutativity] => valued_1:fragment:71[cm]
valued_1:kconstructor:24[uniqueness] => valued_1:fragment:81[un]
valued_1:kdefiniens:4 => valued_1:fragment:62[kf]
valued_1:theorem:35 => valued_1:fragment:244
valued_1:fcluster:26 => valued_1:fragment:49
valued_1:fcluster:85 => valued_1:fragment:163
valued_1:fcluster:127 => valued_1:fragment:268
valued_1:kconstructor:61 => valued_1:fragment:208[kc]
valued_1:kpattern:45 => valued_1:fragment:141[kp]
valued_1:theorem:1 => valued_1:fragment:22
valued_1:kconstructor:15[coherence] => valued_1:fragment:52[ch]
valued_1:fcluster:80 => valued_1:fragment:148
valued_1:kconstructor:1[uniqueness] => valued_1:fragment:6[un]
valued_1:kdefiniens:8 => valued_1:fragment:131[kf]
valued_1:kconstructor:14[coherence] => valued_1:fragment:51[ch]
valued_1:kpattern:24 => valued_1:fragment:73[kp]
valued_1:vdefiniens:1 => valued_1:fragment:220[vf]
