valued_0:theorem:4 => valued_0:fragment:33
valued_0:kpattern:1 => valued_0:fragment:176[kp]
valued_0:fcluster:11 => valued_0:fragment:46
valued_0:rcluster:4 => valued_0:fragment:188
valued_0:theorem:19 => valued_0:fragment:186
valued_0:fcluster:95 => valued_0:fragment:166
valued_0:fcluster:40 => valued_0:fragment:75
valued_0:ccluster:7 => valued_0:fragment:14
valued_0:theorem:2 => valued_0:fragment:31
valued_0:ccluster:29 => valued_0:fragment:220
valued_0:ccluster:11 => valued_0:fragment:37
valued_0:fcluster:35 => valued_0:fragment:70
valued_0:fcluster:47 => valued_0:fragment:82
valued_0:fcluster:79 => valued_0:fragment:126
valued_0:fcluster:33 => valued_0:fragment:68
valued_0:vdefiniens:12 => valued_0:fragment:158[vf]
valued_0:fcluster:42 => valued_0:fragment:77
valued_0:deftheorem:11 => valued_0:fragment:100[dt]
valued_0:fcluster:20 => valued_0:fragment:55
valued_0:fcluster:21 => valued_0:fragment:56
valued_0:fcluster:75 => valued_0:fragment:122
valued_0:deftheorem:13 => valued_0:fragment:155[dt]
valued_0:fcluster:31 => valued_0:fragment:66
valued_0:fcluster:84 => valued_0:fragment:131
valued_0:fcluster:3 => valued_0:fragment:20
valued_0:fcluster:73 => valued_0:fragment:120
valued_0:vdefiniens:1 => valued_0:fragment:2[vf]
valued_0:deftheorem:5 => valued_0:fragment:6[dt]
valued_0:ccluster:4 => valued_0:fragment:11
valued_0:deftheorem:6 => valued_0:fragment:7[dt]
valued_0:vpattern:9 => valued_0:fragment:144[vp]
valued_0:fcluster:2 => valued_0:fragment:19
valued_0:vdefiniens:3 => valued_0:fragment:4[vf]
valued_0:vpattern:16 => valued_0:fragment:223[vp]
valued_0:theorem:17 => valued_0:fragment:150
valued_0:ccluster:22 => valued_0:fragment:159
valued_0:deftheorem:18 => valued_0:fragment:207[dt]
valued_0:theorem:26 => valued_0:fragment:211
valued_0:fcluster:39 => valued_0:fragment:74
valued_0:vpattern:5 => valued_0:fragment:96[vp]
valued_0:ccluster:12 => valued_0:fragment:38
valued_0:fcluster:18 => valued_0:fragment:53
valued_0:fcluster:93 => valued_0:fragment:164
valued_0:theorem:32 => valued_0:fragment:224
valued_0:ccluster:15 => valued_0:fragment:41
valued_0:deftheorem:15 => valued_0:fragment:157[dt]
valued_0:fcluster:37 => valued_0:fragment:72
valued_0:mconstructor:1 => valued_0:fragment:172[mc]
valued_0:ccluster:30 => valued_0:fragment:221
valued_0:vdefiniens:9 => valued_0:fragment:155[vf]
valued_0:fcluster:45 => valued_0:fragment:80
valued_0:mconstructor:2[coherence] => valued_0:fragment:175[ch]
valued_0:fcluster:89 => valued_0:fragment:142
valued_0:theorem:20 => valued_0:fragment:187
valued_0:theorem:27 => valued_0:fragment:213
valued_0:kconstructor:2[coherence] => valued_0:fragment:191[ch]
valued_0:fcluster:27 => valued_0:fragment:62
valued_0:fcluster:55 => valued_0:fragment:90
valued_0:fcluster:58 => valued_0:fragment:93
valued_0:mdefiniens:1 => valued_0:fragment:172[mf]
valued_0:deftheorem:17 => valued_0:fragment:172[dt]
valued_0:fcluster:49 => valued_0:fragment:84
valued_0:fcluster:66 => valued_0:fragment:113
valued_0:fcluster:85 => valued_0:fragment:138
valued_0:theorem:13 => valued_0:fragment:146
valued_0:rcluster:6 => valued_0:fragment:225
valued_0:deftheorem:2 => valued_0:fragment:3[dt]
valued_0:vconstructor:3 => valued_0:fragment:4[vc]
valued_0:deftheorem:10 => valued_0:fragment:99[dt]
valued_0:vdefiniens:10 => valued_0:fragment:156[vf]
valued_0:theorem:6 => valued_0:fragment:35
valued_0:fcluster:43 => valued_0:fragment:78
valued_0:fcluster:68 => valued_0:fragment:115
valued_0:fcluster:69 => valued_0:fragment:116
valued_0:deftheorem:8 => valued_0:fragment:97[dt]
valued_0:fcluster:19 => valued_0:fragment:54
valued_0:ccluster:3 => valued_0:fragment:10
valued_0:fcluster:54 => valued_0:fragment:89
valued_0:vdefiniens:5[compatibility] => valued_0:fragment:96[cp]
valued_0:fcluster:13 => valued_0:fragment:48
valued_0:kconstructor:1[coherence] => valued_0:fragment:176[ch]
valued_0:fcluster:26 => valued_0:fragment:61
valued_0:vconstructor:6 => valued_0:fragment:156[vc]
valued_0:fcluster:51 => valued_0:fragment:86
valued_0:fcluster:14 => valued_0:fragment:49
valued_0:deftheorem:20 => valued_0:fragment:223[dt]
valued_0:vdefiniens:7 => valued_0:fragment:98[vf]
valued_0:ccluster:23 => valued_0:fragment:160
valued_0:vdefiniens:15 => valued_0:fragment:223[vf]
valued_0:fcluster:63 => valued_0:fragment:110
valued_0:fcluster:4 => valued_0:fragment:21
valued_0:vpattern:3 => valued_0:fragment:4[vp]
valued_0:kconstructor:2 => valued_0:fragment:191[kc]
valued_0:theorem:10 => valued_0:fragment:105
valued_0:theorem:31 => valued_0:fragment:217
valued_0:vdefiniens:6[compatibility] => valued_0:fragment:97[cp]
valued_0:lemma:1 => valued_0:fragment:173
valued_0:ccluster:27 => valued_0:fragment:204
valued_0:theorem:7 => valued_0:fragment:102
valued_0:vconstructor:1 => valued_0:fragment:2[vc]
valued_0:vconstructor:8 => valued_0:fragment:158[vc]
valued_0:ccluster:19 => valued_0:fragment:135
valued_0:rcluster:2 => valued_0:fragment:145
valued_0:fcluster:24 => valued_0:fragment:59
valued_0:vpattern:7 => valued_0:fragment:98[vp]
valued_0:mconstructor:2[sethood] => valued_0:fragment:175[se]
valued_0:fcluster:16 => valued_0:fragment:51
valued_0:ccluster:8 => valued_0:fragment:15
valued_0:fcluster:99 => valued_0:fragment:170
valued_0:theorem:25 => valued_0:fragment:210
valued_0:theorem:22 => valued_0:fragment:202
valued_0:theorem:3 => valued_0:fragment:32
valued_0:ccluster:20 => valued_0:fragment:136
valued_0:fcluster:87 => valued_0:fragment:140
valued_0:theorem:29 => valued_0:fragment:215
valued_0:theorem:15 => valued_0:fragment:148
valued_0:fcluster:91 => valued_0:fragment:162
valued_0:theorem:8 => valued_0:fragment:103
valued_0:fcluster:59 => valued_0:fragment:94
valued_0:vdefiniens:13[compatibility] => valued_0:fragment:207[cp]
valued_0:vdefiniens:4 => valued_0:fragment:7[vf]
valued_0:fcluster:70 => valued_0:fragment:117
valued_0:ccluster:10 => valued_0:fragment:36
valued_0:deftheorem:9 => valued_0:fragment:98[dt]
valued_0:fcluster:83 => valued_0:fragment:130
valued_0:ccluster:16 => valued_0:fragment:132
valued_0:vpattern:1 => valued_0:fragment:2[vp]
valued_0:vdefiniens:13 => valued_0:fragment:207[vf]
valued_0:theorem:18 => valued_0:fragment:151
valued_0:fcluster:30 => valued_0:fragment:65
valued_0:ccluster:26 => valued_0:fragment:190
valued_0:vpattern:15 => valued_0:fragment:218[vp]
valued_0:vdefiniens:15[compatibility] => valued_0:fragment:223[cp]
valued_0:fcluster:17 => valued_0:fragment:52
valued_0:fcluster:29 => valued_0:fragment:64
valued_0:fcluster:78 => valued_0:fragment:125
valued_0:fcluster:36 => valued_0:fragment:71
valued_0:fcluster:41 => valued_0:fragment:76
valued_0:theorem:9 => valued_0:fragment:104
valued_0:ccluster:31 => valued_0:fragment:222
valued_0:fcluster:65 => valued_0:fragment:112
valued_0:fcluster:86 => valued_0:fragment:139
valued_0:fcluster:28 => valued_0:fragment:63
valued_0:fcluster:38 => valued_0:fragment:73
valued_0:theorem:30 => valued_0:fragment:216
valued_0:theorem:21 => valued_0:fragment:189
valued_0:kpattern:2 => valued_0:fragment:191[kp]
valued_0:vpattern:10 => valued_0:fragment:155[vp]
valued_0:fcluster:8 => valued_0:fragment:43
valued_0:ccluster:6 => valued_0:fragment:13
valued_0:ccluster:5 => valued_0:fragment:12
valued_0:vdefiniens:8 => valued_0:fragment:101[vf]
valued_0:fcluster:74 => valued_0:fragment:121
valued_0:fcluster:34 => valued_0:fragment:69
valued_0:vpattern:8 => valued_0:fragment:101[vp]
valued_0:fcluster:80 => valued_0:fragment:127
valued_0:fcluster:48 => valued_0:fragment:83
valued_0:fcluster:97 => valued_0:fragment:168
valued_0:deftheorem:16 => valued_0:fragment:158[dt]
valued_0:fcluster:15 => valued_0:fragment:50
valued_0:vdefiniens:7[compatibility] => valued_0:fragment:98[cp]
valued_0:vdefiniens:5 => valued_0:fragment:96[vf]
valued_0:fcluster:67 => valued_0:fragment:114
valued_0:fcluster:92 => valued_0:fragment:163
valued_0:fcluster:94 => valued_0:fragment:165
valued_0:vdefiniens:2 => valued_0:fragment:3[vf]
valued_0:fcluster:22 => valued_0:fragment:57
valued_0:theorem:1 => valued_0:fragment:30
valued_0:mpattern:2 => valued_0:fragment:175[mp]
valued_0:ccluster:25 => valued_0:fragment:174
valued_0:fcluster:60 => valued_0:fragment:95
valued_0:fcluster:61 => valued_0:fragment:108
valued_0:fcluster:46 => valued_0:fragment:81
valued_0:deftheorem:4 => valued_0:fragment:5[dt]
valued_0:deftheorem:7 => valued_0:fragment:96[dt]
valued_0:vpattern:14 => valued_0:fragment:207[vp]
valued_0:vdefiniens:11 => valued_0:fragment:157[vf]
valued_0:fcluster:56 => valued_0:fragment:91
valued_0:vdefiniens:8[compatibility] => valued_0:fragment:101[cp]
valued_0:vconstructor:10 => valued_0:fragment:218[vc]
valued_0:deftheorem:1 => valued_0:fragment:2[dt]
valued_0:vpattern:6 => valued_0:fragment:97[vp]
valued_0:ccluster:14 => valued_0:fragment:40
valued_0:fcluster:12 => valued_0:fragment:47
valued_0:rcluster:5 => valued_0:fragment:203
valued_0:ccluster:13 => valued_0:fragment:39
valued_0:vpattern:13 => valued_0:fragment:158[vp]
valued_0:fcluster:82 => valued_0:fragment:129
valued_0:vpattern:12 => valued_0:fragment:157[vp]
valued_0:fcluster:81 => valued_0:fragment:128
valued_0:theorem:16 => valued_0:fragment:149
valued_0:theorem:5 => valued_0:fragment:34
valued_0:fcluster:6 => valued_0:fragment:23
valued_0:ccluster:1 => valued_0:fragment:8
valued_0:fcluster:53 => valued_0:fragment:88
valued_0:kconstructor:1 => valued_0:fragment:176[kc]
valued_0:fcluster:62 => valued_0:fragment:109
valued_0:ccluster:2 => valued_0:fragment:9
valued_0:ccluster:24 => valued_0:fragment:161
valued_0:theorem:12 => valued_0:fragment:107
valued_0:vpattern:11 => valued_0:fragment:156[vp]
valued_0:deftheorem:3 => valued_0:fragment:4[dt]
valued_0:ccluster:17 => valued_0:fragment:133
valued_0:deftheorem:19 => valued_0:fragment:218[dt]
valued_0:vconstructor:9 => valued_0:fragment:207[vc]
valued_0:fcluster:88 => valued_0:fragment:141
valued_0:fcluster:10 => valued_0:fragment:45
valued_0:fcluster:25 => valued_0:fragment:60
valued_0:ccluster:21 => valued_0:fragment:137
valued_0:fcluster:50 => valued_0:fragment:85
valued_0:rcluster:3 => valued_0:fragment:171
valued_0:fcluster:52 => valued_0:fragment:87
valued_0:theorem:28 => valued_0:fragment:214
valued_0:theorem:11 => valued_0:fragment:106
valued_0:rcluster:1 => valued_0:fragment:17
valued_0:vconstructor:4 => valued_0:fragment:7[vc]
valued_0:fcluster:5 => valued_0:fragment:22
valued_0:fcluster:72 => valued_0:fragment:119
valued_0:fcluster:71 => valued_0:fragment:118
valued_0:ccluster:18 => valued_0:fragment:134
valued_0:vpattern:4 => valued_0:fragment:7[vp]
valued_0:ccluster:28 => valued_0:fragment:219
valued_0:fcluster:64 => valued_0:fragment:111
valued_0:fcluster:96 => valued_0:fragment:167
valued_0:fcluster:7 => valued_0:fragment:42
valued_0:fcluster:9 => valued_0:fragment:44
valued_0:fcluster:32 => valued_0:fragment:67
valued_0:vdefiniens:6 => valued_0:fragment:97[vf]
valued_0:theorem:23 => valued_0:fragment:208
valued_0:ccluster:9 => valued_0:fragment:16
valued_0:fcluster:57 => valued_0:fragment:92
valued_0:fcluster:23 => valued_0:fragment:58
valued_0:vpattern:2 => valued_0:fragment:3[vp]
valued_0:vconstructor:5 => valued_0:fragment:155[vc]
valued_0:fcluster:98 => valued_0:fragment:169
valued_0:theorem:14 => valued_0:fragment:147
valued_0:theorem:24 => valued_0:fragment:209
valued_0:deftheorem:14 => valued_0:fragment:156[dt]
valued_0:deftheorem:12 => valued_0:fragment:101[dt]
valued_0:vdefiniens:14 => valued_0:fragment:218[vf]
valued_0:fcluster:90 => valued_0:fragment:143
valued_0:fcluster:44 => valued_0:fragment:79
valued_0:fcluster:77 => valued_0:fragment:124
valued_0:mpattern:1 => valued_0:fragment:172[mp]
valued_0:fcluster:76 => valued_0:fragment:123
valued_0:mconstructor:1[existence] => valued_0:fragment:172[ex]
valued_0:vconstructor:7 => valued_0:fragment:157[vc]
valued_0:vconstructor:2 => valued_0:fragment:3[vc]
valued_0:mconstructor:2 => valued_0:fragment:175[mc]
valued_0:fcluster:1 => valued_0:fragment:18
