wellord2:theorem:15 => wellord2:fragment:43
wellord2:rconstructor:2[reflexivity] => wellord2:fragment:42[re]
wellord2:fcluster:1 => wellord2:fragment:24
wellord2:lemma:1 => wellord2:fragment:45
wellord2:theorem:20 => wellord2:fragment:53
wellord2:theorem:10 => wellord2:fragment:33
wellord2:kdefiniens:2 => wellord2:fragment:37[kf]
wellord2:kconstructor:1[uniqueness] => wellord2:fragment:17[un]
wellord2:rdefiniens:2 => wellord2:fragment:42[rf]
wellord2:fcluster:5 => wellord2:fragment:28
wellord2:kconstructor:1[existence] => wellord2:fragment:17[ex]
wellord2:theorem:1 => wellord2:fragment:18
wellord2:rconstructor:2 => wellord2:fragment:42[rc]
wellord2:theorem:7 => wellord2:fragment:29
wellord2:theorem:19 => wellord2:fragment:52
wellord2:fcluster:7 => wellord2:fragment:56
wellord2:theorem:5 => wellord2:fragment:22
wellord2:deftheorem:1 => wellord2:fragment:17[dt]
wellord2:theorem:3 => wellord2:fragment:20
wellord2:fcluster:2 => wellord2:fragment:25
wellord2:rpattern:2 => wellord2:fragment:42[rp]
wellord2:rconstructor:1 => wellord2:fragment:38[rc]
wellord2:kdefiniens:1 => wellord2:fragment:17[kf]
wellord2:theorem:22 => wellord2:fragment:57
wellord2:rdefiniens:2[compatibility] => wellord2:fragment:42[cp]
wellord2:kpattern:1 => wellord2:fragment:17[kp]
wellord2:theorem:21 => wellord2:fragment:54
wellord2:deftheorem:2 => wellord2:fragment:37[dt]
wellord2:kconstructor:2 => wellord2:fragment:37[kc]
wellord2:theorem:14 => wellord2:fragment:39
wellord2:rconstructor:2[symmetry] => wellord2:fragment:42[sy]
wellord2:theorem:2 => wellord2:fragment:19
wellord2:kconstructor:2[uniqueness] => wellord2:fragment:37[un]
wellord2:rpattern:1 => wellord2:fragment:38[rp]
wellord2:kpattern:2 => wellord2:fragment:37[kp]
wellord2:theorem:8 => wellord2:fragment:30
wellord2:fcluster:6 => wellord2:fragment:55
wellord2:theorem:17 => wellord2:fragment:47
wellord2:theorem:12 => wellord2:fragment:35
wellord2:fcluster:4 => wellord2:fragment:27
wellord2:theorem:4 => wellord2:fragment:21
wellord2:theorem:13 => wellord2:fragment:36
wellord2:fcluster:3 => wellord2:fragment:26
wellord2:kconstructor:1 => wellord2:fragment:17[kc]
wellord2:rdefiniens:1 => wellord2:fragment:38[rf]
wellord2:theorem:9 => wellord2:fragment:32
wellord2:kconstructor:2[existence] => wellord2:fragment:37[ex]
wellord2:theorem:16 => wellord2:fragment:44
wellord2:deftheorem:4 => wellord2:fragment:42[dt]
wellord2:theorem:18 => wellord2:fragment:50
wellord2:theorem:11 => wellord2:fragment:34
wellord2:deftheorem:3 => wellord2:fragment:38[dt]
wellord2:theorem:23 => wellord2:fragment:58
wellord2:theorem:6 => wellord2:fragment:23
