wellord1:theorem:49 => wellord1:fragment:81
wellord1:theorem:46 => wellord1:fragment:78
wellord1:kconstructor:3 => wellord1:fragment:77[kc]
wellord1:deftheorem:6 => wellord1:fragment:37[dt]
wellord1:theorem:31 => wellord1:fragment:60
wellord1:theorem:7 => wellord1:fragment:32
wellord1:rpattern:1 => wellord1:fragment:23[rp]
wellord1:rconstructor:4 => wellord1:fragment:67[rc]
wellord1:rpattern:3 => wellord1:fragment:65[rp]
wellord1:theorem:9 => wellord1:fragment:36
wellord1:deftheorem:7 => wellord1:fragment:65[dt]
wellord1:kconstructor:3[existence] => wellord1:fragment:77[ex]
wellord1:deftheorem:9 => wellord1:fragment:77[dt]
wellord1:deftheorem:2 => wellord1:fragment:22[dt]
wellord1:vconstructor:1 => wellord1:fragment:22[vc]
wellord1:kconstructor:2 => wellord1:fragment:37[kc]
wellord1:theorem:36 => wellord1:fragment:66
wellord1:kpattern:3 => wellord1:fragment:77[kp]
wellord1:vdefiniens:1 => wellord1:fragment:22[vf]
wellord1:theorem:15 => wellord1:fragment:44
wellord1:theorem:37 => wellord1:fragment:68
wellord1:theorem:4 => wellord1:fragment:29
wellord1:rpattern:2 => wellord1:fragment:26[rp]
wellord1:theorem:47 => wellord1:fragment:79
wellord1:theorem:28 => wellord1:fragment:57
wellord1:theorem:21 => wellord1:fragment:50
wellord1:theorem:40 => wellord1:fragment:71
wellord1:kpattern:2 => wellord1:fragment:37[kp]
wellord1:theorem:26 => wellord1:fragment:55
wellord1:kdefiniens:2 => wellord1:fragment:37[kf]
wellord1:theorem:52 => wellord1:fragment:84
wellord1:vpattern:1 => wellord1:fragment:22[vp]
wellord1:theorem:19 => wellord1:fragment:48
wellord1:theorem:34 => wellord1:fragment:63
wellord1:deftheorem:8 => wellord1:fragment:67[dt]
wellord1:rconstructor:2 => wellord1:fragment:26[rc]
wellord1:theorem:42 => wellord1:fragment:73
wellord1:rdefiniens:4 => wellord1:fragment:67[rf]
wellord1:theorem:45 => wellord1:fragment:76
wellord1:theorem:51 => wellord1:fragment:83
wellord1:theorem:2 => wellord1:fragment:21
wellord1:theorem:44 => wellord1:fragment:75
wellord1:kdefiniens:1 => wellord1:fragment:19[kf]
wellord1:vdefiniens:2 => wellord1:fragment:25[vf]
wellord1:kconstructor:1[coherence] => wellord1:fragment:19[ch]
wellord1:theorem:23 => wellord1:fragment:52
wellord1:theorem:43 => wellord1:fragment:74
wellord1:theorem:41 => wellord1:fragment:72
wellord1:theorem:18 => wellord1:fragment:47
wellord1:theorem:25 => wellord1:fragment:54
wellord1:kpattern:1 => wellord1:fragment:19[kp]
wellord1:theorem:1 => wellord1:fragment:20
wellord1:theorem:32 => wellord1:fragment:61
wellord1:theorem:8 => wellord1:fragment:33
wellord1:theorem:13 => wellord1:fragment:42
wellord1:theorem:20 => wellord1:fragment:49
wellord1:rconstructor:3 => wellord1:fragment:65[rc]
wellord1:theorem:27 => wellord1:fragment:56
wellord1:rconstructor:1 => wellord1:fragment:23[rc]
wellord1:vpattern:2 => wellord1:fragment:25[vp]
wellord1:theorem:29 => wellord1:fragment:58
wellord1:theorem:38 => wellord1:fragment:69
wellord1:theorem:17 => wellord1:fragment:46
wellord1:lemma:3 => wellord1:fragment:17
wellord1:kdefiniens:3 => wellord1:fragment:77[kf]
wellord1:lemma:4 => wellord1:fragment:18
wellord1:theorem:5 => wellord1:fragment:30
wellord1:rdefiniens:1 => wellord1:fragment:23[rf]
wellord1:theorem:11 => wellord1:fragment:39
wellord1:theorem:22 => wellord1:fragment:51
wellord1:theorem:53 => wellord1:fragment:85
wellord1:theorem:54 => wellord1:fragment:86
wellord1:lemma:2 => wellord1:fragment:16
wellord1:deftheorem:1 => wellord1:fragment:19[dt]
wellord1:theorem:6 => wellord1:fragment:31
wellord1:theorem:33 => wellord1:fragment:62
wellord1:lemma:5 => wellord1:fragment:40
wellord1:ccluster:1 => wellord1:fragment:27
wellord1:theorem:30 => wellord1:fragment:59
wellord1:lemma:1 => wellord1:fragment:15
wellord1:theorem:3 => wellord1:fragment:24
wellord1:rdefiniens:3 => wellord1:fragment:65[rf]
wellord1:kconstructor:3[uniqueness] => wellord1:fragment:77[un]
wellord1:theorem:35 => wellord1:fragment:64
wellord1:theorem:24 => wellord1:fragment:53
wellord1:deftheorem:5 => wellord1:fragment:26[dt]
wellord1:theorem:50 => wellord1:fragment:82
wellord1:vconstructor:2 => wellord1:fragment:25[vc]
wellord1:theorem:16 => wellord1:fragment:45
wellord1:rdefiniens:2 => wellord1:fragment:26[rf]
wellord1:ccluster:2 => wellord1:fragment:28
wellord1:deftheorem:4 => wellord1:fragment:25[dt]
wellord1:rpattern:4 => wellord1:fragment:67[rp]
wellord1:kconstructor:2[coherence] => wellord1:fragment:37[ch]
wellord1:theorem:12 => wellord1:fragment:41
wellord1:theorem:14 => wellord1:fragment:43
wellord1:theorem:39 => wellord1:fragment:70
wellord1:deftheorem:3 => wellord1:fragment:23[dt]
wellord1:theorem:10 => wellord1:fragment:38
wellord1:theorem:48 => wellord1:fragment:80
wellord1:kconstructor:1 => wellord1:fragment:19[kc]
