xboolean:kdefiniens:1 => xboolean:fragment:2[kf]
xboolean:theorem:135 => xboolean:fragment:166
xboolean:theorem:5 => xboolean:fragment:35
xboolean:theorem:93 => xboolean:fragment:123
xboolean:theorem:30 => xboolean:fragment:60
xboolean:theorem:116 => xboolean:fragment:147
xboolean:theorem:71 => xboolean:fragment:101
xboolean:theorem:138 => xboolean:fragment:169
xboolean:theorem:1 => xboolean:fragment:31
xboolean:theorem:100 => xboolean:fragment:130
xboolean:kconstructor:6[coherence] => xboolean:fragment:17[ch]
xboolean:deftheorem:12 => xboolean:fragment:25[dt]
xboolean:theorem:24 => xboolean:fragment:54
xboolean:theorem:64 => xboolean:fragment:94
xboolean:theorem:62 => xboolean:fragment:92
xboolean:deftheorem:8 => xboolean:fragment:20[dt]
xboolean:theorem:105 => xboolean:fragment:136
xboolean:fcluster:7 => xboolean:fragment:26
xboolean:theorem:117 => xboolean:fragment:148
xboolean:theorem:107 => xboolean:fragment:138
xboolean:deftheorem:3 => xboolean:fragment:4[dt]
xboolean:fcluster:9 => xboolean:fragment:28
xboolean:theorem:143 => xboolean:fragment:174
xboolean:deftheorem:6 => xboolean:fragment:16[dt]
xboolean:kpattern:2 => xboolean:fragment:3[kp]
xboolean:vdefiniens:1 => xboolean:fragment:4[vf]
xboolean:theorem:65 => xboolean:fragment:95
xboolean:deftheorem:5 => xboolean:fragment:14[dt]
xboolean:fcluster:5 => xboolean:fragment:19
xboolean:theorem:122 => xboolean:fragment:153
xboolean:theorem:141 => xboolean:fragment:172
xboolean:theorem:55 => xboolean:fragment:85
xboolean:theorem:83 => xboolean:fragment:113
xboolean:theorem:27 => xboolean:fragment:57
xboolean:theorem:21 => xboolean:fragment:51
xboolean:theorem:10 => xboolean:fragment:40
xboolean:theorem:77 => xboolean:fragment:107
xboolean:fcluster:10 => xboolean:fragment:29
xboolean:theorem:127 => xboolean:fragment:158
xboolean:theorem:4 => xboolean:fragment:34
xboolean:theorem:91 => xboolean:fragment:121
xboolean:theorem:102 => xboolean:fragment:133
xboolean:theorem:130 => xboolean:fragment:161
xboolean:theorem:95 => xboolean:fragment:125
xboolean:theorem:33 => xboolean:fragment:63
xboolean:kdefiniens:6 => xboolean:fragment:17[kf]
xboolean:kpattern:8 => xboolean:fragment:22[kp]
xboolean:kconstructor:3 => xboolean:fragment:13[kc]
xboolean:theorem:111 => xboolean:fragment:142
xboolean:theorem:103 => xboolean:fragment:134
xboolean:theorem:29 => xboolean:fragment:59
xboolean:kconstructor:5 => xboolean:fragment:16[kc]
xboolean:theorem:86 => xboolean:fragment:116
xboolean:theorem:74 => xboolean:fragment:104
xboolean:theorem:73 => xboolean:fragment:103
xboolean:theorem:67 => xboolean:fragment:97
xboolean:kpattern:7 => xboolean:fragment:20[kp]
xboolean:theorem:121 => xboolean:fragment:152
xboolean:theorem:59 => xboolean:fragment:89
xboolean:theorem:34 => xboolean:fragment:64
xboolean:theorem:101 => xboolean:fragment:132
xboolean:kdefiniens:7 => xboolean:fragment:20[kf]
xboolean:kpattern:5 => xboolean:fragment:16[kp]
xboolean:deftheorem:10 => xboolean:fragment:23[dt]
xboolean:theorem:132 => xboolean:fragment:163
xboolean:theorem:47 => xboolean:fragment:77
xboolean:theorem:129 => xboolean:fragment:160
xboolean:kpattern:3 => xboolean:fragment:13[kp]
xboolean:theorem:70 => xboolean:fragment:100
xboolean:deftheorem:1 => xboolean:fragment:2[dt]
xboolean:theorem:18 => xboolean:fragment:48
xboolean:theorem:109 => xboolean:fragment:140
xboolean:theorem:97 => xboolean:fragment:127
xboolean:theorem:26 => xboolean:fragment:56
xboolean:theorem:126 => xboolean:fragment:157
xboolean:theorem:119 => xboolean:fragment:150
xboolean:theorem:35 => xboolean:fragment:65
xboolean:theorem:3 => xboolean:fragment:33
xboolean:kconstructor:5[commutativity] => xboolean:fragment:16[cm]
xboolean:theorem:38 => xboolean:fragment:68
xboolean:theorem:76 => xboolean:fragment:106
xboolean:theorem:144 => xboolean:fragment:175
xboolean:theorem:44 => xboolean:fragment:74
xboolean:theorem:12 => xboolean:fragment:42
xboolean:kpattern:10 => xboolean:fragment:24[kp]
xboolean:theorem:146 => xboolean:fragment:177
xboolean:kconstructor:3[coherence] => xboolean:fragment:13[ch]
xboolean:ccluster:1 => xboolean:fragment:8
xboolean:theorem:124 => xboolean:fragment:155
xboolean:fcluster:3 => xboolean:fragment:15
xboolean:kconstructor:4[coherence] => xboolean:fragment:14[ch]
xboolean:kpattern:9 => xboolean:fragment:23[kp]
xboolean:deftheorem:2 => xboolean:fragment:3[dt]
xboolean:theorem:7 => xboolean:fragment:37
xboolean:kconstructor:7 => xboolean:fragment:20[kc]
xboolean:theorem:89 => xboolean:fragment:119
xboolean:vconstructor:1 => xboolean:fragment:4[vc]
xboolean:theorem:79 => xboolean:fragment:109
xboolean:theorem:61 => xboolean:fragment:91
xboolean:theorem:51 => xboolean:fragment:81
xboolean:deftheorem:9 => xboolean:fragment:22[dt]
xboolean:kpattern:11 => xboolean:fragment:25[kp]
xboolean:theorem:113 => xboolean:fragment:144
xboolean:theorem:45 => xboolean:fragment:75
xboolean:kconstructor:10 => xboolean:fragment:24[kc]
xboolean:theorem:63 => xboolean:fragment:93
xboolean:kconstructor:2 => xboolean:fragment:3[kc]
xboolean:kconstructor:8[commutativity] => xboolean:fragment:22[cm]
xboolean:theorem:75 => xboolean:fragment:105
xboolean:theorem:42 => xboolean:fragment:72
xboolean:kpattern:1 => xboolean:fragment:2[kp]
xboolean:kconstructor:11[coherence] => xboolean:fragment:25[ch]
xboolean:theorem:69 => xboolean:fragment:99
xboolean:theorem:142 => xboolean:fragment:173
xboolean:theorem:84 => xboolean:fragment:114
xboolean:theorem:110 => xboolean:fragment:141
xboolean:theorem:134 => xboolean:fragment:165
xboolean:kconstructor:4[commutativity] => xboolean:fragment:14[cm]
xboolean:theorem:56 => xboolean:fragment:86
xboolean:theorem:140 => xboolean:fragment:171
xboolean:kconstructor:3[involutiveness] => xboolean:fragment:13[in]
xboolean:deftheorem:7 => xboolean:fragment:17[dt]
xboolean:theorem:17 => xboolean:fragment:47
xboolean:theorem:92 => xboolean:fragment:122
xboolean:theorem:66 => xboolean:fragment:96
xboolean:deftheorem:4 => xboolean:fragment:13[dt]
xboolean:rcluster:1 => xboolean:fragment:7
xboolean:theorem:23 => xboolean:fragment:53
xboolean:kdefiniens:4 => xboolean:fragment:14[kf]
xboolean:theorem:13 => xboolean:fragment:43
xboolean:theorem:52 => xboolean:fragment:82
xboolean:theorem:108 => xboolean:fragment:139
xboolean:theorem:50 => xboolean:fragment:80
xboolean:kpattern:4 => xboolean:fragment:14[kp]
xboolean:kconstructor:8[coherence] => xboolean:fragment:22[ch]
xboolean:theorem:94 => xboolean:fragment:124
xboolean:theorem:72 => xboolean:fragment:102
xboolean:kconstructor:10[commutativity] => xboolean:fragment:24[cm]
xboolean:theorem:123 => xboolean:fragment:154
xboolean:kconstructor:4[idempotence] => xboolean:fragment:14[id]
xboolean:theorem:139 => xboolean:fragment:170
xboolean:kconstructor:1[coherence] => xboolean:fragment:2[ch]
xboolean:theorem:54 => xboolean:fragment:84
xboolean:theorem:22 => xboolean:fragment:52
xboolean:theorem:78 => xboolean:fragment:108
xboolean:theorem:28 => xboolean:fragment:58
xboolean:theorem:31 => xboolean:fragment:61
xboolean:theorem:106 => xboolean:fragment:137
xboolean:theorem:115 => xboolean:fragment:146
xboolean:kdefiniens:9 => xboolean:fragment:23[kf]
xboolean:theorem:88 => xboolean:fragment:118
xboolean:theorem:82 => xboolean:fragment:112
xboolean:theorem:25 => xboolean:fragment:55
xboolean:kconstructor:9 => xboolean:fragment:23[kc]
xboolean:fcluster:4 => xboolean:fragment:18
xboolean:kconstructor:2[coherence] => xboolean:fragment:3[ch]
xboolean:kconstructor:6 => xboolean:fragment:17[kc]
xboolean:kdefiniens:5 => xboolean:fragment:16[kf]
xboolean:theorem:20 => xboolean:fragment:50
xboolean:kconstructor:9[coherence] => xboolean:fragment:23[ch]
xboolean:fcluster:8 => xboolean:fragment:27
xboolean:kconstructor:5[idempotence] => xboolean:fragment:16[id]
xboolean:theorem:15 => xboolean:fragment:45
xboolean:theorem:128 => xboolean:fragment:159
xboolean:theorem:9 => xboolean:fragment:39
xboolean:kconstructor:1 => xboolean:fragment:2[kc]
xboolean:theorem:131 => xboolean:fragment:162
xboolean:vpattern:1 => xboolean:fragment:4[vp]
xboolean:kconstructor:4 => xboolean:fragment:14[kc]
xboolean:kdefiniens:2 => xboolean:fragment:3[kf]
xboolean:theorem:32 => xboolean:fragment:62
xboolean:theorem:80 => xboolean:fragment:110
xboolean:theorem:49 => xboolean:fragment:79
xboolean:theorem:96 => xboolean:fragment:126
xboolean:theorem:136 => xboolean:fragment:167
xboolean:theorem:14 => xboolean:fragment:44
xboolean:theorem:19 => xboolean:fragment:49
xboolean:theorem:137 => xboolean:fragment:168
xboolean:kconstructor:9[commutativity] => xboolean:fragment:23[cm]
xboolean:deftheorem:11 => xboolean:fragment:24[dt]
xboolean:theorem:37 => xboolean:fragment:67
xboolean:theorem:36 => xboolean:fragment:66
xboolean:kdefiniens:10 => xboolean:fragment:24[kf]
xboolean:theorem:98 => xboolean:fragment:128
xboolean:theorem:125 => xboolean:fragment:156
xboolean:theorem:16 => xboolean:fragment:46
xboolean:theorem:53 => xboolean:fragment:83
xboolean:kdefiniens:11 => xboolean:fragment:25[kf]
xboolean:theorem:39 => xboolean:fragment:69
xboolean:theorem:114 => xboolean:fragment:145
xboolean:theorem:57 => xboolean:fragment:87
xboolean:kconstructor:7[coherence] => xboolean:fragment:20[ch]
xboolean:kconstructor:11 => xboolean:fragment:25[kc]
xboolean:fcluster:1 => xboolean:fragment:5
xboolean:theorem:99 => xboolean:fragment:129
xboolean:theorem:90 => xboolean:fragment:120
xboolean:theorem:68 => xboolean:fragment:98
xboolean:theorem:145 => xboolean:fragment:176
xboolean:theorem:133 => xboolean:fragment:164
xboolean:theorem:87 => xboolean:fragment:117
xboolean:kconstructor:10[coherence] => xboolean:fragment:24[ch]
xboolean:theorem:2 => xboolean:fragment:32
xboolean:theorem:120 => xboolean:fragment:151
xboolean:theorem:81 => xboolean:fragment:111
xboolean:theorem:104 => xboolean:fragment:135
xboolean:theorem:112 => xboolean:fragment:143
xboolean:fcluster:6 => xboolean:fragment:21
xboolean:theorem:85 => xboolean:fragment:115
xboolean:kdefiniens:8 => xboolean:fragment:22[kf]
xboolean:theorem:48 => xboolean:fragment:78
xboolean:theorem:6 => xboolean:fragment:36
xboolean:theorem:43 => xboolean:fragment:73
xboolean:kconstructor:7[commutativity] => xboolean:fragment:20[cm]
xboolean:fcluster:2 => xboolean:fragment:6
xboolean:kconstructor:5[coherence] => xboolean:fragment:16[ch]
xboolean:kconstructor:8 => xboolean:fragment:22[kc]
xboolean:theorem:11 => xboolean:fragment:41
xboolean:theorem:40 => xboolean:fragment:70
xboolean:theorem:41 => xboolean:fragment:71
xboolean:theorem:60 => xboolean:fragment:90
xboolean:theorem:46 => xboolean:fragment:76
xboolean:kdefiniens:3 => xboolean:fragment:13[kf]
xboolean:kpattern:6 => xboolean:fragment:17[kp]
xboolean:theorem:58 => xboolean:fragment:88
xboolean:theorem:147 => xboolean:fragment:178
xboolean:theorem:8 => xboolean:fragment:38
xboolean:theorem:118 => xboolean:fragment:149
