xboole_0:kconstructor:2[idempotence] => xboole_0:fragment:12[id]
xboole_0:deftheorem:4 => xboole_0:fragment:13[dt]
xboole_0:rconstructor:2[irreflexivity] => xboole_0:fragment:17[ir]
xboole_0:deftheorem:3 => xboole_0:fragment:12[dt]
xboole_0:rdefiniens:2 => xboole_0:fragment:17[rf]
xboole_0:theorem:1 => xboole_0:fragment:21
xboole_0:kconstructor:3[commutativity] => xboole_0:fragment:13[cm]
xboole_0:kconstructor:2 => xboole_0:fragment:12[kc]
xboole_0:kconstructor:2[commutativity] => xboole_0:fragment:12[cm]
xboole_0:rpattern:4 => xboole_0:fragment:19[rp]
xboole_0:kconstructor:3[existence] => xboole_0:fragment:13[ex]
xboole_0:kpattern:5 => xboole_0:fragment:15[kp]
xboole_0:vconstructor:1 => xboole_0:fragment:9[vc]
xboole_0:kconstructor:3 => xboole_0:fragment:13[kc]
xboole_0:kconstructor:4[existence] => xboole_0:fragment:14[ex]
xboole_0:scheme:2 => xboole_0:fragment:33
xboole_0:deftheorem:5 => xboole_0:fragment:14[dt]
xboole_0:fcluster:5 => xboole_0:fragment:28
xboole_0:rcluster:1 => xboole_0:fragment:10
xboole_0:lemma:1 => xboole_0:fragment:29
xboole_0:kconstructor:1 => xboole_0:fragment:11[kc]
xboole_0:kconstructor:2[existence] => xboole_0:fragment:12[ex]
xboole_0:rpattern:3 => xboole_0:fragment:18[rp]
xboole_0:rconstructor:3[symmetry] => xboole_0:fragment:18[sy]
xboole_0:rcluster:2 => xboole_0:fragment:26
xboole_0:fcluster:3 => xboole_0:fragment:25
xboole_0:theorem:2 => xboole_0:fragment:22
xboole_0:rdefiniens:3 => xboole_0:fragment:18[rf]
xboole_0:fcluster:1 => xboole_0:fragment:23
xboole_0:rconstructor:3[reflexivity] => xboole_0:fragment:18[re]
xboole_0:rconstructor:3 => xboole_0:fragment:18[rc]
xboole_0:kconstructor:3[idempotence] => xboole_0:fragment:13[id]
xboole_0:theorem:6 => xboole_0:fragment:36
xboole_0:vpattern:1 => xboole_0:fragment:9[vp]
xboole_0:rdefiniens:1 => xboole_0:fragment:16[rf]
xboole_0:kdefiniens:1 => xboole_0:fragment:11[kf]
xboole_0:deftheorem:6 => xboole_0:fragment:15[dt]
xboole_0:kpattern:4 => xboole_0:fragment:14[kp]
xboole_0:theorem:3 => xboole_0:fragment:30
xboole_0:rpattern:5 => xboole_0:fragment:20[rp]
xboole_0:rdefiniens:4[compatibility] => xboole_0:fragment:19[cp]
xboole_0:kpattern:3 => xboole_0:fragment:13[kp]
xboole_0:theorem:4 => xboole_0:fragment:31
xboole_0:rpattern:2 => xboole_0:fragment:17[rp]
xboole_0:rconstructor:2 => xboole_0:fragment:17[rc]
xboole_0:kconstructor:3[uniqueness] => xboole_0:fragment:13[un]
xboole_0:kpattern:2 => xboole_0:fragment:12[kp]
xboole_0:rconstructor:2[asymmetry] => xboole_0:fragment:17[as]
xboole_0:kdefiniens:4 => xboole_0:fragment:14[kf]
xboole_0:deftheorem:10 => xboole_0:fragment:19[dt]
xboole_0:rconstructor:1 => xboole_0:fragment:16[rc]
xboole_0:kconstructor:1[coherence] => xboole_0:fragment:11[ch]
xboole_0:fcluster:4 => xboole_0:fragment:27
xboole_0:rconstructor:1[symmetry] => xboole_0:fragment:16[sy]
xboole_0:kconstructor:2[uniqueness] => xboole_0:fragment:12[un]
xboole_0:kpattern:1 => xboole_0:fragment:11[kp]
xboole_0:kconstructor:5[coherence] => xboole_0:fragment:15[ch]
xboole_0:scheme:1 => xboole_0:fragment:8
xboole_0:kdefiniens:3 => xboole_0:fragment:13[kf]
xboole_0:vdefiniens:1 => xboole_0:fragment:9[vf]
xboole_0:rdefiniens:4 => xboole_0:fragment:19[rf]
xboole_0:kconstructor:4[uniqueness] => xboole_0:fragment:14[un]
xboole_0:scheme:3 => xboole_0:fragment:34
xboole_0:theorem:7 => xboole_0:fragment:37
xboole_0:kdefiniens:2 => xboole_0:fragment:12[kf]
xboole_0:deftheorem:8 => xboole_0:fragment:17[dt]
xboole_0:kconstructor:5 => xboole_0:fragment:15[kc]
xboole_0:deftheorem:9 => xboole_0:fragment:18[dt]
xboole_0:kconstructor:4 => xboole_0:fragment:14[kc]
xboole_0:theorem:5 => xboole_0:fragment:32
xboole_0:deftheorem:1 => xboole_0:fragment:9[dt]
xboole_0:deftheorem:2 => xboole_0:fragment:11[dt]
xboole_0:kconstructor:5[commutativity] => xboole_0:fragment:15[cm]
xboole_0:rpattern:1 => xboole_0:fragment:16[rp]
xboole_0:kdefiniens:5 => xboole_0:fragment:15[kf]
xboole_0:fcluster:2 => xboole_0:fragment:24
xboole_0:deftheorem:7 => xboole_0:fragment:16[dt]
