xboole_1:theorem:84 => xboole_1:fragment:101
xboole_1:theorem:30 => xboole_1:fragment:41
xboole_1:theorem:5 => xboole_1:fragment:16
xboole_1:theorem:31 => xboole_1:fragment:42
xboole_1:theorem:47 => xboole_1:fragment:60
xboole_1:theorem:55 => xboole_1:fragment:68
xboole_1:theorem:13 => xboole_1:fragment:24
xboole_1:theorem:19 => xboole_1:fragment:30
xboole_1:theorem:110 => xboole_1:fragment:130
xboole_1:theorem:103 => xboole_1:fragment:122
xboole_1:theorem:70 => xboole_1:fragment:87
xboole_1:theorem:98 => xboole_1:fragment:117
xboole_1:theorem:69 => xboole_1:fragment:86
xboole_1:theorem:14 => xboole_1:fragment:25
xboole_1:lemma:1 => xboole_1:fragment:43
xboole_1:theorem:94 => xboole_1:fragment:113
xboole_1:theorem:71 => xboole_1:fragment:88
xboole_1:theorem:48 => xboole_1:fragment:61
xboole_1:theorem:21 => xboole_1:fragment:32
xboole_1:theorem:28 => xboole_1:fragment:39
xboole_1:theorem:41 => xboole_1:fragment:54
xboole_1:theorem:7 => xboole_1:fragment:18
xboole_1:theorem:9 => xboole_1:fragment:20
xboole_1:theorem:16 => xboole_1:fragment:27
xboole_1:theorem:72 => xboole_1:fragment:89
xboole_1:theorem:67 => xboole_1:fragment:83
xboole_1:theorem:91 => xboole_1:fragment:108
xboole_1:theorem:44 => xboole_1:fragment:57
xboole_1:theorem:51 => xboole_1:fragment:64
xboole_1:theorem:23 => xboole_1:fragment:34
xboole_1:lemma:4 => xboole_1:fragment:111
xboole_1:theorem:113 => xboole_1:fragment:133
xboole_1:theorem:101 => xboole_1:fragment:120
xboole_1:theorem:66 => xboole_1:fragment:82
xboole_1:lemma:3 => xboole_1:fragment:69
xboole_1:theorem:22 => xboole_1:fragment:33
xboole_1:theorem:102 => xboole_1:fragment:121
xboole_1:theorem:95 => xboole_1:fragment:114
xboole_1:lemma:2 => xboole_1:fragment:47
xboole_1:theorem:74 => xboole_1:fragment:91
xboole_1:theorem:4 => xboole_1:fragment:15
xboole_1:theorem:20 => xboole_1:fragment:31
xboole_1:theorem:27 => xboole_1:fragment:38
xboole_1:theorem:11 => xboole_1:fragment:22
xboole_1:theorem:79 => xboole_1:fragment:96
xboole_1:lemma:5 => xboole_1:fragment:112
xboole_1:theorem:114 => xboole_1:fragment:134
xboole_1:theorem:73 => xboole_1:fragment:90
xboole_1:theorem:45 => xboole_1:fragment:58
xboole_1:theorem:99 => xboole_1:fragment:118
xboole_1:theorem:112 => xboole_1:fragment:132
xboole_1:theorem:26 => xboole_1:fragment:37
xboole_1:theorem:63 => xboole_1:fragment:79
xboole_1:theorem:29 => xboole_1:fragment:40
xboole_1:theorem:106 => xboole_1:fragment:126
xboole_1:theorem:97 => xboole_1:fragment:116
xboole_1:theorem:77 => xboole_1:fragment:94
xboole_1:theorem:78 => xboole_1:fragment:95
xboole_1:theorem:15 => xboole_1:fragment:26
xboole_1:theorem:75 => xboole_1:fragment:92
xboole_1:theorem:8 => xboole_1:fragment:19
xboole_1:theorem:81 => xboole_1:fragment:98
xboole_1:theorem:42 => xboole_1:fragment:55
xboole_1:theorem:36 => xboole_1:fragment:49
xboole_1:theorem:116 => xboole_1:fragment:136
xboole_1:theorem:50 => xboole_1:fragment:63
xboole_1:theorem:115 => xboole_1:fragment:135
xboole_1:theorem:40 => xboole_1:fragment:53
xboole_1:theorem:12 => xboole_1:fragment:23
xboole_1:theorem:25 => xboole_1:fragment:36
xboole_1:theorem:117 => xboole_1:fragment:137
xboole_1:theorem:100 => xboole_1:fragment:119
xboole_1:theorem:2 => xboole_1:fragment:13
xboole_1:theorem:88 => xboole_1:fragment:105
xboole_1:theorem:49 => xboole_1:fragment:62
xboole_1:theorem:59 => xboole_1:fragment:73
xboole_1:theorem:34 => xboole_1:fragment:46
xboole_1:theorem:105 => xboole_1:fragment:125
xboole_1:theorem:65 => xboole_1:fragment:81
xboole_1:theorem:76 => xboole_1:fragment:93
xboole_1:theorem:57 => xboole_1:fragment:71
xboole_1:theorem:43 => xboole_1:fragment:56
xboole_1:theorem:24 => xboole_1:fragment:35
xboole_1:theorem:38 => xboole_1:fragment:51
xboole_1:theorem:58 => xboole_1:fragment:72
xboole_1:theorem:107 => xboole_1:fragment:127
xboole_1:theorem:93 => xboole_1:fragment:110
xboole_1:theorem:62 => xboole_1:fragment:76
xboole_1:theorem:6 => xboole_1:fragment:17
xboole_1:theorem:92 => xboole_1:fragment:109
xboole_1:theorem:68 => xboole_1:fragment:85
xboole_1:theorem:18 => xboole_1:fragment:29
xboole_1:theorem:39 => xboole_1:fragment:52
xboole_1:theorem:90 => xboole_1:fragment:107
xboole_1:theorem:87 => xboole_1:fragment:104
xboole_1:theorem:10 => xboole_1:fragment:21
xboole_1:theorem:52 => xboole_1:fragment:65
xboole_1:theorem:33 => xboole_1:fragment:45
xboole_1:theorem:3 => xboole_1:fragment:14
xboole_1:theorem:60 => xboole_1:fragment:74
xboole_1:theorem:108 => xboole_1:fragment:128
xboole_1:theorem:96 => xboole_1:fragment:115
xboole_1:theorem:82 => xboole_1:fragment:99
xboole_1:theorem:54 => xboole_1:fragment:67
xboole_1:theorem:64 => xboole_1:fragment:80
xboole_1:theorem:53 => xboole_1:fragment:66
xboole_1:theorem:80 => xboole_1:fragment:97
xboole_1:theorem:89 => xboole_1:fragment:106
xboole_1:theorem:32 => xboole_1:fragment:44
xboole_1:theorem:46 => xboole_1:fragment:59
xboole_1:theorem:56 => xboole_1:fragment:70
xboole_1:theorem:35 => xboole_1:fragment:48
xboole_1:theorem:83 => xboole_1:fragment:100
xboole_1:theorem:37 => xboole_1:fragment:50
xboole_1:theorem:109 => xboole_1:fragment:129
xboole_1:theorem:61 => xboole_1:fragment:75
xboole_1:theorem:17 => xboole_1:fragment:28
xboole_1:theorem:1 => xboole_1:fragment:12
xboole_1:theorem:85 => xboole_1:fragment:102
xboole_1:theorem:111 => xboole_1:fragment:131
xboole_1:theorem:104 => xboole_1:fragment:123
xboole_1:theorem:86 => xboole_1:fragment:103
