xcmplx_1:theorem:98 => xcmplx_1:fragment:119
xcmplx_1:theorem:42 => xcmplx_1:fragment:53
xcmplx_1:theorem:184 => xcmplx_1:fragment:207
xcmplx_1:theorem:36 => xcmplx_1:fragment:47
xcmplx_1:theorem:193 => xcmplx_1:fragment:216
xcmplx_1:theorem:176 => xcmplx_1:fragment:199
xcmplx_1:theorem:146 => xcmplx_1:fragment:169
xcmplx_1:theorem:47 => xcmplx_1:fragment:58
xcmplx_1:theorem:26 => xcmplx_1:fragment:37
xcmplx_1:theorem:204 => xcmplx_1:fragment:228
xcmplx_1:theorem:151 => xcmplx_1:fragment:174
xcmplx_1:theorem:66 => xcmplx_1:fragment:84
xcmplx_1:theorem:8 => xcmplx_1:fragment:14
xcmplx_1:theorem:178 => xcmplx_1:fragment:201
xcmplx_1:lemma:6 => xcmplx_1:fragment:63
xcmplx_1:theorem:92 => xcmplx_1:fragment:113
xcmplx_1:theorem:83 => xcmplx_1:fragment:104
xcmplx_1:theorem:6 => xcmplx_1:fragment:12
xcmplx_1:theorem:172 => xcmplx_1:fragment:195
xcmplx_1:theorem:206 => xcmplx_1:fragment:230
xcmplx_1:theorem:106 => xcmplx_1:fragment:128
xcmplx_1:theorem:230 => xcmplx_1:fragment:256
xcmplx_1:theorem:114 => xcmplx_1:fragment:136
xcmplx_1:theorem:75 => xcmplx_1:fragment:93
xcmplx_1:theorem:31 => xcmplx_1:fragment:42
xcmplx_1:theorem:21 => xcmplx_1:fragment:27
xcmplx_1:theorem:95 => xcmplx_1:fragment:116
xcmplx_1:theorem:112 => xcmplx_1:fragment:134
xcmplx_1:lemma:11 => xcmplx_1:fragment:73
xcmplx_1:theorem:87 => xcmplx_1:fragment:108
xcmplx_1:theorem:53 => xcmplx_1:fragment:67
xcmplx_1:theorem:44 => xcmplx_1:fragment:55
xcmplx_1:theorem:68 => xcmplx_1:fragment:86
xcmplx_1:theorem:142 => xcmplx_1:fragment:165
xcmplx_1:theorem:154 => xcmplx_1:fragment:177
xcmplx_1:theorem:196 => xcmplx_1:fragment:219
xcmplx_1:theorem:79 => xcmplx_1:fragment:98
xcmplx_1:theorem:49 => xcmplx_1:fragment:60
xcmplx_1:theorem:119 => xcmplx_1:fragment:141
xcmplx_1:theorem:163 => xcmplx_1:fragment:186
xcmplx_1:theorem:140 => xcmplx_1:fragment:163
xcmplx_1:lemma:8 => xcmplx_1:fragment:65
xcmplx_1:theorem:229 => xcmplx_1:fragment:255
xcmplx_1:theorem:161 => xcmplx_1:fragment:184
xcmplx_1:theorem:126 => xcmplx_1:fragment:149
xcmplx_1:theorem:177 => xcmplx_1:fragment:200
xcmplx_1:theorem:222 => xcmplx_1:fragment:247
xcmplx_1:theorem:147 => xcmplx_1:fragment:170
xcmplx_1:theorem:123 => xcmplx_1:fragment:146
xcmplx_1:theorem:208 => xcmplx_1:fragment:232
xcmplx_1:theorem:70 => xcmplx_1:fragment:88
xcmplx_1:theorem:57 => xcmplx_1:fragment:74
xcmplx_1:theorem:38 => xcmplx_1:fragment:49
xcmplx_1:theorem:86 => xcmplx_1:fragment:107
xcmplx_1:theorem:28 => xcmplx_1:fragment:39
xcmplx_1:theorem:181 => xcmplx_1:fragment:204
xcmplx_1:theorem:5 => xcmplx_1:fragment:11
xcmplx_1:theorem:149 => xcmplx_1:fragment:172
xcmplx_1:theorem:219 => xcmplx_1:fragment:244
xcmplx_1:theorem:186 => xcmplx_1:fragment:209
xcmplx_1:theorem:13 => xcmplx_1:fragment:19
xcmplx_1:theorem:3 => xcmplx_1:fragment:9
xcmplx_1:theorem:23 => xcmplx_1:fragment:29
xcmplx_1:theorem:167 => xcmplx_1:fragment:190
xcmplx_1:lemma:16 => xcmplx_1:fragment:121
xcmplx_1:theorem:16 => xcmplx_1:fragment:22
xcmplx_1:theorem:216 => xcmplx_1:fragment:241
xcmplx_1:theorem:101 => xcmplx_1:fragment:123
xcmplx_1:theorem:82 => xcmplx_1:fragment:101
xcmplx_1:lemma:1 => xcmplx_1:fragment:31
xcmplx_1:theorem:195 => xcmplx_1:fragment:218
xcmplx_1:theorem:27 => xcmplx_1:fragment:38
xcmplx_1:theorem:202 => xcmplx_1:fragment:226
xcmplx_1:theorem:165 => xcmplx_1:fragment:188
xcmplx_1:theorem:77 => xcmplx_1:fragment:95
xcmplx_1:theorem:209 => xcmplx_1:fragment:233
xcmplx_1:theorem:88 => xcmplx_1:fragment:109
xcmplx_1:theorem:211 => xcmplx_1:fragment:235
xcmplx_1:theorem:189 => xcmplx_1:fragment:212
xcmplx_1:theorem:220 => xcmplx_1:fragment:245
xcmplx_1:theorem:233 => xcmplx_1:fragment:260
xcmplx_1:theorem:152 => xcmplx_1:fragment:175
xcmplx_1:lemma:18 => xcmplx_1:fragment:222
xcmplx_1:theorem:29 => xcmplx_1:fragment:40
xcmplx_1:theorem:200 => xcmplx_1:fragment:224
xcmplx_1:theorem:157 => xcmplx_1:fragment:180
xcmplx_1:theorem:135 => xcmplx_1:fragment:158
xcmplx_1:theorem:118 => xcmplx_1:fragment:140
xcmplx_1:theorem:37 => xcmplx_1:fragment:48
xcmplx_1:theorem:212 => xcmplx_1:fragment:237
xcmplx_1:theorem:90 => xcmplx_1:fragment:111
xcmplx_1:theorem:62 => xcmplx_1:fragment:80
xcmplx_1:theorem:51 => xcmplx_1:fragment:62
xcmplx_1:theorem:56 => xcmplx_1:fragment:72
xcmplx_1:theorem:156 => xcmplx_1:fragment:179
xcmplx_1:lemma:9 => xcmplx_1:fragment:68
xcmplx_1:theorem:231 => xcmplx_1:fragment:257
xcmplx_1:theorem:109 => xcmplx_1:fragment:131
xcmplx_1:theorem:234 => xcmplx_1:fragment:261
xcmplx_1:lemma:3 => xcmplx_1:fragment:33
xcmplx_1:theorem:97 => xcmplx_1:fragment:118
xcmplx_1:lemma:15 => xcmplx_1:fragment:103
xcmplx_1:theorem:171 => xcmplx_1:fragment:194
xcmplx_1:theorem:187 => xcmplx_1:fragment:210
xcmplx_1:theorem:144 => xcmplx_1:fragment:167
xcmplx_1:theorem:110 => xcmplx_1:fragment:132
xcmplx_1:theorem:127 => xcmplx_1:fragment:150
xcmplx_1:theorem:131 => xcmplx_1:fragment:154
xcmplx_1:theorem:74 => xcmplx_1:fragment:92
xcmplx_1:theorem:89 => xcmplx_1:fragment:110
xcmplx_1:theorem:183 => xcmplx_1:fragment:206
xcmplx_1:theorem:160 => xcmplx_1:fragment:183
xcmplx_1:theorem:64 => xcmplx_1:fragment:82
xcmplx_1:lemma:13 => xcmplx_1:fragment:96
xcmplx_1:theorem:226 => xcmplx_1:fragment:252
xcmplx_1:theorem:113 => xcmplx_1:fragment:135
xcmplx_1:theorem:7 => xcmplx_1:fragment:13
xcmplx_1:theorem:190 => xcmplx_1:fragment:213
xcmplx_1:theorem:76 => xcmplx_1:fragment:94
xcmplx_1:theorem:198 => xcmplx_1:fragment:221
xcmplx_1:theorem:93 => xcmplx_1:fragment:114
xcmplx_1:theorem:33 => xcmplx_1:fragment:44
xcmplx_1:theorem:72 => xcmplx_1:fragment:90
xcmplx_1:theorem:224 => xcmplx_1:fragment:250
xcmplx_1:theorem:80 => xcmplx_1:fragment:99
xcmplx_1:theorem:121 => xcmplx_1:fragment:144
xcmplx_1:theorem:35 => xcmplx_1:fragment:46
xcmplx_1:theorem:84 => xcmplx_1:fragment:105
xcmplx_1:theorem:12 => xcmplx_1:fragment:18
xcmplx_1:theorem:18 => xcmplx_1:fragment:24
xcmplx_1:theorem:159 => xcmplx_1:fragment:182
xcmplx_1:theorem:104 => xcmplx_1:fragment:126
xcmplx_1:theorem:145 => xcmplx_1:fragment:168
xcmplx_1:theorem:111 => xcmplx_1:fragment:133
xcmplx_1:theorem:169 => xcmplx_1:fragment:192
xcmplx_1:theorem:25 => xcmplx_1:fragment:36
xcmplx_1:theorem:48 => xcmplx_1:fragment:59
xcmplx_1:theorem:69 => xcmplx_1:fragment:87
xcmplx_1:theorem:141 => xcmplx_1:fragment:164
xcmplx_1:lemma:5 => xcmplx_1:fragment:35
xcmplx_1:theorem:11 => xcmplx_1:fragment:17
xcmplx_1:theorem:133 => xcmplx_1:fragment:156
xcmplx_1:theorem:19 => xcmplx_1:fragment:25
xcmplx_1:theorem:192 => xcmplx_1:fragment:215
xcmplx_1:theorem:129 => xcmplx_1:fragment:152
xcmplx_1:theorem:43 => xcmplx_1:fragment:54
xcmplx_1:theorem:155 => xcmplx_1:fragment:178
xcmplx_1:theorem:14 => xcmplx_1:fragment:20
xcmplx_1:theorem:96 => xcmplx_1:fragment:117
xcmplx_1:theorem:120 => xcmplx_1:fragment:143
xcmplx_1:theorem:54 => xcmplx_1:fragment:69
xcmplx_1:theorem:55 => xcmplx_1:fragment:71
xcmplx_1:theorem:2 => xcmplx_1:fragment:8
xcmplx_1:theorem:67 => xcmplx_1:fragment:85
xcmplx_1:theorem:58 => xcmplx_1:fragment:75
xcmplx_1:theorem:91 => xcmplx_1:fragment:112
xcmplx_1:lemma:7 => xcmplx_1:fragment:64
xcmplx_1:theorem:39 => xcmplx_1:fragment:50
xcmplx_1:theorem:173 => xcmplx_1:fragment:196
xcmplx_1:theorem:4 => xcmplx_1:fragment:10
xcmplx_1:theorem:207 => xcmplx_1:fragment:231
xcmplx_1:theorem:85 => xcmplx_1:fragment:106
xcmplx_1:theorem:185 => xcmplx_1:fragment:208
xcmplx_1:theorem:60 => xcmplx_1:fragment:78
xcmplx_1:theorem:197 => xcmplx_1:fragment:220
xcmplx_1:theorem:22 => xcmplx_1:fragment:28
xcmplx_1:theorem:30 => xcmplx_1:fragment:41
xcmplx_1:lemma:17 => xcmplx_1:fragment:142
xcmplx_1:theorem:203 => xcmplx_1:fragment:227
xcmplx_1:theorem:63 => xcmplx_1:fragment:81
xcmplx_1:theorem:107 => xcmplx_1:fragment:129
xcmplx_1:theorem:20 => xcmplx_1:fragment:26
xcmplx_1:theorem:46 => xcmplx_1:fragment:57
xcmplx_1:theorem:136 => xcmplx_1:fragment:159
xcmplx_1:theorem:148 => xcmplx_1:fragment:171
xcmplx_1:theorem:124 => xcmplx_1:fragment:147
xcmplx_1:theorem:194 => xcmplx_1:fragment:217
xcmplx_1:theorem:205 => xcmplx_1:fragment:229
xcmplx_1:theorem:223 => xcmplx_1:fragment:248
xcmplx_1:theorem:164 => xcmplx_1:fragment:187
xcmplx_1:theorem:182 => xcmplx_1:fragment:205
xcmplx_1:theorem:99 => xcmplx_1:fragment:120
xcmplx_1:lemma:19 => xcmplx_1:fragment:236
xcmplx_1:theorem:201 => xcmplx_1:fragment:225
xcmplx_1:theorem:138 => xcmplx_1:fragment:161
xcmplx_1:theorem:81 => xcmplx_1:fragment:100
xcmplx_1:theorem:228 => xcmplx_1:fragment:254
xcmplx_1:lemma:10 => xcmplx_1:fragment:70
xcmplx_1:theorem:168 => xcmplx_1:fragment:191
xcmplx_1:theorem:218 => xcmplx_1:fragment:243
xcmplx_1:theorem:115 => xcmplx_1:fragment:137
xcmplx_1:theorem:175 => xcmplx_1:fragment:198
xcmplx_1:theorem:78 => xcmplx_1:fragment:97
xcmplx_1:theorem:50 => xcmplx_1:fragment:61
xcmplx_1:theorem:221 => xcmplx_1:fragment:246
xcmplx_1:theorem:128 => xcmplx_1:fragment:151
xcmplx_1:theorem:41 => xcmplx_1:fragment:52
xcmplx_1:theorem:15 => xcmplx_1:fragment:21
xcmplx_1:lemma:2 => xcmplx_1:fragment:32
xcmplx_1:theorem:153 => xcmplx_1:fragment:176
xcmplx_1:theorem:179 => xcmplx_1:fragment:202
xcmplx_1:theorem:166 => xcmplx_1:fragment:189
xcmplx_1:theorem:9 => xcmplx_1:fragment:15
xcmplx_1:theorem:108 => xcmplx_1:fragment:130
xcmplx_1:theorem:134 => xcmplx_1:fragment:157
xcmplx_1:theorem:103 => xcmplx_1:fragment:125
xcmplx_1:lemma:12 => xcmplx_1:fragment:76
xcmplx_1:theorem:117 => xcmplx_1:fragment:139
xcmplx_1:theorem:180 => xcmplx_1:fragment:203
xcmplx_1:theorem:116 => xcmplx_1:fragment:138
xcmplx_1:theorem:188 => xcmplx_1:fragment:211
xcmplx_1:theorem:32 => xcmplx_1:fragment:43
xcmplx_1:theorem:217 => xcmplx_1:fragment:242
xcmplx_1:theorem:162 => xcmplx_1:fragment:185
xcmplx_1:theorem:45 => xcmplx_1:fragment:56
xcmplx_1:theorem:235 => xcmplx_1:fragment:262
xcmplx_1:theorem:210 => xcmplx_1:fragment:234
xcmplx_1:theorem:170 => xcmplx_1:fragment:193
xcmplx_1:theorem:10 => xcmplx_1:fragment:16
xcmplx_1:theorem:139 => xcmplx_1:fragment:162
xcmplx_1:theorem:100 => xcmplx_1:fragment:122
xcmplx_1:theorem:143 => xcmplx_1:fragment:166
xcmplx_1:lemma:14 => xcmplx_1:fragment:102
xcmplx_1:theorem:73 => xcmplx_1:fragment:91
xcmplx_1:theorem:125 => xcmplx_1:fragment:148
xcmplx_1:theorem:191 => xcmplx_1:fragment:214
xcmplx_1:theorem:102 => xcmplx_1:fragment:124
xcmplx_1:theorem:214 => xcmplx_1:fragment:239
xcmplx_1:theorem:1 => xcmplx_1:fragment:7
xcmplx_1:theorem:61 => xcmplx_1:fragment:79
xcmplx_1:theorem:213 => xcmplx_1:fragment:238
xcmplx_1:theorem:40 => xcmplx_1:fragment:51
xcmplx_1:theorem:34 => xcmplx_1:fragment:45
xcmplx_1:theorem:65 => xcmplx_1:fragment:83
xcmplx_1:theorem:158 => xcmplx_1:fragment:181
xcmplx_1:theorem:232 => xcmplx_1:fragment:259
xcmplx_1:theorem:132 => xcmplx_1:fragment:155
xcmplx_1:theorem:215 => xcmplx_1:fragment:240
xcmplx_1:lemma:4 => xcmplx_1:fragment:34
xcmplx_1:theorem:52 => xcmplx_1:fragment:66
xcmplx_1:theorem:122 => xcmplx_1:fragment:145
xcmplx_1:theorem:94 => xcmplx_1:fragment:115
xcmplx_1:theorem:105 => xcmplx_1:fragment:127
xcmplx_1:theorem:199 => xcmplx_1:fragment:223
xcmplx_1:theorem:17 => xcmplx_1:fragment:23
xcmplx_1:theorem:71 => xcmplx_1:fragment:89
xcmplx_1:theorem:225 => xcmplx_1:fragment:251
xcmplx_1:theorem:130 => xcmplx_1:fragment:153
xcmplx_1:theorem:24 => xcmplx_1:fragment:30
xcmplx_1:theorem:137 => xcmplx_1:fragment:160
xcmplx_1:theorem:227 => xcmplx_1:fragment:253
xcmplx_1:theorem:59 => xcmplx_1:fragment:77
xcmplx_1:theorem:150 => xcmplx_1:fragment:173
xcmplx_1:theorem:174 => xcmplx_1:fragment:197
