xxreal_2:theorem:79 => xxreal_2:fragment:155
xxreal_2:theorem:58 => xxreal_2:fragment:113
xxreal_2:kpattern:4 => xxreal_2:fragment:33[kp]
xxreal_2:theorem:4 => xxreal_2:fragment:22
xxreal_2:theorem:73 => xxreal_2:fragment:129
xxreal_2:theorem:33 => xxreal_2:fragment:85
xxreal_2:deftheorem:2 => xxreal_2:fragment:9[dt]
xxreal_2:deftheorem:4 => xxreal_2:fragment:11[dt]
xxreal_2:theorem:53 => xxreal_2:fragment:108
xxreal_2:ccluster:8 => xxreal_2:fragment:57
xxreal_2:kdefiniens:3 => xxreal_2:fragment:34[kf]
xxreal_2:kconstructor:1[uniqueness] => xxreal_2:fragment:10[un]
xxreal_2:deftheorem:5 => xxreal_2:fragment:12[dt]
xxreal_2:ccluster:10 => xxreal_2:fragment:67
xxreal_2:fcluster:7 => xxreal_2:fragment:63
xxreal_2:theorem:15 => xxreal_2:fragment:52
xxreal_2:theorem:59 => xxreal_2:fragment:114
xxreal_2:theorem:13 => xxreal_2:fragment:40
xxreal_2:theorem:8 => xxreal_2:fragment:26
xxreal_2:fcluster:12 => xxreal_2:fragment:133
xxreal_2:theorem:84 => xxreal_2:fragment:160
xxreal_2:fcluster:5 => xxreal_2:fragment:61
xxreal_2:theorem:10 => xxreal_2:fragment:28
xxreal_2:theorem:36 => xxreal_2:fragment:88
xxreal_2:ccluster:4 => xxreal_2:fragment:48
xxreal_2:theorem:55 => xxreal_2:fragment:110
xxreal_2:vconstructor:1 => xxreal_2:fragment:12[vc]
xxreal_2:theorem:66 => xxreal_2:fragment:121
xxreal_2:theorem:48 => xxreal_2:fragment:103
xxreal_2:theorem:77 => xxreal_2:fragment:153
xxreal_2:vdefiniens:1 => xxreal_2:fragment:12[vf]
xxreal_2:theorem:26 => xxreal_2:fragment:78
xxreal_2:deftheorem:12 => xxreal_2:fragment:132[dt]
xxreal_2:rcluster:5 => xxreal_2:fragment:147
xxreal_2:deftheorem:8 => xxreal_2:fragment:35[dt]
xxreal_2:kdefiniens:3[compatibility] => xxreal_2:fragment:34[cp]
xxreal_2:theorem:42 => xxreal_2:fragment:96
xxreal_2:theorem:88 => xxreal_2:fragment:164
xxreal_2:theorem:69 => xxreal_2:fragment:125
xxreal_2:theorem:64 => xxreal_2:fragment:119
xxreal_2:kdefiniens:2 => xxreal_2:fragment:11[kf]
xxreal_2:theorem:56 => xxreal_2:fragment:111
xxreal_2:theorem:62 => xxreal_2:fragment:117
xxreal_2:mdefiniens:2 => xxreal_2:fragment:9[mf]
xxreal_2:kpattern:2 => xxreal_2:fragment:11[kp]
xxreal_2:theorem:86 => xxreal_2:fragment:162
xxreal_2:theorem:51 => xxreal_2:fragment:106
xxreal_2:vdefiniens:4 => xxreal_2:fragment:45[vf]
xxreal_2:vpattern:6 => xxreal_2:fragment:132[vp]
xxreal_2:vconstructor:3 => xxreal_2:fragment:44[vc]
xxreal_2:ccluster:15 => xxreal_2:fragment:134
xxreal_2:deftheorem:1 => xxreal_2:fragment:8[dt]
xxreal_2:kconstructor:2[existence] => xxreal_2:fragment:11[ex]
xxreal_2:fcluster:14 => xxreal_2:fragment:136
xxreal_2:theorem:6 => xxreal_2:fragment:24
xxreal_2:theorem:30 => xxreal_2:fragment:82
xxreal_2:theorem:1 => xxreal_2:fragment:14
xxreal_2:theorem:90 => xxreal_2:fragment:166
xxreal_2:ccluster:2 => xxreal_2:fragment:29
xxreal_2:kpattern:1 => xxreal_2:fragment:10[kp]
xxreal_2:fcluster:16 => xxreal_2:fragment:138
xxreal_2:fcluster:3 => xxreal_2:fragment:59
xxreal_2:theorem:67 => xxreal_2:fragment:122
xxreal_2:theorem:87 => xxreal_2:fragment:163
xxreal_2:theorem:18 => xxreal_2:fragment:70
xxreal_2:theorem:27 => xxreal_2:fragment:79
xxreal_2:mdefiniens:1 => xxreal_2:fragment:8[mf]
xxreal_2:kdefiniens:4[compatibility] => xxreal_2:fragment:35[cp]
xxreal_2:lemma:1 => xxreal_2:fragment:16
xxreal_2:fcluster:9 => xxreal_2:fragment:65
xxreal_2:mconstructor:2 => xxreal_2:fragment:9[mc]
xxreal_2:mconstructor:1[existence] => xxreal_2:fragment:8[ex]
xxreal_2:theorem:93 => xxreal_2:fragment:171
xxreal_2:ccluster:17 => xxreal_2:fragment:169
xxreal_2:theorem:60 => xxreal_2:fragment:115
xxreal_2:theorem:22 => xxreal_2:fragment:74
xxreal_2:theorem:21 => xxreal_2:fragment:73
xxreal_2:theorem:82 => xxreal_2:fragment:158
xxreal_2:theorem:65 => xxreal_2:fragment:120
xxreal_2:theorem:16 => xxreal_2:fragment:53
xxreal_2:theorem:71 => xxreal_2:fragment:127
xxreal_2:ccluster:5 => xxreal_2:fragment:49
xxreal_2:deftheorem:11 => xxreal_2:fragment:47[dt]
xxreal_2:lemma:6 => xxreal_2:fragment:42
xxreal_2:fcluster:17 => xxreal_2:fragment:139
xxreal_2:mpattern:2 => xxreal_2:fragment:9[mp]
xxreal_2:rcluster:2 => xxreal_2:fragment:46
xxreal_2:theorem:35 => xxreal_2:fragment:87
xxreal_2:lemma:3 => xxreal_2:fragment:37
xxreal_2:mconstructor:2[existence] => xxreal_2:fragment:9[ex]
xxreal_2:theorem:75 => xxreal_2:fragment:151
xxreal_2:fcluster:1 => xxreal_2:fragment:54
xxreal_2:theorem:3 => xxreal_2:fragment:21
xxreal_2:vdefiniens:5 => xxreal_2:fragment:47[vf]
xxreal_2:theorem:52 => xxreal_2:fragment:107
xxreal_2:fcluster:4 => xxreal_2:fragment:60
xxreal_2:fcluster:19 => xxreal_2:fragment:144
xxreal_2:ccluster:12 => xxreal_2:fragment:93
xxreal_2:fcluster:20 => xxreal_2:fragment:145
xxreal_2:theorem:28 => xxreal_2:fragment:80
xxreal_2:theorem:47 => xxreal_2:fragment:102
xxreal_2:theorem:25 => xxreal_2:fragment:77
xxreal_2:fcluster:6 => xxreal_2:fragment:62
xxreal_2:vpattern:2 => xxreal_2:fragment:13[vp]
xxreal_2:theorem:80 => xxreal_2:fragment:156
xxreal_2:theorem:45 => xxreal_2:fragment:99
xxreal_2:lemma:4 => xxreal_2:fragment:38
xxreal_2:theorem:68 => xxreal_2:fragment:123
xxreal_2:theorem:89 => xxreal_2:fragment:165
xxreal_2:theorem:9 => xxreal_2:fragment:27
xxreal_2:theorem:32 => xxreal_2:fragment:84
xxreal_2:rcluster:8 => xxreal_2:fragment:150
xxreal_2:kdefiniens:4 => xxreal_2:fragment:35[kf]
xxreal_2:fcluster:18 => xxreal_2:fragment:141
xxreal_2:deftheorem:9 => xxreal_2:fragment:44[dt]
xxreal_2:vpattern:3 => xxreal_2:fragment:44[vp]
xxreal_2:theorem:41 => xxreal_2:fragment:95
xxreal_2:rcluster:6 => xxreal_2:fragment:148
xxreal_2:theorem:63 => xxreal_2:fragment:118
xxreal_2:vdefiniens:2 => xxreal_2:fragment:13[vf]
xxreal_2:ccluster:7 => xxreal_2:fragment:56
xxreal_2:theorem:96 => xxreal_2:fragment:174
xxreal_2:theorem:81 => xxreal_2:fragment:157
xxreal_2:fcluster:11 => xxreal_2:fragment:101
xxreal_2:ccluster:14 => xxreal_2:fragment:124
xxreal_2:theorem:57 => xxreal_2:fragment:112
xxreal_2:ccluster:6 => xxreal_2:fragment:50
xxreal_2:vconstructor:4 => xxreal_2:fragment:45[vc]
xxreal_2:kpattern:5 => xxreal_2:fragment:34[kp]
xxreal_2:deftheorem:7 => xxreal_2:fragment:34[dt]
xxreal_2:theorem:43 => xxreal_2:fragment:97
xxreal_2:vdefiniens:3 => xxreal_2:fragment:44[vf]
xxreal_2:ccluster:9 => xxreal_2:fragment:58
xxreal_2:theorem:19 => xxreal_2:fragment:71
xxreal_2:theorem:49 => xxreal_2:fragment:104
xxreal_2:theorem:14 => xxreal_2:fragment:43
xxreal_2:rcluster:3 => xxreal_2:fragment:51
xxreal_2:theorem:17 => xxreal_2:fragment:69
xxreal_2:theorem:54 => xxreal_2:fragment:109
xxreal_2:theorem:37 => xxreal_2:fragment:89
xxreal_2:theorem:72 => xxreal_2:fragment:128
xxreal_2:ccluster:1 => xxreal_2:fragment:18
xxreal_2:theorem:12 => xxreal_2:fragment:39
xxreal_2:theorem:11 => xxreal_2:fragment:36
xxreal_2:theorem:7 => xxreal_2:fragment:25
xxreal_2:ccluster:3 => xxreal_2:fragment:30
xxreal_2:fcluster:8 => xxreal_2:fragment:64
xxreal_2:theorem:39 => xxreal_2:fragment:91
xxreal_2:vconstructor:5 => xxreal_2:fragment:47[vc]
xxreal_2:theorem:2 => xxreal_2:fragment:15
xxreal_2:kdefiniens:1 => xxreal_2:fragment:10[kf]
xxreal_2:deftheorem:3 => xxreal_2:fragment:10[dt]
xxreal_2:theorem:76 => xxreal_2:fragment:152
xxreal_2:theorem:61 => xxreal_2:fragment:116
xxreal_2:theorem:38 => xxreal_2:fragment:90
xxreal_2:theorem:85 => xxreal_2:fragment:161
xxreal_2:kconstructor:1 => xxreal_2:fragment:10[kc]
xxreal_2:fcluster:2 => xxreal_2:fragment:55
xxreal_2:vpattern:5 => xxreal_2:fragment:47[vp]
xxreal_2:theorem:50 => xxreal_2:fragment:105
xxreal_2:ccluster:16 => xxreal_2:fragment:168
xxreal_2:vpattern:1 => xxreal_2:fragment:12[vp]
xxreal_2:kpattern:3 => xxreal_2:fragment:32[kp]
xxreal_2:theorem:23 => xxreal_2:fragment:75
xxreal_2:theorem:34 => xxreal_2:fragment:86
xxreal_2:theorem:20 => xxreal_2:fragment:72
xxreal_2:theorem:83 => xxreal_2:fragment:159
xxreal_2:theorem:5 => xxreal_2:fragment:23
xxreal_2:theorem:31 => xxreal_2:fragment:83
xxreal_2:kconstructor:1[existence] => xxreal_2:fragment:10[ex]
xxreal_2:deftheorem:6 => xxreal_2:fragment:13[dt]
xxreal_2:rcluster:1 => xxreal_2:fragment:31
xxreal_2:kconstructor:2[uniqueness] => xxreal_2:fragment:11[un]
xxreal_2:vconstructor:2 => xxreal_2:fragment:13[vc]
xxreal_2:rcluster:7 => xxreal_2:fragment:149
xxreal_2:mpattern:1 => xxreal_2:fragment:8[mp]
xxreal_2:kpattern:6 => xxreal_2:fragment:35[kp]
xxreal_2:scheme:1 => xxreal_2:fragment:2
xxreal_2:theorem:91 => xxreal_2:fragment:167
xxreal_2:deftheorem:10 => xxreal_2:fragment:45[dt]
xxreal_2:theorem:29 => xxreal_2:fragment:81
xxreal_2:fcluster:21 => xxreal_2:fragment:146
xxreal_2:theorem:74 => xxreal_2:fragment:130
xxreal_2:ccluster:13 => xxreal_2:fragment:94
xxreal_2:theorem:40 => xxreal_2:fragment:92
xxreal_2:theorem:95 => xxreal_2:fragment:173
xxreal_2:fcluster:15 => xxreal_2:fragment:137
xxreal_2:ccluster:11 => xxreal_2:fragment:68
xxreal_2:kconstructor:2 => xxreal_2:fragment:11[kc]
xxreal_2:vdefiniens:6 => xxreal_2:fragment:132[vf]
xxreal_2:vconstructor:6 => xxreal_2:fragment:132[vc]
xxreal_2:theorem:70 => xxreal_2:fragment:126
xxreal_2:vpattern:4 => xxreal_2:fragment:45[vp]
xxreal_2:theorem:94 => xxreal_2:fragment:172
xxreal_2:fcluster:13 => xxreal_2:fragment:135
xxreal_2:theorem:78 => xxreal_2:fragment:154
xxreal_2:mconstructor:1 => xxreal_2:fragment:8[mc]
xxreal_2:rcluster:4 => xxreal_2:fragment:140
xxreal_2:fcluster:10 => xxreal_2:fragment:66
xxreal_2:lemma:2 => xxreal_2:fragment:17
xxreal_2:theorem:46 => xxreal_2:fragment:100
xxreal_2:theorem:24 => xxreal_2:fragment:76
xxreal_2:theorem:92 => xxreal_2:fragment:170
xxreal_2:lemma:5 => xxreal_2:fragment:41
xxreal_2:theorem:44 => xxreal_2:fragment:98
