xxreal_1:theorem:399 => xxreal_1:fragment:429
xxreal_1:theorem:417 => xxreal_1:fragment:447
xxreal_1:kdefiniens:2 => xxreal_1:fragment:13[kf]
xxreal_1:theorem:410 => xxreal_1:fragment:440
xxreal_1:theorem:309 => xxreal_1:fragment:339
xxreal_1:theorem:80 => xxreal_1:fragment:103
xxreal_1:theorem:307 => xxreal_1:fragment:337
xxreal_1:theorem:40 => xxreal_1:fragment:63
xxreal_1:theorem:383 => xxreal_1:fragment:413
xxreal_1:theorem:188 => xxreal_1:fragment:212
xxreal_1:theorem:252 => xxreal_1:fragment:282
xxreal_1:theorem:130 => xxreal_1:fragment:154
xxreal_1:theorem:127 => xxreal_1:fragment:150
xxreal_1:theorem:202 => xxreal_1:fragment:226
xxreal_1:theorem:408 => xxreal_1:fragment:438
xxreal_1:theorem:122 => xxreal_1:fragment:145
xxreal_1:theorem:135 => xxreal_1:fragment:159
xxreal_1:theorem:126 => xxreal_1:fragment:149
xxreal_1:theorem:5 => xxreal_1:fragment:24
xxreal_1:theorem:92 => xxreal_1:fragment:115
xxreal_1:theorem:75 => xxreal_1:fragment:98
xxreal_1:theorem:71 => xxreal_1:fragment:94
xxreal_1:theorem:299 => xxreal_1:fragment:329
xxreal_1:theorem:341 => xxreal_1:fragment:371
xxreal_1:theorem:86 => xxreal_1:fragment:109
xxreal_1:kpattern:1 => xxreal_1:fragment:12[kp]
xxreal_1:theorem:166 => xxreal_1:fragment:190
xxreal_1:theorem:360 => xxreal_1:fragment:390
xxreal_1:theorem:329 => xxreal_1:fragment:359
xxreal_1:theorem:116 => xxreal_1:fragment:139
xxreal_1:kconstructor:3 => xxreal_1:fragment:14[kc]
xxreal_1:theorem:105 => xxreal_1:fragment:128
xxreal_1:theorem:249 => xxreal_1:fragment:279
xxreal_1:theorem:242 => xxreal_1:fragment:272
xxreal_1:theorem:139 => xxreal_1:fragment:163
xxreal_1:theorem:294 => xxreal_1:fragment:324
xxreal_1:theorem:57 => xxreal_1:fragment:80
xxreal_1:theorem:15 => xxreal_1:fragment:34
xxreal_1:theorem:418 => xxreal_1:fragment:448
xxreal_1:theorem:268 => xxreal_1:fragment:298
xxreal_1:theorem:263 => xxreal_1:fragment:293
xxreal_1:theorem:162 => xxreal_1:fragment:186
xxreal_1:theorem:234 => xxreal_1:fragment:264
xxreal_1:theorem:271 => xxreal_1:fragment:301
xxreal_1:theorem:38 => xxreal_1:fragment:61
xxreal_1:theorem:292 => xxreal_1:fragment:322
xxreal_1:theorem:101 => xxreal_1:fragment:124
xxreal_1:theorem:118 => xxreal_1:fragment:141
xxreal_1:theorem:257 => xxreal_1:fragment:287
xxreal_1:theorem:93 => xxreal_1:fragment:116
xxreal_1:theorem:228 => xxreal_1:fragment:254
xxreal_1:theorem:223 => xxreal_1:fragment:249
xxreal_1:theorem:333 => xxreal_1:fragment:363
xxreal_1:theorem:276 => xxreal_1:fragment:306
xxreal_1:fcluster:6 => xxreal_1:fragment:41
xxreal_1:theorem:41 => xxreal_1:fragment:64
xxreal_1:theorem:33 => xxreal_1:fragment:56
xxreal_1:theorem:385 => xxreal_1:fragment:415
xxreal_1:theorem:184 => xxreal_1:fragment:208
xxreal_1:theorem:423 => xxreal_1:fragment:453
xxreal_1:theorem:346 => xxreal_1:fragment:376
xxreal_1:theorem:280 => xxreal_1:fragment:310
xxreal_1:theorem:199 => xxreal_1:fragment:223
xxreal_1:theorem:97 => xxreal_1:fragment:120
xxreal_1:theorem:382 => xxreal_1:fragment:412
xxreal_1:theorem:110 => xxreal_1:fragment:133
xxreal_1:theorem:18 => xxreal_1:fragment:37
xxreal_1:theorem:236 => xxreal_1:fragment:266
xxreal_1:theorem:403 => xxreal_1:fragment:433
xxreal_1:theorem:342 => xxreal_1:fragment:372
xxreal_1:theorem:394 => xxreal_1:fragment:424
xxreal_1:theorem:191 => xxreal_1:fragment:215
xxreal_1:theorem:29 => xxreal_1:fragment:52
xxreal_1:theorem:379 => xxreal_1:fragment:409
xxreal_1:theorem:348 => xxreal_1:fragment:378
xxreal_1:kconstructor:4 => xxreal_1:fragment:15[kc]
xxreal_1:theorem:326 => xxreal_1:fragment:356
xxreal_1:theorem:295 => xxreal_1:fragment:325
xxreal_1:theorem:235 => xxreal_1:fragment:265
xxreal_1:theorem:256 => xxreal_1:fragment:286
xxreal_1:theorem:113 => xxreal_1:fragment:136
xxreal_1:theorem:320 => xxreal_1:fragment:350
xxreal_1:theorem:83 => xxreal_1:fragment:106
xxreal_1:theorem:301 => xxreal_1:fragment:331
xxreal_1:theorem:363 => xxreal_1:fragment:393
xxreal_1:theorem:288 => xxreal_1:fragment:318
xxreal_1:theorem:279 => xxreal_1:fragment:309
xxreal_1:theorem:272 => xxreal_1:fragment:302
xxreal_1:theorem:45 => xxreal_1:fragment:68
xxreal_1:theorem:100 => xxreal_1:fragment:123
xxreal_1:theorem:181 => xxreal_1:fragment:205
xxreal_1:theorem:131 => xxreal_1:fragment:155
xxreal_1:theorem:12 => xxreal_1:fragment:31
xxreal_1:theorem:259 => xxreal_1:fragment:289
xxreal_1:theorem:44 => xxreal_1:fragment:67
xxreal_1:theorem:375 => xxreal_1:fragment:405
xxreal_1:kpattern:4 => xxreal_1:fragment:15[kp]
xxreal_1:theorem:142 => xxreal_1:fragment:166
xxreal_1:theorem:134 => xxreal_1:fragment:158
xxreal_1:theorem:212 => xxreal_1:fragment:237
xxreal_1:theorem:62 => xxreal_1:fragment:85
xxreal_1:theorem:269 => xxreal_1:fragment:299
xxreal_1:theorem:409 => xxreal_1:fragment:439
xxreal_1:theorem:104 => xxreal_1:fragment:127
xxreal_1:theorem:266 => xxreal_1:fragment:296
xxreal_1:theorem:206 => xxreal_1:fragment:230
xxreal_1:theorem:314 => xxreal_1:fragment:344
xxreal_1:theorem:277 => xxreal_1:fragment:307
xxreal_1:theorem:49 => xxreal_1:fragment:72
xxreal_1:theorem:270 => xxreal_1:fragment:300
xxreal_1:theorem:90 => xxreal_1:fragment:113
xxreal_1:theorem:53 => xxreal_1:fragment:76
xxreal_1:theorem:293 => xxreal_1:fragment:323
xxreal_1:deftheorem:1 => xxreal_1:fragment:12[dt]
xxreal_1:fcluster:1 => xxreal_1:fragment:20
xxreal_1:theorem:427 => xxreal_1:fragment:457
xxreal_1:theorem:318 => xxreal_1:fragment:348
xxreal_1:theorem:4 => xxreal_1:fragment:19
xxreal_1:theorem:14 => xxreal_1:fragment:33
xxreal_1:theorem:258 => xxreal_1:fragment:288
xxreal_1:theorem:171 => xxreal_1:fragment:195
xxreal_1:theorem:151 => xxreal_1:fragment:175
xxreal_1:theorem:391 => xxreal_1:fragment:421
xxreal_1:theorem:169 => xxreal_1:fragment:193
xxreal_1:theorem:25 => xxreal_1:fragment:48
xxreal_1:theorem:372 => xxreal_1:fragment:402
xxreal_1:theorem:355 => xxreal_1:fragment:385
xxreal_1:theorem:389 => xxreal_1:fragment:419
xxreal_1:theorem:216 => xxreal_1:fragment:241
xxreal_1:theorem:398 => xxreal_1:fragment:428
xxreal_1:kdefiniens:1 => xxreal_1:fragment:12[kf]
xxreal_1:theorem:285 => xxreal_1:fragment:315
xxreal_1:theorem:22 => xxreal_1:fragment:45
xxreal_1:theorem:365 => xxreal_1:fragment:395
xxreal_1:theorem:179 => xxreal_1:fragment:203
xxreal_1:theorem:310 => xxreal_1:fragment:340
xxreal_1:theorem:186 => xxreal_1:fragment:210
xxreal_1:theorem:109 => xxreal_1:fragment:132
xxreal_1:theorem:72 => xxreal_1:fragment:95
xxreal_1:theorem:405 => xxreal_1:fragment:435
xxreal_1:theorem:128 => xxreal_1:fragment:152
xxreal_1:theorem:193 => xxreal_1:fragment:217
xxreal_1:theorem:165 => xxreal_1:fragment:189
xxreal_1:theorem:121 => xxreal_1:fragment:144
xxreal_1:theorem:20 => xxreal_1:fragment:39
xxreal_1:theorem:58 => xxreal_1:fragment:81
xxreal_1:theorem:230 => xxreal_1:fragment:260
xxreal_1:theorem:76 => xxreal_1:fragment:99
xxreal_1:theorem:319 => xxreal_1:fragment:349
xxreal_1:theorem:386 => xxreal_1:fragment:416
xxreal_1:theorem:1 => xxreal_1:fragment:16
xxreal_1:theorem:411 => xxreal_1:fragment:441
xxreal_1:theorem:356 => xxreal_1:fragment:386
xxreal_1:theorem:244 => xxreal_1:fragment:274
xxreal_1:theorem:201 => xxreal_1:fragment:225
xxreal_1:theorem:229 => xxreal_1:fragment:259
xxreal_1:theorem:36 => xxreal_1:fragment:59
xxreal_1:theorem:241 => xxreal_1:fragment:271
xxreal_1:theorem:273 => xxreal_1:fragment:303
xxreal_1:theorem:190 => xxreal_1:fragment:214
xxreal_1:theorem:334 => xxreal_1:fragment:364
xxreal_1:theorem:123 => xxreal_1:fragment:146
xxreal_1:theorem:187 => xxreal_1:fragment:211
xxreal_1:theorem:222 => xxreal_1:fragment:248
xxreal_1:theorem:156 => xxreal_1:fragment:180
xxreal_1:theorem:371 => xxreal_1:fragment:401
xxreal_1:theorem:239 => xxreal_1:fragment:269
xxreal_1:theorem:361 => xxreal_1:fragment:391
xxreal_1:theorem:9 => xxreal_1:fragment:28
xxreal_1:theorem:85 => xxreal_1:fragment:108
xxreal_1:theorem:419 => xxreal_1:fragment:449
xxreal_1:theorem:158 => xxreal_1:fragment:182
xxreal_1:theorem:253 => xxreal_1:fragment:283
xxreal_1:theorem:32 => xxreal_1:fragment:55
xxreal_1:theorem:250 => xxreal_1:fragment:280
xxreal_1:theorem:138 => xxreal_1:fragment:162
xxreal_1:theorem:24 => xxreal_1:fragment:47
xxreal_1:theorem:328 => xxreal_1:fragment:358
xxreal_1:theorem:98 => xxreal_1:fragment:121
xxreal_1:theorem:144 => xxreal_1:fragment:168
xxreal_1:theorem:145 => xxreal_1:fragment:169
xxreal_1:theorem:306 => xxreal_1:fragment:336
xxreal_1:theorem:422 => xxreal_1:fragment:452
xxreal_1:theorem:231 => xxreal_1:fragment:261
xxreal_1:theorem:213 => xxreal_1:fragment:238
xxreal_1:theorem:345 => xxreal_1:fragment:375
xxreal_1:theorem:172 => xxreal_1:fragment:196
xxreal_1:theorem:94 => xxreal_1:fragment:117
xxreal_1:theorem:176 => xxreal_1:fragment:200
xxreal_1:theorem:267 => xxreal_1:fragment:297
xxreal_1:theorem:161 => xxreal_1:fragment:185
xxreal_1:theorem:112 => xxreal_1:fragment:135
xxreal_1:theorem:305 => xxreal_1:fragment:335
xxreal_1:theorem:366 => xxreal_1:fragment:396
xxreal_1:theorem:298 => xxreal_1:fragment:328
xxreal_1:theorem:209 => xxreal_1:fragment:234
xxreal_1:fcluster:10 => xxreal_1:fragment:256
xxreal_1:theorem:79 => xxreal_1:fragment:102
xxreal_1:theorem:327 => xxreal_1:fragment:357
xxreal_1:theorem:17 => xxreal_1:fragment:36
xxreal_1:theorem:262 => xxreal_1:fragment:292
xxreal_1:theorem:369 => xxreal_1:fragment:399
xxreal_1:theorem:302 => xxreal_1:fragment:332
xxreal_1:theorem:278 => xxreal_1:fragment:308
xxreal_1:theorem:402 => xxreal_1:fragment:432
xxreal_1:theorem:381 => xxreal_1:fragment:411
xxreal_1:theorem:282 => xxreal_1:fragment:312
xxreal_1:theorem:217 => xxreal_1:fragment:242
xxreal_1:theorem:21 => xxreal_1:fragment:44
xxreal_1:theorem:182 => xxreal_1:fragment:206
xxreal_1:theorem:321 => xxreal_1:fragment:351
xxreal_1:theorem:152 => xxreal_1:fragment:176
xxreal_1:theorem:349 => xxreal_1:fragment:379
xxreal_1:theorem:194 => xxreal_1:fragment:218
xxreal_1:deftheorem:4 => xxreal_1:fragment:15[dt]
xxreal_1:theorem:68 => xxreal_1:fragment:91
xxreal_1:theorem:313 => xxreal_1:fragment:343
xxreal_1:theorem:426 => xxreal_1:fragment:456
xxreal_1:theorem:428 => xxreal_1:fragment:458
xxreal_1:theorem:324 => xxreal_1:fragment:354
xxreal_1:theorem:376 => xxreal_1:fragment:406
xxreal_1:theorem:2 => xxreal_1:fragment:17
xxreal_1:theorem:103 => xxreal_1:fragment:126
xxreal_1:theorem:255 => xxreal_1:fragment:285
xxreal_1:theorem:7 => xxreal_1:fragment:26
xxreal_1:theorem:205 => xxreal_1:fragment:229
xxreal_1:kconstructor:3[coherence] => xxreal_1:fragment:14[ch]
xxreal_1:theorem:351 => xxreal_1:fragment:381
xxreal_1:theorem:28 => xxreal_1:fragment:51
xxreal_1:theorem:397 => xxreal_1:fragment:427
xxreal_1:theorem:421 => xxreal_1:fragment:451
xxreal_1:theorem:141 => xxreal_1:fragment:165
xxreal_1:fcluster:5 => xxreal_1:fragment:40
xxreal_1:theorem:284 => xxreal_1:fragment:314
xxreal_1:theorem:13 => xxreal_1:fragment:32
xxreal_1:theorem:148 => xxreal_1:fragment:172
xxreal_1:theorem:61 => xxreal_1:fragment:84
xxreal_1:theorem:196 => xxreal_1:fragment:220
xxreal_1:theorem:396 => xxreal_1:fragment:426
xxreal_1:theorem:311 => xxreal_1:fragment:341
xxreal_1:theorem:415 => xxreal_1:fragment:445
xxreal_1:theorem:238 => xxreal_1:fragment:268
xxreal_1:kconstructor:4[coherence] => xxreal_1:fragment:15[ch]
xxreal_1:theorem:3 => xxreal_1:fragment:18
xxreal_1:theorem:185 => xxreal_1:fragment:209
xxreal_1:theorem:120 => xxreal_1:fragment:143
xxreal_1:theorem:412 => xxreal_1:fragment:442
xxreal_1:theorem:43 => xxreal_1:fragment:66
xxreal_1:theorem:27 => xxreal_1:fragment:50
xxreal_1:deftheorem:2 => xxreal_1:fragment:13[dt]
xxreal_1:theorem:114 => xxreal_1:fragment:137
xxreal_1:theorem:377 => xxreal_1:fragment:407
xxreal_1:kconstructor:1 => xxreal_1:fragment:12[kc]
xxreal_1:theorem:23 => xxreal_1:fragment:46
xxreal_1:theorem:406 => xxreal_1:fragment:436
xxreal_1:theorem:31 => xxreal_1:fragment:54
xxreal_1:theorem:129 => xxreal_1:fragment:153
xxreal_1:theorem:59 => xxreal_1:fragment:82
xxreal_1:theorem:243 => xxreal_1:fragment:273
xxreal_1:theorem:8 => xxreal_1:fragment:27
xxreal_1:theorem:218 => xxreal_1:fragment:243
xxreal_1:theorem:124 => xxreal_1:fragment:147
xxreal_1:theorem:370 => xxreal_1:fragment:400
xxreal_1:theorem:197 => xxreal_1:fragment:221
xxreal_1:theorem:10 => xxreal_1:fragment:29
xxreal_1:theorem:322 => xxreal_1:fragment:352
xxreal_1:theorem:81 => xxreal_1:fragment:104
xxreal_1:theorem:108 => xxreal_1:fragment:131
xxreal_1:theorem:159 => xxreal_1:fragment:183
xxreal_1:theorem:167 => xxreal_1:fragment:191
xxreal_1:theorem:330 => xxreal_1:fragment:360
xxreal_1:theorem:47 => xxreal_1:fragment:70
xxreal_1:theorem:160 => xxreal_1:fragment:184
xxreal_1:theorem:225 => xxreal_1:fragment:251
xxreal_1:theorem:362 => xxreal_1:fragment:392
xxreal_1:theorem:344 => xxreal_1:fragment:374
xxreal_1:theorem:260 => xxreal_1:fragment:290
xxreal_1:theorem:154 => xxreal_1:fragment:178
xxreal_1:theorem:352 => xxreal_1:fragment:382
xxreal_1:theorem:335 => xxreal_1:fragment:365
xxreal_1:theorem:89 => xxreal_1:fragment:112
xxreal_1:theorem:221 => xxreal_1:fragment:246
xxreal_1:theorem:192 => xxreal_1:fragment:216
xxreal_1:theorem:247 => xxreal_1:fragment:277
xxreal_1:theorem:69 => xxreal_1:fragment:92
xxreal_1:theorem:133 => xxreal_1:fragment:157
xxreal_1:theorem:287 => xxreal_1:fragment:317
xxreal_1:theorem:183 => xxreal_1:fragment:207
xxreal_1:theorem:357 => xxreal_1:fragment:387
xxreal_1:theorem:153 => xxreal_1:fragment:177
xxreal_1:theorem:265 => xxreal_1:fragment:295
xxreal_1:theorem:65 => xxreal_1:fragment:88
xxreal_1:theorem:283 => xxreal_1:fragment:313
xxreal_1:fcluster:3 => xxreal_1:fragment:22
xxreal_1:theorem:337 => xxreal_1:fragment:367
xxreal_1:theorem:274 => xxreal_1:fragment:304
xxreal_1:theorem:55 => xxreal_1:fragment:78
xxreal_1:theorem:240 => xxreal_1:fragment:270
xxreal_1:theorem:102 => xxreal_1:fragment:125
xxreal_1:theorem:338 => xxreal_1:fragment:368
xxreal_1:theorem:290 => xxreal_1:fragment:320
xxreal_1:theorem:39 => xxreal_1:fragment:62
xxreal_1:theorem:157 => xxreal_1:fragment:181
xxreal_1:fcluster:9 => xxreal_1:fragment:255
xxreal_1:theorem:332 => xxreal_1:fragment:362
xxreal_1:theorem:347 => xxreal_1:fragment:377
xxreal_1:kdefiniens:4 => xxreal_1:fragment:15[kf]
xxreal_1:theorem:200 => xxreal_1:fragment:224
xxreal_1:theorem:350 => xxreal_1:fragment:380
xxreal_1:theorem:246 => xxreal_1:fragment:276
xxreal_1:theorem:224 => xxreal_1:fragment:250
xxreal_1:theorem:331 => xxreal_1:fragment:361
xxreal_1:theorem:312 => xxreal_1:fragment:342
xxreal_1:theorem:52 => xxreal_1:fragment:75
xxreal_1:theorem:147 => xxreal_1:fragment:171
xxreal_1:theorem:173 => xxreal_1:fragment:197
xxreal_1:theorem:425 => xxreal_1:fragment:455
xxreal_1:theorem:297 => xxreal_1:fragment:327
xxreal_1:theorem:42 => xxreal_1:fragment:65
xxreal_1:theorem:117 => xxreal_1:fragment:140
xxreal_1:theorem:261 => xxreal_1:fragment:291
xxreal_1:theorem:111 => xxreal_1:fragment:134
xxreal_1:fcluster:4 => xxreal_1:fragment:23
xxreal_1:theorem:208 => xxreal_1:fragment:232
xxreal_1:theorem:78 => xxreal_1:fragment:101
xxreal_1:kpattern:2 => xxreal_1:fragment:13[kp]
xxreal_1:theorem:404 => xxreal_1:fragment:434
xxreal_1:theorem:88 => xxreal_1:fragment:111
xxreal_1:deftheorem:3 => xxreal_1:fragment:14[dt]
xxreal_1:fcluster:11 => xxreal_1:fragment:257
xxreal_1:theorem:204 => xxreal_1:fragment:228
xxreal_1:theorem:136 => xxreal_1:fragment:160
xxreal_1:theorem:325 => xxreal_1:fragment:355
xxreal_1:theorem:232 => xxreal_1:fragment:262
xxreal_1:theorem:64 => xxreal_1:fragment:87
xxreal_1:theorem:6 => xxreal_1:fragment:25
xxreal_1:theorem:95 => xxreal_1:fragment:118
xxreal_1:theorem:137 => xxreal_1:fragment:161
xxreal_1:theorem:367 => xxreal_1:fragment:397
xxreal_1:theorem:392 => xxreal_1:fragment:422
xxreal_1:theorem:74 => xxreal_1:fragment:97
xxreal_1:theorem:401 => xxreal_1:fragment:431
xxreal_1:theorem:303 => xxreal_1:fragment:333
xxreal_1:theorem:387 => xxreal_1:fragment:417
xxreal_1:theorem:358 => xxreal_1:fragment:388
xxreal_1:theorem:132 => xxreal_1:fragment:156
xxreal_1:theorem:189 => xxreal_1:fragment:213
xxreal_1:theorem:353 => xxreal_1:fragment:383
xxreal_1:theorem:254 => xxreal_1:fragment:284
xxreal_1:theorem:91 => xxreal_1:fragment:114
xxreal_1:theorem:60 => xxreal_1:fragment:83
xxreal_1:theorem:380 => xxreal_1:fragment:410
xxreal_1:theorem:420 => xxreal_1:fragment:450
xxreal_1:theorem:35 => xxreal_1:fragment:58
xxreal_1:theorem:164 => xxreal_1:fragment:188
xxreal_1:theorem:214 => xxreal_1:fragment:239
xxreal_1:theorem:400 => xxreal_1:fragment:430
xxreal_1:theorem:125 => xxreal_1:fragment:148
xxreal_1:theorem:163 => xxreal_1:fragment:187
xxreal_1:theorem:54 => xxreal_1:fragment:77
xxreal_1:theorem:215 => xxreal_1:fragment:240
xxreal_1:theorem:248 => xxreal_1:fragment:278
xxreal_1:theorem:175 => xxreal_1:fragment:199
xxreal_1:theorem:395 => xxreal_1:fragment:425
xxreal_1:theorem:107 => xxreal_1:fragment:130
xxreal_1:theorem:67 => xxreal_1:fragment:90
xxreal_1:theorem:227 => xxreal_1:fragment:253
xxreal_1:theorem:378 => xxreal_1:fragment:408
xxreal_1:theorem:30 => xxreal_1:fragment:53
xxreal_1:theorem:226 => xxreal_1:fragment:252
xxreal_1:theorem:413 => xxreal_1:fragment:443
xxreal_1:theorem:119 => xxreal_1:fragment:142
xxreal_1:theorem:203 => xxreal_1:fragment:227
xxreal_1:theorem:210 => xxreal_1:fragment:235
xxreal_1:theorem:414 => xxreal_1:fragment:444
xxreal_1:theorem:308 => xxreal_1:fragment:338
xxreal_1:theorem:416 => xxreal_1:fragment:446
xxreal_1:theorem:170 => xxreal_1:fragment:194
xxreal_1:theorem:50 => xxreal_1:fragment:73
xxreal_1:theorem:177 => xxreal_1:fragment:201
xxreal_1:theorem:354 => xxreal_1:fragment:384
xxreal_1:theorem:323 => xxreal_1:fragment:353
xxreal_1:theorem:275 => xxreal_1:fragment:305
xxreal_1:theorem:233 => xxreal_1:fragment:263
xxreal_1:theorem:384 => xxreal_1:fragment:414
xxreal_1:theorem:19 => xxreal_1:fragment:38
xxreal_1:theorem:34 => xxreal_1:fragment:57
xxreal_1:theorem:340 => xxreal_1:fragment:370
xxreal_1:theorem:281 => xxreal_1:fragment:311
xxreal_1:theorem:63 => xxreal_1:fragment:86
xxreal_1:theorem:11 => xxreal_1:fragment:30
xxreal_1:kconstructor:2 => xxreal_1:fragment:13[kc]
xxreal_1:theorem:339 => xxreal_1:fragment:369
xxreal_1:theorem:106 => xxreal_1:fragment:129
xxreal_1:theorem:84 => xxreal_1:fragment:107
xxreal_1:theorem:77 => xxreal_1:fragment:100
xxreal_1:theorem:26 => xxreal_1:fragment:49
xxreal_1:theorem:291 => xxreal_1:fragment:321
xxreal_1:theorem:195 => xxreal_1:fragment:219
xxreal_1:theorem:407 => xxreal_1:fragment:437
xxreal_1:kdefiniens:3 => xxreal_1:fragment:14[kf]
xxreal_1:theorem:220 => xxreal_1:fragment:245
xxreal_1:theorem:168 => xxreal_1:fragment:192
xxreal_1:theorem:219 => xxreal_1:fragment:244
xxreal_1:theorem:16 => xxreal_1:fragment:35
xxreal_1:theorem:317 => xxreal_1:fragment:347
xxreal_1:theorem:304 => xxreal_1:fragment:334
xxreal_1:theorem:198 => xxreal_1:fragment:222
xxreal_1:theorem:37 => xxreal_1:fragment:60
xxreal_1:theorem:368 => xxreal_1:fragment:398
xxreal_1:theorem:264 => xxreal_1:fragment:294
xxreal_1:theorem:180 => xxreal_1:fragment:204
xxreal_1:fcluster:7 => xxreal_1:fragment:42
xxreal_1:theorem:245 => xxreal_1:fragment:275
xxreal_1:theorem:424 => xxreal_1:fragment:454
xxreal_1:theorem:143 => xxreal_1:fragment:167
xxreal_1:theorem:359 => xxreal_1:fragment:389
xxreal_1:kconstructor:1[coherence] => xxreal_1:fragment:12[ch]
xxreal_1:theorem:146 => xxreal_1:fragment:170
xxreal_1:theorem:174 => xxreal_1:fragment:198
xxreal_1:theorem:140 => xxreal_1:fragment:164
xxreal_1:theorem:96 => xxreal_1:fragment:119
xxreal_1:kconstructor:2[coherence] => xxreal_1:fragment:13[ch]
xxreal_1:theorem:155 => xxreal_1:fragment:179
xxreal_1:theorem:364 => xxreal_1:fragment:394
xxreal_1:theorem:373 => xxreal_1:fragment:403
xxreal_1:theorem:296 => xxreal_1:fragment:326
xxreal_1:theorem:48 => xxreal_1:fragment:71
xxreal_1:theorem:66 => xxreal_1:fragment:89
xxreal_1:theorem:289 => xxreal_1:fragment:319
xxreal_1:theorem:149 => xxreal_1:fragment:173
xxreal_1:fcluster:2 => xxreal_1:fragment:21
xxreal_1:theorem:178 => xxreal_1:fragment:202
xxreal_1:theorem:374 => xxreal_1:fragment:404
xxreal_1:theorem:315 => xxreal_1:fragment:345
xxreal_1:theorem:393 => xxreal_1:fragment:423
xxreal_1:theorem:286 => xxreal_1:fragment:316
xxreal_1:theorem:73 => xxreal_1:fragment:96
xxreal_1:theorem:82 => xxreal_1:fragment:105
xxreal_1:theorem:70 => xxreal_1:fragment:93
xxreal_1:theorem:390 => xxreal_1:fragment:420
xxreal_1:theorem:316 => xxreal_1:fragment:346
xxreal_1:fcluster:8 => xxreal_1:fragment:43
xxreal_1:theorem:99 => xxreal_1:fragment:122
xxreal_1:theorem:211 => xxreal_1:fragment:236
xxreal_1:scheme:1 => xxreal_1:fragment:10
xxreal_1:theorem:300 => xxreal_1:fragment:330
xxreal_1:theorem:51 => xxreal_1:fragment:74
xxreal_1:theorem:115 => xxreal_1:fragment:138
xxreal_1:theorem:251 => xxreal_1:fragment:281
xxreal_1:theorem:336 => xxreal_1:fragment:366
xxreal_1:fcluster:12 => xxreal_1:fragment:258
xxreal_1:theorem:388 => xxreal_1:fragment:418
xxreal_1:theorem:237 => xxreal_1:fragment:267
xxreal_1:theorem:343 => xxreal_1:fragment:373
xxreal_1:theorem:46 => xxreal_1:fragment:69
xxreal_1:theorem:56 => xxreal_1:fragment:79
xxreal_1:theorem:87 => xxreal_1:fragment:110
xxreal_1:theorem:207 => xxreal_1:fragment:231
xxreal_1:kpattern:3 => xxreal_1:fragment:14[kp]
xxreal_1:theorem:150 => xxreal_1:fragment:174
