xxreal_3:theorem:58 => xxreal_3:fragment:117
xxreal_3:kconstructor:3 => xxreal_3:fragment:18[kc]
xxreal_3:fcluster:3 => xxreal_3:fragment:23
xxreal_3:theorem:56 => xxreal_3:fragment:115
xxreal_3:theorem:89 => xxreal_3:fragment:182
xxreal_3:fcluster:20 => xxreal_3:fragment:89
xxreal_3:fcluster:41 => xxreal_3:fragment:157
xxreal_3:theorem:82 => xxreal_3:fragment:175
xxreal_3:deftheorem:5 => xxreal_3:fragment:127[dt]
xxreal_3:fcluster:38 => xxreal_3:fragment:154
xxreal_3:kconstructor:6[coherence] => xxreal_3:fragment:131[ch]
xxreal_3:theorem:72 => xxreal_3:fragment:165
xxreal_3:theorem:95 => xxreal_3:fragment:194
xxreal_3:lemma:9 => xxreal_3:fragment:46
xxreal_3:kconstructor:2[uniqueness] => xxreal_3:fragment:17[un]
xxreal_3:kconstructor:1 => xxreal_3:fragment:16[kc]
xxreal_3:theorem:96 => xxreal_3:fragment:195
xxreal_3:theorem:64 => xxreal_3:fragment:124
xxreal_3:theorem:85 => xxreal_3:fragment:178
xxreal_3:theorem:32 => xxreal_3:fragment:70
xxreal_3:kidentification:3 => xxreal_3:fragment:28
xxreal_3:lemma:11 => xxreal_3:fragment:62
xxreal_3:theorem:48 => xxreal_3:fragment:107
xxreal_3:fcluster:25 => xxreal_3:fragment:135
xxreal_3:fcluster:37 => xxreal_3:fragment:148
xxreal_3:theorem:69 => xxreal_3:fragment:161
xxreal_3:theorem:31 => xxreal_3:fragment:69
xxreal_3:kpattern:4 => xxreal_3:fragment:127[kp]
xxreal_3:theorem:43 => xxreal_3:fragment:102
xxreal_3:theorem:5 => xxreal_3:fragment:30
xxreal_3:fcluster:17 => xxreal_3:fragment:86
xxreal_3:theorem:29 => xxreal_3:fragment:67
xxreal_3:lemma:6 => xxreal_3:fragment:39
xxreal_3:theorem:19 => xxreal_3:fragment:55
xxreal_3:lemma:22 => xxreal_3:fragment:163
xxreal_3:theorem:8 => xxreal_3:fragment:35
xxreal_3:theorem:27 => xxreal_3:fragment:65
xxreal_3:kconstructor:5[existence] => xxreal_3:fragment:129[ex]
xxreal_3:kdefiniens:6 => xxreal_3:fragment:131[kf]
xxreal_3:theorem:44 => xxreal_3:fragment:103
xxreal_3:ccluster:2 => xxreal_3:fragment:13
xxreal_3:theorem:53 => xxreal_3:fragment:112
xxreal_3:theorem:39 => xxreal_3:fragment:98
xxreal_3:theorem:78 => xxreal_3:fragment:171
xxreal_3:kdefiniens:3 => xxreal_3:fragment:18[kf]
xxreal_3:kconstructor:4[existence] => xxreal_3:fragment:127[ex]
xxreal_3:theorem:104 => xxreal_3:fragment:203
xxreal_3:fcluster:13 => xxreal_3:fragment:82
xxreal_3:lemma:1 => xxreal_3:fragment:32
xxreal_3:theorem:22 => xxreal_3:fragment:58
xxreal_3:fcluster:30 => xxreal_3:fragment:140
xxreal_3:rdefiniens:1 => xxreal_3:fragment:7[rf]
xxreal_3:kidentification:1 => xxreal_3:fragment:19
xxreal_3:theorem:1 => xxreal_3:fragment:10
xxreal_3:lemma:17 => xxreal_3:fragment:146
xxreal_3:theorem:11 => xxreal_3:fragment:47
xxreal_3:lemma:7 => xxreal_3:fragment:40
xxreal_3:kconstructor:4[uniqueness] => xxreal_3:fragment:127[un]
xxreal_3:fcluster:6 => xxreal_3:fragment:26
xxreal_3:fcluster:23 => xxreal_3:fragment:92
xxreal_3:theorem:20 => xxreal_3:fragment:56
xxreal_3:kconstructor:1[existence] => xxreal_3:fragment:16[ex]
xxreal_3:theorem:24 => xxreal_3:fragment:60
xxreal_3:theorem:87 => xxreal_3:fragment:180
xxreal_3:theorem:60 => xxreal_3:fragment:119
xxreal_3:kconstructor:3[coherence] => xxreal_3:fragment:18[ch]
xxreal_3:kconstructor:1[uniqueness] => xxreal_3:fragment:16[un]
xxreal_3:lemma:27 => xxreal_3:fragment:193
xxreal_3:fcluster:27 => xxreal_3:fragment:137
xxreal_3:theorem:80 => xxreal_3:fragment:173
xxreal_3:theorem:50 => xxreal_3:fragment:109
xxreal_3:theorem:74 => xxreal_3:fragment:167
xxreal_3:fcluster:16 => xxreal_3:fragment:85
xxreal_3:theorem:25 => xxreal_3:fragment:63
xxreal_3:theorem:67 => xxreal_3:fragment:159
xxreal_3:theorem:70 => xxreal_3:fragment:162
xxreal_3:fcluster:11 => xxreal_3:fragment:80
xxreal_3:kpattern:2 => xxreal_3:fragment:17[kp]
xxreal_3:lemma:10 => xxreal_3:fragment:61
xxreal_3:lemma:23 => xxreal_3:fragment:189
xxreal_3:kconstructor:1[commutativity] => xxreal_3:fragment:16[cm]
xxreal_3:rcluster:2 => xxreal_3:fragment:9
xxreal_3:kidentification:2 => xxreal_3:fragment:20
xxreal_3:lemma:14 => xxreal_3:fragment:76
xxreal_3:lemma:12 => xxreal_3:fragment:74
xxreal_3:theorem:15 => xxreal_3:fragment:51
xxreal_3:theorem:102 => xxreal_3:fragment:201
xxreal_3:theorem:99 => xxreal_3:fragment:198
xxreal_3:theorem:62 => xxreal_3:fragment:122
xxreal_3:theorem:17 => xxreal_3:fragment:53
xxreal_3:kconstructor:2[existence] => xxreal_3:fragment:17[ex]
xxreal_3:kpattern:1 => xxreal_3:fragment:16[kp]
xxreal_3:theorem:81 => xxreal_3:fragment:174
xxreal_3:kidentification:6 => xxreal_3:fragment:132
xxreal_3:lemma:16 => xxreal_3:fragment:133
xxreal_3:theorem:79 => xxreal_3:fragment:172
xxreal_3:theorem:4 => xxreal_3:fragment:29
xxreal_3:kdefiniens:4 => xxreal_3:fragment:127[kf]
xxreal_3:theorem:65 => xxreal_3:fragment:125
xxreal_3:theorem:100 => xxreal_3:fragment:199
xxreal_3:lemma:20 => xxreal_3:fragment:151
xxreal_3:lemma:3 => xxreal_3:fragment:36
xxreal_3:fcluster:35 => xxreal_3:fragment:145
xxreal_3:theorem:93 => xxreal_3:fragment:187
xxreal_3:lemma:18 => xxreal_3:fragment:149
xxreal_3:fcluster:1 => xxreal_3:fragment:21
xxreal_3:fcluster:32 => xxreal_3:fragment:142
xxreal_3:theorem:46 => xxreal_3:fragment:105
xxreal_3:theorem:83 => xxreal_3:fragment:176
xxreal_3:theorem:37 => xxreal_3:fragment:96
xxreal_3:theorem:33 => xxreal_3:fragment:71
xxreal_3:fcluster:39 => xxreal_3:fragment:155
xxreal_3:kconstructor:4 => xxreal_3:fragment:127[kc]
xxreal_3:theorem:40 => xxreal_3:fragment:99
xxreal_3:lemma:25 => xxreal_3:fragment:191
xxreal_3:deftheorem:3 => xxreal_3:fragment:17[dt]
xxreal_3:kconstructor:6 => xxreal_3:fragment:131[kc]
xxreal_3:theorem:84 => xxreal_3:fragment:177
xxreal_3:theorem:49 => xxreal_3:fragment:108
xxreal_3:theorem:97 => xxreal_3:fragment:196
xxreal_3:fcluster:36 => xxreal_3:fragment:147
xxreal_3:theorem:54 => xxreal_3:fragment:113
xxreal_3:fcluster:2 => xxreal_3:fragment:22
xxreal_3:fcluster:22 => xxreal_3:fragment:91
xxreal_3:kconstructor:2 => xxreal_3:fragment:17[kc]
xxreal_3:fcluster:4 => xxreal_3:fragment:24
xxreal_3:deftheorem:1 => xxreal_3:fragment:7[dt]
xxreal_3:theorem:36 => xxreal_3:fragment:95
xxreal_3:theorem:75 => xxreal_3:fragment:168
xxreal_3:theorem:10 => xxreal_3:fragment:44
xxreal_3:kidentification:5 => xxreal_3:fragment:130
xxreal_3:theorem:21 => xxreal_3:fragment:57
xxreal_3:theorem:35 => xxreal_3:fragment:94
xxreal_3:fcluster:14 => xxreal_3:fragment:83
xxreal_3:lemma:13 => xxreal_3:fragment:75
xxreal_3:theorem:18 => xxreal_3:fragment:54
xxreal_3:lemma:2 => xxreal_3:fragment:33
xxreal_3:deftheorem:7 => xxreal_3:fragment:131[dt]
xxreal_3:theorem:6 => xxreal_3:fragment:31
xxreal_3:fcluster:18 => xxreal_3:fragment:87
xxreal_3:theorem:91 => xxreal_3:fragment:185
xxreal_3:theorem:77 => xxreal_3:fragment:170
xxreal_3:kdefiniens:1 => xxreal_3:fragment:16[kf]
xxreal_3:theorem:61 => xxreal_3:fragment:120
xxreal_3:theorem:86 => xxreal_3:fragment:179
xxreal_3:theorem:52 => xxreal_3:fragment:111
xxreal_3:lemma:5 => xxreal_3:fragment:38
xxreal_3:fcluster:42 => xxreal_3:fragment:158
xxreal_3:theorem:42 => xxreal_3:fragment:101
xxreal_3:rpattern:1 => xxreal_3:fragment:7[rp]
xxreal_3:theorem:2 => xxreal_3:fragment:11
xxreal_3:theorem:57 => xxreal_3:fragment:116
xxreal_3:kdefiniens:2 => xxreal_3:fragment:17[kf]
xxreal_3:kconstructor:2[involutiveness] => xxreal_3:fragment:17[in]
xxreal_3:theorem:71 => xxreal_3:fragment:164
xxreal_3:lemma:21 => xxreal_3:fragment:152
xxreal_3:kconstructor:4[commutativity] => xxreal_3:fragment:127[cm]
xxreal_3:kpattern:5 => xxreal_3:fragment:129[kp]
xxreal_3:theorem:30 => xxreal_3:fragment:68
xxreal_3:fcluster:29 => xxreal_3:fragment:139
xxreal_3:theorem:88 => xxreal_3:fragment:181
xxreal_3:theorem:28 => xxreal_3:fragment:66
xxreal_3:theorem:59 => xxreal_3:fragment:118
xxreal_3:rcluster:1 => xxreal_3:fragment:8
xxreal_3:fcluster:5 => xxreal_3:fragment:25
xxreal_3:theorem:13 => xxreal_3:fragment:49
xxreal_3:theorem:23 => xxreal_3:fragment:59
xxreal_3:theorem:105 => xxreal_3:fragment:204
xxreal_3:theorem:68 => xxreal_3:fragment:160
xxreal_3:theorem:9 => xxreal_3:fragment:41
xxreal_3:theorem:45 => xxreal_3:fragment:104
xxreal_3:fcluster:7 => xxreal_3:fragment:27
xxreal_3:fcluster:26 => xxreal_3:fragment:136
xxreal_3:kidentification:4 => xxreal_3:fragment:128
xxreal_3:theorem:7 => xxreal_3:fragment:34
xxreal_3:ccluster:1 => xxreal_3:fragment:12
xxreal_3:fcluster:31 => xxreal_3:fragment:141
xxreal_3:rdefiniens:1[compatibility] => xxreal_3:fragment:7[cp]
xxreal_3:theorem:12 => xxreal_3:fragment:48
xxreal_3:kpattern:3 => xxreal_3:fragment:18[kp]
xxreal_3:theorem:90 => xxreal_3:fragment:183
xxreal_3:lemma:8 => xxreal_3:fragment:45
xxreal_3:theorem:26 => xxreal_3:fragment:64
xxreal_3:deftheorem:2 => xxreal_3:fragment:16[dt]
xxreal_3:lemma:24 => xxreal_3:fragment:190
xxreal_3:theorem:38 => xxreal_3:fragment:97
xxreal_3:theorem:76 => xxreal_3:fragment:169
xxreal_3:fcluster:21 => xxreal_3:fragment:90
xxreal_3:fcluster:8 => xxreal_3:fragment:77
xxreal_3:theorem:94 => xxreal_3:fragment:188
xxreal_3:kconstructor:5[uniqueness] => xxreal_3:fragment:129[un]
xxreal_3:fcluster:34 => xxreal_3:fragment:144
xxreal_3:lemma:4 => xxreal_3:fragment:37
xxreal_3:fcluster:12 => xxreal_3:fragment:81
xxreal_3:fcluster:15 => xxreal_3:fragment:84
xxreal_3:theorem:66 => xxreal_3:fragment:153
xxreal_3:theorem:92 => xxreal_3:fragment:186
xxreal_3:theorem:3 => xxreal_3:fragment:14
xxreal_3:deftheorem:4 => xxreal_3:fragment:18[dt]
xxreal_3:fcluster:24 => xxreal_3:fragment:134
xxreal_3:theorem:55 => xxreal_3:fragment:114
xxreal_3:theorem:73 => xxreal_3:fragment:166
xxreal_3:kpattern:6 => xxreal_3:fragment:131[kp]
xxreal_3:theorem:51 => xxreal_3:fragment:110
xxreal_3:theorem:98 => xxreal_3:fragment:197
xxreal_3:lemma:15 => xxreal_3:fragment:93
xxreal_3:theorem:47 => xxreal_3:fragment:106
xxreal_3:theorem:103 => xxreal_3:fragment:202
xxreal_3:fcluster:33 => xxreal_3:fragment:143
xxreal_3:fcluster:28 => xxreal_3:fragment:138
xxreal_3:lemma:19 => xxreal_3:fragment:150
xxreal_3:theorem:101 => xxreal_3:fragment:200
xxreal_3:deftheorem:6 => xxreal_3:fragment:129[dt]
xxreal_3:kdefiniens:5 => xxreal_3:fragment:129[kf]
xxreal_3:fcluster:19 => xxreal_3:fragment:88
xxreal_3:fcluster:40 => xxreal_3:fragment:156
xxreal_3:theorem:16 => xxreal_3:fragment:52
xxreal_3:lemma:26 => xxreal_3:fragment:192
xxreal_3:theorem:14 => xxreal_3:fragment:50
xxreal_3:theorem:41 => xxreal_3:fragment:100
xxreal_3:theorem:63 => xxreal_3:fragment:123
xxreal_3:theorem:34 => xxreal_3:fragment:72
xxreal_3:fcluster:10 => xxreal_3:fragment:79
xxreal_3:fcluster:9 => xxreal_3:fragment:78
xxreal_3:kconstructor:5 => xxreal_3:fragment:129[kc]
