zfmisc_1:theorem:52 => zfmisc_1:fragment:96
zfmisc_1:theorem:94 => zfmisc_1:fragment:141
zfmisc_1:theorem:121 => zfmisc_1:fragment:176
zfmisc_1:theorem:50 => zfmisc_1:fragment:94
zfmisc_1:theorem:32 => zfmisc_1:fragment:76
zfmisc_1:rpattern:3 => zfmisc_1:fragment:179[rp]
zfmisc_1:theorem:41 => zfmisc_1:fragment:85
zfmisc_1:rpattern:5 => zfmisc_1:fragment:181[rp]
zfmisc_1:theorem:72 => zfmisc_1:fragment:116
zfmisc_1:deftheorem:5 => zfmisc_1:fragment:177[dt]
zfmisc_1:rconstructor:3 => zfmisc_1:fragment:179[rc]
zfmisc_1:theorem:110 => zfmisc_1:fragment:157
zfmisc_1:rdefiniens:5 => zfmisc_1:fragment:181[rf]
zfmisc_1:theorem:27 => zfmisc_1:fragment:71
zfmisc_1:theorem:15 => zfmisc_1:fragment:53
zfmisc_1:theorem:103 => zfmisc_1:fragment:150
zfmisc_1:theorem:65 => zfmisc_1:fragment:109
zfmisc_1:theorem:7 => zfmisc_1:fragment:38
zfmisc_1:deftheorem:3 => zfmisc_1:fragment:29[dt]
zfmisc_1:theorem:112 => zfmisc_1:fragment:159
zfmisc_1:theorem:132 => zfmisc_1:fragment:200
zfmisc_1:theorem:105 => zfmisc_1:fragment:152
zfmisc_1:ccluster:1 => zfmisc_1:fragment:185
zfmisc_1:theorem:88 => zfmisc_1:fragment:132
zfmisc_1:theorem:117 => zfmisc_1:fragment:171
zfmisc_1:theorem:97 => zfmisc_1:fragment:144
zfmisc_1:kdefiniens:2 => zfmisc_1:fragment:28[kf]
zfmisc_1:theorem:68 => zfmisc_1:fragment:112
zfmisc_1:theorem:77 => zfmisc_1:fragment:121
zfmisc_1:theorem:134 => zfmisc_1:fragment:202
zfmisc_1:theorem:123 => zfmisc_1:fragment:183
zfmisc_1:theorem:3 => zfmisc_1:fragment:34
zfmisc_1:lemma:14 => zfmisc_1:fragment:66
zfmisc_1:rdefiniens:2 => zfmisc_1:fragment:178[rf]
zfmisc_1:kconstructor:2 => zfmisc_1:fragment:28[kc]
zfmisc_1:theorem:1 => zfmisc_1:fragment:32
zfmisc_1:lemma:5 => zfmisc_1:fragment:42
zfmisc_1:lemma:2 => zfmisc_1:fragment:25
zfmisc_1:theorem:23 => zfmisc_1:fragment:64
zfmisc_1:deftheorem:1 => zfmisc_1:fragment:27[dt]
zfmisc_1:theorem:100 => zfmisc_1:fragment:147
zfmisc_1:theorem:96 => zfmisc_1:fragment:143
zfmisc_1:kconstructor:4[coherence] => zfmisc_1:fragment:30[ch]
zfmisc_1:theorem:29 => zfmisc_1:fragment:73
zfmisc_1:theorem:34 => zfmisc_1:fragment:78
zfmisc_1:theorem:56 => zfmisc_1:fragment:100
zfmisc_1:kconstructor:4 => zfmisc_1:fragment:30[kc]
zfmisc_1:rconstructor:5 => zfmisc_1:fragment:181[rc]
zfmisc_1:theorem:91 => zfmisc_1:fragment:137
zfmisc_1:theorem:60 => zfmisc_1:fragment:104
zfmisc_1:theorem:36 => zfmisc_1:fragment:80
zfmisc_1:rdefiniens:1 => zfmisc_1:fragment:177[rf]
zfmisc_1:theorem:137 => zfmisc_1:fragment:205
zfmisc_1:theorem:74 => zfmisc_1:fragment:118
zfmisc_1:theorem:37 => zfmisc_1:fragment:81
zfmisc_1:lemma:8 => zfmisc_1:fragment:48
zfmisc_1:theorem:62 => zfmisc_1:fragment:106
zfmisc_1:theorem:81 => zfmisc_1:fragment:125
zfmisc_1:rcluster:1 => zfmisc_1:fragment:188
zfmisc_1:theorem:83 => zfmisc_1:fragment:127
zfmisc_1:theorem:135 => zfmisc_1:fragment:203
zfmisc_1:theorem:18 => zfmisc_1:fragment:57
zfmisc_1:lemma:13 => zfmisc_1:fragment:62
zfmisc_1:theorem:82 => zfmisc_1:fragment:126
zfmisc_1:theorem:13 => zfmisc_1:fragment:49
zfmisc_1:lemma:9 => zfmisc_1:fragment:50
zfmisc_1:theorem:45 => zfmisc_1:fragment:89
zfmisc_1:theorem:33 => zfmisc_1:fragment:77
zfmisc_1:theorem:24 => zfmisc_1:fragment:65
zfmisc_1:kdefiniens:4 => zfmisc_1:fragment:30[kf]
zfmisc_1:theorem:43 => zfmisc_1:fragment:87
zfmisc_1:theorem:4 => zfmisc_1:fragment:35
zfmisc_1:lemma:3 => zfmisc_1:fragment:26
zfmisc_1:theorem:125 => zfmisc_1:fragment:190
zfmisc_1:theorem:127 => zfmisc_1:fragment:194
zfmisc_1:deftheorem:2 => zfmisc_1:fragment:28[dt]
zfmisc_1:kconstructor:3[coherence] => zfmisc_1:fragment:29[ch]
zfmisc_1:theorem:113 => zfmisc_1:fragment:166
zfmisc_1:deftheorem:8 => zfmisc_1:fragment:180[dt]
zfmisc_1:theorem:63 => zfmisc_1:fragment:107
zfmisc_1:theorem:99 => zfmisc_1:fragment:146
zfmisc_1:theorem:85 => zfmisc_1:fragment:129
zfmisc_1:theorem:76 => zfmisc_1:fragment:120
zfmisc_1:theorem:102 => zfmisc_1:fragment:149
zfmisc_1:theorem:8 => zfmisc_1:fragment:40
zfmisc_1:theorem:54 => zfmisc_1:fragment:98
zfmisc_1:theorem:70 => zfmisc_1:fragment:114
zfmisc_1:lemma:18 => zfmisc_1:fragment:135
zfmisc_1:theorem:20 => zfmisc_1:fragment:59
zfmisc_1:lemma:11 => zfmisc_1:fragment:55
zfmisc_1:theorem:80 => zfmisc_1:fragment:124
zfmisc_1:theorem:115 => zfmisc_1:fragment:169
zfmisc_1:ccluster:2 => zfmisc_1:fragment:186
zfmisc_1:fcluster:1 => zfmisc_1:fragment:23
zfmisc_1:theorem:118 => zfmisc_1:fragment:172
zfmisc_1:theorem:58 => zfmisc_1:fragment:102
zfmisc_1:theorem:11 => zfmisc_1:fragment:45
zfmisc_1:kconstructor:3 => zfmisc_1:fragment:29[kc]
zfmisc_1:lemma:16 => zfmisc_1:fragment:70
zfmisc_1:deftheorem:6 => zfmisc_1:fragment:178[dt]
zfmisc_1:rpattern:4 => zfmisc_1:fragment:180[rp]
zfmisc_1:fcluster:4 => zfmisc_1:fragment:193
zfmisc_1:theorem:38 => zfmisc_1:fragment:82
zfmisc_1:theorem:44 => zfmisc_1:fragment:88
zfmisc_1:theorem:122 => zfmisc_1:fragment:182
zfmisc_1:theorem:39 => zfmisc_1:fragment:83
zfmisc_1:theorem:47 => zfmisc_1:fragment:91
zfmisc_1:theorem:111 => zfmisc_1:fragment:158
zfmisc_1:kconstructor:1[existence] => zfmisc_1:fragment:27[ex]
zfmisc_1:theorem:9 => zfmisc_1:fragment:41
zfmisc_1:kpattern:3 => zfmisc_1:fragment:29[kp]
zfmisc_1:vpattern:1 => zfmisc_1:fragment:184[vp]
zfmisc_1:theorem:51 => zfmisc_1:fragment:95
zfmisc_1:theorem:71 => zfmisc_1:fragment:115
zfmisc_1:theorem:69 => zfmisc_1:fragment:113
zfmisc_1:theorem:31 => zfmisc_1:fragment:75
zfmisc_1:vdefiniens:1 => zfmisc_1:fragment:184[vf]
zfmisc_1:theorem:22 => zfmisc_1:fragment:63
zfmisc_1:theorem:133 => zfmisc_1:fragment:201
zfmisc_1:kconstructor:2[existence] => zfmisc_1:fragment:28[ex]
zfmisc_1:theorem:16 => zfmisc_1:fragment:54
zfmisc_1:theorem:55 => zfmisc_1:fragment:99
zfmisc_1:theorem:90 => zfmisc_1:fragment:136
zfmisc_1:lemma:19 => zfmisc_1:fragment:139
zfmisc_1:theorem:131 => zfmisc_1:fragment:199
zfmisc_1:theorem:104 => zfmisc_1:fragment:151
zfmisc_1:theorem:84 => zfmisc_1:fragment:128
zfmisc_1:theorem:109 => zfmisc_1:fragment:156
zfmisc_1:theorem:49 => zfmisc_1:fragment:93
zfmisc_1:deftheorem:4 => zfmisc_1:fragment:30[dt]
zfmisc_1:theorem:92 => zfmisc_1:fragment:138
zfmisc_1:theorem:129 => zfmisc_1:fragment:196
zfmisc_1:theorem:107 => zfmisc_1:fragment:154
zfmisc_1:rpattern:1 => zfmisc_1:fragment:177[rp]
zfmisc_1:lemma:20 => zfmisc_1:fragment:174
zfmisc_1:fcluster:3 => zfmisc_1:fragment:192
zfmisc_1:theorem:78 => zfmisc_1:fragment:122
zfmisc_1:theorem:17 => zfmisc_1:fragment:56
zfmisc_1:theorem:35 => zfmisc_1:fragment:79
zfmisc_1:lemma:7 => zfmisc_1:fragment:46
zfmisc_1:theorem:26 => zfmisc_1:fragment:69
zfmisc_1:rpattern:2 => zfmisc_1:fragment:178[rp]
zfmisc_1:theorem:28 => zfmisc_1:fragment:72
zfmisc_1:lemma:1 => zfmisc_1:fragment:24
zfmisc_1:theorem:61 => zfmisc_1:fragment:105
zfmisc_1:theorem:93 => zfmisc_1:fragment:140
zfmisc_1:kpattern:1 => zfmisc_1:fragment:27[kp]
zfmisc_1:theorem:42 => zfmisc_1:fragment:86
zfmisc_1:rcluster:2 => zfmisc_1:fragment:198
zfmisc_1:theorem:136 => zfmisc_1:fragment:204
zfmisc_1:rconstructor:4 => zfmisc_1:fragment:180[rc]
zfmisc_1:theorem:30 => zfmisc_1:fragment:74
zfmisc_1:theorem:67 => zfmisc_1:fragment:111
zfmisc_1:theorem:138 => zfmisc_1:fragment:206
zfmisc_1:theorem:73 => zfmisc_1:fragment:117
zfmisc_1:theorem:6 => zfmisc_1:fragment:37
zfmisc_1:rconstructor:2 => zfmisc_1:fragment:178[rc]
zfmisc_1:rdefiniens:3 => zfmisc_1:fragment:179[rf]
zfmisc_1:fcluster:2 => zfmisc_1:fragment:187
zfmisc_1:kpattern:2 => zfmisc_1:fragment:28[kp]
zfmisc_1:lemma:15 => zfmisc_1:fragment:68
zfmisc_1:deftheorem:9 => zfmisc_1:fragment:181[dt]
zfmisc_1:theorem:2 => zfmisc_1:fragment:33
zfmisc_1:theorem:128 => zfmisc_1:fragment:195
zfmisc_1:theorem:108 => zfmisc_1:fragment:155
zfmisc_1:theorem:95 => zfmisc_1:fragment:142
zfmisc_1:theorem:25 => zfmisc_1:fragment:67
zfmisc_1:theorem:101 => zfmisc_1:fragment:148
zfmisc_1:lemma:10 => zfmisc_1:fragment:52
zfmisc_1:theorem:87 => zfmisc_1:fragment:131
zfmisc_1:vconstructor:1 => zfmisc_1:fragment:184[vc]
zfmisc_1:theorem:126 => zfmisc_1:fragment:191
zfmisc_1:theorem:89 => zfmisc_1:fragment:133
zfmisc_1:theorem:86 => zfmisc_1:fragment:130
zfmisc_1:lemma:6 => zfmisc_1:fragment:44
zfmisc_1:kconstructor:1 => zfmisc_1:fragment:27[kc]
zfmisc_1:kconstructor:2[uniqueness] => zfmisc_1:fragment:28[un]
zfmisc_1:deftheorem:10 => zfmisc_1:fragment:184[dt]
zfmisc_1:theorem:19 => zfmisc_1:fragment:58
zfmisc_1:lemma:12 => zfmisc_1:fragment:61
zfmisc_1:lemma:4 => zfmisc_1:fragment:39
zfmisc_1:deftheorem:7 => zfmisc_1:fragment:179[dt]
zfmisc_1:theorem:119 => zfmisc_1:fragment:173
zfmisc_1:theorem:59 => zfmisc_1:fragment:103
zfmisc_1:theorem:79 => zfmisc_1:fragment:123
zfmisc_1:rdefiniens:4 => zfmisc_1:fragment:180[rf]
zfmisc_1:theorem:130 => zfmisc_1:fragment:197
zfmisc_1:theorem:12 => zfmisc_1:fragment:47
zfmisc_1:theorem:57 => zfmisc_1:fragment:101
zfmisc_1:theorem:116 => zfmisc_1:fragment:170
zfmisc_1:theorem:64 => zfmisc_1:fragment:108
zfmisc_1:theorem:98 => zfmisc_1:fragment:145
zfmisc_1:kdefiniens:3 => zfmisc_1:fragment:29[kf]
zfmisc_1:theorem:124 => zfmisc_1:fragment:189
zfmisc_1:kpattern:4 => zfmisc_1:fragment:30[kp]
zfmisc_1:theorem:10 => zfmisc_1:fragment:43
zfmisc_1:theorem:46 => zfmisc_1:fragment:90
zfmisc_1:theorem:48 => zfmisc_1:fragment:92
zfmisc_1:kdefiniens:1 => zfmisc_1:fragment:27[kf]
zfmisc_1:theorem:14 => zfmisc_1:fragment:51
zfmisc_1:theorem:40 => zfmisc_1:fragment:84
zfmisc_1:theorem:53 => zfmisc_1:fragment:97
zfmisc_1:theorem:120 => zfmisc_1:fragment:175
zfmisc_1:lemma:17 => zfmisc_1:fragment:134
zfmisc_1:theorem:66 => zfmisc_1:fragment:110
zfmisc_1:theorem:114 => zfmisc_1:fragment:168
zfmisc_1:rconstructor:1 => zfmisc_1:fragment:177[rc]
zfmisc_1:kconstructor:1[uniqueness] => zfmisc_1:fragment:27[un]
zfmisc_1:theorem:106 => zfmisc_1:fragment:153
zfmisc_1:theorem:75 => zfmisc_1:fragment:119
zfmisc_1:theorem:21 => zfmisc_1:fragment:60
zfmisc_1:theorem:5 => zfmisc_1:fragment:36
